  compile_func	INFO	=================
  compile_func	INFO	gperf-3.1
  compile_func	INFO	-----------------
  compile_func	INFO	gperf-3.1 finished
  compile_func	INFO	=================
  compile_func	INFO	mifluz-0.26.0
  compile_func	INFO	-----------------
  compile_func	INFO	mifluz-0.26.0 finished
  compile_func	INFO	=================
  compile_func	INFO	plotutils-2.6
  compile_func	INFO	-----------------
  compile_func	INFO	cd to_compile/plotutils-2.6/ && ./configure && CFLAGS="-g" CXXFLAGS="-g" make
  compile_func	INFO	Returned with code: 2
  compile_func	INFO	In file included from /usr/include/pngconf.h:51,
                 from /usr/include/png.h:339,
                 from z_write.c:43:
z_write.c: In function '_pl_z_maybe_output_image':
z_write.c:167:22: error: dereferencing pointer to incomplete type 'png_struct' {aka 'struct png_struct_def'}
  167 |   if (setjmp (png_ptr->jmpbuf))
      |                      ^~
make[2]: *** [Makefile:698: z_write.lo] Error 1
make[1]: *** [Makefile:286: all-recursive] Error 1
make: *** [Makefile:216: all] Error 2

  compile_func	INFO	=================
  compile_func	INFO	pspp-1.2.0
  compile_func	INFO	-----------------
  compile_func	INFO	cd to_compile/pspp-1.2.0/ && ./configure && CFLAGS="-g" CXXFLAGS="-g" make
  compile_func	INFO	Returned with code: 1
  compile_func	INFO	configure: WARNING: You must install spread-sheet-widget 0.3 (or use --without-gui) before building PSPP.
configure: WARNING: You must install libgslcblas before building PSPP.
configure: WARNING: You must install gsl version 1.13 or later before building PSPP.
configure: error: The following required prerequisites are not installed.
You must install them before PSPP can be built:
	spread-sheet-widget 0.3 (or use --without-gui)
	libgslcblas
	gsl version 1.13 or later

  compile_func	INFO	=================
  compile_func	INFO	readline-7.0-rc2
  compile_func	INFO	-----------------
  compile_func	INFO	readline-7.0-rc2 finished
  compile_func	INFO	=================
  compile_func	INFO	swbis-1.13
  compile_func	INFO	-----------------
  compile_func	INFO	swbis-1.13 finished
  compile_func	INFO	=================
  compile_func	INFO	xorriso-1.5.0
  compile_func	INFO	-----------------
  compile_func	INFO	xorriso-1.5.0 finished
  compile_func	INFO	=================
  compile_func	INFO	httptunnel-3.3
  compile_func	INFO	-----------------
  compile_func	INFO	httptunnel-3.3 finished
  compile_func	INFO	=================
  compile_func	INFO	gcompris-1.1.0
  compile_func	INFO	-----------------
  compile_func	INFO	cd to_compile/gcompris-1.1.0/ && ./configure && CFLAGS="-g" CXXFLAGS="-g" make
  compile_func	INFO	Returned with code: 1
  compile_func	INFO	configure: error: Could not find the gnomeConf.sh file that is generated by gnome-libs install

  compile_func	INFO	=================
  compile_func	INFO	xaos-3.0
  compile_func	INFO	-----------------
  compile_func	INFO	cd to_compile/xaos-3.0/ && ./configure && CFLAGS="-g" CXXFLAGS="-g" make
  compile_func	INFO	Returned with code: 2
  compile_func	INFO	Invalid configuration `x86_64-pc-linux-gnu': machine `x86_64-pc' not recognized
Invalid configuration `x86_64-pc-linux-gnu': machine `x86_64-pc' not recognized
Invalid configuration `x86_64-pc-linux-gnu': machine `x86_64-pc' not recognized
In file included from /home/spencerwu/Storage/Steel/Santa/to_compile/xaos-3.0/src/include/fractal.h:27,
                 from /home/spencerwu/Storage/Steel/Santa/to_compile/xaos-3.0/src/include/filter.h:284,
                 from image.c:12:
/home/spencerwu/Storage/Steel/Santa/to_compile/xaos-3.0/src/include/formulas.h:34:23: error: array type has incomplete element type ‘struct formula’
   34 | extern struct formula formulas[];
      |                       ^~~~~~~~
make[2]: *** [<builtin>: image.o] Error 1
gcc: error: unrecognized command line option ‘-fforce-mem’
make[2]: *** [<builtin>: formulas.o] Error 1
In file included from /home/spencerwu/Storage/Steel/Santa/to_compile/xaos-3.0/src/include/fractal.h:27,
                 from /home/spencerwu/Storage/Steel/Santa/to_compile/xaos-3.0/src/include/filter.h:284,
                 from autopilot.c:35:
/home/spencerwu/Storage/Steel/Santa/to_compile/xaos-3.0/src/include/formulas.h:34:23: error: array type has incomplete element type ‘struct formula’
   34 | extern struct formula formulas[];
      |                       ^~~~~~~~
make[2]: *** [<builtin>: autopilot.o] Error 1
In file included from /home/spencerwu/Storage/Steel/Santa/to_compile/xaos-3.0/src/include/fractal.h:27,
                 from /home/spencerwu/Storage/Steel/Santa/to_compile/xaos-3.0/src/include/filter.h:284,
                 from png.c:15:
/home/spencerwu/Storage/Steel/Santa/to_compile/xaos-3.0/src/include/formulas.h:34:23: error: array type has incomplete element type ‘struct formula’
   34 | extern struct formula formulas[];
      |                       ^~~~~~~~
png.c: In function ‘writepng’:
png.c:47:14: warning: implicit declaration of function ‘strerror’; did you mean ‘perror’? [-Wimplicit-function-declaration]
   47 |       return strerror(errno);
      |              ^~~~~~~~
      |              perror
png.c:47:14: warning: returning ‘int’ from a function with return type ‘char *’ makes pointer from integer without a cast [-Wint-conversion]
   47 |       return strerror(errno);
      |              ^~~~~~~~~~~~~~~
In file included from /usr/include/pngconf.h:51,
                 from /usr/include/png.h:339,
                 from png.c:4:
png.c:58:22: error: dereferencing pointer to incomplete type ‘png_struct’ {aka ‘struct png_struct_def’}
   58 |   if (setjmp (png_ptr->jmpbuf))
      |                      ^~
png.c:62:14: warning: returning ‘int’ from a function with return type ‘char *’ makes pointer from integer without a cast [-Wint-conversion]
   62 |       return strerror(errno);
      |              ^~~~~~~~~~~~~~~
png.c:68:39: error: ‘Z_DEFAULT_COMPRESSION’ undeclared (first use in this function); did you mean ‘PNG_Z_DEFAULT_COMPRESSION’?
   68 |   png_set_compression_level (png_ptr, Z_DEFAULT_COMPRESSION);
      |                                       ^~~~~~~~~~~~~~~~~~~~~
      |                                       PNG_Z_DEFAULT_COMPRESSION
png.c:68:39: note: each undeclared identifier is reported only once for each function it appears in
png.c:72:42: error: ‘Z_DEFAULT_STRATEGY’ undeclared (first use in this function); did you mean ‘PNG_Z_DEFAULT_STRATEGY’?
   72 |   png_set_compression_strategy (png_ptr, Z_DEFAULT_STRATEGY);
      |                                          ^~~~~~~~~~~~~~~~~~
      |                                          PNG_Z_DEFAULT_STRATEGY
png.c:76:11: error: dereferencing pointer to incomplete type ‘png_info’ {aka ‘struct png_info_def’}
   76 |   info_ptr->width = image->width;
      |           ^~
png.c:95:56: warning: left-hand operand of comma expression has no effect [-Wunused-value]
   95 |    info_ptr->palette[i].red = image->palette->rgb[i][0],
      |                                                        ^
png.c:96:60: warning: left-hand operand of comma expression has no effect [-Wunused-value]
   96 |      info_ptr->palette[i].green = image->palette->rgb[i][1],
      |                                                            ^
png.c:97:59: warning: left-hand operand of comma expression has no effect [-Wunused-value]
   97 |      info_ptr->palette[i].blue = image->palette->rgb[i][2],
      |                                                           ^
make[2]: *** [<builtin>: png.o] Error 1
gcc: error: lib/libui.a: No such file or directory
gcc: error: lib/libengine.a: No such file or directory
gcc: error: lib/libutil.a: No such file or directory
gcc: error: lib/libfilter.a: No such file or directory
make[1]: *** [Makefile:42: /home/spencerwu/Storage/Steel/Santa/to_compile/xaos-3.0/bin/xaos] Error 1
make: *** [Makefile:15: default] Error 2

  compile_func	INFO	=================
  compile_func	INFO	scm-5f2
  compile_func	INFO	-----------------
  compile_func	INFO	scm-5f2 finished
  compile_func	INFO	=================
  compile_func	INFO	oleo-1.99.16
  compile_func	INFO	-----------------
  compile_func	INFO	cd to_compile/oleo-1.99.16/ && ./configure && CFLAGS="-g" CXXFLAGS="-g" make
  compile_func	INFO	=================
  compile_func	INFO	gperf-3.1
  compile_func	INFO	-----------------
  compile_func	INFO	gperf-3.1 finished
  compile_func	INFO	=================
  compile_func	INFO	mifluz-0.26.0
  compile_func	INFO	-----------------
  compile_func	INFO	mifluz-0.26.0 finished
  compile_func	INFO	=================
  compile_func	INFO	plotutils-2.6
  compile_func	INFO	-----------------
  compile_func	INFO	plotutils-2.6 failed before, passed
  compile_func	INFO	=================
  compile_func	INFO	pspp-1.2.0
  compile_func	INFO	-----------------
  compile_func	INFO	pspp-1.2.0 failed before, passed
  compile_func	INFO	=================
  compile_func	INFO	readline-7.0-rc2
  compile_func	INFO	-----------------
  compile_func	INFO	readline-7.0-rc2 finished
  compile_func	INFO	=================
  compile_func	INFO	swbis-1.13
  compile_func	INFO	-----------------
  compile_func	INFO	swbis-1.13 finished
  compile_func	INFO	=================
  compile_func	INFO	xorriso-1.5.0
  compile_func	INFO	-----------------
  compile_func	INFO	xorriso-1.5.0 finished
  compile_func	INFO	=================
  compile_func	INFO	httptunnel-3.3
  compile_func	INFO	-----------------
  compile_func	INFO	httptunnel-3.3 finished
  compile_func	INFO	=================
  compile_func	INFO	gcompris-1.1.0
  compile_func	INFO	-----------------
  compile_func	INFO	gcompris-1.1.0 failed before, passed
  compile_func	INFO	=================
  compile_func	INFO	xaos-3.0
  compile_func	INFO	-----------------
  compile_func	INFO	xaos-3.0 failed before, passed
  compile_func	INFO	=================
  compile_func	INFO	scm-5f2
  compile_func	INFO	-----------------
  compile_func	INFO	scm-5f2 finished
  compile_func	INFO	=================
  compile_func	INFO	oleo-1.99.16
  compile_func	INFO	-----------------
  compile_func	INFO	cd to_compile/oleo-1.99.16/ && ./configure && CFLAGS="-g" CXXFLAGS="-g" make
  compile_func	INFO	=================
  compile_func	INFO	gperf-3.1
  compile_func	INFO	-----------------
  compile_func	INFO	gperf-3.1 finished
  compile_func	INFO	=================
  compile_func	INFO	mifluz-0.26.0
  compile_func	INFO	-----------------
  compile_func	INFO	mifluz-0.26.0 finished
  compile_func	INFO	=================
  compile_func	INFO	plotutils-2.6
  compile_func	INFO	-----------------
  compile_func	INFO	plotutils-2.6 failed before, passed
  compile_func	INFO	=================
  compile_func	INFO	pspp-1.2.0
  compile_func	INFO	-----------------
  compile_func	INFO	pspp-1.2.0 failed before, passed
  compile_func	INFO	=================
  compile_func	INFO	readline-7.0-rc2
  compile_func	INFO	-----------------
  compile_func	INFO	readline-7.0-rc2 finished
  compile_func	INFO	=================
  compile_func	INFO	swbis-1.13
  compile_func	INFO	-----------------
  compile_func	INFO	swbis-1.13 finished
  compile_func	INFO	=================
  compile_func	INFO	xorriso-1.5.0
  compile_func	INFO	-----------------
  compile_func	INFO	xorriso-1.5.0 finished
  compile_func	INFO	=================
  compile_func	INFO	httptunnel-3.3
  compile_func	INFO	-----------------
  compile_func	INFO	httptunnel-3.3 finished
  compile_func	INFO	=================
  compile_func	INFO	gcompris-1.1.0
  compile_func	INFO	-----------------
  compile_func	INFO	gcompris-1.1.0 failed before, passed
  compile_func	INFO	=================
  compile_func	INFO	xaos-3.0
  compile_func	INFO	-----------------
  compile_func	INFO	xaos-3.0 failed before, passed
  compile_func	INFO	=================
  compile_func	INFO	scm-5f2
  compile_func	INFO	-----------------
  compile_func	INFO	scm-5f2 finished
  compile_func	INFO	=================
  compile_func	INFO	oleo-1.99.16
  compile_func	INFO	-----------------
  compile_func	INFO	cd to_compile/oleo-1.99.16/ && ./configure && CFLAGS="-g" CXXFLAGS="-g" make
  compile_func	INFO	Returned with code: 2
  compile_func	INFO	./configure: line 6301: test: =: unary operator expected
Can't use 'defined(@array)' (Maybe you should just omit the defined()?) at ../doc/texi2html line 3793.
make[2]: *** [Makefile:386: oleo.html] Error 2
make[1]: *** [Makefile:239: all-recursive] Error 1
make: *** [Makefile:383: all-recursive-am] Error 2

  compile_func	INFO	=================
  compile_func	INFO	cppi-1.12
  compile_func	INFO	-----------------
  compile_func	INFO	cd to_compile/cppi-1.12/ && ./configure && CFLAGS="-g" CXXFLAGS="-g" make
  compile_func	INFO	=================
  compile_func	INFO	fontopia-1.8
  compile_func	INFO	-----------------
  compile_func	INFO	cd to_compile/fontopia-1.8/ && ./configure && CFLAGS="-g" CXXFLAGS="-g" make
  compile_func	INFO	Returned with code: 2
  compile_func	INFO	/home/spencerwu/Storage/Steel/Santa/to_compile/fontopia-1.8/missing: line 81: aclocal-1.15: command not found
WARNING: 'aclocal-1.15' is missing on your system.
         You should only need it if you modified 'acinclude.m4' or
         'configure.ac' or m4 files included by 'configure.ac'.
         The 'aclocal' program is part of the GNU Automake package:
         <http://www.gnu.org/software/automake>
         It also requires GNU Autoconf, GNU m4 and Perl in order to run:
         <http://www.gnu.org/software/autoconf>
         <http://www.gnu.org/software/m4/>
         <http://www.perl.org/>
make: *** [Makefile:486: aclocal.m4] Error 127

  compile_func	INFO	=================
  compile_func	INFO	trueprint-5.4
  compile_func	INFO	-----------------
  compile_func	INFO	cd to_compile/trueprint-5.4/ && ./configure && CFLAGS="-g" CXXFLAGS="-g" make
  compile_func	INFO	=================
  compile_func	INFO	source-highlight-3.1
  compile_func	INFO	-----------------
  compile_func	INFO	cd to_compile/source-highlight-3.1/ && ./configure && CFLAGS="-g" CXXFLAGS="-g" make
  compile_func	INFO	Returned with code: 2
  compile_func	INFO	configure: WARNING:

help2man is not installed so the man page will not
be updated in case command line options are changed.
This is important for maintainers only, though.
configure: WARNING:

ctags is not installed so you won't be able to
generate references (--gen-references).
You can find it here http://ctags.sourceforge.net

In file included from dirname.h:21,
                 from basename.c:21:
./stdbool.h:109:70: error: expected ‘;’, identifier or ‘(’ before ‘_Bool’
  109 | typedef enum { _Bool_must_promote_to_int = -1, false = 0, true = 1 } _Bool;
      |                                                                      ^~~~~
./stdbool.h:109:70: warning: useless type name in empty declaration
make[4]: *** [Makefile:629: basename.lo] Error 1
make[3]: *** [Makefile:648: all-recursive] Error 1
make[2]: *** [Makefile:542: all] Error 2
make[1]: *** [Makefile:670: all-recursive] Error 1
make: *** [Makefile:543: all] Error 2

  compile_func	INFO	=================
  compile_func	INFO	datamash-1.5
  compile_func	INFO	-----------------
  compile_func	INFO	cd to_compile/datamash-1.5/ && ./configure && CFLAGS="-g" CXXFLAGS="-g" make
  compile_func	INFO	=================
  compile_func	INFO	fontutils-0.7
  compile_func	INFO	-----------------
  compile_func	INFO	cd to_compile/fontutils-0.7/ && ./configure && CFLAGS="-g" CXXFLAGS="-g" make
  compile_func	INFO	Returned with code: 2
  compile_func	INFO	bzr_input.c: In function ‘bzr_open_input_file’:
bzr_input.c:70:13: warning: missing terminating " character
   70 |     FATAL2 ("bzr_open_input_file: Attempt to open `%s', but `%s' is
      |             ^
bzr_input.c:71:13: warning: missing terminating " character
   71 | already open", filename, bzr_input_filename);
      |             ^
bzr_input.c:417: error: unterminated argument list invoking macro "FATAL2"
  417 | }
      | 
bzr_input.c:70:5: error: ‘FATAL2’ undeclared (first use in this function)
   70 |     FATAL2 ("bzr_open_input_file: Attempt to open `%s', but `%s' is
      |     ^~~~~~
bzr_input.c:70:5: note: each undeclared identifier is reported only once for each function it appears in
bzr_input.c:70:11: error: expected ‘;’ at end of input
   70 |     FATAL2 ("bzr_open_input_file: Attempt to open `%s', but `%s' is
      |           ^
      |           ;
......
  417 | }
      |            
bzr_input.c:70:5: error: expected declaration or statement at end of input
   70 |     FATAL2 ("bzr_open_input_file: Attempt to open `%s', but `%s' is
      |     ^~~~~~
make[1]: *** [../data/defs.make:38: bzr_input.o] Error 1
gf_input.c: In function ‘gf_open_input_file’:
gf_input.c:97:13: warning: missing terminating " character
   97 |     FATAL2 ("gf_open_input_file: Attempt to open `%s', but `%s' is
      |             ^
gf_input.c:98:13: warning: missing terminating " character
   98 | already open", filename, gf_input_filename);
      |             ^
gf_input.c:976: error: unterminated argument list invoking macro "FATAL2"
  976 | }
      | 
gf_input.c:97:5: error: ‘FATAL2’ undeclared (first use in this function)
   97 |     FATAL2 ("gf_open_input_file: Attempt to open `%s', but `%s' is
      |     ^~~~~~
gf_input.c:97:5: note: each undeclared identifier is reported only once for each function it appears in
gf_input.c:97:11: error: expected ‘;’ at end of input
   97 |     FATAL2 ("gf_open_input_file: Attempt to open `%s', but `%s' is
      |           ^
      |           ;
......
  976 | }
      |            
gf_input.c:97:5: error: expected declaration or statement at end of input
   97 |     FATAL2 ("gf_open_input_file: Attempt to open `%s', but `%s' is
      |     ^~~~~~
make[1]: *** [../data/defs.make:38: gf_input.o] Error 1
malloc.c: In function ‘memalign’:
malloc.c:1143:8: warning: cast from pointer to integer of different size [-Wpointer-to-int-cast]
 1143 |   if (((int)(m) & (mask)) != 0) /* misaligned */
      |        ^
malloc.c:1148:35: warning: cast from pointer to integer of different size [-Wpointer-to-int-cast]
 1148 |     mchunkptr ap = (mchunkptr)(( ((int)(m) + mask) & -align) - SIZE_SZ);
      |                                   ^
malloc.c:1160:25: warning: cast from pointer to integer of different size [-Wpointer-to-int-cast]
 1160 |       ap = (mchunkptr)( (int)(ap) + align );
      |                         ^
In file included from cmdline.c:21:
.././include/cmdline.h:117:1: warning: missing terminating " character
  117 | "  You can use `--' or `-' to start an option.
      | ^
.././include/cmdline.h:118:3: error: unknown type name ‘You’
  118 |   You can use any unambiguous abbreviation for an option name.
      |   ^~~
.././include/cmdline.h:118:11: error: expected ‘=’, ‘,’, ‘;’, ‘asm’ or ‘__attribute__’ before ‘use’
  118 |   You can use any unambiguous abbreviation for an option name.
      |           ^~~
.././include/cmdline.h:118:11: error: unknown type name ‘use’
.././include/cmdline.h:119:49: error: stray ‘`’ in program
  119 |   You can separate option names and values with `=' or ` '.
      |                                                 ^
.././include/cmdline.h:119:51: warning: character constant too long for its type
  119 |   You can separate option names and values with `=' or ` '.
      |                                                   ^~~~~~~~
.././include/cmdline.h:120:1: warning: missing terminating " character
  120 | "
      | ^
.././include/cmdline.h:120:1: error: missing terminating " character
make[1]: *** [../data/defs.make:38: cmdline.o] Error 1
In file included from libpbm1.c:17:
/usr/lib/gcc/x86_64-pc-linux-gnu/9.2.0/include/varargs.h:4:2: error: #error "GCC no longer implements <varargs.h>."
    4 | #error "GCC no longer implements <varargs.h>."
      |  ^~~~~
/usr/lib/gcc/x86_64-pc-linux-gnu/9.2.0/include/varargs.h:5:2: error: #error "Revise your code to use <stdarg.h>."
    5 | #error "Revise your code to use <stdarg.h>."
      |  ^~~~~
make[1]: *** [../data/defs.make:38: libpbm1.o] Error 1
tfm_input.c: In function ‘tfm_open_input_file’:
tfm_input.c:84:13: warning: missing terminating " character
   84 |     FATAL2 ("tfm_open_input_file: Attempt to open `%s', but `%s' is
      |             ^
tfm_input.c:85:13: warning: missing terminating " character
   85 | already open", filename, tfm_input_name);
      |             ^
tfm_input.c:267:17: warning: missing terminating " character
  267 |       WARNING3 ("%s: TFM file has %u parameters, which is more than the
      |                 ^
tfm_input.c:268:16: warning: missing terminating " character
  268 | %u I can handle",
      |                ^
tfm_input.c:506: error: unterminated argument list invoking macro "FATAL2"
  506 | }
      | 
tfm_input.c:84:5: error: ‘FATAL2’ undeclared (first use in this function)
   84 |     FATAL2 ("tfm_open_input_file: Attempt to open `%s', but `%s' is
      |     ^~~~~~
tfm_input.c:84:5: note: each undeclared identifier is reported only once for each function it appears in
tfm_input.c:84:11: error: expected ‘;’ at end of input
   84 |     FATAL2 ("tfm_open_input_file: Attempt to open `%s', but `%s' is
      |           ^
      |           ;
......
  506 | }
      |            
tfm_input.c:84:5: error: expected declaration or statement at end of input
   84 |     FATAL2 ("tfm_open_input_file: Attempt to open `%s', but `%s' is
      |     ^~~~~~
make[1]: *** [../data/defs.make:38: tfm_input.o] Error 1
Form.c: In function ‘RefigureLocations’:
Form.c:239:3: error: too few arguments to function ‘((struct _FormClassRec *)w->core.widget_class)->form_class.layout’
  239 |  (*((FormWidgetClass)w->core.widget_class)->form_class.layout)
      |  ~^~~~~~~~~~~~~~~~~~~~~~~~~~~~~~~~~~~~~~~~~~~~~~~~~~~~~~~~~~~~
Form.c: In function ‘Layout’:
Form.c:254:17: error: invalid storage class for function ‘LayoutChild’
  254 |     static void LayoutChild();
      |                 ^~~~~~~~~~~
Form.c:273:6: warning: implicit declaration of function ‘LayoutChild’ [-Wimplicit-function-declaration]
  273 |      LayoutChild(*childP);
      |      ^~~~~~~~~~~
Form.c: At top level:
Form.c:325:13: warning: conflicting types for ‘LayoutChild’
  325 | static void LayoutChild(w)
      |             ^~~~~~~~~~~
Form.c:325:13: error: static declaration of ‘LayoutChild’ follows non-static declaration
Form.c:273:6: note: previous implicit declaration of ‘LayoutChild’ was here
  273 |      LayoutChild(*childP);
      |      ^~~~~~~~~~~
make[1]: *** [../data/defs.make:38: Form.o] Error 1
make: *** [GNUmakefile:107: libraries] Error 2

  compile_func	INFO	=================
  compile_func	INFO	gnutrition-0.32
  compile_func	INFO	-----------------
  compile_func	INFO	cd to_compile/gnutrition-0.32/ && ./configure && CFLAGS="-g" CXXFLAGS="-g" make
  compile_func	INFO	Returned with code: 1
  compile_func	INFO	  File "<string>", line 1
    import sys; print sys.version[:3]
                        ^
SyntaxError: invalid syntax
  File "<string>", line 1
    import sys; print sys.prefix
                        ^
SyntaxError: invalid syntax
configure: error: 
**** The python interpreter can't find the python bindings for gtk.

  compile_func	INFO	=================
  compile_func	INFO	idutils-cvs
  compile_func	INFO	-----------------
  compile_func	INFO	cd to_compile/idutils-cvs/ && ./configure && CFLAGS="-g" CXXFLAGS="-g" make
  compile_func	INFO	=================
  compile_func	INFO	motti-3.1.1
  compile_func	INFO	-----------------
  compile_func	INFO	cd to_compile/motti-3.1.1/ && ./configure && CFLAGS="-g" CXXFLAGS="-g" make
  compile_func	INFO	Returned with code: 2
  compile_func	INFO	/home/spencerwu/Storage/Steel/Santa/to_compile/motti-3.1.1/missing: line 81: aclocal-1.15: command not found
WARNING: 'aclocal-1.15' is missing on your system.
         You should only need it if you modified 'acinclude.m4' or
         'configure.ac' or m4 files included by 'configure.ac'.
         The 'aclocal' program is part of the GNU Automake package:
         <http://www.gnu.org/software/automake>
         It also requires GNU Autoconf, GNU m4 and Perl in order to run:
         <http://www.gnu.org/software/autoconf>
         <http://www.gnu.org/software/m4/>
         <http://www.perl.org/>
make: *** [Makefile:369: aclocal.m4] Error 127

  compile_func	INFO	=================
  compile_func	INFO	ucommon-7.0.0
  compile_func	INFO	-----------------
  compile_func	INFO	cd to_compile/ucommon-7.0.0/ && ./configure && CFLAGS="-g" CXXFLAGS="-g" make
  compile_func	INFO	Returned with code: 2
  compile_func	INFO	/home/spencerwu/Storage/Steel/Santa/to_compile/ucommon-7.0.0/autoconf/missing: line 81: aclocal-1.14: command not found
WARNING: 'aclocal-1.14' is missing on your system.
         You should only need it if you modified 'acinclude.m4' or
         'configure.ac' or m4 files included by 'configure.ac'.
         The 'aclocal' program is part of the GNU Automake package:
         <http://www.gnu.org/software/automake>
         It also requires GNU Autoconf, GNU m4 and Perl in order to run:
         <http://www.gnu.org/software/autoconf>
         <http://www.gnu.org/software/m4/>
         <http://www.perl.org/>
make: *** [Makefile:471: aclocal.m4] Error 127

  compile_func	INFO	=================
  compile_func	INFO	glpk-4.65
  compile_func	INFO	-----------------
  compile_func	INFO	cd to_compile/glpk-4.65/ && ./configure && CFLAGS="-g" CXXFLAGS="-g" make
  compile_func	INFO	=================
  compile_func	INFO	ccaudio2-2.2.0
  compile_func	INFO	-----------------
  compile_func	INFO	cd to_compile/ccaudio2-2.2.0/ && ./configure && CFLAGS="-g" CXXFLAGS="-g" make
  compile_func	INFO	Returned with code: 1
  compile_func	INFO	configure: error: "required ucommon library missing"

  compile_func	INFO	=================
  compile_func	INFO	nss_lwres-0.92
  compile_func	INFO	-----------------
  compile_func	INFO	cd to_compile/nss_lwres-0.92/ && ./configure && CFLAGS="-g" CXXFLAGS="-g" make
  compile_func	INFO	Returned with code: 1
  compile_func	INFO	Invalid configuration `x86_64-unknown-linux-gnu': machine `x86_64-unknown' not recognized
Invalid configuration `x86_64-unknown-linux-gnu': machine `x86_64-unknown' not recognized
ltconfig: you must specify a host type if you use `--no-verify'
Try `ltconfig --help' for more information.
configure: error: libtool configure failed

  compile_func	INFO	=================
  compile_func	INFO	gvpe-3.1
  compile_func	INFO	-----------------
  compile_func	INFO	cd to_compile/gvpe-3.1/ && ./configure && CFLAGS="-g" CXXFLAGS="-g" make
  compile_func	INFO	=================
  compile_func	INFO	wb-2b3
  compile_func	INFO	-----------------
  compile_func	INFO	cd to_compile/wb-2b3/ && ./configure && CFLAGS="-g" CXXFLAGS="-g" make
  compile_func	INFO	=================
  compile_func	INFO	jwhois-4.0
  compile_func	INFO	-----------------
  compile_func	INFO	cd to_compile/jwhois-4.0/ && ./configure && CFLAGS="-g" CXXFLAGS="-g" make
  compile_func	INFO	=================
  compile_func	INFO	emms-5.2
  compile_func	INFO	-----------------
  compile_func	INFO	cd to_compile/emms-5.2 && CXXFLAGS="-g" CFLAGS="-g" make
  compile_func	INFO	Returned with code: 2
  compile_func	INFO	make[1]: emacs: Command not found
make[1]: *** [Makefile:23: emms-bookmarks.elc] Error 127
make: *** [Makefile:33: lisp] Error 2

  compile_func	INFO	=================
  compile_func	INFO	zile-2.4.14
  compile_func	INFO	-----------------
  compile_func	INFO	cd to_compile/zile-2.4.14/ && ./configure && CFLAGS="-g" CXXFLAGS="-g" make
  compile_func	INFO	Returned with code: 2
  compile_func	INFO	/home/spencerwu/Storage/Steel/Santa/to_compile/zile-2.4.14/build-aux/missing: line 81: aclocal-1.15: command not found
WARNING: 'aclocal-1.15' is missing on your system.
         You should only need it if you modified 'acinclude.m4' or
         'configure.ac' or m4 files included by 'configure.ac'.
         The 'aclocal' program is part of the GNU Automake package:
         <http://www.gnu.org/software/automake>
         It also requires GNU Autoconf, GNU m4 and Perl in order to run:
         <http://www.gnu.org/software/autoconf>
         <http://www.gnu.org/software/m4/>
         <http://www.perl.org/>
make: *** [Makefile:2046: aclocal.m4] Error 127

  compile_func	INFO	=================
  compile_func	INFO	ddd-3.3
  compile_func	INFO	-----------------
  compile_func	INFO	cd to_compile/ddd-3.3/ && ./configure && CFLAGS="-g" CXXFLAGS="-g" make
  compile_func	INFO	Returned with code: 1
  compile_func	INFO	Invalid configuration `x86_64-unknown-linux-gnu': machine `x86_64-unknown' not recognized
Invalid configuration `x86_64-unknown-linux-gnu': machine `x86_64-unknown' not recognized
Invalid configuration `x86_64-unknown-linux-gnu': machine `x86_64-unknown' not recognized
configure: error: You must set the environment variable CXX to a working 
                  C++ compiler.  Also check the CXXFLAGS settings.
                  See the file 'config.log' for further diagnostics.

  compile_func	INFO	=================
  compile_func	INFO	mig-1.8
  compile_func	INFO	-----------------
  compile_func	INFO	cd to_compile/mig-1.8/ && ./configure && CFLAGS="-g" CXXFLAGS="-g" make
  compile_func	INFO	Returned with code: 2
  compile_func	INFO	cpu.symc:1:10: fatal error: mach/message.h: No such file or directory
    1 | #include <mach/message.h>
      |          ^~~~~~~~~~~~~~~~
compilation terminated.
make[1]: *** [Makefile:1010: cpu.symo] Error 1
make: *** [Makefile:581: all-recursive] Error 1

  compile_func	INFO	=================
  compile_func	INFO	direvent-5.2
  compile_func	INFO	-----------------
  compile_func	INFO	cd to_compile/direvent-5.2/ && ./configure && CFLAGS="-g" CXXFLAGS="-g" make
  compile_func	INFO	Returned with code: 2
  compile_func	INFO	/home/spencerwu/Storage/Steel/Santa/to_compile/direvent-5.2/build-aux/missing: line 81: aclocal-1.15: command not found
WARNING: 'aclocal-1.15' is missing on your system.
         You should only need it if you modified 'acinclude.m4' or
         'configure.ac' or m4 files included by 'configure.ac'.
         The 'aclocal' program is part of the GNU Automake package:
         <http://www.gnu.org/software/automake>
         It also requires GNU Autoconf, GNU m4 and Perl in order to run:
         <http://www.gnu.org/software/autoconf>
         <http://www.gnu.org/software/m4/>
         <http://www.perl.org/>
make: *** [Makefile:415: aclocal.m4] Error 127

  compile_func	INFO	=================
  compile_func	INFO	ccscript3-1.1.7
  compile_func	INFO	-----------------
  compile_func	INFO	cd to_compile/ccscript3-1.1.7/ && ./configure && CFLAGS="-g" CXXFLAGS="-g" make
  compile_func	INFO	Returned with code: 1
  compile_func	INFO	configure: error: Package requirements (libccgnu2 >= 1.3.5) were not met:

Package 'libccgnu2', required by 'virtual:world', not found

Consider adjusting the PKG_CONFIG_PATH environment variable if you
installed software in a non-standard prefix.

Alternatively, you may set the environment variables COMMON_CFLAGS
and COMMON_LIBS to avoid the need to call pkg-config.
See the pkg-config man page for more details.


  compile_func	INFO	=================
  compile_func	INFO	gnudos-1.11
  compile_func	INFO	-----------------
  compile_func	INFO	cd to_compile/gnudos-1.11/ && ./configure && CFLAGS="-g" CXXFLAGS="-g" make
  compile_func	INFO	Returned with code: 2
  compile_func	INFO	/home/spencerwu/Storage/Steel/Santa/to_compile/gnudos-1.11/missing: line 81: aclocal-1.15: command not found
WARNING: 'aclocal-1.15' is missing on your system.
         You should only need it if you modified 'acinclude.m4' or
         'configure.ac' or m4 files included by 'configure.ac'.
         The 'aclocal' program is part of the GNU Automake package:
         <http://www.gnu.org/software/automake>
         It also requires GNU Autoconf, GNU m4 and Perl in order to run:
         <http://www.gnu.org/software/autoconf>
         <http://www.gnu.org/software/m4/>
         <http://www.perl.org/>
make: *** [Makefile:362: aclocal.m4] Error 127

  compile_func	INFO	=================
  compile_func	INFO	cim-5.1
  compile_func	INFO	-----------------
  compile_func	INFO	cd to_compile/cim-5.1/ && ./configure && CFLAGS="-g" CXXFLAGS="-g" make
  compile_func	INFO	Returned with code: 2
  compile_func	INFO	grep: libtool: No such file or directory
grep: libtool: No such file or directory
grep: libtool: No such file or directory
/home/spencerwu/Storage/Steel/Santa/to_compile/cim-5.1/missing: line 81: aclocal-1.14: command not found
WARNING: 'aclocal-1.14' is missing on your system.
         You should only need it if you modified 'acinclude.m4' or
         'configure.ac' or m4 files included by 'configure.ac'.
         The 'aclocal' program is part of the GNU Automake package:
         <http://www.gnu.org/software/automake>
         It also requires GNU Autoconf, GNU m4 and Perl in order to run:
         <http://www.gnu.org/software/autoconf>
         <http://www.gnu.org/software/m4/>
         <http://www.perl.org/>
make: *** [Makefile:383: aclocal.m4] Error 127

  compile_func	INFO	=================
  compile_func	INFO	spell-1.1
  compile_func	INFO	-----------------
  compile_func	INFO	cd to_compile/spell-1.1/ && ./configure && CFLAGS="-g" CXXFLAGS="-g" make
  compile_func	INFO	=================
  compile_func	INFO	uucp-1.07
  compile_func	INFO	-----------------
  compile_func	INFO	cd to_compile/uucp-1.07/ && ./configure && CFLAGS="-g" CXXFLAGS="-g" make
  compile_func	INFO	=================
  compile_func	INFO	solfege-easybuild-2.4.0
  compile_func	INFO	-----------------
  compile_func	INFO	cd to_compile/solfege-easybuild-2.4.0/ && ./configure && CFLAGS="-g" CXXFLAGS="-g" make
  compile_func	INFO	Returned with code: 1
  compile_func	INFO	configure: error: no suitable Python interpreter found

  compile_func	INFO	=================
  compile_func	INFO	cursynth-1.5
  compile_func	INFO	-----------------
  compile_func	INFO	cd to_compile/cursynth-1.5/ && ./configure && CFLAGS="-g" CXXFLAGS="-g" make
  compile_func	INFO	Returned with code: 2
  compile_func	INFO	/home/spencerwu/Storage/Steel/Santa/to_compile/cursynth-1.5/missing: line 81: aclocal-1.13: command not found
WARNING: 'aclocal-1.13' is missing on your system.
         You should only need it if you modified 'acinclude.m4' or
         'configure.ac' or m4 files included by 'configure.ac'.
         The 'aclocal' program is part of the GNU Automake package:
         <http://www.gnu.org/software/automake>
         It also requires GNU Autoconf, GNU m4 and Perl in order to run:
         <http://www.gnu.org/software/autoconf>
         <http://www.gnu.org/software/m4/>
         <http://www.perl.org/>
make: *** [Makefile:400: aclocal.m4] Error 127

  compile_func	INFO	=================
  compile_func	INFO	libffcall-2.2
  compile_func	INFO	-----------------
  compile_func	INFO	cd to_compile/libffcall-2.2/ && ./configure && CFLAGS="-g" CXXFLAGS="-g" make
  compile_func	INFO	Returned with code: 2
  compile_func	INFO	make[2]: *** No rule to make target 'am--refresh'.  Stop.
make[1]: *** [Makefile:552: ../aclocal.m4] Error 2
make: *** [Makefile:64: all-subdirs] Error 2

  compile_func	INFO	=================
  compile_func	INFO	less-530
  compile_func	INFO	-----------------
  compile_func	INFO	cd to_compile/less-530/ && ./configure && CFLAGS="-g" CXXFLAGS="-g" make
  compile_func	INFO	=================
  compile_func	INFO	denemo-2.3.0
  compile_func	INFO	-----------------
  compile_func	INFO	cd to_compile/denemo-2.3.0/ && ./configure && CFLAGS="-g" CXXFLAGS="-g" make
  compile_func	INFO	Returned with code: 1
  compile_func	INFO	configure: error: Package requirements (aubio >= 0.4.0) were not met:

Package 'aubio', required by 'virtual:world', not found

Consider adjusting the PKG_CONFIG_PATH environment variable if you
installed software in a non-standard prefix.

Alternatively, you may set the environment variables LIBAUBIO_CFLAGS
and LIBAUBIO_LIBS to avoid the need to call pkg-config.
See the pkg-config man page for more details.

  compile_func	INFO	=================
  compile_func	INFO	gsegrafix-1.0.6
  compile_func	INFO	-----------------
  compile_func	INFO	cd to_compile/gsegrafix-1.0.6/ && ./configure && CFLAGS="-g" CXXFLAGS="-g" make
  compile_func	INFO	Returned with code: 1
  compile_func	INFO	configure: error: Package requirements (libgnomeui-2.0 >= 2.0.0) were not met:

Package 'libgnomeui-2.0', required by 'virtual:world', not found

Consider adjusting the PKG_CONFIG_PATH environment variable if you
installed software in a non-standard prefix.

Alternatively, you may set the environment variables GNOME_CFLAGS
and GNOME_LIBS to avoid the need to call pkg-config.
See the pkg-config man page for more details.


  compile_func	INFO	=================
  compile_func	INFO	gnumach-1.8
  compile_func	INFO	-----------------
  compile_func	INFO	cd to_compile/gnumach-1.8/ && ./configure && CFLAGS="-g" CXXFLAGS="-g" make
  compile_func	INFO	Returned with code: 1
  compile_func	INFO	configure: error: unsupported combination of cpu type `x86_64' and platform
      `default'.

  compile_func	INFO	=================
  compile_func	INFO	termcap-1.3
  compile_func	INFO	-----------------
  compile_func	INFO	cd to_compile/termcap-1.3/ && ./configure && CFLAGS="-g" CXXFLAGS="-g" make
  compile_func	INFO	Returned with code: 2
  compile_func	INFO	tparam.c:24:32: error: expected declaration specifiers or ‘...’ before ‘(’ token
   24 | #define bcopy(s, d, n) memcpy ((d), (s), (n))
      |                                ^
tparam.c:24:37: error: expected declaration specifiers or ‘...’ before ‘(’ token
   24 | #define bcopy(s, d, n) memcpy ((d), (s), (n))
      |                                     ^
tparam.c:24:42: error: expected declaration specifiers or ‘...’ before ‘(’ token
   24 | #define bcopy(s, d, n) memcpy ((d), (s), (n))
      |                                          ^
tparam.c: In function ‘memory_out’:
tparam.c:45:3: warning: implicit declaration of function ‘write’ [-Wimplicit-function-declaration]
   45 |   write (2, "virtual memory exhausted\n", 25);
      |   ^~~~~
make: *** [Makefile:72: tparam.o] Error 1

  compile_func	INFO	=================
  compile_func	INFO	gnujump-1.0.8
  compile_func	INFO	-----------------
  compile_func	INFO	cd to_compile/gnujump-1.0.8/ && ./configure && CFLAGS="-g" CXXFLAGS="-g" make
  compile_func	INFO	Returned with code: 1
  compile_func	INFO	./configure: line 7064: AX_LANG_COMPILER_MS: command not found
./configure: line 7159: AX_CHECK_GLU: command not found
configure: error: *** Could not find SDL/SDL_image.h ! Install the SDL_image devel package.

  compile_func	INFO	=================
  compile_func	INFO	acm-5.1
  compile_func	INFO	-----------------
  compile_func	INFO	cd to_compile/acm-5.1/ && ./configure && CFLAGS="-g" CXXFLAGS="-g" make
  compile_func	INFO	=================
  compile_func	INFO	psychosynth-0.3.0
  compile_func	INFO	-----------------
  compile_func	INFO	cd to_compile/psychosynth-0.3.0/ && ./configure && CFLAGS="-g" CXXFLAGS="-g" make
  compile_func	INFO	Returned with code: 1
  compile_func	INFO	configure: error: 
***
*** You need Boost.Filsystem library to compile the program.
*** Install it and run this script again.
***


  compile_func	INFO	=================
  compile_func	INFO	which-2.21
  compile_func	INFO	-----------------
  compile_func	INFO	cd to_compile/which-2.21/ && ./configure && CFLAGS="-g" CXXFLAGS="-g" make
  compile_func	INFO	=================
  compile_func	INFO	gforth-0.7.3
  compile_func	INFO	-----------------
  compile_func	INFO	cd to_compile/gforth-0.7.3/ && ./configure && CFLAGS="-g" CXXFLAGS="-g" make
  compile_func	INFO	=================
  compile_func	INFO	zlib-1.1.3
  compile_func	INFO	-----------------
  compile_func	INFO	cd to_compile/zlib-1.1.3/ && ./configure && CFLAGS="-g" CXXFLAGS="-g" make
  compile_func	INFO	=================
  compile_func	INFO	ballandpaddle-0.8.1
  compile_func	INFO	-----------------
  compile_func	INFO	cd to_compile/ballandpaddle-0.8.1/ && ./configure && CFLAGS="-g" CXXFLAGS="-g" make
  compile_func	INFO	Returned with code: 1
  compile_func	INFO	configure: error: library SDL_image not found

  compile_func	INFO	=================
  compile_func	INFO	gnats-4.2.0
  compile_func	INFO	-----------------
  compile_func	INFO	cd to_compile/gnats-4.2.0/ && ./configure && CFLAGS="-g" CXXFLAGS="-g" make
  compile_func	INFO	Returned with code: 2
  compile_func	INFO	In file included from gnugetopt1.c:27:
gnugetopt.h:116:1: warning: function declaration isn’t a prototype [-Wstrict-prototypes]
  116 | extern int getopt ();
      | ^~~~~~
mail.c: In function ‘get_responsible_address’:
mail.c:70:40: error: comparison between pointer and zero character constant [-Werror=pointer-compare]
   70 |    res->admFields[ResponsibleAdmAlias] == '\0')
      |                                        ^~
mail.c:70:4: note: did you mean to dereference the pointer?
   70 |    res->admFields[ResponsibleAdmAlias] == '\0')
      |    ^
cc1: all warnings being treated as errors
make[3]: *** [Makefile:862: mail.o] Error 1
make[2]: *** [Makefile:953: all-recursive] Error 1
make[1]: *** [Makefile:583: all] Error 2
make: *** [Makefile:453: all-recursive] Error 1

  compile_func	INFO	=================
  compile_func	INFO	global-6.6
  compile_func	INFO	-----------------
  compile_func	INFO	cd to_compile/global-6.6/ && ./configure && CFLAGS="-g" CXXFLAGS="-g" make
  compile_func	INFO	Returned with code: 2
  compile_func	INFO	/home/spencerwu/Storage/Steel/Santa/to_compile/global-6.6/missing: line 81: aclocal-1.15: command not found
WARNING: 'aclocal-1.15' is missing on your system.
         You should only need it if you modified 'acinclude.m4' or
         'configure.ac' or m4 files included by 'configure.ac'.
         The 'aclocal' program is part of the GNU Automake package:
         <http://www.gnu.org/software/automake>
         It also requires GNU Autoconf, GNU m4 and Perl in order to run:
         <http://www.gnu.org/software/autoconf>
         <http://www.gnu.org/software/m4/>
         <http://www.perl.org/>
make: *** [Makefile:458: aclocal.m4] Error 127

  compile_func	INFO	=================
  compile_func	INFO	libmatheval-1.1.11
  compile_func	INFO	-----------------
  compile_func	INFO	cd to_compile/libmatheval-1.1.11/ && ./configure && CFLAGS="-g" CXXFLAGS="-g" make
  compile_func	INFO	Returned with code: 2
  compile_func	INFO	/home/spencerwu/Storage/Steel/Santa/to_compile/libmatheval-1.1.11/config/missing: line 52: aclocal-1.11: command not found
WARNING: `aclocal-1.11' is missing on your system.  You should only need it if
         you modified `acinclude.m4' or `configure.in'.  You might want
         to install the `Automake' and `Perl' packages.  Grab them from
         any GNU archive site.
/home/spencerwu/Storage/Steel/Santa/to_compile/libmatheval-1.1.11/config/missing: line 52: automake-1.11: command not found
WARNING: `automake-1.11' is missing on your system.  You should only need it if
         you modified `Makefile.am', `acinclude.m4' or `configure.in'.
         You might want to install the `Automake' and `Perl' packages.
         Grab them from any GNU archive site.
ar: `u' modifier ignored since `D' is the default (see `U')
matheval.c:30:17: error: conflicting types for ‘scm_t_bits’
   30 | typedef long    scm_t_bits;
      |                 ^~~~~~~~~~
In file included from /usr/include/guile/2.2/libguile/__scm.h:398,
                 from /usr/include/guile/2.2/libguile.h:31,
                 from matheval.c:25:
/usr/include/guile/2.2/libguile/tags.h:65:23: note: previous declaration of ‘scm_t_bits’ was here
   65 | typedef scm_t_uintptr scm_t_bits;
      |                       ^~~~~~~~~~
matheval.c:37:2: error: #error Neither scm_num2dbl() nor SCM_NUM2DBL available
   37 | #error Neither scm_num2dbl() nor SCM_NUM2DBL available
      |  ^~~~~
matheval.c:45:2: error: #error Neither scm_c_define_gsubr() nor scm_make_gsubr() available
   45 | #error Neither scm_c_define_gsubr() nor scm_make_gsubr() available
      |  ^~~~~
In file included from /usr/include/guile/2.2/libguile.h:128,
                 from matheval.c:25:
/usr/include/guile/2.2/libguile/deprecated.h:121:19: error: unknown type name ‘scm_sizet__GONE__REPLACE_WITH__size_t’
  121 | #define scm_sizet scm_sizet__GONE__REPLACE_WITH__size_t
      |                   ^~~~~~~~~~~~~~~~~~~~~~~~~~~~~~~~~~~~~
/usr/include/guile/2.2/libguile/deprecated.h:121:19: note: in definition of macro ‘scm_sizet’
  121 | #define scm_sizet scm_sizet__GONE__REPLACE_WITH__size_t
      |                   ^~~~~~~~~~~~~~~~~~~~~~~~~~~~~~~~~~~~~
matheval.c: In function ‘inner_main’:
matheval.c:76:35: warning: passing argument 2 of ‘scm_set_smob_free’ from incompatible pointer type [-Wincompatible-pointer-types]
   76 |  scm_set_smob_free(evaluator_tag, evaluator_destroy_scm);
      |                                   ^~~~~~~~~~~~~~~~~~~~~
      |                                   |
      |                                   int (*)(struct scm_unused_struct *)
In file included from /usr/include/guile/2.2/libguile.h:94,
                 from matheval.c:25:
/usr/include/guile/2.2/libguile/smob.h:183:57: note: expected ‘size_t (*)(struct scm_unused_struct *)’ {aka ‘long unsigned int (*)(struct scm_unused_struct *)’} but argument is of type ‘int (*)(struct scm_unused_struct *)’
  183 | SCM_API void scm_set_smob_free (scm_t_bits tc, size_t (*free) (SCM));
      |                                                ~~~~~~~~~^~~~~~~~~~~
matheval.c:107:21: warning: implicit declaration of function ‘scm_makfrom0str’; did you mean ‘scm_makfromstrs’? [-Wimplicit-function-declaration]
  107 |  scm_primitive_load(scm_makfrom0str(argv[1]));
      |                     ^~~~~~~~~~~~~~~
      |                     scm_makfromstrs
matheval.c:107:21: warning: passing argument 1 of ‘scm_primitive_load’ makes pointer from integer without a cast [-Wint-conversion]
  107 |  scm_primitive_load(scm_makfrom0str(argv[1]));
      |                     ^~~~~~~~~~~~~~~~~~~~~~~~
      |                     |
      |                     int
In file included from /usr/include/guile/2.2/libguile.h:73,
                 from matheval.c:25:
/usr/include/guile/2.2/libguile/load.h:31:37: note: expected ‘SCM’ {aka ‘struct scm_unused_struct *’} but argument is of type ‘int’
   31 | SCM_API SCM scm_primitive_load (SCM filename);
      |                                 ~~~~^~~~~~~~
In file included from /usr/include/guile/2.2/libguile.h:128,
                 from matheval.c:25:
matheval.c: At top level:
/usr/include/guile/2.2/libguile/deprecated.h:121:19: error: unknown type name ‘scm_sizet__GONE__REPLACE_WITH__size_t’
  121 | #define scm_sizet scm_sizet__GONE__REPLACE_WITH__size_t
      |                   ^~~~~~~~~~~~~~~~~~~~~~~~~~~~~~~~~~~~~
/usr/include/guile/2.2/libguile/deprecated.h:121:19: note: in definition of macro ‘scm_sizet’
  121 | #define scm_sizet scm_sizet__GONE__REPLACE_WITH__size_t
      |                   ^~~~~~~~~~~~~~~~~~~~~~~~~~~~~~~~~~~~~
In file included from /usr/include/guile/2.2/libguile.h:31,
                 from matheval.c:25:
matheval.c: In function ‘evaluator_create_scm’:
matheval.c:145:9: warning: implicit declaration of function ‘SCM_STRINGP’; did you mean ‘SCM_STRINGS_H’? [-Wimplicit-function-declaration]
  145 |      && SCM_STRINGP(string), string, SCM_ARG1,
      |         ^~~~~~~~~~~
/usr/include/guile/2.2/libguile/__scm.h:109:43: note: in definition of macro ‘SCM_UNLIKELY’
  109 | #define SCM_UNLIKELY(_expr)  SCM_EXPECT ((_expr), 0)
      |                                           ^~~~~
matheval.c:144:2: note: in expansion of macro ‘SCM_ASSERT’
  144 |  SCM_ASSERT(SCM_NIMP(string)
      |  ^~~~~~~~~~
matheval.c:148:29: warning: implicit declaration of function ‘SCM_LENGTH’ [-Wimplicit-function-declaration]
  148 |  stringz = (char *) malloc((SCM_LENGTH(string) + 1) * sizeof(char));
      |                             ^~~~~~~~~~
matheval.c:149:18: warning: implicit declaration of function ‘SCM_CHARS’; did you mean ‘SCM_CHARP’? [-Wimplicit-function-declaration]
  149 |  memcpy(stringz, SCM_CHARS(string), SCM_LENGTH(string));
      |                  ^~~~~~~~~
      |                  SCM_CHARP
matheval.c:149:18: warning: passing argument 2 of ‘memcpy’ makes pointer from integer without a cast [-Wint-conversion]
  149 |  memcpy(stringz, SCM_CHARS(string), SCM_LENGTH(string));
      |                  ^~~~~~~~~~~~~~~~~
      |                  |
      |                  int
In file included from matheval.c:23:
/usr/include/string.h:42:14: note: expected ‘const void * restrict’ but argument is of type ‘int’
   42 | extern void *memcpy (void *__restrict __dest, const void *__restrict __src,
      |              ^~~~~~
In file included from /usr/include/guile/2.2/libguile.h:31,
                 from matheval.c:25:
matheval.c: In function ‘evaluator_evaluate_scm’:
matheval.c:177:13: warning: implicit declaration of function ‘SCM_INUMP’; did you mean ‘SCM_INUM1’? [-Wimplicit-function-declaration]
  177 |  SCM_ASSERT(SCM_INUMP(count), count, SCM_ARG2,
      |             ^~~~~~~~~
/usr/include/guile/2.2/libguile/__scm.h:109:43: note: in definition of macro ‘SCM_UNLIKELY’
  109 | #define SCM_UNLIKELY(_expr)  SCM_EXPECT ((_expr), 0)
      |                                           ^~~~~
matheval.c:177:2: note: in expansion of macro ‘SCM_ASSERT’
  177 |  SCM_ASSERT(SCM_INUMP(count), count, SCM_ARG2,
      |  ^~~~~~~~~~
matheval.c:180:32: warning: implicit declaration of function ‘SCM_INUM’; did you mean ‘SCM_INUM1’? [-Wimplicit-function-declaration]
  180 |  names_copy = (char **) malloc(SCM_INUM(count) * sizeof(char *));
      |                                ^~~~~~~~
      |                                SCM_INUM1
matheval.c:189:25: warning: passing argument 2 of ‘memcpy’ makes pointer from integer without a cast [-Wint-conversion]
  189 |   memcpy(names_copy[i], SCM_CHARS(SCM_CAR(name)),
      |                         ^~~~~~~~~~~~~~~~~~~~~~~~
      |                         |
      |                         int
In file included from matheval.c:23:
/usr/include/string.h:42:14: note: expected ‘const void * restrict’ but argument is of type ‘int’
   42 | extern void *memcpy (void *__restrict __dest, const void *__restrict __src,
      |              ^~~~~~
matheval.c:201:7: warning: implicit declaration of function ‘scm_num2dbl’ [-Wimplicit-function-declaration]
  201 |       scm_num2dbl(SCM_CAR(value), "evaluator-evaluate");
      |       ^~~~~~~~~~~
matheval.c:213:9: warning: implicit declaration of function ‘scm_make_real’; did you mean ‘scm_make_array’? [-Wimplicit-function-declaration]
  213 |  return scm_make_real(result);
      |         ^~~~~~~~~~~~~
      |         scm_make_array
matheval.c:213:9: warning: returning ‘int’ from a function with return type ‘SCM’ {aka ‘struct scm_unused_struct *’} makes pointer from integer without a cast [-Wint-conversion]
  213 |  return scm_make_real(result);
      |         ^~~~~~~~~~~~~~~~~~~~~
matheval.c: In function ‘evaluator_get_string_scm’:
matheval.c:225:6: warning: returning ‘int’ from a function with return type ‘SCM’ {aka ‘struct scm_unused_struct *’} makes pointer from integer without a cast [-Wint-conversion]
  225 |      scm_makfrom0str(evaluator_get_string
      |      ^~~~~~~~~~~~~~~~~~~~~~~~~~~~~~~~~~~~
  226 |        ((void *) SCM_CDR(evaluator_smob)));
      |        ~~~~~~~~~~~~~~~~~~~~~~~~~~~~~~~~~~~
In file included from /usr/include/guile/2.2/libguile.h:128,
                 from matheval.c:25:
matheval.c: In function ‘evaluator_get_variables_scm’:
/usr/include/guile/2.2/libguile/deprecated.h:115:21: warning: implicit declaration of function ‘scm_listify__GONE__REPLACE_WITH__scm_list_n’ [-Wimplicit-function-declaration]
  115 | #define scm_listify scm_listify__GONE__REPLACE_WITH__scm_list_n
      |                     ^~~~~~~~~~~~~~~~~~~~~~~~~~~~~~~~~~~~~~~~~~~
/usr/include/guile/2.2/libguile/deprecated.h:115:21: note: in definition of macro ‘scm_listify’
  115 | #define scm_listify scm_listify__GONE__REPLACE_WITH__scm_list_n
      |                     ^~~~~~~~~~~~~~~~~~~~~~~~~~~~~~~~~~~~~~~~~~~
/usr/include/guile/2.2/libguile/deprecated.h:115:21: warning: passing argument 1 of ‘scm_append_x’ makes pointer from integer without a cast [-Wint-conversion]
  115 | #define scm_listify scm_listify__GONE__REPLACE_WITH__scm_list_n
/usr/include/guile/2.2/libguile/deprecated.h:115:21: note: in definition of macro ‘scm_listify’
  115 | #define scm_listify scm_listify__GONE__REPLACE_WITH__scm_list_n
      |                     ^~~~~~~~~~~~~~~~~~~~~~~~~~~~~~~~~~~~~~~~~~~
In file included from /usr/include/guile/2.2/libguile.h:72,
                 from matheval.c:25:
/usr/include/guile/2.2/libguile/list.h:46:31: note: expected ‘SCM’ {aka ‘struct scm_unused_struct *’} but argument is of type ‘int’
   46 | SCM_API SCM scm_append_x (SCM args);
      |                           ~~~~^~~~
In file included from /usr/include/guile/2.2/libguile.h:94,
                 from matheval.c:25:
matheval.c: In function ‘evaluator_derivative_scm’:
matheval.c:270:7: warning: passing argument 2 of ‘evaluator_derivative’ makes pointer from integer without a cast [-Wint-conversion]
  270 |       SCM_CHARS(name)));
      |       ^~~~~~~~~~~~~~~
      |       |
      |       int
/usr/include/guile/2.2/libguile/smob.h:103:43: note: in definition of macro ‘SCM_RETURN_NEWSMOB’
  103 |   return scm_new_smob ((tc), (scm_t_bits)(data))
      |                                           ^~~~
In file included from matheval.c:26:
../lib/matheval.h:73:18: note: expected ‘char *’ but argument is of type ‘int’
   73 |  extern void    *evaluator_derivative(void *evaluator, char *name);
      |                  ^~~~~~~~~~~~~~~~~~~~
matheval.c: In function ‘evaluator_evaluate_x_scm’:
matheval.c:282:6: warning: returning ‘int’ from a function with return type ‘SCM’ {aka ‘struct scm_unused_struct *’} makes pointer from integer without a cast [-Wint-conversion]
  282 |      scm_make_real(evaluator_evaluate_x
      |      ^~~~~~~~~~~~~~~~~~~~~~~~~~~~~~~~~~
  283 |      ((void *) SCM_CDR(evaluator_smob),
      |      ~~~~~~~~~~~~~~~~~~~~~~~~~~~~~~~~~~
  284 |       scm_num2dbl(x, "evaluator-evaluate-x")));
      |       ~~~~~~~~~~~~~~~~~~~~~~~~~~~~~~~~~~~~~~~~
matheval.c: In function ‘evaluator_evaluate_x_y_scm’:
matheval.c:298:6: warning: returning ‘int’ from a function with return type ‘SCM’ {aka ‘struct scm_unused_struct *’} makes pointer from integer without a cast [-Wint-conversion]
  298 |      scm_make_real(evaluator_evaluate_x_y
      |      ^~~~~~~~~~~~~~~~~~~~~~~~~~~~~~~~~~~~
  299 |      ((void *) SCM_CDR(evaluator_smob),
      |      ~~~~~~~~~~~~~~~~~~~~~~~~~~~~~~~~~~
  300 |       scm_num2dbl(x, "evaluator-evaluate-x-y"),
      |       ~~~~~~~~~~~~~~~~~~~~~~~~~~~~~~~~~~~~~~~~~
  301 |       scm_num2dbl(y, "evaluator-evaluate-x-y")));
      |       ~~~~~~~~~~~~~~~~~~~~~~~~~~~~~~~~~~~~~~~~~~
matheval.c: In function ‘evaluator_evaluate_x_y_z_scm’:
matheval.c:319:6: warning: returning ‘int’ from a function with return type ‘SCM’ {aka ‘struct scm_unused_struct *’} makes pointer from integer without a cast [-Wint-conversion]
  319 |      scm_make_real(evaluator_evaluate_x_y_z
      |      ^~~~~~~~~~~~~~~~~~~~~~~~~~~~~~~~~~~~~~
  320 |      ((void *) SCM_CDR(evaluator_smob),
      |      ~~~~~~~~~~~~~~~~~~~~~~~~~~~~~~~~~~
  321 |       scm_num2dbl(x, "evaluator-evaluate-x-y-z"),
      |       ~~~~~~~~~~~~~~~~~~~~~~~~~~~~~~~~~~~~~~~~~~~
  322 |       scm_num2dbl(y, "evaluator-evaluate-x-y-z"),
      |       ~~~~~~~~~~~~~~~~~~~~~~~~~~~~~~~~~~~~~~~~~~~
  323 |       scm_num2dbl(z, "evaluator-evaluate-x-y-z")));
      |       ~~~~~~~~~~~~~~~~~~~~~~~~~~~~~~~~~~~~~~~~~~~~
make[2]: *** [Makefile:338: matheval-matheval.o] Error 1
make[1]: *** [Makefile:415: all-recursive] Error 1
make: *** [Makefile:323: all] Error 2

  compile_func	INFO	=================
  compile_func	INFO	CSSC-1.4.1
  compile_func	INFO	-----------------
  compile_func	INFO	cd to_compile/CSSC-1.4.1/ && ./configure && CFLAGS="-g" CXXFLAGS="-g" make
  compile_func	INFO	Returned with code: 2
  compile_func	INFO	/home/spencerwu/Storage/Steel/Santa/to_compile/CSSC-1.4.1/build-aux/missing: line 81: aclocal-1.15: command not found
WARNING: 'aclocal-1.15' is missing on your system.
         You should only need it if you modified 'acinclude.m4' or
         'configure.ac' or m4 files included by 'configure.ac'.
         The 'aclocal' program is part of the GNU Automake package:
         <http://www.gnu.org/software/automake>
         It also requires GNU Autoconf, GNU m4 and Perl in order to run:
         <http://www.gnu.org/software/autoconf>
         <http://www.gnu.org/software/m4/>
         <http://www.perl.org/>
make: *** [Makefile:1170: aclocal.m4] Error 127

  compile_func	INFO	=================
  compile_func	INFO	gdbm-1.18.1
  compile_func	INFO	-----------------
  compile_func	INFO	cd to_compile/gdbm-1.18.1/ && ./configure && CFLAGS="-g" CXXFLAGS="-g" make
  compile_func	INFO	Returned with code: 2
  compile_func	INFO	/home/spencerwu/Storage/Steel/Santa/to_compile/gdbm-1.18.1/build-aux/missing: line 81: aclocal-1.15: command not found
WARNING: 'aclocal-1.15' is missing on your system.
         You should only need it if you modified 'acinclude.m4' or
         'configure.ac' or m4 files included by 'configure.ac'.
         The 'aclocal' program is part of the GNU Automake package:
         <http://www.gnu.org/software/automake>
         It also requires GNU Autoconf, GNU m4 and Perl in order to run:
         <http://www.gnu.org/software/autoconf>
         <http://www.gnu.org/software/m4/>
         <http://www.perl.org/>
make: *** [Makefile:430: aclocal.m4] Error 127

  compile_func	INFO	=================
  compile_func	INFO	radius-1.6
  compile_func	INFO	-----------------
  compile_func	INFO	cd to_compile/radius-1.6/ && ./configure && CFLAGS="-g" CXXFLAGS="-g" make
  compile_func	INFO	Returned with code: 2
  compile_func	INFO	readline.c: In function ‘grad_readline_init’:
readline.c:147:2: warning: ‘CPPFunction’ is deprecated [-Wdeprecated-declarations]
  147 |  rl_attempted_completion_function = (CPPFunction *) completion_fp;
      |  ^~~~~~~~~~~~~~~~~~~~~~~~~~~~~~~~
readline.c: In function ‘grad_add_history’:
readline.c:175:3: warning: implicit declaration of function ‘add_history’; did you mean ‘grad_add_history’? [-Wimplicit-function-declaration]
  175 |   add_history(line);
      |   ^~~~~~~~~~~
      |   grad_add_history
readline.c: In function ‘grad_read_history_file’:
readline.c:204:24: warning: implicit declaration of function ‘read_history’; did you mean ‘grad_add_history’? [-Wimplicit-function-declaration]
  204 |  return _interactive ? read_history(get_history_file_name()) : 0;
      |                        ^~~~~~~~~~~~
      |                        grad_add_history
readline.c: In function ‘grad_write_history_file’:
readline.c:212:24: warning: implicit declaration of function ‘write_history’ [-Wimplicit-function-declaration]
  212 |  return _interactive ? write_history(get_history_file_name()) : 0;
      |                        ^~~~~~~~~~~~~
ar: `u' modifier ignored since `D' is the default (see `U')
ascend.c: In function ‘_get_hex_string’:
ascend.c:263:31: warning: iteration 11 invokes undefined behavior [-Waggressive-loop-optimizations]
  263 |   *buf++ = (tmp[i] << 4) | tmp[i+1];
      |                            ~~~^~~~~
ascend.c:262:2: note: within this loop
  262 |  for (i = 0; i < 2*ASCEND_MAX_CMP_LENGTH; i++)
      |  ^~~
client.c: In function ‘grad_client_recv’:
client.c:138:9: warning: implicit declaration of function ‘grad_md5_calc’ [-Wimplicit-function-declaration]
  138 |         grad_md5_calc(calc_digest, (unsigned char *)auth, length + secretlen);
      |         ^~~~~~~~~~~~~
cryptpass.c: In function ‘grad_encrypt_text’:
cryptpass.c:116:4: warning: implicit declaration of function ‘grad_md5_calc’ [-Wimplicit-function-declaration]
  116 |    grad_md5_calc(digest, md5buf, md5len + saltlen);
      |    ^~~~~~~~~~~~~
cryptpass.c: In function ‘grad_encrypt_tunnel_password’:
cryptpass.c:262:24: warning: implicit declaration of function ‘htons’ [-Wimplicit-function-declaration]
  262 |  unsigned short salt = htons( (((long)pair ^ *(long *)authenticator) & 0xffff)
      |                        ^~~~~
nas.c: In function ‘read_naslist_entry’:
nas.c:83:4: warning: implicit declaration of function ‘grad_envar_assign’; did you mean ‘grad_envar_parse’? [-Wimplicit-function-declaration]
   83 |    grad_envar_assign(fv[i], fv[i+2], &nas.args);
      |    ^~~~~~~~~~~~~~~~~
      |    grad_envar_parse
raddb.c: In function ‘continuation_line_p’:
raddb.c:56:33: warning: passing argument 3 of ‘get_argcv’ from incompatible pointer type [-Wincompatible-pointer-types]
   56 |  int rc = get_argcv(str, delim, &argc, &argv) == 0
      |                                 ^~~~~
      |                                 |
      |                                 int *
raddb.c:35:55: note: expected ‘size_t *’ {aka ‘long unsigned int *’} but argument is of type ‘int *’
   35 | get_argcv(const char *str, const char *delim, size_t *pargc, char ***pargv)
      |                                               ~~~~~~~~^~~~~
raddb.c: In function ‘grad_read_raddb_file’:
raddb.c:152:43: warning: passing argument 3 of ‘get_argcv’ from incompatible pointer type [-Wincompatible-pointer-types]
  152 |                 if (get_argcv(str, delim, &argc, &argv) == 0 && argc)
      |                                           ^~~~~
      |                                           |
      |                                           int *
raddb.c:35:55: note: expected ‘size_t *’ {aka ‘long unsigned int *’} but argument is of type ‘int *’
   35 | get_argcv(const char *str, const char *delim, size_t *pargc, char ***pargv)
      |                                               ~~~~~~~~^~~~~
radpdu.c: In function ‘grad_pdu_finish’:
radpdu.c:108:17: warning: implicit declaration of function ‘grad_md5_calc’ [-Wimplicit-function-declaration]
  108 |                 grad_md5_calc(hdr->authenticator, (u_char *)hdr, len + secretlen);
      |                 ^~~~~~~~~~~~~
slist.c: In function ‘grad_slist_grow_backslash_num’:
slist.c:182:4: warning: implicit declaration of function ‘isdigit’ [-Wimplicit-function-declaration]
  182 |   (isdigit(c) ? c - '0' : (isxdigit(c) ? toupper(c) - 'A' + 10 : 255 ))
      |    ^~~~~~~
slist.c:200:23: note: in expansion of macro ‘to_num’
  200 |   if (n > 127 || (n = to_num(n)) >= base)
      |                       ^~~~~~
slist.c:182:28: warning: implicit declaration of function ‘isxdigit’ [-Wimplicit-function-declaration]
  182 |   (isdigit(c) ? c - '0' : (isxdigit(c) ? toupper(c) - 'A' + 10 : 255 ))
      |                            ^~~~~~~~
slist.c:200:23: note: in expansion of macro ‘to_num’
  200 |   if (n > 127 || (n = to_num(n)) >= base)
      |                       ^~~~~~
slist.c:182:42: warning: implicit declaration of function ‘toupper’ [-Wimplicit-function-declaration]
  182 |   (isdigit(c) ? c - '0' : (isxdigit(c) ? toupper(c) - 'A' + 10 : 255 ))
      |                                          ^~~~~~~
slist.c:200:23: note: in expansion of macro ‘to_num’
  200 |   if (n > 127 || (n = to_num(n)) >= base)
      |                       ^~~~~~
ar: `u' modifier ignored since `D' is the default (see `U')
ar: `u' modifier ignored since `D' is the default (see `U')
ar: `u' modifier ignored since `D' is the default (see `U')
awk: ../scripts/guile/1.6/guile-doc-snarf.awk:79: warning: regexp escape sequence `\"' is not a known regexp operator
awk: ../scripts/guile/1.6/guile-doc-snarf.awk:79: warning: regexp escape sequence `\"' is not a known regexp operator
awk: ../scripts/guile/1.6/guile-doc-snarf.awk:79: warning: regexp escape sequence `\"' is not a known regexp operator
awk: ../scripts/guile/1.6/guile-doc-snarf.awk:79: warning: regexp escape sequence `\"' is not a known regexp operator
awk: ../scripts/guile/1.6/guile-doc-snarf.awk:79: warning: regexp escape sequence `\"' is not a known regexp operator
awk: ../scripts/guile/1.6/guile-doc-snarf.awk:79: warning: regexp escape sequence `\"' is not a known regexp operator
awk: ../scripts/guile/1.6/guile-doc-snarf.awk:79: warning: regexp escape sequence `\"' is not a known regexp operator
awk: ../scripts/guile/1.6/guile-doc-snarf.awk:79: warning: regexp escape sequence `\"' is not a known regexp operator
awk: ../scripts/guile/1.6/guile-doc-snarf.awk:79: warning: regexp escape sequence `\"' is not a known regexp operator
awk: ../scripts/guile/1.6/guile-doc-snarf.awk:79: warning: regexp escape sequence `\"' is not a known regexp operator
rscm_dict.c: In function ‘rad_dict_name_to_attr’:
rscm_dict.c:59:27: warning: implicit declaration of function ‘scm_makfrom0str’; did you mean ‘scm_makfromstrs’? [-Wimplicit-function-declaration]
   59 |         return scm_list_4(scm_makfrom0str(attr->name),
      |                           ^~~~~~~~~~~~~~~
      |                           scm_makfromstrs
rscm_dict.c:59:27: warning: passing argument 1 of ‘scm_list_4’ makes pointer from integer without a cast [-Wint-conversion]
   59 |         return scm_list_4(scm_makfrom0str(attr->name),
      |                           ^~~~~~~~~~~~~~~~~~~~~~~~~~~
      |                           |
      |                           int
In file included from /usr/include/guile/2.2/libguile.h:72,
                 from rscm_dict.c:24:
/usr/include/guile/2.2/libguile/list.h:34:29: note: expected ‘SCM’ {aka ‘struct scm_unused_struct *’} but argument is of type ‘int’
   34 | SCM_API SCM scm_list_4 (SCM e1, SCM e2, SCM e3, SCM e4);
      |                         ~~~~^~
rscm_dict.c: In function ‘rad_dict_value_to_name’:
rscm_dict.c:97:16: warning: returning ‘int’ from a function with return type ‘SCM’ {aka ‘struct scm_unused_struct *’} makes pointer from integer without a cast [-Wint-conversion]
   97 |         return scm_makfrom0str(val->name);
      |                ^~~~~~~~~~~~~~~~~~~~~~~~~~
rscm_dict.c: In function ‘rad_dict_pec_to_vendor’:
rscm_dict.c:138:39: warning: pointer/integer type mismatch in conditional expression
  138 |         return s ? scm_makfrom0str(s) : SCM_BOOL_F;
      |                                       ^
rscm_hash.c: In function ‘rscm_md5_calc’:
rscm_hash.c:42:9: warning: implicit declaration of function ‘scm_mem2string’; did you mean ‘scm_is_string’? [-Wimplicit-function-declaration]
   42 |  return scm_mem2string(digest, sizeof digest);
      |         ^~~~~~~~~~~~~~
      |         scm_is_string
rscm_hash.c:42:9: warning: returning ‘int’ from a function with return type ‘SCM’ {aka ‘struct scm_unused_struct *’} makes pointer from integer without a cast [-Wint-conversion]
   42 |  return scm_mem2string(digest, sizeof digest);
      |         ^~~~~~~~~~~~~~~~~~~~~~~~~~~~~~~~~~~~~
rscm_hash.c: In function ‘rscm_md4_calc’:
rscm_hash.c:56:9: warning: returning ‘int’ from a function with return type ‘SCM’ {aka ‘struct scm_unused_struct *’} makes pointer from integer without a cast [-Wint-conversion]
   56 |  return scm_mem2string(digest, sizeof digest);
      |         ^~~~~~~~~~~~~~~~~~~~~~~~~~~~~~~~~~~~~
rscm_hash.c: In function ‘rscm_sha1_calc_list’:
rscm_hash.c:81:9: warning: returning ‘int’ from a function with return type ‘SCM’ {aka ‘struct scm_unused_struct *’} makes pointer from integer without a cast [-Wint-conversion]
   81 |  return scm_mem2string(digest, sizeof digest);
      |         ^~~~~~~~~~~~~~~~~~~~~~~~~~~~~~~~~~~~~
rscm_hash.c: In function ‘rscm_lm_password_hash’:
rscm_hash.c:92:2: warning: implicit declaration of function ‘grad_lmpwdhash’ [-Wimplicit-function-declaration]
   92 |  grad_lmpwdhash(scm_i_string_chars(INPUT), digest);
      |  ^~~~~~~~~~~~~~
rscm_hash.c:93:9: warning: returning ‘int’ from a function with return type ‘SCM’ {aka ‘struct scm_unused_struct *’} makes pointer from integer without a cast [-Wint-conversion]
   93 |  return scm_mem2string(digest, sizeof digest);
      |         ^~~~~~~~~~~~~~~~~~~~~~~~~~~~~~~~~~~~~
rscm_hash.c: In function ‘rscm_mschap_response’:
rscm_hash.c:105:2: warning: implicit declaration of function ‘grad_mschap’ [-Wimplicit-function-declaration]
  105 |  grad_mschap(scm_i_string_chars(PASSWORD),
      |  ^~~~~~~~~~~
rscm_hash.c:108:9: warning: returning ‘int’ from a function with return type ‘SCM’ {aka ‘struct scm_unused_struct *’} makes pointer from integer without a cast [-Wint-conversion]
  108 |  return scm_mem2string(digest, sizeof digest);
      |         ^~~~~~~~~~~~~~~~~~~~~~~~~~~~~~~~~~~~~
rscm_hash.c: In function ‘rscm_string_hex_to_bin’:
rscm_hash.c:131:8: error: too few arguments to function ‘scm_i_make_string’
  131 |  ret = scm_i_make_string(len, &q);
      |        ^~~~~~~~~~~~~~~~~
In file included from /usr/include/guile/2.2/libguile/ports.h:39,
                 from /usr/include/guile/2.2/libguile/fports.h:29,
                 from /usr/include/guile/2.2/libguile.h:57,
                 from rscm_hash.c:25:
/usr/include/guile/2.2/libguile/strings.h:193:18: note: declared here
  193 | SCM_INTERNAL SCM scm_i_make_string (size_t len, char **datap,
      |                  ^~~~~~~~~~~~~~~~~
rscm_hash.c:135:27: warning: implicit declaration of function ‘toupper’ [-Wimplicit-function-declaration]
  135 |   if (!(c1 = memchr(xlet, toupper(p[i << 1]), sizeof xlet))
      |                           ^~~~~~~
rscm_hash.c: In function ‘rscm_string_bin_to_hex’:
rscm_hash.c:159:8: error: too few arguments to function ‘scm_i_make_string’
  159 |  ret = scm_i_make_string(2*len, &q);
      |        ^~~~~~~~~~~~~~~~~
In file included from /usr/include/guile/2.2/libguile/ports.h:39,
                 from /usr/include/guile/2.2/libguile/fports.h:29,
                 from /usr/include/guile/2.2/libguile.h:57,
                 from rscm_hash.c:25:
/usr/include/guile/2.2/libguile/strings.h:193:18: note: declared here
  193 | SCM_INTERNAL SCM scm_i_make_string (size_t len, char **datap,
      |                  ^~~~~~~~~~~~~~~~~
make[3]: *** [Makefile:796: rscm_hash.lo] Error 1
make[2]: *** [Makefile:663: all] Error 2
make[1]: *** [Makefile:742: all-recursive] Error 1
make: *** [Makefile:618: all] Error 2

  compile_func	INFO	=================
  compile_func	INFO	proxyknife-1.7
  compile_func	INFO	-----------------
  compile_func	INFO	cd to_compile/proxyknife-1.7/ && ./configure && CFLAGS="-g" CXXFLAGS="-g" make
  compile_func	INFO	Returned with code: 2
  compile_func	INFO	/home/spencerwu/Storage/Steel/Santa/to_compile/proxyknife-1.7/missing: line 52: aclocal-1.9: command not found
WARNING: `aclocal-1.9' is missing on your system.  You should only need it if
         you modified `acinclude.m4' or `configure.in'.  You might want
         to install the `Automake' and `Perl' packages.  Grab them from
         any GNU archive site.
/home/spencerwu/Storage/Steel/Santa/to_compile/proxyknife-1.7/missing: line 52: automake-1.9: command not found
WARNING: `automake-1.9' is missing on your system.  You should only need it if
         you modified `Makefile.am', `acinclude.m4' or `configure.in'.
         You might want to install the `Automake' and `Perl' packages.
         Grab them from any GNU archive site.
configure.in:68: warning: AC_LANG_CONFTEST: no AC_LANG_SOURCE call detected in body
../../lib/autoconf/lang.m4:193: AC_LANG_CONFTEST is expanded from...
../../lib/autoconf/general.m4:2590: _AC_COMPILE_IFELSE is expanded from...
../../lib/autoconf/general.m4:2606: AC_COMPILE_IFELSE is expanded from...
../../lib/m4sugar/m4sh.m4:639: AS_IF is expanded from...
../../lib/autoconf/general.m4:2031: AC_CACHE_VAL is expanded from...
../../lib/autoconf/general.m4:2052: AC_CACHE_CHECK is expanded from...
gl/m4/include_next.m4:9: gl_INCLUDE_NEXT is expanded from...
gl/m4/include_next.m4:66: gl_CHECK_NEXT_HEADERS is expanded from...
gl/m4/stdlib_h.m4:7: gl_STDLIB_H is expanded from...
gl/m4/gnulib-comp.m4:34: gl_INIT is expanded from...
configure.in:68: the top level
configure.in:68: warning: AC_LANG_CONFTEST: no AC_LANG_SOURCE call detected in body
../../lib/autoconf/lang.m4:193: AC_LANG_CONFTEST is expanded from...
../../lib/autoconf/general.m4:2590: _AC_COMPILE_IFELSE is expanded from...
../../lib/autoconf/general.m4:2606: AC_COMPILE_IFELSE is expanded from...
../../lib/m4sugar/m4sh.m4:639: AS_IF is expanded from...
../../lib/autoconf/general.m4:2031: AC_CACHE_VAL is expanded from...
../../lib/autoconf/general.m4:2052: AC_CACHE_CHECK is expanded from...
gl/m4/include_next.m4:9: gl_INCLUDE_NEXT is expanded from...
gl/m4/include_next.m4:66: gl_CHECK_NEXT_HEADERS is expanded from...
gl/m4/stdlib_h.m4:7: gl_STDLIB_H is expanded from...
gl/m4/gnulib-comp.m4:34: gl_INIT is expanded from...
configure.in:68: the top level
proxyknife.pod around line 365: You have '=item 3' instead of the expected '=item 2'
proxyknife.pod around line 369: You have '=item 5' instead of the expected '=item 3'
POD document had syntax errors at /usr/bin/core_perl/pod2man line 69.
make[2]: *** [Makefile:662: proxyknife.1] Error 255
make[1]: *** [Makefile:357: all-recursive] Error 1
make: *** [Makefile:293: all] Error 2

  compile_func	INFO	=================
  compile_func	INFO	libtasn1-4.14
  compile_func	INFO	-----------------
  compile_func	INFO	cd to_compile/libtasn1-4.14/ && ./configure && CFLAGS="-g" CXXFLAGS="-g" make
  compile_func	INFO	=================
  compile_func	INFO	hp2xx-3.4.4
  compile_func	INFO	-----------------
  compile_func	INFO	cd to_compile/hp2xx-3.4.4 && CXXFLAGS="-g" CFLAGS="-g" make
  compile_func	INFO	Returned with code: 2
  compile_func	INFO	hpgl.c: In function ‘fwedges’:
hpgl.c:2192:6: warning: variable ‘i’ set but not used [-Wunused-but-set-variable]
 2192 |  int i;
      |      ^
hpgl.c: In function ‘PlotCmd_from_tmpfile’:
hpgl.c:4115:2: warning: case value ‘4294967295’ not in enumerated type ‘PlotCmd’ {aka ‘enum <anonymous>’} [-Wswitch]
 4115 |  case (unsigned int) EOF:
      |  ^~~~
murphy.c: In function ‘murphy_wideline’:
murphy.c:98:12: warning: variable ‘ptx’ set but not used [-Wunused-but-set-variable]
   98 |  DevPt pt, ptx, ml1, ml2, ml1b, ml2b;
      |            ^~~
chardraw.c:1423:55: warning: trigraph ??) ignored, use -trigraphs to enable [-Wtrigraphs]
 1423 |  fprintf(stderr, "TT move to %ld %ld (oder ists %d %d ??)\n", to->x,
      |                                                        
std_main.c: In function ‘action_oldstyle’:
std_main.c:136:20: warning: comparison with string literal results in unspecified behavior [-Waddress]
  136 |    if (po->outfile != "-" && po->pagecount > 0) {
      |                    ^~
std_main.c:137:23: warning: ‘%d’ directive writing between 1 and 10 bytes into a region of size 4 [-Wformat-overflow=]
  137 |     sprintf(thepage, "%d", po->pagecount);
      |                       ^~
std_main.c:137:22: note: directive argument in the range [1, 2147483647]
  137 |     sprintf(thepage, "%d", po->pagecount);
      |                      ^~~~
std_main.c:137:5: note: ‘sprintf’ output between 2 and 11 bytes into a destination of size 4
  137 |     sprintf(thepage, "%d", po->pagecount);
      |     ^~~~~~~~~~~~~~~~~~~~~~~~~~~~~~~~~~~~~
to_x11.c: In function ‘PicBuf_to_X11’:
to_x11.c:292:17: warning: variable ‘tv’ set but not used [-Wunused-but-set-variable]
  292 |  struct timeval tv;
      |                 ^~
In file included from /usr/include/pngconf.h:51,
                 from /usr/include/png.h:339,
                 from png.c:8:
png.c: In function ‘pdImagePNG’:
png.c:39:20: error: dereferencing pointer to incomplete type ‘png_struct’ {aka ‘struct png_struct_def’}
   39 |  if (setjmp(png_ptr->jmpbuf)) {
      |                    ^~
png.c:54:37: error: ‘Z_BEST_COMPRESSION’ undeclared (first use in this function); did you mean ‘PNG_Z_DEFAULT_COMPRESSION’?
   54 |  png_set_compression_level(png_ptr, Z_BEST_COMPRESSION);
      |                                     ^~~~~~~~~~~~~~~~~~
      |                                     PNG_Z_DEFAULT_COMPRESSION
png.c:54:37: note: each undeclared identifier is reported only once for each function it appears in
png.c:58:40: error: ‘Z_DEFAULT_STRATEGY’ undeclared (first use in this function); did you mean ‘PNG_Z_DEFAULT_STRATEGY’?
   58 |  png_set_compression_strategy(png_ptr, Z_DEFAULT_STRATEGY);
      |                                        ^~~~~~~~~~~~~~~~~~
      |                                        PNG_Z_DEFAULT_STRATEGY
make[1]: *** [<builtin>: png.o] Error 1
make: *** [Makefile:3: all] Error 2

  compile_func	INFO	=================
  compile_func	INFO	pth-2.0.7
  compile_func	INFO	-----------------
  compile_func	INFO	cd to_compile/pth-2.0.7/ && ./configure && CFLAGS="-g" CXXFLAGS="-g" make
  compile_func	INFO	=================
  compile_func	INFO	enscript-1.6.6
  compile_func	INFO	-----------------
  compile_func	INFO	cd to_compile/enscript-1.6.6/ && ./configure && CFLAGS="-g" CXXFLAGS="-g" make
  compile_func	INFO	=================
  compile_func	INFO	gsl-2.6
  compile_func	INFO	-----------------
  compile_func	INFO	cd to_compile/gsl-2.6/ && ./configure && CFLAGS="-g" CXXFLAGS="-g" make
  compile_func	INFO	=================
  compile_func	INFO	gnuchess-6.2.5
  compile_func	INFO	-----------------
  compile_func	INFO	cd to_compile/gnuchess-6.2.5/ && ./configure && CFLAGS="-g" CXXFLAGS="-g" make
  compile_func	INFO	Returned with code: 2
  compile_func	INFO	/home/spencerwu/Storage/Steel/Santa/to_compile/gnuchess-6.2.5/missing: line 81: aclocal-1.14: command not found
WARNING: 'aclocal-1.14' is missing on your system.
         You should only need it if you modified 'acinclude.m4' or
         'configure.ac' or m4 files included by 'configure.ac'.
         The 'aclocal' program is part of the GNU Automake package:
         <http://www.gnu.org/software/automake>
         It also requires GNU Autoconf, GNU m4 and Perl in order to run:
         <http://www.gnu.org/software/autoconf>
         <http://www.gnu.org/software/m4/>
         <http://www.perl.org/>
make: *** [Makefile:431: aclocal.m4] Error 127

  compile_func	INFO	=================
  compile_func	INFO	gxmessage-3.4.3
  compile_func	INFO	-----------------
  compile_func	INFO	cd to_compile/gxmessage-3.4.3/ && ./configure && CFLAGS="-g" CXXFLAGS="-g" make
  compile_func	INFO	=================
  compile_func	INFO	gnubg-1.06.002
  compile_func	INFO	-----------------
  compile_func	INFO	cd to_compile/gnubg-1.06.002/ && ./configure && CFLAGS="-g" CXXFLAGS="-g" make
  compile_func	INFO	Returned with code: 2
  compile_func	INFO	configure: WARNING: no gtkglext support
configure: WARNING: no gtkglext support
/home/spencerwu/Storage/Steel/Santa/to_compile/gnubg-1.06.002/external_y.y:107.1-12: warning: POSIX Yacc does not support %pure-parser [-Wyacc]
  107 | %pure-parser
      | ^~~~~~~~~~~~
/home/spencerwu/Storage/Steel/Santa/to_compile/gnubg-1.06.002/external_y.y:107.1-12: warning: deprecated directive, use ‘%define api.pure’ [-Wdeprecated]
  107 | %pure-parser
      | ^~~~~~~~~~~~
/home/spencerwu/Storage/Steel/Santa/to_compile/gnubg-1.06.002/external_y.y:108.14-16: warning: POSIX Yacc does not support string literals [-Wyacc]
  108 | %file-prefix "y"
      |              ^~~
/home/spencerwu/Storage/Steel/Santa/to_compile/gnubg-1.06.002/external_y.y:108.1-16: warning: POSIX Yacc does not support %file-prefix [-Wyacc]
  108 | %file-prefix "y"
      | ^~~~~~~~~~~~~~~~
/home/spencerwu/Storage/Steel/Santa/to_compile/gnubg-1.06.002/external_y.y:112.1-8: warning: POSIX Yacc does not support %defines [-Wyacc]
  112 | %defines
      | ^~~~~~~~
/home/spencerwu/Storage/Steel/Santa/to_compile/gnubg-1.06.002/external_y.y:113.1-14: warning: POSIX Yacc does not support %error-verbose [-Wyacc]
  113 | %error-verbose
      | ^~~~~~~~~~~~~~
/home/spencerwu/Storage/Steel/Santa/to_compile/gnubg-1.06.002/external_y.y:113.1-14: warning: deprecated directive, use ‘%define parse.error verbose’ [-Wdeprecated]
  113 | %error-verbose
      | ^~~~~~~~~~~~~~
/home/spencerwu/Storage/Steel/Santa/to_compile/gnubg-1.06.002/external_y.y:114.1-12: warning: POSIX Yacc does not support %token-table [-Wyacc]
  114 | %token-table
      | ^~~~~~~~~~~~
/home/spencerwu/Storage/Steel/Santa/to_compile/gnubg-1.06.002/external_y.y:168.1-11: warning: POSIX Yacc does not support %destructor [-Wyacc]
  168 | %destructor { if ($$) g_string_free($$, TRUE); } <str>
      | ^~~~~~~~~~~
/home/spencerwu/Storage/Steel/Santa/to_compile/gnubg-1.06.002/external_y.y:169.1-11: warning: POSIX Yacc does not support %destructor [-Wyacc]
  169 | %destructor { if ($$) g_list_free($$); } <list>
      | ^~~~~~~~~~~
/home/spencerwu/Storage/Steel/Santa/to_compile/gnubg-1.06.002/external_y.y:170.1-11: warning: POSIX Yacc does not support %destructor [-Wyacc]
  170 | %destructor { if ($$) { g_value_unsetfree($$); }} <gv>
      | ^~~~~~~~~~~
/home/spencerwu/Storage/Steel/Santa/to_compile/gnubg-1.06.002/external_y.y:171.1-11: warning: POSIX Yacc does not support %destructor [-Wyacc]
  171 | %destructor { if ($$) { g_free($$); }} <cmd>
      | ^~~~~~~~~~~
/home/spencerwu/Storage/Steel/Santa/to_compile/gnubg-1.06.002/external_y.y: warning: fix-its can be applied.  Rerun with option '--update'. [-Wother]
ar: `u' modifier ignored since `D' is the default (see `U')
ar: `u' modifier ignored since `D' is the default (see `U')
Writing gnubg.html for article(gnubg)
Writing allabout.html for article(allabout)
gnubg.texi:5228: raising the section level of @unnumberedsubsec which is too low
ar: `u' modifier ignored since `D' is the default (see `U')
In file included from /usr/include/gtk-2.0/gtk/gtkobject.h:37,
                 from /usr/include/gtk-2.0/gtk/gtkwidget.h:36,
                 from /usr/include/gtk-2.0/gtk/gtkcontainer.h:35,
                 from /usr/include/gtk-2.0/gtk/gtkbin.h:35,
                 from /usr/include/gtk-2.0/gtk/gtkwindow.h:36,
                 from /usr/include/gtk-2.0/gtk/gtkdialog.h:35,
                 from /usr/include/gtk-2.0/gtk/gtkaboutdialog.h:32,
                 from /usr/include/gtk-2.0/gtk/gtk.h:33,
                 from gtkgame.h:25,
                 from analysis.c:32:
/usr/include/gtk-2.0/gtk/gtktypeutils.h:236:1: warning: ‘GTypeDebugFlags’ is deprecated [-Wdeprecated-declarations]
  236 | void            gtk_type_init   (GTypeDebugFlags    debug_flags);
      | ^~~~
In file included from /usr/include/glib-2.0/gobject/gobject.h:24,
                 from /usr/include/glib-2.0/gobject/gbinding.h:29,
                 from /usr/include/glib-2.0/glib-object.h:23,
                 from external.h:26,
                 from drawboard.h:26,
                 from analysis.c:29:
/usr/include/glib-2.0/gobject/gtype.h:679:1: note: declared here
  679 | {
      | ^
In file included from /usr/include/gtk-2.0/gtk/gtktoolitem.h:31,
                 from /usr/include/gtk-2.0/gtk/gtktoolbutton.h:30,
                 from /usr/include/gtk-2.0/gtk/gtkmenutoolbutton.h:30,
                 from /usr/include/gtk-2.0/gtk/gtk.h:126,
                 from gtkgame.h:25,
                 from analysis.c:32:
/usr/include/gtk-2.0/gtk/gtktooltips.h:73:3: warning: ‘GTimeVal’ is deprecated: Use 'GDateTime' instead [-Wdeprecated-declarations]
   73 |   GTimeVal last_popdown;
      |   ^~~~~~~~
In file included from /usr/include/glib-2.0/glib/galloca.h:32,
                 from /usr/include/glib-2.0/glib.h:30,
                 from analysis.c:24:
/usr/include/glib-2.0/glib/gtypes.h:551:8: note: declared here
  551 | struct _GTimeVal
      |        ^~~~~~~~~
In file included from /usr/include/gtk-2.0/gtk/gtkobject.h:37,
                 from /usr/include/gtk-2.0/gtk/gtkwidget.h:36,
                 from /usr/include/gtk-2.0/gtk/gtkcontainer.h:35,
                 from /usr/include/gtk-2.0/gtk/gtkbin.h:35,
                 from /usr/include/gtk-2.0/gtk/gtkwindow.h:36,
                 from /usr/include/gtk-2.0/gtk/gtkdialog.h:35,
                 from /usr/include/gtk-2.0/gtk/gtkaboutdialog.h:32,
                 from /usr/include/gtk-2.0/gtk/gtk.h:33,
                 from gtklocdefs.h:31,
                 from glib-ext.h:29,
                 from bearoff.c:39:
/usr/include/gtk-2.0/gtk/gtktypeutils.h:236:1: warning: ‘GTypeDebugFlags’ is deprecated [-Wdeprecated-declarations]
  236 | void            gtk_type_init   (GTypeDebugFlags    debug_flags);
      | ^~~~
In file included from /usr/include/glib-2.0/gobject/gobject.h:24,
                 from /usr/include/glib-2.0/gobject/gbinding.h:29,
                 from /usr/include/glib-2.0/glib-object.h:23,
                 from glib-ext.h:28,
                 from bearoff.c:39:
/usr/include/glib-2.0/gobject/gtype.h:679:1: note: declared here
  679 | {
      | ^
In file included from /usr/include/gtk-2.0/gtk/gtktoolitem.h:31,
                 from /usr/include/gtk-2.0/gtk/gtktoolbutton.h:30,
                 from /usr/include/gtk-2.0/gtk/gtkmenutoolbutton.h:30,
                 from /usr/include/gtk-2.0/gtk/gtk.h:126,
                 from gtklocdefs.h:31,
                 from glib-ext.h:29,
                 from bearoff.c:39:
/usr/include/gtk-2.0/gtk/gtktooltips.h:73:3: warning: ‘GTimeVal’ is deprecated: Use 'GDateTime' instead [-Wdeprecated-declarations]
   73 |   GTimeVal last_popdown;
      |   ^~~~~~~~
In file included from /usr/include/glib-2.0/glib/galloca.h:32,
                 from /usr/include/glib-2.0/glib.h:30,
                 from multithread.h:32,
                 from bearoff.c:23:
/usr/include/glib-2.0/glib/gtypes.h:551:8: note: declared here
  551 | struct _GTimeVal
      |        ^~~~~~~~~
In file included from /usr/include/gtk-2.0/gtk/gtkobject.h:37,
                 from /usr/include/gtk-2.0/gtk/gtkwidget.h:36,
                 from /usr/include/gtk-2.0/gtk/gtkcontainer.h:35,
                 from /usr/include/gtk-2.0/gtk/gtkbin.h:35,
                 from /usr/include/gtk-2.0/gtk/gtkwindow.h:36,
                 from /usr/include/gtk-2.0/gtk/gtkdialog.h:35,
                 from /usr/include/gtk-2.0/gtk/gtkaboutdialog.h:32,
                 from /usr/include/gtk-2.0/gtk/gtk.h:33,
                 from gtklocdefs.h:31,
                 from glib-ext.h:29,
                 from dice.c:50:
/usr/include/gtk-2.0/gtk/gtktypeutils.h:236:1: warning: ‘GTypeDebugFlags’ is deprecated [-Wdeprecated-declarations]
  236 | void            gtk_type_init   (GTypeDebugFlags    debug_flags);
      | ^~~~
In file included from /usr/include/glib-2.0/gobject/gobject.h:24,
                 from /usr/include/glib-2.0/gobject/gbinding.h:29,
                 from /usr/include/glib-2.0/glib-object.h:23,
                 from glib-ext.h:28,
                 from dice.c:50:
/usr/include/glib-2.0/gobject/gtype.h:679:1: note: declared here
  679 | {
      | ^
In file included from /usr/include/gtk-2.0/gtk/gtktoolitem.h:31,
                 from /usr/include/gtk-2.0/gtk/gtktoolbutton.h:30,
                 from /usr/include/gtk-2.0/gtk/gtkmenutoolbutton.h:30,
                 from /usr/include/gtk-2.0/gtk/gtk.h:126,
                 from gtklocdefs.h:31,
                 from glib-ext.h:29,
                 from dice.c:50:
/usr/include/gtk-2.0/gtk/gtktooltips.h:73:3: warning: ‘GTimeVal’ is deprecated: Use 'GDateTime' instead [-Wdeprecated-declarations]
   73 |   GTimeVal last_popdown;
      |   ^~~~~~~~
In file included from /usr/include/glib-2.0/glib/galloca.h:32,
                 from /usr/include/glib-2.0/glib.h:30,
                 from bearoff.h:27,
                 from eval.h:26,
                 from backgammon.h:29,
                 from dice.c:23:
/usr/include/glib-2.0/glib/gtypes.h:551:8: note: declared here
  551 | struct _GTimeVal
      |        ^~~~~~~~~
dice.c: In function ‘RNGSystemSeed’:
dice.c:687:9: warning: ‘GTimeVal’ is deprecated: Use 'GDateTime' instead [-Wdeprecated-declarations]
  687 |         GTimeVal tv;
      |         ^~~~~~~~
In file included from /usr/include/glib-2.0/glib/galloca.h:32,
                 from /usr/include/glib-2.0/glib.h:30,
                 from bearoff.h:27,
                 from eval.h:26,
                 from backgammon.h:29,
                 from dice.c:23:
/usr/include/glib-2.0/glib/gtypes.h:551:8: note: declared here
  551 | struct _GTimeVal
      |        ^~~~~~~~~
dice.c:688:9: warning: ‘g_get_current_time’ is deprecated: Use 'g_get_real_time' instead [-Wdeprecated-declarations]
  688 |         g_get_current_time(&tv);
      |         ^~~~~~~~~~~~~~~~~~
In file included from /usr/include/glib-2.0/glib/giochannel.h:33,
                 from /usr/include/glib-2.0/glib.h:54,
                 from bearoff.h:27,
                 from eval.h:26,
                 from backgammon.h:29,
                 from dice.c:23:
/usr/include/glib-2.0/glib/gmain.h:575:8: note: declared here
  575 | void   g_get_current_time                 (GTimeVal       *result);
      |        ^~~~~~~~~~~~~~~~~~
In file included from /usr/include/gtk-2.0/gtk/gtkobject.h:37,
                 from /usr/include/gtk-2.0/gtk/gtkwidget.h:36,
                 from /usr/include/gtk-2.0/gtk/gtkcontainer.h:35,
                 from /usr/include/gtk-2.0/gtk/gtkbin.h:35,
                 from /usr/include/gtk-2.0/gtk/gtkwindow.h:36,
                 from /usr/include/gtk-2.0/gtk/gtkdialog.h:35,
                 from /usr/include/gtk-2.0/gtk/gtkaboutdialog.h:32,
                 from /usr/include/gtk-2.0/gtk/gtk.h:33,
                 from gtklocdefs.h:31,
                 from glib-ext.h:29,
                 from eval.c:41:
/usr/include/gtk-2.0/gtk/gtktypeutils.h:236:1: warning: ‘GTypeDebugFlags’ is deprecated [-Wdeprecated-declarations]
  236 | void            gtk_type_init   (GTypeDebugFlags    debug_flags);
      | ^~~~
In file included from /usr/include/glib-2.0/gobject/gobject.h:24,
                 from /usr/include/glib-2.0/gobject/gbinding.h:29,
                 from /usr/include/glib-2.0/glib-object.h:23,
                 from glib-ext.h:28,
                 from eval.c:41:
/usr/include/glib-2.0/gobject/gtype.h:679:1: note: declared here
  679 | {
      | ^
In file included from /usr/include/gtk-2.0/gtk/gtktoolitem.h:31,
                 from /usr/include/gtk-2.0/gtk/gtktoolbutton.h:30,
                 from /usr/include/gtk-2.0/gtk/gtkmenutoolbutton.h:30,
                 from /usr/include/gtk-2.0/gtk/gtk.h:126,
                 from gtklocdefs.h:31,
                 from glib-ext.h:29,
                 from eval.c:41:
/usr/include/gtk-2.0/gtk/gtktooltips.h:73:3: warning: ‘GTimeVal’ is deprecated: Use 'GDateTime' instead [-Wdeprecated-declarations]
   73 |   GTimeVal last_popdown;
      |   ^~~~~~~~
In file included from /usr/include/glib-2.0/glib/galloca.h:32,
                 from /usr/include/glib-2.0/glib.h:30,
                 from bearoff.h:27,
                 from eval.h:26,
                 from backgammon.h:29,
                 from eval.c:23:
/usr/include/glib-2.0/glib/gtypes.h:551:8: note: declared here
  551 | struct _GTimeVal
      |        ^~~~~~~~~
In file included from /usr/include/gtk-2.0/gtk/gtkobject.h:37,
                 from /usr/include/gtk-2.0/gtk/gtkwidget.h:36,
                 from /usr/include/gtk-2.0/gtk/gtkcontainer.h:35,
                 from /usr/include/gtk-2.0/gtk/gtkbin.h:35,
                 from /usr/include/gtk-2.0/gtk/gtkwindow.h:36,
                 from /usr/include/gtk-2.0/gtk/gtkdialog.h:35,
                 from /usr/include/gtk-2.0/gtk/gtkaboutdialog.h:32,
                 from /usr/include/gtk-2.0/gtk/gtk.h:33,
                 from gtklocdefs.h:31,
                 from glib-ext.h:29,
                 from eval.c:41,
                 from evallock.c:24:
/usr/include/gtk-2.0/gtk/gtktypeutils.h:236:1: warning: ‘GTypeDebugFlags’ is deprecated [-Wdeprecated-declarations]
  236 | void            gtk_type_init   (GTypeDebugFlags    debug_flags);
      | ^~~~
In file included from /usr/include/glib-2.0/gobject/gobject.h:24,
                 from /usr/include/glib-2.0/gobject/gbinding.h:29,
                 from /usr/include/glib-2.0/glib-object.h:23,
                 from glib-ext.h:28,
                 from eval.c:41,
                 from evallock.c:24:
/usr/include/glib-2.0/gobject/gtype.h:679:1: note: declared here
  679 | {
      | ^
In file included from /usr/include/gtk-2.0/gtk/gtktoolitem.h:31,
                 from /usr/include/gtk-2.0/gtk/gtktoolbutton.h:30,
                 from /usr/include/gtk-2.0/gtk/gtkmenutoolbutton.h:30,
                 from /usr/include/gtk-2.0/gtk/gtk.h:126,
                 from gtklocdefs.h:31,
                 from glib-ext.h:29,
                 from eval.c:41,
                 from evallock.c:24:
/usr/include/gtk-2.0/gtk/gtktooltips.h:73:3: warning: ‘GTimeVal’ is deprecated: Use 'GDateTime' instead [-Wdeprecated-declarations]
   73 |   GTimeVal last_popdown;
      |   ^~~~~~~~
In file included from /usr/include/glib-2.0/glib/galloca.h:32,
                 from /usr/include/glib-2.0/glib.h:30,
                 from bearoff.h:27,
                 from eval.h:26,
                 from backgammon.h:29,
                 from eval.c:23,
                 from evallock.c:24:
/usr/include/glib-2.0/glib/gtypes.h:551:8: note: declared here
  551 | struct _GTimeVal
      |        ^~~~~~~~~
In file included from /usr/include/gtk-2.0/gtk/gtkobject.h:37,
                 from /usr/include/gtk-2.0/gtk/gtkwidget.h:36,
                 from /usr/include/gtk-2.0/gtk/gtkcontainer.h:35,
                 from /usr/include/gtk-2.0/gtk/gtkbin.h:35,
                 from /usr/include/gtk-2.0/gtk/gtkwindow.h:36,
                 from /usr/include/gtk-2.0/gtk/gtkdialog.h:35,
                 from /usr/include/gtk-2.0/gtk/gtkaboutdialog.h:32,
                 from /usr/include/gtk-2.0/gtk/gtk.h:33,
                 from gtklocdefs.h:31,
                 from glib-ext.h:29,
                 from export.c:30:
/usr/include/gtk-2.0/gtk/gtktypeutils.h:236:1: warning: ‘GTypeDebugFlags’ is deprecated [-Wdeprecated-declarations]
  236 | void            gtk_type_init   (GTypeDebugFlags    debug_flags);
      | ^~~~
In file included from /usr/include/glib-2.0/gobject/gobject.h:24,
                 from /usr/include/glib-2.0/gobject/gbinding.h:29,
                 from /usr/include/glib-2.0/glib-object.h:23,
                 from glib-ext.h:28,
                 from export.c:30:
/usr/include/glib-2.0/gobject/gtype.h:679:1: note: declared here
  679 | {
      | ^
In file included from /usr/include/gtk-2.0/gtk/gtktoolitem.h:31,
                 from /usr/include/gtk-2.0/gtk/gtktoolbutton.h:30,
                 from /usr/include/gtk-2.0/gtk/gtkmenutoolbutton.h:30,
                 from /usr/include/gtk-2.0/gtk/gtk.h:126,
                 from gtklocdefs.h:31,
                 from glib-ext.h:29,
                 from export.c:30:
/usr/include/gtk-2.0/gtk/gtktooltips.h:73:3: warning: ‘GTimeVal’ is deprecated: Use 'GDateTime' instead [-Wdeprecated-declarations]
   73 |   GTimeVal last_popdown;
      |   ^~~~~~~~
In file included from /usr/include/glib-2.0/glib/galloca.h:32,
                 from /usr/include/glib-2.0/glib.h:30,
                 from bearoff.h:27,
                 from eval.h:26,
                 from backgammon.h:29,
                 from export.c:23:
/usr/include/glib-2.0/glib/gtypes.h:551:8: note: declared here
  551 | struct _GTimeVal
      |        ^~~~~~~~~
In file included from /usr/include/gtk-2.0/gtk/gtkobject.h:37,
                 from /usr/include/gtk-2.0/gtk/gtkwidget.h:36,
                 from /usr/include/gtk-2.0/gtk/gtkcontainer.h:35,
                 from /usr/include/gtk-2.0/gtk/gtkbin.h:35,
                 from /usr/include/gtk-2.0/gtk/gtkwindow.h:36,
                 from /usr/include/gtk-2.0/gtk/gtkdialog.h:35,
                 from /usr/include/gtk-2.0/gtk/gtkaboutdialog.h:32,
                 from /usr/include/gtk-2.0/gtk/gtk.h:33,
                 from gtklocdefs.h:31,
                 from glib-ext.h:29,
                 from external.c:32:
/usr/include/gtk-2.0/gtk/gtktypeutils.h:236:1: warning: ‘GTypeDebugFlags’ is deprecated [-Wdeprecated-declarations]
  236 | void            gtk_type_init   (GTypeDebugFlags    debug_flags);
      | ^~~~
In file included from /usr/include/glib-2.0/gobject/gobject.h:24,
                 from /usr/include/glib-2.0/gobject/gbinding.h:29,
                 from /usr/include/glib-2.0/glib-object.h:23,
                 from glib-ext.h:28,
                 from external.c:32:
/usr/include/glib-2.0/gobject/gtype.h:679:1: note: declared here
  679 | {
      | ^
In file included from /usr/include/gtk-2.0/gtk/gtktoolitem.h:31,
                 from /usr/include/gtk-2.0/gtk/gtktoolbutton.h:30,
                 from /usr/include/gtk-2.0/gtk/gtkmenutoolbutton.h:30,
                 from /usr/include/gtk-2.0/gtk/gtk.h:126,
                 from gtklocdefs.h:31,
                 from glib-ext.h:29,
                 from external.c:32:
/usr/include/gtk-2.0/gtk/gtktooltips.h:73:3: warning: ‘GTimeVal’ is deprecated: Use 'GDateTime' instead [-Wdeprecated-declarations]
   73 |   GTimeVal last_popdown;
      |   ^~~~~~~~
In file included from /usr/include/glib-2.0/glib/galloca.h:32,
                 from /usr/include/glib-2.0/glib.h:30,
                 from external.c:30:
/usr/include/glib-2.0/glib/gtypes.h:551:8: note: declared here
  551 | struct _GTimeVal
      |        ^~~~~~~~~
In file included from /usr/include/gtk-2.0/gtk/gtkobject.h:37,
                 from /usr/include/gtk-2.0/gtk/gtkwidget.h:36,
                 from /usr/include/gtk-2.0/gtk/gtkcontainer.h:35,
                 from /usr/include/gtk-2.0/gtk/gtkbin.h:35,
                 from /usr/include/gtk-2.0/gtk/gtkwindow.h:36,
                 from /usr/include/gtk-2.0/gtk/gtkdialog.h:35,
                 from /usr/include/gtk-2.0/gtk/gtkaboutdialog.h:32,
                 from /usr/include/gtk-2.0/gtk/gtk.h:33,
                 from gtklocdefs.h:31,
                 from glib-ext.h:29,
                 from external_y.y:77:
/usr/include/gtk-2.0/gtk/gtktypeutils.h:236:1: warning: ‘GTypeDebugFlags’ is deprecated [-Wdeprecated-declarations]
  236 | void            gtk_type_init   (GTypeDebugFlags    debug_flags);
      | ^~~~
In file included from /usr/include/glib-2.0/gobject/gobject.h:24,
                 from /usr/include/glib-2.0/gobject/gbinding.h:29,
                 from /usr/include/glib-2.0/glib-object.h:23,
                 from glib-ext.h:28,
                 from external_y.y:77:
/usr/include/glib-2.0/gobject/gtype.h:679:1: note: declared here
  679 | {
      | ^
In file included from /usr/include/gtk-2.0/gtk/gtktoolitem.h:31,
                 from /usr/include/gtk-2.0/gtk/gtktoolbutton.h:30,
                 from /usr/include/gtk-2.0/gtk/gtkmenutoolbutton.h:30,
                 from /usr/include/gtk-2.0/gtk/gtk.h:126,
                 from gtklocdefs.h:31,
                 from glib-ext.h:29,
                 from external_y.y:77:
/usr/include/gtk-2.0/gtk/gtktooltips.h:73:3: warning: ‘GTimeVal’ is deprecated: Use 'GDateTime' instead [-Wdeprecated-declarations]
   73 |   GTimeVal last_popdown;
      |   ^~~~~~~~
In file included from /usr/include/glib-2.0/glib/galloca.h:32,
                 from /usr/include/glib-2.0/glib.h:30,
                 from glib-ext.h:27,
                 from external_y.y:77:
/usr/include/glib-2.0/glib/gtypes.h:551:8: note: declared here
  551 | struct _GTimeVal
      |        ^~~~~~~~~
In file included from /usr/include/gtk-2.0/gtk/gtkobject.h:37,
                 from /usr/include/gtk-2.0/gtk/gtkwidget.h:36,
                 from /usr/include/gtk-2.0/gtk/gtkcontainer.h:35,
                 from /usr/include/gtk-2.0/gtk/gtkbin.h:35,
                 from /usr/include/gtk-2.0/gtk/gtkwindow.h:36,
                 from /usr/include/gtk-2.0/gtk/gtkdialog.h:35,
                 from /usr/include/gtk-2.0/gtk/gtkaboutdialog.h:32,
                 from /usr/include/gtk-2.0/gtk/gtk.h:33,
                 from gtklocdefs.h:31,
                 from glib-ext.h:29,
                 from file.c:26:
/usr/include/gtk-2.0/gtk/gtktypeutils.h:236:1: warning: ‘GTypeDebugFlags’ is deprecated [-Wdeprecated-declarations]
  236 | void            gtk_type_init   (GTypeDebugFlags    debug_flags);
      | ^~~~
In file included from /usr/include/glib-2.0/gobject/gobject.h:24,
                 from /usr/include/glib-2.0/gobject/gbinding.h:29,
                 from /usr/include/glib-2.0/glib-object.h:23,
                 from glib-ext.h:28,
                 from file.c:26:
/usr/include/glib-2.0/gobject/gtype.h:679:1: note: declared here
  679 | {
      | ^
In file included from /usr/include/gtk-2.0/gtk/gtktoolitem.h:31,
                 from /usr/include/gtk-2.0/gtk/gtktoolbutton.h:30,
                 from /usr/include/gtk-2.0/gtk/gtkmenutoolbutton.h:30,
                 from /usr/include/gtk-2.0/gtk/gtk.h:126,
                 from gtklocdefs.h:31,
                 from glib-ext.h:29,
                 from file.c:26:
/usr/include/gtk-2.0/gtk/gtktooltips.h:73:3: warning: ‘GTimeVal’ is deprecated: Use 'GDateTime' instead [-Wdeprecated-declarations]
   73 |   GTimeVal last_popdown;
      |   ^~~~~~~~
In file included from /usr/include/glib-2.0/glib/galloca.h:32,
                 from /usr/include/glib-2.0/glib.h:30,
                 from bearoff.h:27,
                 from eval.h:26,
                 from backgammon.h:29,
                 from file.c:22:
/usr/include/glib-2.0/glib/gtypes.h:551:8: note: declared here
  551 | struct _GTimeVal
      |        ^~~~~~~~~
In file included from /usr/include/gtk-2.0/gtk/gtkobject.h:37,
                 from /usr/include/gtk-2.0/gtk/gtkwidget.h:36,
                 from /usr/include/gtk-2.0/gtk/gtkcontainer.h:35,
                 from /usr/include/gtk-2.0/gtk/gtkbin.h:35,
                 from /usr/include/gtk-2.0/gtk/gtkwindow.h:36,
                 from /usr/include/gtk-2.0/gtk/gtkdialog.h:35,
                 from /usr/include/gtk-2.0/gtk/gtkaboutdialog.h:32,
                 from /usr/include/gtk-2.0/gtk/gtk.h:33,
                 from gtklocdefs.h:31,
                 from glib-ext.h:29,
                 from glib-ext.c:27:
/usr/include/gtk-2.0/gtk/gtktypeutils.h:236:1: warning: ‘GTypeDebugFlags’ is deprecated [-Wdeprecated-declarations]
  236 | void            gtk_type_init   (GTypeDebugFlags    debug_flags);
      | ^~~~
In file included from /usr/include/glib-2.0/gobject/gobject.h:24,
                 from /usr/include/glib-2.0/gobject/gbinding.h:29,
                 from /usr/include/glib-2.0/glib-object.h:23,
                 from glib-ext.h:28,
                 from glib-ext.c:27:
/usr/include/glib-2.0/gobject/gtype.h:679:1: note: declared here
  679 | {
      | ^
In file included from /usr/include/gtk-2.0/gtk/gtktoolitem.h:31,
                 from /usr/include/gtk-2.0/gtk/gtktoolbutton.h:30,
                 from /usr/include/gtk-2.0/gtk/gtkmenutoolbutton.h:30,
                 from /usr/include/gtk-2.0/gtk/gtk.h:126,
                 from gtklocdefs.h:31,
                 from glib-ext.h:29,
                 from glib-ext.c:27:
/usr/include/gtk-2.0/gtk/gtktooltips.h:73:3: warning: ‘GTimeVal’ is deprecated: Use 'GDateTime' instead [-Wdeprecated-declarations]
   73 |   GTimeVal last_popdown;
      |   ^~~~~~~~
In file included from /usr/include/glib-2.0/glib/galloca.h:32,
                 from /usr/include/glib-2.0/glib.h:30,
                 from glib-ext.h:27,
                 from glib-ext.c:27:
/usr/include/glib-2.0/glib/gtypes.h:551:8: note: declared here
  551 | struct _GTimeVal
      |        ^~~~~~~~~
In file included from /usr/include/gtk-2.0/gtk/gtkobject.h:37,
                 from /usr/include/gtk-2.0/gtk/gtkwidget.h:36,
                 from /usr/include/gtk-2.0/gtk/gtkcontainer.h:35,
                 from /usr/include/gtk-2.0/gtk/gtkbin.h:35,
                 from /usr/include/gtk-2.0/gtk/gtkwindow.h:36,
                 from /usr/include/gtk-2.0/gtk/gtkdialog.h:35,
                 from /usr/include/gtk-2.0/gtk/gtkaboutdialog.h:32,
                 from /usr/include/gtk-2.0/gtk/gtk.h:33,
                 from gtklocdefs.h:31,
                 from glib-ext.h:29,
                 from gnubg.c:25:
/usr/include/gtk-2.0/gtk/gtktypeutils.h:236:1: warning: ‘GTypeDebugFlags’ is deprecated [-Wdeprecated-declarations]
  236 | void            gtk_type_init   (GTypeDebugFlags    debug_flags);
      | ^~~~
In file included from /usr/include/glib-2.0/gobject/gobject.h:24,
                 from /usr/include/glib-2.0/gobject/gbinding.h:29,
                 from /usr/include/glib-2.0/glib-object.h:23,
                 from glib-ext.h:28,
                 from gnubg.c:25:
/usr/include/glib-2.0/gobject/gtype.h:679:1: note: declared here
  679 | {
      | ^
In file included from /usr/include/gtk-2.0/gtk/gtktoolitem.h:31,
                 from /usr/include/gtk-2.0/gtk/gtktoolbutton.h:30,
                 from /usr/include/gtk-2.0/gtk/gtkmenutoolbutton.h:30,
                 from /usr/include/gtk-2.0/gtk/gtk.h:126,
                 from gtklocdefs.h:31,
                 from glib-ext.h:29,
                 from gnubg.c:25:
/usr/include/gtk-2.0/gtk/gtktooltips.h:73:3: warning: ‘GTimeVal’ is deprecated: Use 'GDateTime' instead [-Wdeprecated-declarations]
   73 |   GTimeVal last_popdown;
      |   ^~~~~~~~
In file included from /usr/include/glib-2.0/glib/galloca.h:32,
                 from /usr/include/glib-2.0/glib.h:30,
                 from gnubgmodule.h:39,
                 from gnubg.c:24:
/usr/include/glib-2.0/glib/gtypes.h:551:8: note: declared here
  551 | struct _GTimeVal
      |        ^~~~~~~~~
gnubg.c:3921:1: warning: ‘GTimeVal’ is deprecated: Use 'GDateTime' instead [-Wdeprecated-declarations]
 3921 | static GTimeVal tvProgress;
      | ^~~~~~
In file included from /usr/include/glib-2.0/glib/galloca.h:32,
                 from /usr/include/glib-2.0/glib.h:30,
                 from gnubgmodule.h:39,
                 from gnubg.c:24:
/usr/include/glib-2.0/glib/gtypes.h:551:8: note: declared here
  551 | struct _GTimeVal
      |        ^~~~~~~~~
gnubg.c: In function ‘ProgressThrottle’:
gnubg.c:3926:5: warning: ‘GTimeVal’ is deprecated: Use 'GDateTime' instead [-Wdeprecated-declarations]
 3926 |     GTimeVal tv, tvDiff;
      |     ^~~~~~~~
In file included from /usr/include/glib-2.0/glib/galloca.h:32,
                 from /usr/include/glib-2.0/glib.h:30,
                 from gnubgmodule.h:39,
                 from gnubg.c:24:
/usr/include/glib-2.0/glib/gtypes.h:551:8: note: declared here
  551 | struct _GTimeVal
      |        ^~~~~~~~~
gnubg.c:3926:5: warning: ‘GTimeVal’ is deprecated: Use 'GDateTime' instead [-Wdeprecated-declarations]
 3926 |     GTimeVal tv, tvDiff;
      |     ^~~~~~~~
In file included from /usr/include/glib-2.0/glib/galloca.h:32,
                 from /usr/include/glib-2.0/glib.h:30,
                 from gnubgmodule.h:39,
                 from gnubg.c:24:
/usr/include/glib-2.0/glib/gtypes.h:551:8: note: declared here
  551 | struct _GTimeVal
      |        ^~~~~~~~~
gnubg.c:3927:5: warning: ‘g_get_current_time’ is deprecated: Use 'g_get_real_time' instead [-Wdeprecated-declarations]
 3927 |     g_get_current_time(&tv);
      |     ^~~~~~~~~~~~~~~~~~
In file included from /usr/include/glib-2.0/glib/giochannel.h:33,
                 from /usr/include/glib-2.0/glib.h:54,
                 from gnubgmodule.h:39,
                 from gnubg.c:24:
/usr/include/glib-2.0/glib/gmain.h:575:8: note: declared here
  575 | void   g_get_current_time                 (GTimeVal       *result);
      |        ^~~~~~~~~~~~~~~~~~
In file included from /usr/include/gtk-2.0/gtk/gtkobject.h:37,
                 from /usr/include/gtk-2.0/gtk/gtkwidget.h:36,
                 from /usr/include/gtk-2.0/gtk/gtkcontainer.h:35,
                 from /usr/include/gtk-2.0/gtk/gtkbin.h:35,
                 from /usr/include/gtk-2.0/gtk/gtkwindow.h:36,
                 from /usr/include/gtk-2.0/gtk/gtkdialog.h:35,
                 from /usr/include/gtk-2.0/gtk/gtkaboutdialog.h:32,
                 from /usr/include/gtk-2.0/gtk/gtk.h:33,
                 from gtkgame.h:25,
                 from gnubgmodule.c:43:
/usr/include/gtk-2.0/gtk/gtktypeutils.h:236:1: warning: ‘GTypeDebugFlags’ is deprecated [-Wdeprecated-declarations]
  236 | void            gtk_type_init   (GTypeDebugFlags    debug_flags);
      | ^~~~
In file included from /usr/include/glib-2.0/gobject/gobject.h:24,
                 from /usr/include/glib-2.0/gobject/gbinding.h:29,
                 from /usr/include/glib-2.0/glib-object.h:23,
                 from external.h:26,
                 from drawboard.h:26,
                 from gnubgmodule.c:33:
/usr/include/glib-2.0/gobject/gtype.h:679:1: note: declared here
  679 | {
      | ^
In file included from /usr/include/gtk-2.0/gtk/gtktoolitem.h:31,
                 from /usr/include/gtk-2.0/gtk/gtktoolbutton.h:30,
                 from /usr/include/gtk-2.0/gtk/gtkmenutoolbutton.h:30,
                 from /usr/include/gtk-2.0/gtk/gtk.h:126,
                 from gtkgame.h:25,
                 from gnubgmodule.c:43:
/usr/include/gtk-2.0/gtk/gtktooltips.h:73:3: warning: ‘GTimeVal’ is deprecated: Use 'GDateTime' instead [-Wdeprecated-declarations]
   73 |   GTimeVal last_popdown;
      |   ^~~~~~~~
In file included from /usr/include/glib-2.0/glib/galloca.h:32,
                 from /usr/include/glib-2.0/glib.h:30,
                 from gnubgmodule.h:39,
                 from gnubgmodule.c:25:
/usr/include/glib-2.0/glib/gtypes.h:551:8: note: declared here
  551 | struct _GTimeVal
      |        ^~~~~~~~~
In file included from /usr/include/gtk-2.0/gtk/gtkobject.h:37,
                 from /usr/include/gtk-2.0/gtk/gtkwidget.h:36,
                 from /usr/include/gtk-2.0/gtk/gtkcontainer.h:35,
                 from /usr/include/gtk-2.0/gtk/gtkbin.h:35,
                 from /usr/include/gtk-2.0/gtk/gtkwindow.h:36,
                 from /usr/include/gtk-2.0/gtk/gtkdialog.h:35,
                 from /usr/include/gtk-2.0/gtk/gtkaboutdialog.h:32,
                 from /usr/include/gtk-2.0/gtk/gtk.h:33,
                 from gtklocdefs.h:31,
                 from glib-ext.h:29,
                 from html.c:43:
/usr/include/gtk-2.0/gtk/gtktypeutils.h:236:1: warning: ‘GTypeDebugFlags’ is deprecated [-Wdeprecated-declarations]
  236 | void            gtk_type_init   (GTypeDebugFlags    debug_flags);
      | ^~~~
In file included from /usr/include/glib-2.0/gobject/gobject.h:24,
                 from /usr/include/glib-2.0/gobject/gbinding.h:29,
                 from /usr/include/glib-2.0/glib-object.h:23,
                 from external.h:26,
                 from drawboard.h:26,
                 from html.c:32:
/usr/include/glib-2.0/gobject/gtype.h:679:1: note: declared here
  679 | {
      | ^
In file included from /usr/include/gtk-2.0/gtk/gtktoolitem.h:31,
                 from /usr/include/gtk-2.0/gtk/gtktoolbutton.h:30,
                 from /usr/include/gtk-2.0/gtk/gtkmenutoolbutton.h:30,
                 from /usr/include/gtk-2.0/gtk/gtk.h:126,
                 from gtklocdefs.h:31,
                 from glib-ext.h:29,
                 from html.c:43:
/usr/include/gtk-2.0/gtk/gtktooltips.h:73:3: warning: ‘GTimeVal’ is deprecated: Use 'GDateTime' instead [-Wdeprecated-declarations]
   73 |   GTimeVal last_popdown;
      |   ^~~~~~~~
In file included from /usr/include/glib-2.0/glib/galloca.h:32,
                 from /usr/include/glib-2.0/glib.h:30,
                 from bearoff.h:27,
                 from eval.h:26,
                 from backgammon.h:29,
                 from html.c:31:
/usr/include/glib-2.0/glib/gtypes.h:551:8: note: declared here
  551 | struct _GTimeVal
      |        ^~~~~~~~~
In file included from /usr/include/gtk-2.0/gtk/gtkobject.h:37,
                 from /usr/include/gtk-2.0/gtk/gtkwidget.h:36,
                 from /usr/include/gtk-2.0/gtk/gtkcontainer.h:35,
                 from /usr/include/gtk-2.0/gtk/gtkbin.h:35,
                 from /usr/include/gtk-2.0/gtk/gtkwindow.h:36,
                 from /usr/include/gtk-2.0/gtk/gtkdialog.h:35,
                 from /usr/include/gtk-2.0/gtk/gtkaboutdialog.h:32,
                 from /usr/include/gtk-2.0/gtk/gtk.h:33,
                 from gtklocdefs.h:31,
                 from glib-ext.h:29,
                 from import.c:32:
/usr/include/gtk-2.0/gtk/gtktypeutils.h:236:1: warning: ‘GTypeDebugFlags’ is deprecated [-Wdeprecated-declarations]
  236 | void            gtk_type_init   (GTypeDebugFlags    debug_flags);
      | ^~~~
In file included from /usr/include/glib-2.0/gobject/gobject.h:24,
                 from /usr/include/glib-2.0/gobject/gbinding.h:29,
                 from /usr/include/glib-2.0/glib-object.h:23,
                 from glib-ext.h:28,
                 from import.c:32:
/usr/include/glib-2.0/gobject/gtype.h:679:1: note: declared here
  679 | {
      | ^
In file included from /usr/include/gtk-2.0/gtk/gtktoolitem.h:31,
                 from /usr/include/gtk-2.0/gtk/gtktoolbutton.h:30,
                 from /usr/include/gtk-2.0/gtk/gtkmenutoolbutton.h:30,
                 from /usr/include/gtk-2.0/gtk/gtk.h:126,
                 from gtklocdefs.h:31,
                 from glib-ext.h:29,
                 from import.c:32:
/usr/include/gtk-2.0/gtk/gtktooltips.h:73:3: warning: ‘GTimeVal’ is deprecated: Use 'GDateTime' instead [-Wdeprecated-declarations]
   73 |   GTimeVal last_popdown;
      |   ^~~~~~~~
In file included from /usr/include/glib-2.0/glib/galloca.h:32,
                 from /usr/include/glib-2.0/glib.h:30,
                 from import.c:29:
/usr/include/glib-2.0/glib/gtypes.h:551:8: note: declared here
  551 | struct _GTimeVal
      |        ^~~~~~~~~
In file included from /usr/include/gtk-2.0/gtk/gtkobject.h:37,
                 from /usr/include/gtk-2.0/gtk/gtkwidget.h:36,
                 from /usr/include/gtk-2.0/gtk/gtkcontainer.h:35,
                 from /usr/include/gtk-2.0/gtk/gtkbin.h:35,
                 from /usr/include/gtk-2.0/gtk/gtkwindow.h:36,
                 from /usr/include/gtk-2.0/gtk/gtkdialog.h:35,
                 from /usr/include/gtk-2.0/gtk/gtkaboutdialog.h:32,
                 from /usr/include/gtk-2.0/gtk/gtk.h:33,
                 from gtklocdefs.h:31,
                 from glib-ext.h:29,
                 from latex.c:33:
/usr/include/gtk-2.0/gtk/gtktypeutils.h:236:1: warning: ‘GTypeDebugFlags’ is deprecated [-Wdeprecated-declarations]
  236 | void            gtk_type_init   (GTypeDebugFlags    debug_flags);
      | ^~~~
In file included from /usr/include/glib-2.0/gobject/gobject.h:24,
                 from /usr/include/glib-2.0/gobject/gbinding.h:29,
                 from /usr/include/glib-2.0/glib-object.h:23,
                 from external.h:26,
                 from drawboard.h:26,
                 from latex.c:29:
/usr/include/glib-2.0/gobject/gtype.h:679:1: note: declared here
  679 | {
      | ^
In file included from /usr/include/gtk-2.0/gtk/gtktoolitem.h:31,
                 from /usr/include/gtk-2.0/gtk/gtktoolbutton.h:30,
                 from /usr/include/gtk-2.0/gtk/gtkmenutoolbutton.h:30,
                 from /usr/include/gtk-2.0/gtk/gtk.h:126,
                 from gtklocdefs.h:31,
                 from glib-ext.h:29,
                 from latex.c:33:
/usr/include/gtk-2.0/gtk/gtktooltips.h:73:3: warning: ‘GTimeVal’ is deprecated: Use 'GDateTime' instead [-Wdeprecated-declarations]
   73 |   GTimeVal last_popdown;
      |   ^~~~~~~~
In file included from /usr/include/glib-2.0/glib/galloca.h:32,
                 from /usr/include/glib-2.0/glib.h:30,
                 from bearoff.h:27,
                 from eval.h:26,
                 from backgammon.h:29,
                 from latex.c:28:
/usr/include/glib-2.0/glib/gtypes.h:551:8: note: declared here
  551 | struct _GTimeVal
      |        ^~~~~~~~~
In file included from /usr/include/gtk-2.0/gtk/gtkobject.h:37,
                 from /usr/include/gtk-2.0/gtk/gtkwidget.h:36,
                 from /usr/include/gtk-2.0/gtk/gtkcontainer.h:35,
                 from /usr/include/gtk-2.0/gtk/gtkbin.h:35,
                 from /usr/include/gtk-2.0/gtk/gtkwindow.h:36,
                 from /usr/include/gtk-2.0/gtk/gtkdialog.h:35,
                 from /usr/include/gtk-2.0/gtk/gtkaboutdialog.h:32,
                 from /usr/include/gtk-2.0/gtk/gtk.h:33,
                 from ./gtkgame.h:25,
                 from multithread.c:35:
/usr/include/gtk-2.0/gtk/gtktypeutils.h:236:1: warning: ‘GTypeDebugFlags’ is deprecated [-Wdeprecated-declarations]
  236 | void            gtk_type_init   (GTypeDebugFlags    debug_flags);
      | ^~~~
In file included from /usr/include/glib-2.0/gobject/gobject.h:24,
                 from /usr/include/glib-2.0/gobject/gbinding.h:29,
                 from /usr/include/glib-2.0/glib-object.h:23,
                 from /usr/include/glib-2.0/gio/gioenums.h:28,
                 from /usr/include/glib-2.0/gio/giotypes.h:28,
                 from /usr/include/glib-2.0/gio/gio.h:26,
                 from /usr/include/gtk-2.0/gdk/gdkapplaunchcontext.h:30,
                 from /usr/include/gtk-2.0/gdk/gdk.h:32,
                 from /usr/include/gtk-2.0/gtk/gtk.h:32,
                 from ./gtkgame.h:25,
                 from multithread.c:35:
/usr/include/glib-2.0/gobject/gtype.h:679:1: note: declared here
  679 | {
      | ^
In file included from /usr/include/gtk-2.0/gtk/gtktoolitem.h:31,
                 from /usr/include/gtk-2.0/gtk/gtktoolbutton.h:30,
                 from /usr/include/gtk-2.0/gtk/gtkmenutoolbutton.h:30,
                 from /usr/include/gtk-2.0/gtk/gtk.h:126,
                 from ./gtkgame.h:25,
                 from multithread.c:35:
/usr/include/gtk-2.0/gtk/gtktooltips.h:73:3: warning: ‘GTimeVal’ is deprecated: Use 'GDateTime' instead [-Wdeprecated-declarations]
   73 |   GTimeVal last_popdown;
      |   ^~~~~~~~
In file included from /usr/include/glib-2.0/glib/galloca.h:32,
                 from /usr/include/glib-2.0/glib.h:30,
                 from multithread.c:33:
/usr/include/glib-2.0/glib/gtypes.h:551:8: note: declared here
  551 | struct _GTimeVal
      |        ^~~~~~~~~
In file included from /usr/include/gtk-2.0/gtk/gtkobject.h:37,
                 from /usr/include/gtk-2.0/gtk/gtkwidget.h:36,
                 from /usr/include/gtk-2.0/gtk/gtkcontainer.h:35,
                 from /usr/include/gtk-2.0/gtk/gtkbin.h:35,
                 from /usr/include/gtk-2.0/gtk/gtkwindow.h:36,
                 from /usr/include/gtk-2.0/gtk/gtkdialog.h:35,
                 from /usr/include/gtk-2.0/gtk/gtkaboutdialog.h:32,
                 from /usr/include/gtk-2.0/gtk/gtk.h:33,
                 from gtkgame.h:25,
                 from output.c:47:
/usr/include/gtk-2.0/gtk/gtktypeutils.h:236:1: warning: ‘GTypeDebugFlags’ is deprecated [-Wdeprecated-declarations]
  236 | void            gtk_type_init   (GTypeDebugFlags    debug_flags);
      | ^~~~
In file included from /usr/include/glib-2.0/gobject/gobject.h:24,
                 from /usr/include/glib-2.0/gobject/gbinding.h:29,
                 from /usr/include/glib-2.0/glib-object.h:23,
                 from /usr/include/glib-2.0/gio/gioenums.h:28,
                 from /usr/include/glib-2.0/gio/giotypes.h:28,
                 from /usr/include/glib-2.0/gio/gio.h:26,
                 from /usr/include/gtk-2.0/gdk/gdkapplaunchcontext.h:30,
                 from /usr/include/gtk-2.0/gdk/gdk.h:32,
                 from /usr/include/gtk-2.0/gtk/gtk.h:32,
                 from gtkgame.h:25,
                 from output.c:47:
/usr/include/glib-2.0/gobject/gtype.h:679:1: note: declared here
  679 | {
      | ^
In file included from /usr/include/gtk-2.0/gtk/gtktoolitem.h:31,
                 from /usr/include/gtk-2.0/gtk/gtktoolbutton.h:30,
                 from /usr/include/gtk-2.0/gtk/gtkmenutoolbutton.h:30,
                 from /usr/include/gtk-2.0/gtk/gtk.h:126,
                 from gtkgame.h:25,
                 from output.c:47:
/usr/include/gtk-2.0/gtk/gtktooltips.h:73:3: warning: ‘GTimeVal’ is deprecated: Use 'GDateTime' instead [-Wdeprecated-declarations]
   73 |   GTimeVal last_popdown;
      |   ^~~~~~~~
In file included from /usr/include/glib-2.0/glib/galloca.h:32,
                 from /usr/include/glib-2.0/glib.h:30,
                 from bearoff.h:27,
                 from eval.h:26,
                 from backgammon.h:29,
                 from output.c:24:
/usr/include/glib-2.0/glib/gtypes.h:551:8: note: declared here
  551 | struct _GTimeVal
      |        ^~~~~~~~~
In file included from /usr/include/gtk-2.0/gtk/gtkobject.h:37,
                 from /usr/include/gtk-2.0/gtk/gtkwidget.h:36,
                 from /usr/include/gtk-2.0/gtk/gtkcontainer.h:35,
                 from /usr/include/gtk-2.0/gtk/gtkbin.h:35,
                 from /usr/include/gtk-2.0/gtk/gtkwindow.h:36,
                 from /usr/include/gtk-2.0/gtk/gtkdialog.h:35,
                 from /usr/include/gtk-2.0/gtk/gtkaboutdialog.h:32,
                 from /usr/include/gtk-2.0/gtk/gtk.h:33,
                 from gtkboard.h:26,
                 from play.c:44:
/usr/include/gtk-2.0/gtk/gtktypeutils.h:236:1: warning: ‘GTypeDebugFlags’ is deprecated [-Wdeprecated-declarations]
  236 | void            gtk_type_init   (GTypeDebugFlags    debug_flags);
      | ^~~~
In file included from /usr/include/glib-2.0/gobject/gobject.h:24,
                 from /usr/include/glib-2.0/gobject/gbinding.h:29,
                 from /usr/include/glib-2.0/glib-object.h:23,
                 from external.h:26,
                 from drawboard.h:26,
                 from play.c:32:
/usr/include/glib-2.0/gobject/gtype.h:679:1: note: declared here
  679 | {
      | ^
In file included from /usr/include/gtk-2.0/gtk/gtktoolitem.h:31,
                 from /usr/include/gtk-2.0/gtk/gtktoolbutton.h:30,
                 from /usr/include/gtk-2.0/gtk/gtkmenutoolbutton.h:30,
                 from /usr/include/gtk-2.0/gtk/gtk.h:126,
                 from gtkboard.h:26,
                 from play.c:44:
/usr/include/gtk-2.0/gtk/gtktooltips.h:73:3: warning: ‘GTimeVal’ is deprecated: Use 'GDateTime' instead [-Wdeprecated-declarations]
   73 |   GTimeVal last_popdown;
      |   ^~~~~~~~
In file included from /usr/include/glib-2.0/glib/galloca.h:32,
                 from /usr/include/glib-2.0/glib.h:30,
                 from play.c:24:
/usr/include/glib-2.0/glib/gtypes.h:551:8: note: declared here
  551 | struct _GTimeVal
      |        ^~~~~~~~~
In file included from /usr/include/gtk-2.0/gtk/gtkobject.h:37,
                 from /usr/include/gtk-2.0/gtk/gtkwidget.h:36,
                 from /usr/include/gtk-2.0/gtk/gtkcontainer.h:35,
                 from /usr/include/gtk-2.0/gtk/gtkbin.h:35,
                 from /usr/include/gtk-2.0/gtk/gtkwindow.h:36,
                 from /usr/include/gtk-2.0/gtk/gtkdialog.h:35,
                 from /usr/include/gtk-2.0/gtk/gtkaboutdialog.h:32,
                 from /usr/include/gtk-2.0/gtk/gtk.h:33,
                 from gtkgame.h:25,
                 from progress.c:38:
/usr/include/gtk-2.0/gtk/gtktypeutils.h:236:1: warning: ‘GTypeDebugFlags’ is deprecated [-Wdeprecated-declarations]
  236 | void            gtk_type_init   (GTypeDebugFlags    debug_flags);
      | ^~~~
In file included from /usr/include/glib-2.0/gobject/gobject.h:24,
                 from /usr/include/glib-2.0/gobject/gbinding.h:29,
                 from /usr/include/glib-2.0/glib-object.h:23,
                 from /usr/include/glib-2.0/gio/gioenums.h:28,
                 from /usr/include/glib-2.0/gio/giotypes.h:28,
                 from /usr/include/glib-2.0/gio/gio.h:26,
                 from /usr/include/gtk-2.0/gdk/gdkapplaunchcontext.h:30,
                 from /usr/include/gtk-2.0/gdk/gdk.h:32,
                 from /usr/include/gtk-2.0/gtk/gtk.h:32,
                 from gtkgame.h:25,
                 from progress.c:38:
/usr/include/glib-2.0/gobject/gtype.h:679:1: note: declared here
  679 | {
      | ^
In file included from /usr/include/gtk-2.0/gtk/gtktoolitem.h:31,
                 from /usr/include/gtk-2.0/gtk/gtktoolbutton.h:30,
                 from /usr/include/gtk-2.0/gtk/gtkmenutoolbutton.h:30,
                 from /usr/include/gtk-2.0/gtk/gtk.h:126,
                 from gtkgame.h:25,
                 from progress.c:38:
/usr/include/gtk-2.0/gtk/gtktooltips.h:73:3: warning: ‘GTimeVal’ is deprecated: Use 'GDateTime' instead [-Wdeprecated-declarations]
   73 |   GTimeVal last_popdown;
      |   ^~~~~~~~
In file included from /usr/include/glib-2.0/glib/galloca.h:32,
                 from /usr/include/glib-2.0/glib.h:30,
                 from progress.c:27:
/usr/include/glib-2.0/glib/gtypes.h:551:8: note: declared here
  551 | struct _GTimeVal
      |        ^~~~~~~~~
In file included from /usr/include/gtk-2.0/gtk/gtkobject.h:37,
                 from /usr/include/gtk-2.0/gtk/gtkwidget.h:36,
                 from /usr/include/gtk-2.0/gtk/gtkcontainer.h:35,
                 from /usr/include/gtk-2.0/gtk/gtkbin.h:35,
                 from /usr/include/gtk-2.0/gtk/gtkwindow.h:36,
                 from /usr/include/gtk-2.0/gtk/gtkdialog.h:35,
                 from /usr/include/gtk-2.0/gtk/gtkaboutdialog.h:32,
                 from /usr/include/gtk-2.0/gtk/gtk.h:33,
                 from gtkrelational.h:24,
                 from relational.c:25:
/usr/include/gtk-2.0/gtk/gtktypeutils.h:236:1: warning: ‘GTypeDebugFlags’ is deprecated [-Wdeprecated-declarations]
  236 | void            gtk_type_init   (GTypeDebugFlags    debug_flags);
      | ^~~~
In file included from /usr/include/glib-2.0/gobject/gobject.h:24,
                 from /usr/include/glib-2.0/gobject/gbinding.h:29,
                 from /usr/include/glib-2.0/glib-object.h:23,
                 from /usr/include/glib-2.0/gio/gioenums.h:28,
                 from /usr/include/glib-2.0/gio/giotypes.h:28,
                 from /usr/include/glib-2.0/gio/gio.h:26,
                 from /usr/include/gtk-2.0/gdk/gdkapplaunchcontext.h:30,
                 from /usr/include/gtk-2.0/gdk/gdk.h:32,
                 from /usr/include/gtk-2.0/gtk/gtk.h:32,
                 from gtkrelational.h:24,
                 from relational.c:25:
/usr/include/glib-2.0/gobject/gtype.h:679:1: note: declared here
  679 | {
      | ^
In file included from /usr/include/gtk-2.0/gtk/gtktoolitem.h:31,
                 from /usr/include/gtk-2.0/gtk/gtktoolbutton.h:30,
                 from /usr/include/gtk-2.0/gtk/gtkmenutoolbutton.h:30,
                 from /usr/include/gtk-2.0/gtk/gtk.h:126,
                 from gtkrelational.h:24,
                 from relational.c:25:
/usr/include/gtk-2.0/gtk/gtktooltips.h:73:3: warning: ‘GTimeVal’ is deprecated: Use 'GDateTime' instead [-Wdeprecated-declarations]
   73 |   GTimeVal last_popdown;
      |   ^~~~~~~~
In file included from /usr/include/glib-2.0/glib/galloca.h:32,
                 from /usr/include/glib-2.0/glib.h:30,
                 from dbprovider.h:22,
                 from relational.h:28,
                 from gtkrelational.h:22,
                 from relational.c:25:
/usr/include/glib-2.0/glib/gtypes.h:551:8: note: declared here
  551 | struct _GTimeVal
      |        ^~~~~~~~~
In file included from /usr/include/gtk-2.0/gtk/gtkobject.h:37,
                 from /usr/include/gtk-2.0/gtk/gtkwidget.h:36,
                 from /usr/include/gtk-2.0/gtk/gtkcontainer.h:35,
                 from /usr/include/gtk-2.0/gtk/gtkbin.h:35,
                 from /usr/include/gtk-2.0/gtk/gtkwindow.h:36,
                 from /usr/include/gtk-2.0/gtk/gtkdialog.h:35,
                 from /usr/include/gtk-2.0/gtk/gtkaboutdialog.h:32,
                 from /usr/include/gtk-2.0/gtk/gtk.h:33,
                 from render.c:45:
/usr/include/gtk-2.0/gtk/gtktypeutils.h:236:1: warning: ‘GTypeDebugFlags’ is deprecated [-Wdeprecated-declarations]
  236 | void            gtk_type_init   (GTypeDebugFlags    debug_flags);
      | ^~~~
In file included from /usr/include/glib-2.0/gobject/gobject.h:24,
                 from /usr/include/glib-2.0/gobject/gbinding.h:29,
                 from /usr/include/glib-2.0/glib-object.h:23,
                 from /usr/include/glib-2.0/gio/gioenums.h:28,
                 from /usr/include/glib-2.0/gio/giotypes.h:28,
                 from /usr/include/glib-2.0/gio/gio.h:26,
                 from /usr/include/gtk-2.0/gdk/gdkapplaunchcontext.h:30,
                 from /usr/include/gtk-2.0/gdk/gdk.h:32,
                 from /usr/include/gtk-2.0/gtk/gtk.h:32,
                 from render.c:45:
/usr/include/glib-2.0/gobject/gtype.h:679:1: note: declared here
  679 | {
      | ^
In file included from /usr/include/gtk-2.0/gtk/gtktoolitem.h:31,
                 from /usr/include/gtk-2.0/gtk/gtktoolbutton.h:30,
                 from /usr/include/gtk-2.0/gtk/gtkmenutoolbutton.h:30,
                 from /usr/include/gtk-2.0/gtk/gtk.h:126,
                 from render.c:45:
/usr/include/gtk-2.0/gtk/gtktooltips.h:73:3: warning: ‘GTimeVal’ is deprecated: Use 'GDateTime' instead [-Wdeprecated-declarations]
   73 |   GTimeVal last_popdown;
      |   ^~~~~~~~
In file included from /usr/include/glib-2.0/glib/galloca.h:32,
                 from /usr/include/glib-2.0/glib.h:30,
                 from render.c:25:
/usr/include/glib-2.0/glib/gtypes.h:551:8: note: declared here
  551 | struct _GTimeVal
      |        ^~~~~~~~~
In file included from /usr/include/gtk-2.0/gtk/gtkobject.h:37,
                 from /usr/include/gtk-2.0/gtk/gtkwidget.h:36,
                 from /usr/include/gtk-2.0/gtk/gtkcontainer.h:35,
                 from /usr/include/gtk-2.0/gtk/gtkbin.h:35,
                 from /usr/include/gtk-2.0/gtk/gtkwindow.h:36,
                 from /usr/include/gtk-2.0/gtk/gtkdialog.h:35,
                 from /usr/include/gtk-2.0/gtk/gtkaboutdialog.h:32,
                 from /usr/include/gtk-2.0/gtk/gtk.h:33,
                 from gtkboard.h:26,
                 from renderprefs.c:33:
/usr/include/gtk-2.0/gtk/gtktypeutils.h:236:1: warning: ‘GTypeDebugFlags’ is deprecated [-Wdeprecated-declarations]
  236 | void            gtk_type_init   (GTypeDebugFlags    debug_flags);
      | ^~~~
In file included from /usr/include/glib-2.0/gobject/gobject.h:24,
                 from /usr/include/glib-2.0/gobject/gbinding.h:29,
                 from /usr/include/glib-2.0/glib-object.h:23,
                 from /usr/include/glib-2.0/gio/gioenums.h:28,
                 from /usr/include/glib-2.0/gio/giotypes.h:28,
                 from /usr/include/glib-2.0/gio/gio.h:26,
                 from /usr/include/gtk-2.0/gdk/gdkapplaunchcontext.h:30,
                 from /usr/include/gtk-2.0/gdk/gdk.h:32,
                 from /usr/include/gtk-2.0/gtk/gtk.h:32,
                 from gtkboard.h:26,
                 from renderprefs.c:33:
/usr/include/glib-2.0/gobject/gtype.h:679:1: note: declared here
  679 | {
      | ^
In file included from /usr/include/gtk-2.0/gtk/gtktoolitem.h:31,
                 from /usr/include/gtk-2.0/gtk/gtktoolbutton.h:30,
                 from /usr/include/gtk-2.0/gtk/gtkmenutoolbutton.h:30,
                 from /usr/include/gtk-2.0/gtk/gtk.h:126,
                 from gtkboard.h:26,
                 from renderprefs.c:33:
/usr/include/gtk-2.0/gtk/gtktooltips.h:73:3: warning: ‘GTimeVal’ is deprecated: Use 'GDateTime' instead [-Wdeprecated-declarations]
   73 |   GTimeVal last_popdown;
      |   ^~~~~~~~
In file included from /usr/include/glib-2.0/glib/galloca.h:32,
                 from /usr/include/glib-2.0/glib.h:30,
                 from bearoff.h:27,
                 from eval.h:26,
                 from backgammon.h:29,
                 from renderprefs.c:23:
/usr/include/glib-2.0/glib/gtypes.h:551:8: note: declared here
  551 | struct _GTimeVal
      |        ^~~~~~~~~
In file included from /usr/include/gtk-2.0/gtk/gtkobject.h:37,
                 from /usr/include/gtk-2.0/gtk/gtkwidget.h:36,
                 from /usr/include/gtk-2.0/gtk/gtkcontainer.h:35,
                 from /usr/include/gtk-2.0/gtk/gtkbin.h:35,
                 from /usr/include/gtk-2.0/gtk/gtkwindow.h:36,
                 from /usr/include/gtk-2.0/gtk/gtkdialog.h:35,
                 from /usr/include/gtk-2.0/gtk/gtkaboutdialog.h:32,
                 from /usr/include/gtk-2.0/gtk/gtk.h:33,
                 from gtklocdefs.h:31,
                 from glib-ext.h:29,
                 from rollout.c:33:
/usr/include/gtk-2.0/gtk/gtktypeutils.h:236:1: warning: ‘GTypeDebugFlags’ is deprecated [-Wdeprecated-declarations]
  236 | void            gtk_type_init   (GTypeDebugFlags    debug_flags);
      | ^~~~
In file included from /usr/include/glib-2.0/gobject/gobject.h:24,
                 from /usr/include/glib-2.0/gobject/gbinding.h:29,
                 from /usr/include/glib-2.0/glib-object.h:23,
                 from glib-ext.h:28,
                 from rollout.c:33:
/usr/include/glib-2.0/gobject/gtype.h:679:1: note: declared here
  679 | {
      | ^
In file included from /usr/include/gtk-2.0/gtk/gtktoolitem.h:31,
                 from /usr/include/gtk-2.0/gtk/gtktoolbutton.h:30,
                 from /usr/include/gtk-2.0/gtk/gtkmenutoolbutton.h:30,
                 from /usr/include/gtk-2.0/gtk/gtk.h:126,
                 from gtklocdefs.h:31,
                 from glib-ext.h:29,
                 from rollout.c:33:
/usr/include/gtk-2.0/gtk/gtktooltips.h:73:3: warning: ‘GTimeVal’ is deprecated: Use 'GDateTime' instead [-Wdeprecated-declarations]
   73 |   GTimeVal last_popdown;
      |   ^~~~~~~~
In file included from /usr/include/glib-2.0/glib/galloca.h:32,
                 from /usr/include/glib-2.0/glib.h:30,
                 from rollout.c:30:
/usr/include/glib-2.0/glib/gtypes.h:551:8: note: declared here
  551 | struct _GTimeVal
      |        ^~~~~~~~~
In file included from /usr/include/gtk-2.0/gtk/gtkobject.h:37,
                 from /usr/include/gtk-2.0/gtk/gtkwidget.h:36,
                 from /usr/include/gtk-2.0/gtk/gtkcontainer.h:35,
                 from /usr/include/gtk-2.0/gtk/gtkbin.h:35,
                 from /usr/include/gtk-2.0/gtk/gtkwindow.h:36,
                 from /usr/include/gtk-2.0/gtk/gtkdialog.h:35,
                 from /usr/include/gtk-2.0/gtk/gtkaboutdialog.h:32,
                 from /usr/include/gtk-2.0/gtk/gtk.h:33,
                 from gtklocdefs.h:31,
                 from set.c:23:
/usr/include/gtk-2.0/gtk/gtktypeutils.h:236:1: warning: ‘GTypeDebugFlags’ is deprecated [-Wdeprecated-declarations]
  236 | void            gtk_type_init   (GTypeDebugFlags    debug_flags);
      | ^~~~
In file included from /usr/include/glib-2.0/gobject/gobject.h:24,
                 from /usr/include/glib-2.0/gobject/gbinding.h:29,
                 from /usr/include/glib-2.0/glib-object.h:23,
                 from gtklocdefs.h:28,
                 from set.c:23:
/usr/include/glib-2.0/gobject/gtype.h:679:1: note: declared here
  679 | {
      | ^
In file included from /usr/include/gtk-2.0/gtk/gtktoolitem.h:31,
                 from /usr/include/gtk-2.0/gtk/gtktoolbutton.h:30,
                 from /usr/include/gtk-2.0/gtk/gtkmenutoolbutton.h:30,
                 from /usr/include/gtk-2.0/gtk/gtk.h:126,
                 from gtklocdefs.h:31,
                 from set.c:23:
/usr/include/gtk-2.0/gtk/gtktooltips.h:73:3: warning: ‘GTimeVal’ is deprecated: Use 'GDateTime' instead [-Wdeprecated-declarations]
   73 |   GTimeVal last_popdown;
      |   ^~~~~~~~
In file included from /usr/include/glib-2.0/glib/galloca.h:32,
                 from /usr/include/glib-2.0/glib.h:30,
                 from gtklocdefs.h:27,
                 from set.c:23:
/usr/include/glib-2.0/glib/gtypes.h:551:8: note: declared here
  551 | struct _GTimeVal
      |        ^~~~~~~~~
In file included from /usr/include/gtk-2.0/gtk/gtkobject.h:37,
                 from /usr/include/gtk-2.0/gtk/gtkwidget.h:36,
                 from /usr/include/gtk-2.0/gtk/gtkcontainer.h:35,
                 from /usr/include/gtk-2.0/gtk/gtkbin.h:35,
                 from /usr/include/gtk-2.0/gtk/gtkwindow.h:36,
                 from /usr/include/gtk-2.0/gtk/gtkdialog.h:35,
                 from /usr/include/gtk-2.0/gtk/gtkaboutdialog.h:32,
                 from /usr/include/gtk-2.0/gtk/gtk.h:33,
                 from gtklocdefs.h:31,
                 from glib-ext.h:29,
                 from sgf.c:32:
/usr/include/gtk-2.0/gtk/gtktypeutils.h:236:1: warning: ‘GTypeDebugFlags’ is deprecated [-Wdeprecated-declarations]
  236 | void            gtk_type_init   (GTypeDebugFlags    debug_flags);
      | ^~~~
In file included from /usr/include/glib-2.0/gobject/gobject.h:24,
                 from /usr/include/glib-2.0/gobject/gbinding.h:29,
                 from /usr/include/glib-2.0/glib-object.h:23,
                 from glib-ext.h:28,
                 from sgf.c:32:
/usr/include/glib-2.0/gobject/gtype.h:679:1: note: declared here
  679 | {
      | ^
In file included from /usr/include/gtk-2.0/gtk/gtktoolitem.h:31,
                 from /usr/include/gtk-2.0/gtk/gtktoolbutton.h:30,
                 from /usr/include/gtk-2.0/gtk/gtkmenutoolbutton.h:30,
                 from /usr/include/gtk-2.0/gtk/gtk.h:126,
                 from gtklocdefs.h:31,
                 from glib-ext.h:29,
                 from sgf.c:32:
/usr/include/gtk-2.0/gtk/gtktooltips.h:73:3: warning: ‘GTimeVal’ is deprecated: Use 'GDateTime' instead [-Wdeprecated-declarations]
   73 |   GTimeVal last_popdown;
      |   ^~~~~~~~
In file included from /usr/include/glib-2.0/glib/galloca.h:32,
                 from /usr/include/glib-2.0/glib.h:30,
                 from sgf.c:25:
/usr/include/glib-2.0/glib/gtypes.h:551:8: note: declared here
  551 | struct _GTimeVal
      |        ^~~~~~~~~
In file included from /usr/include/gtk-2.0/gtk/gtkobject.h:37,
                 from /usr/include/gtk-2.0/gtk/gtkwidget.h:36,
                 from /usr/include/gtk-2.0/gtk/gtkcontainer.h:35,
                 from /usr/include/gtk-2.0/gtk/gtkbin.h:35,
                 from /usr/include/gtk-2.0/gtk/gtkwindow.h:36,
                 from /usr/include/gtk-2.0/gtk/gtkdialog.h:35,
                 from /usr/include/gtk-2.0/gtk/gtkaboutdialog.h:32,
                 from /usr/include/gtk-2.0/gtk/gtk.h:33,
                 from gtkboard.h:26,
                 from show.c:52:
/usr/include/gtk-2.0/gtk/gtktypeutils.h:236:1: warning: ‘GTypeDebugFlags’ is deprecated [-Wdeprecated-declarations]
  236 | void            gtk_type_init   (GTypeDebugFlags    debug_flags);
      | ^~~~
In file included from /usr/include/glib-2.0/gobject/gobject.h:24,
                 from /usr/include/glib-2.0/gobject/gbinding.h:29,
                 from /usr/include/glib-2.0/glib-object.h:23,
                 from external.h:26,
                 from drawboard.h:26,
                 from show.c:35:
/usr/include/glib-2.0/gobject/gtype.h:679:1: note: declared here
  679 | {
      | ^
In file included from /usr/include/gtk-2.0/gtk/gtktoolitem.h:31,
                 from /usr/include/gtk-2.0/gtk/gtktoolbutton.h:30,
                 from /usr/include/gtk-2.0/gtk/gtkmenutoolbutton.h:30,
                 from /usr/include/gtk-2.0/gtk/gtk.h:126,
                 from gtkboard.h:26,
                 from show.c:52:
/usr/include/gtk-2.0/gtk/gtktooltips.h:73:3: warning: ‘GTimeVal’ is deprecated: Use 'GDateTime' instead [-Wdeprecated-declarations]
   73 |   GTimeVal last_popdown;
      |   ^~~~~~~~
In file included from /usr/include/glib-2.0/glib/galloca.h:32,
                 from /usr/include/glib-2.0/glib.h:30,
                 from show.c:30:
/usr/include/glib-2.0/glib/gtypes.h:551:8: note: declared here
  551 | struct _GTimeVal
      |        ^~~~~~~~~
In file included from /usr/include/gtk-2.0/gtk/gtkobject.h:37,
                 from /usr/include/gtk-2.0/gtk/gtkwidget.h:36,
                 from /usr/include/gtk-2.0/gtk/gtkcontainer.h:35,
                 from /usr/include/gtk-2.0/gtk/gtkbin.h:35,
                 from /usr/include/gtk-2.0/gtk/gtkwindow.h:36,
                 from /usr/include/gtk-2.0/gtk/gtkdialog.h:35,
                 from /usr/include/gtk-2.0/gtk/gtkaboutdialog.h:32,
                 from /usr/include/gtk-2.0/gtk/gtk.h:33,
                 from gtkgame.h:25,
                 from sound.c:29:
/usr/include/gtk-2.0/gtk/gtktypeutils.h:236:1: warning: ‘GTypeDebugFlags’ is deprecated [-Wdeprecated-declarations]
  236 | void            gtk_type_init   (GTypeDebugFlags    debug_flags);
      | ^~~~
In file included from /usr/include/glib-2.0/gobject/gobject.h:24,
                 from /usr/include/glib-2.0/gobject/gbinding.h:29,
                 from /usr/include/glib-2.0/glib-object.h:23,
                 from /usr/include/glib-2.0/gio/gioenums.h:28,
                 from /usr/include/glib-2.0/gio/giotypes.h:28,
                 from /usr/include/glib-2.0/gio/gio.h:26,
                 from /usr/include/gtk-2.0/gdk/gdkapplaunchcontext.h:30,
                 from /usr/include/gtk-2.0/gdk/gdk.h:32,
                 from /usr/include/gtk-2.0/gtk/gtk.h:32,
                 from gtkgame.h:25,
                 from sound.c:29:
/usr/include/glib-2.0/gobject/gtype.h:679:1: note: declared here
  679 | {
      | ^
In file included from /usr/include/gtk-2.0/gtk/gtktoolitem.h:31,
                 from /usr/include/gtk-2.0/gtk/gtktoolbutton.h:30,
                 from /usr/include/gtk-2.0/gtk/gtkmenutoolbutton.h:30,
                 from /usr/include/gtk-2.0/gtk/gtk.h:126,
                 from gtkgame.h:25,
                 from sound.c:29:
/usr/include/gtk-2.0/gtk/gtktooltips.h:73:3: warning: ‘GTimeVal’ is deprecated: Use 'GDateTime' instead [-Wdeprecated-declarations]
   73 |   GTimeVal last_popdown;
      |   ^~~~~~~~
In file included from /usr/include/glib-2.0/glib/galloca.h:32,
                 from /usr/include/glib-2.0/glib.h:30,
                 from /usr/include/glib-2.0/gobject/gbinding.h:28,
                 from /usr/include/glib-2.0/glib-object.h:23,
                 from /usr/include/glib-2.0/gio/gioenums.h:28,
                 from /usr/include/glib-2.0/gio/giotypes.h:28,
                 from /usr/include/glib-2.0/gio/gio.h:26,
                 from /usr/include/gtk-2.0/gdk/gdkapplaunchcontext.h:30,
                 from /usr/include/gtk-2.0/gdk/gdk.h:32,
                 from /usr/include/gtk-2.0/gtk/gtk.h:32,
                 from gtkgame.h:25,
                 from sound.c:29:
/usr/include/glib-2.0/glib/gtypes.h:551:8: note: declared here
  551 | struct _GTimeVal
      |        ^~~~~~~~~
In file included from /usr/include/gtk-2.0/gtk/gtkobject.h:37,
                 from /usr/include/gtk-2.0/gtk/gtkwidget.h:36,
                 from /usr/include/gtk-2.0/gtk/gtkcontainer.h:35,
                 from /usr/include/gtk-2.0/gtk/gtkbin.h:35,
                 from /usr/include/gtk-2.0/gtk/gtkwindow.h:36,
                 from /usr/include/gtk-2.0/gtk/gtkdialog.h:35,
                 from /usr/include/gtk-2.0/gtk/gtkaboutdialog.h:32,
                 from /usr/include/gtk-2.0/gtk/gtk.h:33,
                 from gtkgame.h:25,
                 from speed.c:25:
/usr/include/gtk-2.0/gtk/gtktypeutils.h:236:1: warning: ‘GTypeDebugFlags’ is deprecated [-Wdeprecated-declarations]
  236 | void            gtk_type_init   (GTypeDebugFlags    debug_flags);
      | ^~~~
In file included from /usr/include/glib-2.0/gobject/gobject.h:24,
                 from /usr/include/glib-2.0/gobject/gbinding.h:29,
                 from /usr/include/glib-2.0/glib-object.h:23,
                 from /usr/include/glib-2.0/gio/gioenums.h:28,
                 from /usr/include/glib-2.0/gio/giotypes.h:28,
                 from /usr/include/glib-2.0/gio/gio.h:26,
                 from /usr/include/gtk-2.0/gdk/gdkapplaunchcontext.h:30,
                 from /usr/include/gtk-2.0/gdk/gdk.h:32,
                 from /usr/include/gtk-2.0/gtk/gtk.h:32,
                 from gtkgame.h:25,
                 from speed.c:25:
/usr/include/glib-2.0/gobject/gtype.h:679:1: note: declared here
  679 | {
      | ^
In file included from /usr/include/gtk-2.0/gtk/gtktoolitem.h:31,
                 from /usr/include/gtk-2.0/gtk/gtktoolbutton.h:30,
                 from /usr/include/gtk-2.0/gtk/gtkmenutoolbutton.h:30,
                 from /usr/include/gtk-2.0/gtk/gtk.h:126,
                 from gtkgame.h:25,
                 from speed.c:25:
/usr/include/gtk-2.0/gtk/gtktooltips.h:73:3: warning: ‘GTimeVal’ is deprecated: Use 'GDateTime' instead [-Wdeprecated-declarations]
   73 |   GTimeVal last_popdown;
      |   ^~~~~~~~
In file included from /usr/include/glib-2.0/glib/galloca.h:32,
                 from /usr/include/glib-2.0/glib.h:30,
                 from /usr/include/glib-2.0/gobject/gbinding.h:28,
                 from /usr/include/glib-2.0/glib-object.h:23,
                 from /usr/include/glib-2.0/gio/gioenums.h:28,
                 from /usr/include/glib-2.0/gio/giotypes.h:28,
                 from /usr/include/glib-2.0/gio/gio.h:26,
                 from /usr/include/gtk-2.0/gdk/gdkapplaunchcontext.h:30,
                 from /usr/include/gtk-2.0/gdk/gdk.h:32,
                 from /usr/include/gtk-2.0/gtk/gtk.h:32,
                 from gtkgame.h:25,
                 from speed.c:25:
/usr/include/glib-2.0/glib/gtypes.h:551:8: note: declared here
  551 | struct _GTimeVal
      |        ^~~~~~~~~
In file included from /usr/include/gtk-2.0/gtk/gtkobject.h:37,
                 from /usr/include/gtk-2.0/gtk/gtkwidget.h:36,
                 from /usr/include/gtk-2.0/gtk/gtkcontainer.h:35,
                 from /usr/include/gtk-2.0/gtk/gtkbin.h:35,
                 from /usr/include/gtk-2.0/gtk/gtkwindow.h:36,
                 from /usr/include/gtk-2.0/gtk/gtkdialog.h:35,
                 from /usr/include/gtk-2.0/gtk/gtkaboutdialog.h:32,
                 from /usr/include/gtk-2.0/gtk/gtk.h:33,
                 from gtklocdefs.h:31,
                 from glib-ext.h:29,
                 from text.c:31:
/usr/include/gtk-2.0/gtk/gtktypeutils.h:236:1: warning: ‘GTypeDebugFlags’ is deprecated [-Wdeprecated-declarations]
  236 | void            gtk_type_init   (GTypeDebugFlags    debug_flags);
      | ^~~~
In file included from /usr/include/glib-2.0/gobject/gobject.h:24,
                 from /usr/include/glib-2.0/gobject/gbinding.h:29,
                 from /usr/include/glib-2.0/glib-object.h:23,
                 from glib-ext.h:28,
                 from text.c:31:
/usr/include/glib-2.0/gobject/gtype.h:679:1: note: declared here
  679 | {
      | ^
In file included from /usr/include/gtk-2.0/gtk/gtktoolitem.h:31,
                 from /usr/include/gtk-2.0/gtk/gtktoolbutton.h:30,
                 from /usr/include/gtk-2.0/gtk/gtkmenutoolbutton.h:30,
                 from /usr/include/gtk-2.0/gtk/gtk.h:126,
                 from gtklocdefs.h:31,
                 from glib-ext.h:29,
                 from text.c:31:
/usr/include/gtk-2.0/gtk/gtktooltips.h:73:3: warning: ‘GTimeVal’ is deprecated: Use 'GDateTime' instead [-Wdeprecated-declarations]
   73 |   GTimeVal last_popdown;
      |   ^~~~~~~~
In file included from /usr/include/glib-2.0/glib/galloca.h:32,
                 from /usr/include/glib-2.0/glib.h:30,
                 from text.c:28:
/usr/include/glib-2.0/glib/gtypes.h:551:8: note: declared here
  551 | struct _GTimeVal
      |        ^~~~~~~~~
In file included from /usr/include/gtk-2.0/gtk/gtkobject.h:37,
                 from /usr/include/gtk-2.0/gtk/gtkwidget.h:36,
                 from /usr/include/gtk-2.0/gtk/gtkcontainer.h:35,
                 from /usr/include/gtk-2.0/gtk/gtkbin.h:35,
                 from /usr/include/gtk-2.0/gtk/gtkwindow.h:36,
                 from /usr/include/gtk-2.0/gtk/gtkdialog.h:35,
                 from /usr/include/gtk-2.0/gtk/gtkaboutdialog.h:32,
                 from /usr/include/gtk-2.0/gtk/gtk.h:33,
                 from gtklocdefs.h:31,
                 from gtkboard.c:27:
/usr/include/gtk-2.0/gtk/gtktypeutils.h:236:1: warning: ‘GTypeDebugFlags’ is deprecated [-Wdeprecated-declarations]
  236 | void            gtk_type_init   (GTypeDebugFlags    debug_flags);
      | ^~~~
In file included from /usr/include/glib-2.0/gobject/gobject.h:24,
                 from /usr/include/glib-2.0/gobject/gbinding.h:29,
                 from /usr/include/glib-2.0/glib-object.h:23,
                 from gtklocdefs.h:28,
                 from gtkboard.c:27:
/usr/include/glib-2.0/gobject/gtype.h:679:1: note: declared here
  679 | {
      | ^
In file included from /usr/include/gtk-2.0/gtk/gtktoolitem.h:31,
                 from /usr/include/gtk-2.0/gtk/gtktoolbutton.h:30,
                 from /usr/include/gtk-2.0/gtk/gtkmenutoolbutton.h:30,
                 from /usr/include/gtk-2.0/gtk/gtk.h:126,
                 from gtklocdefs.h:31,
                 from gtkboard.c:27:
/usr/include/gtk-2.0/gtk/gtktooltips.h:73:3: warning: ‘GTimeVal’ is deprecated: Use 'GDateTime' instead [-Wdeprecated-declarations]
   73 |   GTimeVal last_popdown;
      |   ^~~~~~~~
In file included from /usr/include/glib-2.0/glib/galloca.h:32,
                 from /usr/include/glib-2.0/glib.h:30,
                 from gtklocdefs.h:27,
                 from gtkboard.c:27:
/usr/include/glib-2.0/glib/gtypes.h:551:8: note: declared here
  551 | struct _GTimeVal
      |        ^~~~~~~~~
In file included from /usr/include/gtk-2.0/gtk/gtkobject.h:37,
                 from /usr/include/gtk-2.0/gtk/gtkwidget.h:36,
                 from /usr/include/gtk-2.0/gtk/gtkcontainer.h:35,
                 from /usr/include/gtk-2.0/gtk/gtkbin.h:35,
                 from /usr/include/gtk-2.0/gtk/gtkwindow.h:36,
                 from /usr/include/gtk-2.0/gtk/gtkdialog.h:35,
                 from /usr/include/gtk-2.0/gtk/gtkaboutdialog.h:32,
                 from /usr/include/gtk-2.0/gtk/gtk.h:33,
                 from gtklocdefs.h:31,
                 from glib-ext.h:29,
                 from gtkgame.c:36:
/usr/include/gtk-2.0/gtk/gtktypeutils.h:236:1: warning: ‘GTypeDebugFlags’ is deprecated [-Wdeprecated-declarations]
  236 | void            gtk_type_init   (GTypeDebugFlags    debug_flags);
      | ^~~~
In file included from /usr/include/glib-2.0/gobject/gobject.h:24,
                 from /usr/include/glib-2.0/gobject/gbinding.h:29,
                 from /usr/include/glib-2.0/glib-object.h:23,
                 from glib-ext.h:28,
                 from gtkgame.c:36:
/usr/include/glib-2.0/gobject/gtype.h:679:1: note: declared here
  679 | {
      | ^
In file included from /usr/include/gtk-2.0/gtk/gtktoolitem.h:31,
                 from /usr/include/gtk-2.0/gtk/gtktoolbutton.h:30,
                 from /usr/include/gtk-2.0/gtk/gtkmenutoolbutton.h:30,
                 from /usr/include/gtk-2.0/gtk/gtk.h:126,
                 from gtklocdefs.h:31,
                 from glib-ext.h:29,
                 from gtkgame.c:36:
/usr/include/gtk-2.0/gtk/gtktooltips.h:73:3: warning: ‘GTimeVal’ is deprecated: Use 'GDateTime' instead [-Wdeprecated-declarations]
   73 |   GTimeVal last_popdown;
      |   ^~~~~~~~
In file included from /usr/include/glib-2.0/glib/galloca.h:32,
                 from /usr/include/glib-2.0/glib.h:30,
                 from gnubgmodule.h:39,
                 from gtkgame.c:23:
/usr/include/glib-2.0/glib/gtypes.h:551:8: note: declared here
  551 | struct _GTimeVal
      |        ^~~~~~~~~
In file included from /usr/include/gtk-2.0/gtk/gtkobject.h:37,
                 from /usr/include/gtk-2.0/gtk/gtkwidget.h:36,
                 from /usr/include/gtk-2.0/gtk/gtkcontainer.h:35,
                 from /usr/include/gtk-2.0/gtk/gtkbin.h:35,
                 from /usr/include/gtk-2.0/gtk/gtkwindow.h:36,
                 from /usr/include/gtk-2.0/gtk/gtkdialog.h:35,
                 from /usr/include/gtk-2.0/gtk/gtkaboutdialog.h:32,
                 from /usr/include/gtk-2.0/gtk/gtk.h:33,
                 from gtklocdefs.h:31,
                 from gtkfile.c:27:
/usr/include/gtk-2.0/gtk/gtktypeutils.h:236:1: warning: ‘GTypeDebugFlags’ is deprecated [-Wdeprecated-declarations]
  236 | void            gtk_type_init   (GTypeDebugFlags    debug_flags);
      | ^~~~
In file included from /usr/include/glib-2.0/gobject/gobject.h:24,
                 from /usr/include/glib-2.0/gobject/gbinding.h:29,
                 from /usr/include/glib-2.0/glib-object.h:23,
                 from gtklocdefs.h:28,
                 from gtkfile.c:27:
/usr/include/glib-2.0/gobject/gtype.h:679:1: note: declared here
  679 | {
      | ^
In file included from /usr/include/gtk-2.0/gtk/gtktoolitem.h:31,
                 from /usr/include/gtk-2.0/gtk/gtktoolbutton.h:30,
                 from /usr/include/gtk-2.0/gtk/gtkmenutoolbutton.h:30,
                 from /usr/include/gtk-2.0/gtk/gtk.h:126,
                 from gtklocdefs.h:31,
                 from gtkfile.c:27:
/usr/include/gtk-2.0/gtk/gtktooltips.h:73:3: warning: ‘GTimeVal’ is deprecated: Use 'GDateTime' instead [-Wdeprecated-declarations]
   73 |   GTimeVal last_popdown;
      |   ^~~~~~~~
In file included from /usr/include/glib-2.0/glib/galloca.h:32,
                 from /usr/include/glib-2.0/glib.h:30,
                 from bearoff.h:27,
                 from eval.h:26,
                 from backgammon.h:29,
                 from gtkfile.c:26:
/usr/include/glib-2.0/glib/gtypes.h:551:8: note: declared here
  551 | struct _GTimeVal
      |        ^~~~~~~~~
In file included from /usr/include/gtk-2.0/gtk/gtkobject.h:37,
                 from /usr/include/gtk-2.0/gtk/gtkwidget.h:36,
                 from /usr/include/gtk-2.0/gtk/gtkcontainer.h:35,
                 from /usr/include/gtk-2.0/gtk/gtkbin.h:35,
                 from /usr/include/gtk-2.0/gtk/gtkwindow.h:36,
                 from /usr/include/gtk-2.0/gtk/gtkdialog.h:35,
                 from /usr/include/gtk-2.0/gtk/gtkaboutdialog.h:32,
                 from /usr/include/gtk-2.0/gtk/gtk.h:33,
                 from gtklocdefs.h:31,
                 from gtkprefs.c:23:
/usr/include/gtk-2.0/gtk/gtktypeutils.h:236:1: warning: ‘GTypeDebugFlags’ is deprecated [-Wdeprecated-declarations]
  236 | void            gtk_type_init   (GTypeDebugFlags    debug_flags);
      | ^~~~
In file included from /usr/include/glib-2.0/gobject/gobject.h:24,
                 from /usr/include/glib-2.0/gobject/gbinding.h:29,
                 from /usr/include/glib-2.0/glib-object.h:23,
                 from gtklocdefs.h:28,
                 from gtkprefs.c:23:
/usr/include/glib-2.0/gobject/gtype.h:679:1: note: declared here
  679 | {
      | ^
In file included from /usr/include/gtk-2.0/gtk/gtktoolitem.h:31,
                 from /usr/include/gtk-2.0/gtk/gtktoolbutton.h:30,
                 from /usr/include/gtk-2.0/gtk/gtkmenutoolbutton.h:30,
                 from /usr/include/gtk-2.0/gtk/gtk.h:126,
                 from gtklocdefs.h:31,
                 from gtkprefs.c:23:
/usr/include/gtk-2.0/gtk/gtktooltips.h:73:3: warning: ‘GTimeVal’ is deprecated: Use 'GDateTime' instead [-Wdeprecated-declarations]
   73 |   GTimeVal last_popdown;
      |   ^~~~~~~~
In file included from /usr/include/glib-2.0/glib/galloca.h:32,
                 from /usr/include/glib-2.0/glib.h:30,
                 from gtklocdefs.h:27,
                 from gtkprefs.c:23:
/usr/include/glib-2.0/glib/gtypes.h:551:8: note: declared here
  551 | struct _GTimeVal
      |        ^~~~~~~~~
In file included from /usr/include/gtk-2.0/gtk/gtkobject.h:37,
                 from /usr/include/gtk-2.0/gtk/gtkwidget.h:36,
                 from /usr/include/gtk-2.0/gtk/gtkcontainer.h:35,
                 from /usr/include/gtk-2.0/gtk/gtkbin.h:35,
                 from /usr/include/gtk-2.0/gtk/gtkwindow.h:36,
                 from /usr/include/gtk-2.0/gtk/gtkdialog.h:35,
                 from /usr/include/gtk-2.0/gtk/gtkaboutdialog.h:32,
                 from /usr/include/gtk-2.0/gtk/gtk.h:33,
                 from gtklocdefs.h:31,
                 from gtk-multiview.c:27:
/usr/include/gtk-2.0/gtk/gtktypeutils.h:236:1: warning: ‘GTypeDebugFlags’ is deprecated [-Wdeprecated-declarations]
  236 | void            gtk_type_init   (GTypeDebugFlags    debug_flags);
      | ^~~~
In file included from /usr/include/glib-2.0/gobject/gobject.h:24,
                 from /usr/include/glib-2.0/gobject/gbinding.h:29,
                 from /usr/include/glib-2.0/glib-object.h:23,
                 from gtklocdefs.h:28,
                 from gtk-multiview.c:27:
/usr/include/glib-2.0/gobject/gtype.h:679:1: note: declared here
  679 | {
      | ^
In file included from /usr/include/gtk-2.0/gtk/gtktoolitem.h:31,
                 from /usr/include/gtk-2.0/gtk/gtktoolbutton.h:30,
                 from /usr/include/gtk-2.0/gtk/gtkmenutoolbutton.h:30,
                 from /usr/include/gtk-2.0/gtk/gtk.h:126,
                 from gtklocdefs.h:31,
                 from gtk-multiview.c:27:
/usr/include/gtk-2.0/gtk/gtktooltips.h:73:3: warning: ‘GTimeVal’ is deprecated: Use 'GDateTime' instead [-Wdeprecated-declarations]
   73 |   GTimeVal last_popdown;
      |   ^~~~~~~~
In file included from /usr/include/glib-2.0/glib/galloca.h:32,
                 from /usr/include/glib-2.0/glib.h:30,
                 from gtklocdefs.h:27,
                 from gtk-multiview.c:27:
/usr/include/glib-2.0/glib/gtypes.h:551:8: note: declared here
  551 | struct _GTimeVal
      |        ^~~~~~~~~
In file included from /usr/include/gtk-2.0/gtk/gtkobject.h:37,
                 from /usr/include/gtk-2.0/gtk/gtkwidget.h:36,
                 from /usr/include/gtk-2.0/gtk/gtkcontainer.h:35,
                 from /usr/include/gtk-2.0/gtk/gtkbin.h:35,
                 from /usr/include/gtk-2.0/gtk/gtkwindow.h:36,
                 from /usr/include/gtk-2.0/gtk/gtkdialog.h:35,
                 from /usr/include/gtk-2.0/gtk/gtkaboutdialog.h:32,
                 from /usr/include/gtk-2.0/gtk/gtk.h:33,
                 from gtklocdefs.h:31,
                 from gtktheory.c:23:
/usr/include/gtk-2.0/gtk/gtktypeutils.h:236:1: warning: ‘GTypeDebugFlags’ is deprecated [-Wdeprecated-declarations]
  236 | void            gtk_type_init   (GTypeDebugFlags    debug_flags);
      | ^~~~
In file included from /usr/include/glib-2.0/gobject/gobject.h:24,
                 from /usr/include/glib-2.0/gobject/gbinding.h:29,
                 from /usr/include/glib-2.0/glib-object.h:23,
                 from gtklocdefs.h:28,
                 from gtktheory.c:23:
/usr/include/glib-2.0/gobject/gtype.h:679:1: note: declared here
  679 | {
      | ^
In file included from /usr/include/gtk-2.0/gtk/gtktoolitem.h:31,
                 from /usr/include/gtk-2.0/gtk/gtktoolbutton.h:30,
                 from /usr/include/gtk-2.0/gtk/gtkmenutoolbutton.h:30,
                 from /usr/include/gtk-2.0/gtk/gtk.h:126,
                 from gtklocdefs.h:31,
                 from gtktheory.c:23:
/usr/include/gtk-2.0/gtk/gtktooltips.h:73:3: warning: ‘GTimeVal’ is deprecated: Use 'GDateTime' instead [-Wdeprecated-declarations]
   73 |   GTimeVal last_popdown;
      |   ^~~~~~~~
In file included from /usr/include/glib-2.0/glib/galloca.h:32,
                 from /usr/include/glib-2.0/glib.h:30,
                 from gtklocdefs.h:27,
                 from gtktheory.c:23:
/usr/include/glib-2.0/glib/gtypes.h:551:8: note: declared here
  551 | struct _GTimeVal
      |        ^~~~~~~~~
In file included from /usr/include/gtk-2.0/gtk/gtkobject.h:37,
                 from /usr/include/gtk-2.0/gtk/gtkwidget.h:36,
                 from /usr/include/gtk-2.0/gtk/gtkcontainer.h:35,
                 from /usr/include/gtk-2.0/gtk/gtkbin.h:35,
                 from /usr/include/gtk-2.0/gtk/gtkwindow.h:36,
                 from /usr/include/gtk-2.0/gtk/gtkdialog.h:35,
                 from /usr/include/gtk-2.0/gtk/gtkaboutdialog.h:32,
                 from /usr/include/gtk-2.0/gtk/gtk.h:33,
                 from gtkgame.h:25,
                 from gtkexport.c:31:
/usr/include/gtk-2.0/gtk/gtktypeutils.h:236:1: warning: ‘GTypeDebugFlags’ is deprecated [-Wdeprecated-declarations]
  236 | void            gtk_type_init   (GTypeDebugFlags    debug_flags);
      | ^~~~
In file included from /usr/include/glib-2.0/gobject/gobject.h:24,
                 from /usr/include/glib-2.0/gobject/gbinding.h:29,
                 from /usr/include/glib-2.0/glib-object.h:23,
                 from /usr/include/glib-2.0/gio/gioenums.h:28,
                 from /usr/include/glib-2.0/gio/giotypes.h:28,
                 from /usr/include/glib-2.0/gio/gio.h:26,
                 from /usr/include/gtk-2.0/gdk/gdkapplaunchcontext.h:30,
                 from /usr/include/gtk-2.0/gdk/gdk.h:32,
                 from /usr/include/gtk-2.0/gtk/gtk.h:32,
                 from gtkgame.h:25,
                 from gtkexport.c:31:
/usr/include/glib-2.0/gobject/gtype.h:679:1: note: declared here
  679 | {
      | ^
In file included from /usr/include/gtk-2.0/gtk/gtktoolitem.h:31,
                 from /usr/include/gtk-2.0/gtk/gtktoolbutton.h:30,
                 from /usr/include/gtk-2.0/gtk/gtkmenutoolbutton.h:30,
                 from /usr/include/gtk-2.0/gtk/gtk.h:126,
                 from gtkgame.h:25,
                 from gtkexport.c:31:
/usr/include/gtk-2.0/gtk/gtktooltips.h:73:3: warning: ‘GTimeVal’ is deprecated: Use 'GDateTime' instead [-Wdeprecated-declarations]
   73 |   GTimeVal last_popdown;
      |   ^~~~~~~~
In file included from /usr/include/glib-2.0/glib/galloca.h:32,
                 from /usr/include/glib-2.0/glib.h:30,
                 from /usr/include/glib-2.0/glib/gprintf.h:21,
                 from /usr/include/glib-2.0/glib/gstdio.h:22,
                 from gtkexport.c:25:
/usr/include/glib-2.0/glib/gtypes.h:551:8: note: declared here
  551 | struct _GTimeVal
      |        ^~~~~~~~~
In file included from /usr/include/gtk-2.0/gtk/gtkobject.h:37,
                 from /usr/include/gtk-2.0/gtk/gtkwidget.h:36,
                 from /usr/include/gtk-2.0/gtk/gtkcontainer.h:35,
                 from /usr/include/gtk-2.0/gtk/gtkbin.h:35,
                 from /usr/include/gtk-2.0/gtk/gtkwindow.h:36,
                 from /usr/include/gtk-2.0/gtk/gtkdialog.h:35,
                 from /usr/include/gtk-2.0/gtk/gtkaboutdialog.h:32,
                 from /usr/include/gtk-2.0/gtk/gtk.h:33,
                 from gtkgame.h:25,
                 from gtkcube.c:33:
/usr/include/gtk-2.0/gtk/gtktypeutils.h:236:1: warning: ‘GTypeDebugFlags’ is deprecated [-Wdeprecated-declarations]
  236 | void            gtk_type_init   (GTypeDebugFlags    debug_flags);
      | ^~~~
In file included from /usr/include/glib-2.0/gobject/gobject.h:24,
                 from /usr/include/glib-2.0/gobject/gbinding.h:29,
                 from /usr/include/glib-2.0/glib-object.h:23,
                 from /usr/include/glib-2.0/gio/gioenums.h:28,
                 from /usr/include/glib-2.0/gio/giotypes.h:28,
                 from /usr/include/glib-2.0/gio/gio.h:26,
                 from /usr/include/gtk-2.0/gdk/gdkapplaunchcontext.h:30,
                 from /usr/include/gtk-2.0/gdk/gdk.h:32,
                 from /usr/include/gtk-2.0/gtk/gtk.h:32,
                 from gtkgame.h:25,
                 from gtkcube.c:33:
/usr/include/glib-2.0/gobject/gtype.h:679:1: note: declared here
  679 | {
      | ^
In file included from /usr/include/gtk-2.0/gtk/gtktoolitem.h:31,
                 from /usr/include/gtk-2.0/gtk/gtktoolbutton.h:30,
                 from /usr/include/gtk-2.0/gtk/gtkmenutoolbutton.h:30,
                 from /usr/include/gtk-2.0/gtk/gtk.h:126,
                 from gtkgame.h:25,
                 from gtkcube.c:33:
/usr/include/gtk-2.0/gtk/gtktooltips.h:73:3: warning: ‘GTimeVal’ is deprecated: Use 'GDateTime' instead [-Wdeprecated-declarations]
   73 |   GTimeVal last_popdown;
      |   ^~~~~~~~
In file included from /usr/include/glib-2.0/glib/galloca.h:32,
                 from /usr/include/glib-2.0/glib.h:30,
                 from gtkcube.c:27:
/usr/include/glib-2.0/glib/gtypes.h:551:8: note: declared here
  551 | struct _GTimeVal
      |        ^~~~~~~~~
In file included from /usr/include/gtk-2.0/gtk/gtkobject.h:37,
                 from /usr/include/gtk-2.0/gtk/gtkwidget.h:36,
                 from /usr/include/gtk-2.0/gtk/gtkcontainer.h:35,
                 from /usr/include/gtk-2.0/gtk/gtkbin.h:35,
                 from /usr/include/gtk-2.0/gtk/gtkwindow.h:36,
                 from /usr/include/gtk-2.0/gtk/gtkdialog.h:35,
                 from /usr/include/gtk-2.0/gtk/gtkaboutdialog.h:32,
                 from /usr/include/gtk-2.0/gtk/gtk.h:33,
                 from gtkboard.h:26,
                 from gtkchequer.c:34:
/usr/include/gtk-2.0/gtk/gtktypeutils.h:236:1: warning: ‘GTypeDebugFlags’ is deprecated [-Wdeprecated-declarations]
  236 | void            gtk_type_init   (GTypeDebugFlags    debug_flags);
      | ^~~~
In file included from /usr/include/glib-2.0/gobject/gobject.h:24,
                 from /usr/include/glib-2.0/gobject/gbinding.h:29,
                 from /usr/include/glib-2.0/glib-object.h:23,
                 from external.h:26,
                 from drawboard.h:26,
                 from gtkchequer.c:30:
/usr/include/glib-2.0/gobject/gtype.h:679:1: note: declared here
  679 | {
      | ^
In file included from /usr/include/gtk-2.0/gtk/gtktoolitem.h:31,
                 from /usr/include/gtk-2.0/gtk/gtktoolbutton.h:30,
                 from /usr/include/gtk-2.0/gtk/gtkmenutoolbutton.h:30,
                 from /usr/include/gtk-2.0/gtk/gtk.h:126,
                 from gtkboard.h:26,
                 from gtkchequer.c:34:
/usr/include/gtk-2.0/gtk/gtktooltips.h:73:3: warning: ‘GTimeVal’ is deprecated: Use 'GDateTime' instead [-Wdeprecated-declarations]
   73 |   GTimeVal last_popdown;
      |   ^~~~~~~~
In file included from /usr/include/glib-2.0/glib/galloca.h:32,
                 from /usr/include/glib-2.0/glib.h:30,
                 from gtkchequer.c:27:
/usr/include/glib-2.0/glib/gtypes.h:551:8: note: declared here
  551 | struct _GTimeVal
      |        ^~~~~~~~~
In file included from /usr/include/gtk-2.0/gtk/gtkobject.h:37,
                 from /usr/include/gtk-2.0/gtk/gtkwidget.h:36,
                 from /usr/include/gtk-2.0/gtk/gtkcontainer.h:35,
                 from /usr/include/gtk-2.0/gtk/gtkbin.h:35,
                 from /usr/include/gtk-2.0/gtk/gtkwindow.h:36,
                 from /usr/include/gtk-2.0/gtk/gtkdialog.h:35,
                 from /usr/include/gtk-2.0/gtk/gtkaboutdialog.h:32,
                 from /usr/include/gtk-2.0/gtk/gtk.h:33,
                 from gtkrace.c:23:
/usr/include/gtk-2.0/gtk/gtktypeutils.h:236:1: warning: ‘GTypeDebugFlags’ is deprecated [-Wdeprecated-declarations]
  236 | void            gtk_type_init   (GTypeDebugFlags    debug_flags);
      | ^~~~
In file included from /usr/include/glib-2.0/gobject/gobject.h:24,
                 from /usr/include/glib-2.0/gobject/gbinding.h:29,
                 from /usr/include/glib-2.0/glib-object.h:23,
                 from /usr/include/glib-2.0/gio/gioenums.h:28,
                 from /usr/include/glib-2.0/gio/giotypes.h:28,
                 from /usr/include/glib-2.0/gio/gio.h:26,
                 from /usr/include/gtk-2.0/gdk/gdkapplaunchcontext.h:30,
                 from /usr/include/gtk-2.0/gdk/gdk.h:32,
                 from /usr/include/gtk-2.0/gtk/gtk.h:32,
                 from gtkrace.c:23:
/usr/include/glib-2.0/gobject/gtype.h:679:1: note: declared here
  679 | {
      | ^
In file included from /usr/include/gtk-2.0/gtk/gtktoolitem.h:31,
                 from /usr/include/gtk-2.0/gtk/gtktoolbutton.h:30,
                 from /usr/include/gtk-2.0/gtk/gtkmenutoolbutton.h:30,
                 from /usr/include/gtk-2.0/gtk/gtk.h:126,
                 from gtkrace.c:23:
/usr/include/gtk-2.0/gtk/gtktooltips.h:73:3: warning: ‘GTimeVal’ is deprecated: Use 'GDateTime' instead [-Wdeprecated-declarations]
   73 |   GTimeVal last_popdown;
      |   ^~~~~~~~
In file included from /usr/include/glib-2.0/glib/galloca.h:32,
                 from /usr/include/glib-2.0/glib.h:30,
                 from /usr/include/glib-2.0/gobject/gbinding.h:28,
                 from /usr/include/glib-2.0/glib-object.h:23,
                 from /usr/include/glib-2.0/gio/gioenums.h:28,
                 from /usr/include/glib-2.0/gio/giotypes.h:28,
                 from /usr/include/glib-2.0/gio/gio.h:26,
                 from /usr/include/gtk-2.0/gdk/gdkapplaunchcontext.h:30,
                 from /usr/include/gtk-2.0/gdk/gdk.h:32,
                 from /usr/include/gtk-2.0/gtk/gtk.h:32,
                 from gtkrace.c:23:
/usr/include/glib-2.0/glib/gtypes.h:551:8: note: declared here
  551 | struct _GTimeVal
      |        ^~~~~~~~~
In file included from /usr/include/gtk-2.0/gtk/gtkobject.h:37,
                 from /usr/include/gtk-2.0/gtk/gtkwidget.h:36,
                 from /usr/include/gtk-2.0/gtk/gtkcontainer.h:35,
                 from /usr/include/gtk-2.0/gtk/gtkbin.h:35,
                 from /usr/include/gtk-2.0/gtk/gtkwindow.h:36,
                 from /usr/include/gtk-2.0/gtk/gtkdialog.h:35,
                 from /usr/include/gtk-2.0/gtk/gtkaboutdialog.h:32,
                 from /usr/include/gtk-2.0/gtk/gtk.h:33,
                 from gtkgame.h:25,
                 from gtkmovefilter.c:28:
/usr/include/gtk-2.0/gtk/gtktypeutils.h:236:1: warning: ‘GTypeDebugFlags’ is deprecated [-Wdeprecated-declarations]
  236 | void            gtk_type_init   (GTypeDebugFlags    debug_flags);
      | ^~~~
In file included from /usr/include/glib-2.0/gobject/gobject.h:24,
                 from /usr/include/glib-2.0/gobject/gbinding.h:29,
                 from /usr/include/glib-2.0/glib-object.h:23,
                 from /usr/include/glib-2.0/gio/gioenums.h:28,
                 from /usr/include/glib-2.0/gio/giotypes.h:28,
                 from /usr/include/glib-2.0/gio/gio.h:26,
                 from /usr/include/gtk-2.0/gdk/gdkapplaunchcontext.h:30,
                 from /usr/include/gtk-2.0/gdk/gdk.h:32,
                 from /usr/include/gtk-2.0/gtk/gtk.h:32,
                 from gtkgame.h:25,
                 from gtkmovefilter.c:28:
/usr/include/glib-2.0/gobject/gtype.h:679:1: note: declared here
  679 | {
      | ^
In file included from /usr/include/gtk-2.0/gtk/gtktoolitem.h:31,
                 from /usr/include/gtk-2.0/gtk/gtktoolbutton.h:30,
                 from /usr/include/gtk-2.0/gtk/gtkmenutoolbutton.h:30,
                 from /usr/include/gtk-2.0/gtk/gtk.h:126,
                 from gtkgame.h:25,
                 from gtkmovefilter.c:28:
/usr/include/gtk-2.0/gtk/gtktooltips.h:73:3: warning: ‘GTimeVal’ is deprecated: Use 'GDateTime' instead [-Wdeprecated-declarations]
   73 |   GTimeVal last_popdown;
      |   ^~~~~~~~
In file included from /usr/include/glib-2.0/glib/galloca.h:32,
                 from /usr/include/glib-2.0/glib.h:30,
                 from /usr/include/glib-2.0/gobject/gbinding.h:28,
                 from /usr/include/glib-2.0/glib-object.h:23,
                 from /usr/include/glib-2.0/gio/gioenums.h:28,
                 from /usr/include/glib-2.0/gio/giotypes.h:28,
                 from /usr/include/glib-2.0/gio/gio.h:26,
                 from /usr/include/gtk-2.0/gdk/gdkapplaunchcontext.h:30,
                 from /usr/include/gtk-2.0/gdk/gdk.h:32,
                 from /usr/include/gtk-2.0/gtk/gtk.h:32,
                 from gtkgame.h:25,
                 from gtkmovefilter.c:28:
/usr/include/glib-2.0/glib/gtypes.h:551:8: note: declared here
  551 | struct _GTimeVal
      |        ^~~~~~~~~
In file included from /usr/include/gtk-2.0/gtk/gtkobject.h:37,
                 from /usr/include/gtk-2.0/gtk/gtkwidget.h:36,
                 from /usr/include/gtk-2.0/gtk/gtkcontainer.h:35,
                 from /usr/include/gtk-2.0/gtk/gtkbin.h:35,
                 from /usr/include/gtk-2.0/gtk/gtkwindow.h:36,
                 from /usr/include/gtk-2.0/gtk/gtkdialog.h:35,
                 from /usr/include/gtk-2.0/gtk/gtkaboutdialog.h:32,
                 from /usr/include/gtk-2.0/gtk/gtk.h:33,
                 from gtkgame.h:25,
                 from gtkmet.c:24:
/usr/include/gtk-2.0/gtk/gtktypeutils.h:236:1: warning: ‘GTypeDebugFlags’ is deprecated [-Wdeprecated-declarations]
  236 | void            gtk_type_init   (GTypeDebugFlags    debug_flags);
      | ^~~~
In file included from /usr/include/glib-2.0/gobject/gobject.h:24,
                 from /usr/include/glib-2.0/gobject/gbinding.h:29,
                 from /usr/include/glib-2.0/glib-object.h:23,
                 from /usr/include/glib-2.0/gio/gioenums.h:28,
                 from /usr/include/glib-2.0/gio/giotypes.h:28,
                 from /usr/include/glib-2.0/gio/gio.h:26,
                 from /usr/include/gtk-2.0/gdk/gdkapplaunchcontext.h:30,
                 from /usr/include/gtk-2.0/gdk/gdk.h:32,
                 from /usr/include/gtk-2.0/gtk/gtk.h:32,
                 from gtkgame.h:25,
                 from gtkmet.c:24:
/usr/include/glib-2.0/gobject/gtype.h:679:1: note: declared here
  679 | {
      | ^
In file included from /usr/include/gtk-2.0/gtk/gtktoolitem.h:31,
                 from /usr/include/gtk-2.0/gtk/gtktoolbutton.h:30,
                 from /usr/include/gtk-2.0/gtk/gtkmenutoolbutton.h:30,
                 from /usr/include/gtk-2.0/gtk/gtk.h:126,
                 from gtkgame.h:25,
                 from gtkmet.c:24:
/usr/include/gtk-2.0/gtk/gtktooltips.h:73:3: warning: ‘GTimeVal’ is deprecated: Use 'GDateTime' instead [-Wdeprecated-declarations]
   73 |   GTimeVal last_popdown;
      |   ^~~~~~~~
In file included from /usr/include/glib-2.0/glib/galloca.h:32,
                 from /usr/include/glib-2.0/glib.h:30,
                 from /usr/include/glib-2.0/gobject/gbinding.h:28,
                 from /usr/include/glib-2.0/glib-object.h:23,
                 from /usr/include/glib-2.0/gio/gioenums.h:28,
                 from /usr/include/glib-2.0/gio/giotypes.h:28,
                 from /usr/include/glib-2.0/gio/gio.h:26,
                 from /usr/include/gtk-2.0/gdk/gdkapplaunchcontext.h:30,
                 from /usr/include/gtk-2.0/gdk/gdk.h:32,
                 from /usr/include/gtk-2.0/gtk/gtk.h:32,
                 from gtkgame.h:25,
                 from gtkmet.c:24:
/usr/include/glib-2.0/glib/gtypes.h:551:8: note: declared here
  551 | struct _GTimeVal
      |        ^~~~~~~~~
In file included from /usr/include/gtk-2.0/gtk/gtkobject.h:37,
                 from /usr/include/gtk-2.0/gtk/gtkwidget.h:36,
                 from /usr/include/gtk-2.0/gtk/gtkcontainer.h:35,
                 from /usr/include/gtk-2.0/gtk/gtkbin.h:35,
                 from /usr/include/gtk-2.0/gtk/gtkwindow.h:36,
                 from /usr/include/gtk-2.0/gtk/gtkdialog.h:35,
                 from /usr/include/gtk-2.0/gtk/gtkaboutdialog.h:32,
                 from /usr/include/gtk-2.0/gtk/gtk.h:33,
                 from gtklocdefs.h:31,
                 from gtksplash.c:23:
/usr/include/gtk-2.0/gtk/gtktypeutils.h:236:1: warning: ‘GTypeDebugFlags’ is deprecated [-Wdeprecated-declarations]
  236 | void            gtk_type_init   (GTypeDebugFlags    debug_flags);
      | ^~~~
In file included from /usr/include/glib-2.0/gobject/gobject.h:24,
                 from /usr/include/glib-2.0/gobject/gbinding.h:29,
                 from /usr/include/glib-2.0/glib-object.h:23,
                 from gtklocdefs.h:28,
                 from gtksplash.c:23:
/usr/include/glib-2.0/gobject/gtype.h:679:1: note: declared here
  679 | {
      | ^
In file included from /usr/include/gtk-2.0/gtk/gtktoolitem.h:31,
                 from /usr/include/gtk-2.0/gtk/gtktoolbutton.h:30,
                 from /usr/include/gtk-2.0/gtk/gtkmenutoolbutton.h:30,
                 from /usr/include/gtk-2.0/gtk/gtk.h:126,
                 from gtklocdefs.h:31,
                 from gtksplash.c:23:
/usr/include/gtk-2.0/gtk/gtktooltips.h:73:3: warning: ‘GTimeVal’ is deprecated: Use 'GDateTime' instead [-Wdeprecated-declarations]
   73 |   GTimeVal last_popdown;
      |   ^~~~~~~~
In file included from /usr/include/glib-2.0/glib/galloca.h:32,
                 from /usr/include/glib-2.0/glib.h:30,
                 from gtklocdefs.h:27,
                 from gtksplash.c:23:
/usr/include/glib-2.0/glib/gtypes.h:551:8: note: declared here
  551 | struct _GTimeVal
      |        ^~~~~~~~~
In file included from /usr/include/gtk-2.0/gtk/gtkobject.h:37,
                 from /usr/include/gtk-2.0/gtk/gtkwidget.h:36,
                 from /usr/include/gtk-2.0/gtk/gtkcontainer.h:35,
                 from /usr/include/gtk-2.0/gtk/gtkbin.h:35,
                 from /usr/include/gtk-2.0/gtk/gtkwindow.h:36,
                 from /usr/include/gtk-2.0/gtk/gtkdialog.h:35,
                 from /usr/include/gtk-2.0/gtk/gtkaboutdialog.h:32,
                 from /usr/include/gtk-2.0/gtk/gtk.h:33,
                 from gtkgame.h:25,
                 from gtkrolls.c:29:
/usr/include/gtk-2.0/gtk/gtktypeutils.h:236:1: warning: ‘GTypeDebugFlags’ is deprecated [-Wdeprecated-declarations]
  236 | void            gtk_type_init   (GTypeDebugFlags    debug_flags);
      | ^~~~
In file included from /usr/include/glib-2.0/gobject/gobject.h:24,
                 from /usr/include/glib-2.0/gobject/gbinding.h:29,
                 from /usr/include/glib-2.0/glib-object.h:23,
                 from /usr/include/glib-2.0/gio/gioenums.h:28,
                 from /usr/include/glib-2.0/gio/giotypes.h:28,
                 from /usr/include/glib-2.0/gio/gio.h:26,
                 from /usr/include/gtk-2.0/gdk/gdkapplaunchcontext.h:30,
                 from /usr/include/gtk-2.0/gdk/gdk.h:32,
                 from /usr/include/gtk-2.0/gtk/gtk.h:32,
                 from gtkgame.h:25,
                 from gtkrolls.c:29:
/usr/include/glib-2.0/gobject/gtype.h:679:1: note: declared here
  679 | {
      | ^
In file included from /usr/include/gtk-2.0/gtk/gtktoolitem.h:31,
                 from /usr/include/gtk-2.0/gtk/gtktoolbutton.h:30,
                 from /usr/include/gtk-2.0/gtk/gtkmenutoolbutton.h:30,
                 from /usr/include/gtk-2.0/gtk/gtk.h:126,
                 from gtkgame.h:25,
                 from gtkrolls.c:29:
/usr/include/gtk-2.0/gtk/gtktooltips.h:73:3: warning: ‘GTimeVal’ is deprecated: Use 'GDateTime' instead [-Wdeprecated-declarations]
   73 |   GTimeVal last_popdown;
      |   ^~~~~~~~
In file included from /usr/include/glib-2.0/glib/galloca.h:32,
                 from /usr/include/glib-2.0/glib.h:30,
                 from /usr/include/glib-2.0/gobject/gbinding.h:28,
                 from /usr/include/glib-2.0/glib-object.h:23,
                 from /usr/include/glib-2.0/gio/gioenums.h:28,
                 from /usr/include/glib-2.0/gio/giotypes.h:28,
                 from /usr/include/glib-2.0/gio/gio.h:26,
                 from /usr/include/gtk-2.0/gdk/gdkapplaunchcontext.h:30,
                 from /usr/include/gtk-2.0/gdk/gdk.h:32,
                 from /usr/include/gtk-2.0/gtk/gtk.h:32,
                 from gtkgame.h:25,
                 from gtkrolls.c:29:
/usr/include/glib-2.0/glib/gtypes.h:551:8: note: declared here
  551 | struct _GTimeVal
      |        ^~~~~~~~~
In file included from /usr/include/gtk-2.0/gtk/gtkobject.h:37,
                 from /usr/include/gtk-2.0/gtk/gtkwidget.h:36,
                 from /usr/include/gtk-2.0/gtk/gtkcontainer.h:35,
                 from /usr/include/gtk-2.0/gtk/gtkbin.h:35,
                 from /usr/include/gtk-2.0/gtk/gtkwindow.h:36,
                 from /usr/include/gtk-2.0/gtk/gtkdialog.h:35,
                 from /usr/include/gtk-2.0/gtk/gtkaboutdialog.h:32,
                 from /usr/include/gtk-2.0/gtk/gtk.h:33,
                 from gtklocdefs.h:31,
                 from gtktempmap.c:26:
/usr/include/gtk-2.0/gtk/gtktypeutils.h:236:1: warning: ‘GTypeDebugFlags’ is deprecated [-Wdeprecated-declarations]
  236 | void            gtk_type_init   (GTypeDebugFlags    debug_flags);
      | ^~~~
In file included from /usr/include/glib-2.0/gobject/gobject.h:24,
                 from /usr/include/glib-2.0/gobject/gbinding.h:29,
                 from /usr/include/glib-2.0/glib-object.h:23,
                 from gtklocdefs.h:28,
                 from gtktempmap.c:26:
/usr/include/glib-2.0/gobject/gtype.h:679:1: note: declared here
  679 | {
      | ^
In file included from /usr/include/gtk-2.0/gtk/gtktoolitem.h:31,
                 from /usr/include/gtk-2.0/gtk/gtktoolbutton.h:30,
                 from /usr/include/gtk-2.0/gtk/gtkmenutoolbutton.h:30,
                 from /usr/include/gtk-2.0/gtk/gtk.h:126,
                 from gtklocdefs.h:31,
                 from gtktempmap.c:26:
/usr/include/gtk-2.0/gtk/gtktooltips.h:73:3: warning: ‘GTimeVal’ is deprecated: Use 'GDateTime' instead [-Wdeprecated-declarations]
   73 |   GTimeVal last_popdown;
      |   ^~~~~~~~
In file included from /usr/include/glib-2.0/glib/galloca.h:32,
                 from /usr/include/glib-2.0/glib.h:30,
                 from gtklocdefs.h:27,
                 from gtktempmap.c:26:
/usr/include/glib-2.0/glib/gtypes.h:551:8: note: declared here
  551 | struct _GTimeVal
      |        ^~~~~~~~~
In file included from /usr/include/gtk-2.0/gtk/gtkobject.h:37,
                 from /usr/include/gtk-2.0/gtk/gtkwidget.h:36,
                 from /usr/include/gtk-2.0/gtk/gtkcontainer.h:35,
                 from /usr/include/gtk-2.0/gtk/gtkbin.h:35,
                 from /usr/include/gtk-2.0/gtk/gtkwindow.h:36,
                 from /usr/include/gtk-2.0/gtk/gtkdialog.h:35,
                 from /usr/include/gtk-2.0/gtk/gtkaboutdialog.h:32,
                 from /usr/include/gtk-2.0/gtk/gtk.h:33,
                 from gtklocdefs.h:31,
                 from gtkoptions.c:23:
/usr/include/gtk-2.0/gtk/gtktypeutils.h:236:1: warning: ‘GTypeDebugFlags’ is deprecated [-Wdeprecated-declarations]
  236 | void            gtk_type_init   (GTypeDebugFlags    debug_flags);
      | ^~~~
In file included from /usr/include/glib-2.0/gobject/gobject.h:24,
                 from /usr/include/glib-2.0/gobject/gbinding.h:29,
                 from /usr/include/glib-2.0/glib-object.h:23,
                 from gtklocdefs.h:28,
                 from gtkoptions.c:23:
/usr/include/glib-2.0/gobject/gtype.h:679:1: note: declared here
  679 | {
      | ^
In file included from /usr/include/gtk-2.0/gtk/gtktoolitem.h:31,
                 from /usr/include/gtk-2.0/gtk/gtktoolbutton.h:30,
                 from /usr/include/gtk-2.0/gtk/gtkmenutoolbutton.h:30,
                 from /usr/include/gtk-2.0/gtk/gtk.h:126,
                 from gtklocdefs.h:31,
                 from gtkoptions.c:23:
/usr/include/gtk-2.0/gtk/gtktooltips.h:73:3: warning: ‘GTimeVal’ is deprecated: Use 'GDateTime' instead [-Wdeprecated-declarations]
   73 |   GTimeVal last_popdown;
      |   ^~~~~~~~
In file included from /usr/include/glib-2.0/glib/galloca.h:32,
                 from /usr/include/glib-2.0/glib.h:30,
                 from gtklocdefs.h:27,
                 from gtkoptions.c:23:
/usr/include/glib-2.0/glib/gtypes.h:551:8: note: declared here
  551 | struct _GTimeVal
      |        ^~~~~~~~~
In file included from /usr/include/gtk-2.0/gtk/gtkobject.h:37,
                 from /usr/include/gtk-2.0/gtk/gtkwidget.h:36,
                 from /usr/include/gtk-2.0/gtk/gtkcontainer.h:35,
                 from /usr/include/gtk-2.0/gtk/gtkbin.h:35,
                 from /usr/include/gtk-2.0/gtk/gtkwindow.h:36,
                 from /usr/include/gtk-2.0/gtk/gtkdialog.h:35,
                 from /usr/include/gtk-2.0/gtk/gtkaboutdialog.h:32,
                 from /usr/include/gtk-2.0/gtk/gtk.h:33,
                 from gtklocdefs.h:31,
                 from gtktoolbar.c:23:
/usr/include/gtk-2.0/gtk/gtktypeutils.h:236:1: warning: ‘GTypeDebugFlags’ is deprecated [-Wdeprecated-declarations]
  236 | void            gtk_type_init   (GTypeDebugFlags    debug_flags);
      | ^~~~
In file included from /usr/include/glib-2.0/gobject/gobject.h:24,
                 from /usr/include/glib-2.0/gobject/gbinding.h:29,
                 from /usr/include/glib-2.0/glib-object.h:23,
                 from gtklocdefs.h:28,
                 from gtktoolbar.c:23:
/usr/include/glib-2.0/gobject/gtype.h:679:1: note: declared here
  679 | {
      | ^
In file included from /usr/include/gtk-2.0/gtk/gtktoolitem.h:31,
                 from /usr/include/gtk-2.0/gtk/gtktoolbutton.h:30,
                 from /usr/include/gtk-2.0/gtk/gtkmenutoolbutton.h:30,
                 from /usr/include/gtk-2.0/gtk/gtk.h:126,
                 from gtklocdefs.h:31,
                 from gtktoolbar.c:23:
/usr/include/gtk-2.0/gtk/gtktooltips.h:73:3: warning: ‘GTimeVal’ is deprecated: Use 'GDateTime' instead [-Wdeprecated-declarations]
   73 |   GTimeVal last_popdown;
      |   ^~~~~~~~
In file included from /usr/include/glib-2.0/glib/galloca.h:32,
                 from /usr/include/glib-2.0/glib.h:30,
                 from gtklocdefs.h:27,
                 from gtktoolbar.c:23:
/usr/include/glib-2.0/glib/gtypes.h:551:8: note: declared here
  551 | struct _GTimeVal
      |        ^~~~~~~~~
In file included from /usr/include/gtk-2.0/gtk/gtkobject.h:37,
                 from /usr/include/gtk-2.0/gtk/gtkwidget.h:36,
                 from /usr/include/gtk-2.0/gtk/gtkcontainer.h:35,
                 from /usr/include/gtk-2.0/gtk/gtkbin.h:35,
                 from /usr/include/gtk-2.0/gtk/gtkwindow.h:36,
                 from /usr/include/gtk-2.0/gtk/gtkdialog.h:35,
                 from /usr/include/gtk-2.0/gtk/gtkaboutdialog.h:32,
                 from /usr/include/gtk-2.0/gtk/gtk.h:33,
                 from gtklocdefs.h:31,
                 from gtkgamelist.c:25:
/usr/include/gtk-2.0/gtk/gtktypeutils.h:236:1: warning: ‘GTypeDebugFlags’ is deprecated [-Wdeprecated-declarations]
  236 | void            gtk_type_init   (GTypeDebugFlags    debug_flags);
      | ^~~~
In file included from /usr/include/glib-2.0/gobject/gobject.h:24,
                 from /usr/include/glib-2.0/gobject/gbinding.h:29,
                 from /usr/include/glib-2.0/glib-object.h:23,
                 from gtklocdefs.h:28,
                 from gtkgamelist.c:25:
/usr/include/glib-2.0/gobject/gtype.h:679:1: note: declared here
  679 | {
      | ^
In file included from /usr/include/gtk-2.0/gtk/gtktoolitem.h:31,
                 from /usr/include/gtk-2.0/gtk/gtktoolbutton.h:30,
                 from /usr/include/gtk-2.0/gtk/gtkmenutoolbutton.h:30,
                 from /usr/include/gtk-2.0/gtk/gtk.h:126,
                 from gtklocdefs.h:31,
                 from gtkgamelist.c:25:
/usr/include/gtk-2.0/gtk/gtktooltips.h:73:3: warning: ‘GTimeVal’ is deprecated: Use 'GDateTime' instead [-Wdeprecated-declarations]
   73 |   GTimeVal last_popdown;
      |   ^~~~~~~~
In file included from /usr/include/glib-2.0/glib/galloca.h:32,
                 from /usr/include/glib-2.0/glib.h:30,
                 from gtklocdefs.h:27,
                 from gtkgamelist.c:25:
/usr/include/glib-2.0/glib/gtypes.h:551:8: note: declared here
  551 | struct _GTimeVal
      |        ^~~~~~~~~
In file included from /usr/include/gtk-2.0/gtk/gtkobject.h:37,
                 from /usr/include/gtk-2.0/gtk/gtkwidget.h:36,
                 from /usr/include/gtk-2.0/gtk/gtkcontainer.h:35,
                 from /usr/include/gtk-2.0/gtk/gtkbin.h:35,
                 from /usr/include/gtk-2.0/gtk/gtkwindow.h:36,
                 from /usr/include/gtk-2.0/gtk/gtkdialog.h:35,
                 from /usr/include/gtk-2.0/gtk/gtkaboutdialog.h:32,
                 from /usr/include/gtk-2.0/gtk/gtk.h:33,
                 from gtklocdefs.h:31,
                 from gtkpanels.c:25:
/usr/include/gtk-2.0/gtk/gtktypeutils.h:236:1: warning: ‘GTypeDebugFlags’ is deprecated [-Wdeprecated-declarations]
  236 | void            gtk_type_init   (GTypeDebugFlags    debug_flags);
      | ^~~~
In file included from /usr/include/glib-2.0/gobject/gobject.h:24,
                 from /usr/include/glib-2.0/gobject/gbinding.h:29,
                 from /usr/include/glib-2.0/glib-object.h:23,
                 from gtklocdefs.h:28,
                 from gtkpanels.c:25:
/usr/include/glib-2.0/gobject/gtype.h:679:1: note: declared here
  679 | {
      | ^
In file included from /usr/include/gtk-2.0/gtk/gtktoolitem.h:31,
                 from /usr/include/gtk-2.0/gtk/gtktoolbutton.h:30,
                 from /usr/include/gtk-2.0/gtk/gtkmenutoolbutton.h:30,
                 from /usr/include/gtk-2.0/gtk/gtk.h:126,
                 from gtklocdefs.h:31,
                 from gtkpanels.c:25:
/usr/include/gtk-2.0/gtk/gtktooltips.h:73:3: warning: ‘GTimeVal’ is deprecated: Use 'GDateTime' instead [-Wdeprecated-declarations]
   73 |   GTimeVal last_popdown;
      |   ^~~~~~~~
In file included from /usr/include/glib-2.0/glib/galloca.h:32,
                 from /usr/include/glib-2.0/glib.h:30,
                 from gtklocdefs.h:27,
                 from gtkpanels.c:25:
/usr/include/glib-2.0/glib/gtypes.h:551:8: note: declared here
  551 | struct _GTimeVal
      |        ^~~~~~~~~
In file included from /usr/include/gtk-2.0/gtk/gtkobject.h:37,
                 from /usr/include/gtk-2.0/gtk/gtkwidget.h:36,
                 from /usr/include/gtk-2.0/gtk/gtkcontainer.h:35,
                 from /usr/include/gtk-2.0/gtk/gtkbin.h:35,
                 from /usr/include/gtk-2.0/gtk/gtkwindow.h:36,
                 from /usr/include/gtk-2.0/gtk/gtkdialog.h:35,
                 from /usr/include/gtk-2.0/gtk/gtkaboutdialog.h:32,
                 from /usr/include/gtk-2.0/gtk/gtk.h:33,
                 from gtklocdefs.h:31,
                 from gtkmovelist.c:24:
/usr/include/gtk-2.0/gtk/gtktypeutils.h:236:1: warning: ‘GTypeDebugFlags’ is deprecated [-Wdeprecated-declarations]
  236 | void            gtk_type_init   (GTypeDebugFlags    debug_flags);
      | ^~~~
In file included from /usr/include/glib-2.0/gobject/gobject.h:24,
                 from /usr/include/glib-2.0/gobject/gbinding.h:29,
                 from /usr/include/glib-2.0/glib-object.h:23,
                 from gtklocdefs.h:28,
                 from gtkmovelist.c:24:
/usr/include/glib-2.0/gobject/gtype.h:679:1: note: declared here
  679 | {
      | ^
In file included from /usr/include/gtk-2.0/gtk/gtktoolitem.h:31,
                 from /usr/include/gtk-2.0/gtk/gtktoolbutton.h:30,
                 from /usr/include/gtk-2.0/gtk/gtkmenutoolbutton.h:30,
                 from /usr/include/gtk-2.0/gtk/gtk.h:126,
                 from gtklocdefs.h:31,
                 from gtkmovelist.c:24:
/usr/include/gtk-2.0/gtk/gtktooltips.h:73:3: warning: ‘GTimeVal’ is deprecated: Use 'GDateTime' instead [-Wdeprecated-declarations]
   73 |   GTimeVal last_popdown;
      |   ^~~~~~~~
In file included from /usr/include/glib-2.0/glib/galloca.h:32,
                 from /usr/include/glib-2.0/glib.h:30,
                 from gtklocdefs.h:27,
                 from gtkmovelist.c:24:
/usr/include/glib-2.0/glib/gtypes.h:551:8: note: declared here
  551 | struct _GTimeVal
      |        ^~~~~~~~~
In file included from /usr/include/gtk-2.0/gtk/gtkobject.h:37,
                 from /usr/include/gtk-2.0/gtk/gtkwidget.h:36,
                 from /usr/include/gtk-2.0/gtk/gtkcontainer.h:35,
                 from /usr/include/gtk-2.0/gtk/gtkbin.h:35,
                 from /usr/include/gtk-2.0/gtk/gtkwindow.h:36,
                 from /usr/include/gtk-2.0/gtk/gtkdialog.h:35,
                 from /usr/include/gtk-2.0/gtk/gtkaboutdialog.h:32,
                 from /usr/include/gtk-2.0/gtk/gtk.h:33,
                 from gtklocdefs.h:31,
                 from gtkmovelistctrl.c:25:
/usr/include/gtk-2.0/gtk/gtktypeutils.h:236:1: warning: ‘GTypeDebugFlags’ is deprecated [-Wdeprecated-declarations]
  236 | void            gtk_type_init   (GTypeDebugFlags    debug_flags);
      | ^~~~
In file included from /usr/include/glib-2.0/gobject/gobject.h:24,
                 from /usr/include/glib-2.0/gobject/gbinding.h:29,
                 from /usr/include/glib-2.0/glib-object.h:23,
                 from gtklocdefs.h:28,
                 from gtkmovelistctrl.c:25:
/usr/include/glib-2.0/gobject/gtype.h:679:1: note: declared here
  679 | {
      | ^
In file included from /usr/include/gtk-2.0/gtk/gtktoolitem.h:31,
                 from /usr/include/gtk-2.0/gtk/gtktoolbutton.h:30,
                 from /usr/include/gtk-2.0/gtk/gtkmenutoolbutton.h:30,
                 from /usr/include/gtk-2.0/gtk/gtk.h:126,
                 from gtklocdefs.h:31,
                 from gtkmovelistctrl.c:25:
/usr/include/gtk-2.0/gtk/gtktooltips.h:73:3: warning: ‘GTimeVal’ is deprecated: Use 'GDateTime' instead [-Wdeprecated-declarations]
   73 |   GTimeVal last_popdown;
      |   ^~~~~~~~
In file included from /usr/include/glib-2.0/glib/galloca.h:32,
                 from /usr/include/glib-2.0/glib.h:30,
                 from gtklocdefs.h:27,
                 from gtkmovelistctrl.c:25:
/usr/include/glib-2.0/glib/gtypes.h:551:8: note: declared here
  551 | struct _GTimeVal
      |        ^~~~~~~~~
In file included from /usr/include/gtk-2.0/gtk/gtkobject.h:37,
                 from /usr/include/gtk-2.0/gtk/gtkwidget.h:36,
                 from /usr/include/gtk-2.0/gtk/gtkcontainer.h:35,
                 from /usr/include/gtk-2.0/gtk/gtkbin.h:35,
                 from /usr/include/gtk-2.0/gtk/gtkwindow.h:36,
                 from /usr/include/gtk-2.0/gtk/gtkdialog.h:35,
                 from /usr/include/gtk-2.0/gtk/gtkaboutdialog.h:32,
                 from /usr/include/gtk-2.0/gtk/gtk.h:33,
                 from gtklocdefs.h:31,
                 from gtkwindows.c:25:
/usr/include/gtk-2.0/gtk/gtktypeutils.h:236:1: warning: ‘GTypeDebugFlags’ is deprecated [-Wdeprecated-declarations]
  236 | void            gtk_type_init   (GTypeDebugFlags    debug_flags);
      | ^~~~
In file included from /usr/include/glib-2.0/gobject/gobject.h:24,
                 from /usr/include/glib-2.0/gobject/gbinding.h:29,
                 from /usr/include/glib-2.0/glib-object.h:23,
                 from gtklocdefs.h:28,
                 from gtkwindows.c:25:
/usr/include/glib-2.0/gobject/gtype.h:679:1: note: declared here
  679 | {
      | ^
In file included from /usr/include/gtk-2.0/gtk/gtktoolitem.h:31,
                 from /usr/include/gtk-2.0/gtk/gtktoolbutton.h:30,
                 from /usr/include/gtk-2.0/gtk/gtkmenutoolbutton.h:30,
                 from /usr/include/gtk-2.0/gtk/gtk.h:126,
                 from gtklocdefs.h:31,
                 from gtkwindows.c:25:
/usr/include/gtk-2.0/gtk/gtktooltips.h:73:3: warning: ‘GTimeVal’ is deprecated: Use 'GDateTime' instead [-Wdeprecated-declarations]
   73 |   GTimeVal last_popdown;
      |   ^~~~~~~~
In file included from /usr/include/glib-2.0/glib/galloca.h:32,
                 from /usr/include/glib-2.0/glib.h:30,
                 from gtklocdefs.h:27,
                 from gtkwindows.c:25:
/usr/include/glib-2.0/glib/gtypes.h:551:8: note: declared here
  551 | struct _GTimeVal
      |        ^~~~~~~~~
In file included from /usr/include/gtk-2.0/gtk/gtkobject.h:37,
                 from /usr/include/gtk-2.0/gtk/gtkwidget.h:36,
                 from /usr/include/gtk-2.0/gtk/gtkcontainer.h:35,
                 from /usr/include/gtk-2.0/gtk/gtkbin.h:35,
                 from /usr/include/gtk-2.0/gtk/gtkwindow.h:36,
                 from /usr/include/gtk-2.0/gtk/gtkdialog.h:35,
                 from /usr/include/gtk-2.0/gtk/gtkaboutdialog.h:32,
                 from /usr/include/gtk-2.0/gtk/gtk.h:33,
                 from gtkrelational.c:24:
/usr/include/gtk-2.0/gtk/gtktypeutils.h:236:1: warning: ‘GTypeDebugFlags’ is deprecated [-Wdeprecated-declarations]
  236 | void            gtk_type_init   (GTypeDebugFlags    debug_flags);
      | ^~~~
In file included from /usr/include/glib-2.0/gobject/gobject.h:24,
                 from /usr/include/glib-2.0/gobject/gbinding.h:29,
                 from /usr/include/glib-2.0/glib-object.h:23,
                 from /usr/include/glib-2.0/gio/gioenums.h:28,
                 from /usr/include/glib-2.0/gio/giotypes.h:28,
                 from /usr/include/glib-2.0/gio/gio.h:26,
                 from /usr/include/gtk-2.0/gdk/gdkapplaunchcontext.h:30,
                 from /usr/include/gtk-2.0/gdk/gdk.h:32,
                 from /usr/include/gtk-2.0/gtk/gtk.h:32,
                 from gtkrelational.c:24:
/usr/include/glib-2.0/gobject/gtype.h:679:1: note: declared here
  679 | {
      | ^
In file included from /usr/include/gtk-2.0/gtk/gtktoolitem.h:31,
                 from /usr/include/gtk-2.0/gtk/gtktoolbutton.h:30,
                 from /usr/include/gtk-2.0/gtk/gtkmenutoolbutton.h:30,
                 from /usr/include/gtk-2.0/gtk/gtk.h:126,
                 from gtkrelational.c:24:
/usr/include/gtk-2.0/gtk/gtktooltips.h:73:3: warning: ‘GTimeVal’ is deprecated: Use 'GDateTime' instead [-Wdeprecated-declarations]
   73 |   GTimeVal last_popdown;
      |   ^~~~~~~~
In file included from /usr/include/glib-2.0/glib/galloca.h:32,
                 from /usr/include/glib-2.0/glib.h:30,
                 from bearoff.h:27,
                 from eval.h:26,
                 from backgammon.h:29,
                 from gtkrelational.c:23:
/usr/include/glib-2.0/glib/gtypes.h:551:8: note: declared here
  551 | struct _GTimeVal
      |        ^~~~~~~~~
In file included from /usr/include/gtk-2.0/gtk/gtkobject.h:37,
                 from /usr/include/gtk-2.0/gtk/gtkwidget.h:36,
                 from /usr/include/gtk-2.0/gtk/gtkcontainer.h:35,
                 from /usr/include/gtk-2.0/gtk/gtkbin.h:35,
                 from /usr/include/gtk-2.0/gtk/gtkwindow.h:36,
                 from /usr/include/gtk-2.0/gtk/gtkdialog.h:35,
                 from /usr/include/gtk-2.0/gtk/gtkaboutdialog.h:32,
                 from /usr/include/gtk-2.0/gtk/gtk.h:33,
                 from gnubgstock.c:28:
/usr/include/gtk-2.0/gtk/gtktypeutils.h:236:1: warning: ‘GTypeDebugFlags’ is deprecated [-Wdeprecated-declarations]
  236 | void            gtk_type_init   (GTypeDebugFlags    debug_flags);
      | ^~~~
In file included from /usr/include/glib-2.0/gobject/gobject.h:24,
                 from /usr/include/glib-2.0/gobject/gbinding.h:29,
                 from /usr/include/glib-2.0/glib-object.h:23,
                 from /usr/include/glib-2.0/gio/gioenums.h:28,
                 from /usr/include/glib-2.0/gio/giotypes.h:28,
                 from /usr/include/glib-2.0/gio/gio.h:26,
                 from /usr/include/gtk-2.0/gdk/gdkapplaunchcontext.h:30,
                 from /usr/include/gtk-2.0/gdk/gdk.h:32,
                 from /usr/include/gtk-2.0/gtk/gtk.h:32,
                 from gnubgstock.c:28:
/usr/include/glib-2.0/gobject/gtype.h:679:1: note: declared here
  679 | {
      | ^
In file included from /usr/include/gtk-2.0/gtk/gtktoolitem.h:31,
                 from /usr/include/gtk-2.0/gtk/gtktoolbutton.h:30,
                 from /usr/include/gtk-2.0/gtk/gtkmenutoolbutton.h:30,
                 from /usr/include/gtk-2.0/gtk/gtk.h:126,
                 from gnubgstock.c:28:
/usr/include/gtk-2.0/gtk/gtktooltips.h:73:3: warning: ‘GTimeVal’ is deprecated: Use 'GDateTime' instead [-Wdeprecated-declarations]
   73 |   GTimeVal last_popdown;
      |   ^~~~~~~~
In file included from /usr/include/glib-2.0/glib/galloca.h:32,
                 from /usr/include/glib-2.0/glib.h:30,
                 from /usr/include/glib-2.0/gobject/gbinding.h:28,
                 from /usr/include/glib-2.0/glib-object.h:23,
                 from /usr/include/glib-2.0/gio/gioenums.h:28,
                 from /usr/include/glib-2.0/gio/giotypes.h:28,
                 from /usr/include/glib-2.0/gio/gio.h:26,
                 from /usr/include/gtk-2.0/gdk/gdkapplaunchcontext.h:30,
                 from /usr/include/gtk-2.0/gdk/gdk.h:32,
                 from /usr/include/gtk-2.0/gtk/gtk.h:32,
                 from gnubgstock.c:28:
/usr/include/glib-2.0/glib/gtypes.h:551:8: note: declared here
  551 | struct _GTimeVal
      |        ^~~~~~~~~
In file included from /usr/include/gtk-2.0/gtk/gtkobject.h:37,
                 from /usr/include/gtk-2.0/gtk/gtkwidget.h:36,
                 from /usr/include/gtk-2.0/gtk/gtkcontainer.h:35,
                 from /usr/include/gtk-2.0/gtk/gtkbin.h:35,
                 from /usr/include/gtk-2.0/gtk/gtkwindow.h:36,
                 from /usr/include/gtk-2.0/gtk/gtkdialog.h:35,
                 from /usr/include/gtk-2.0/gtk/gtkaboutdialog.h:32,
                 from /usr/include/gtk-2.0/gtk/gtk.h:33,
                 from gtkgame.h:25,
                 from gtklocdefs.c:24:
/usr/include/gtk-2.0/gtk/gtktypeutils.h:236:1: warning: ‘GTypeDebugFlags’ is deprecated [-Wdeprecated-declarations]
  236 | void            gtk_type_init   (GTypeDebugFlags    debug_flags);
      | ^~~~
In file included from /usr/include/glib-2.0/gobject/gobject.h:24,
                 from /usr/include/glib-2.0/gobject/gbinding.h:29,
                 from /usr/include/glib-2.0/glib-object.h:23,
                 from /usr/include/glib-2.0/gio/gioenums.h:28,
                 from /usr/include/glib-2.0/gio/giotypes.h:28,
                 from /usr/include/glib-2.0/gio/gio.h:26,
                 from /usr/include/gtk-2.0/gdk/gdkapplaunchcontext.h:30,
                 from /usr/include/gtk-2.0/gdk/gdk.h:32,
                 from /usr/include/gtk-2.0/gtk/gtk.h:32,
                 from gtkgame.h:25,
                 from gtklocdefs.c:24:
/usr/include/glib-2.0/gobject/gtype.h:679:1: note: declared here
  679 | {
      | ^
In file included from /usr/include/gtk-2.0/gtk/gtktoolitem.h:31,
                 from /usr/include/gtk-2.0/gtk/gtktoolbutton.h:30,
                 from /usr/include/gtk-2.0/gtk/gtkmenutoolbutton.h:30,
                 from /usr/include/gtk-2.0/gtk/gtk.h:126,
                 from gtkgame.h:25,
                 from gtklocdefs.c:24:
/usr/include/gtk-2.0/gtk/gtktooltips.h:73:3: warning: ‘GTimeVal’ is deprecated: Use 'GDateTime' instead [-Wdeprecated-declarations]
   73 |   GTimeVal last_popdown;
      |   ^~~~~~~~
In file included from /usr/include/glib-2.0/glib/galloca.h:32,
                 from /usr/include/glib-2.0/glib.h:30,
                 from /usr/include/glib-2.0/gobject/gbinding.h:28,
                 from /usr/include/glib-2.0/glib-object.h:23,
                 from /usr/include/glib-2.0/gio/gioenums.h:28,
                 from /usr/include/glib-2.0/gio/giotypes.h:28,
                 from /usr/include/glib-2.0/gio/gio.h:26,
                 from /usr/include/gtk-2.0/gdk/gdkapplaunchcontext.h:30,
                 from /usr/include/gtk-2.0/gdk/gdk.h:32,
                 from /usr/include/gtk-2.0/gtk/gtk.h:32,
                 from gtkgame.h:25,
                 from gtklocdefs.c:24:
/usr/include/glib-2.0/glib/gtypes.h:551:8: note: declared here
  551 | struct _GTimeVal
      |        ^~~~~~~~~
/usr/bin/ld: /home/spencerwu/.pyenv/versions/3.6.1/lib/libpython3.6m.a(dynload_shlib.o): undefined reference to symbol 'dlsym@@GLIBC_2.2.5'
/usr/bin/ld: /usr/lib/libdl.so.2: error adding symbols: DSO missing from command line
collect2: error: ld returned 1 exit status
make[2]: *** [Makefile:831: gnubg] Error 1
make[1]: *** [Makefile:1006: all-recursive] Error 1
make: *** [Makefile:723: all] Error 2

  compile_func	INFO	=================
  compile_func	INFO	superopt-2.5
  compile_func	INFO	-----------------
  compile_func	INFO	cd to_compile/superopt-2.5 && CXXFLAGS="-g" CFLAGS="-g" make
  compile_func	INFO	Returned with code: 2
  compile_func	INFO	In file included from superopt.c:25:
superopt.h:100:2: error: #error You have to choose target CPU type (e.g. -DSPARC).
  100 | #error You have to choose target CPU type (e.g. -DSPARC).
      |  ^~~~~
In file included from superopt.h:126,
                 from superopt.c:25:
longlong.h:102:12: warning: missing terminating " character
  102 |   __asm__ ("add %1,%4,%5
      |            ^
longlong.h:109:10: warning: missing terminating " character
  109 |       "rI" ((USItype)(bl)))
      |          ^
longlong.h:111:12: warning: missing terminating " character
  111 |   __asm__ ("sub %1,%4,%5
      |            ^
longlong.h:118:10: warning: missing terminating " character
  118 |       "rI" ((USItype)(bl)))
      |          ^
longlong.h:168:12: warning: missing terminating " character
  168 |   __asm__ ("adds %1, %4, %5
      |            ^
longlong.h:175:10: warning: missing terminating " character
  175 |       "rI" ((USItype)(bl)))
      |          ^
longlong.h:177:12: warning: missing terminating " character
  177 |   __asm__ ("subs %1, %4, %5
      |            ^
longlong.h:184:10: warning: missing terminating " character
  184 |       "rI" ((USItype)(bl)))
      |          ^
longlong.h:186:12: warning: missing terminating " character
  186 |   __asm__ ("%@ Inlined umul_ppmm
      |            ^
longlong.h:203:22: warning: missing terminating " character
  203 |     : "r0", "r1", "r2")
      |                      ^
longlong.h:238:12: warning: missing terminating " character
  238 |   __asm__ ("add.w %5,%1
      |            ^
longlong.h:245:9: warning: missing terminating " character
  245 |       "g" ((USItype)(bl)))
      |         ^
longlong.h:247:12: warning: missing terminating " character
  247 |   __asm__ ("sub.w %5,%1
      |            ^
longlong.h:254:9: warning: missing terminating " character
  254 |       "g" ((USItype)(bl)))
      |         ^
longlong.h:277:12: warning: missing terminating " character
  277 |   __asm__ ("add %4,%5,%1
      |            ^
longlong.h:284:10: warning: missing terminating " character
  284 |       "rM" ((USItype)(bl)))
      |          ^
longlong.h:286:12: warning: missing terminating " character
  286 |   __asm__ ("sub %4,%5,%1
      |            ^
longlong.h:293:10: warning: missing terminating " character
  293 |       "rM" ((USItype)(bl)))
      |          ^
longlong.h:325:8: warning: missing terminating " character
  325 |        "ldi  1,%0
      |        ^
longlong.h:340:37: warning: missing terminating " character
  340 |  " : "=r" (count), "=r" (__tmp) : "1" (x));   \
      |                                     ^
longlong.h:387:12: warning: missing terminating " character
  387 |   __asm__ ("addl %5,%1
      |            ^
longlong.h:394:9: warning: missing terminating " character
  394 |       "g" ((USItype)(bl)))
      |         ^
longlong.h:396:12: warning: missing terminating " character
  396 |   __asm__ ("subl %5,%1
      |            ^
longlong.h:403:9: warning: missing terminating " character
  403 |       "g" ((USItype)(bl)))
      |         ^
longlong.h:451:12: warning: missing terminating " character
  451 |   __asm__ ("add%.l %5,%1
      |            ^
longlong.h:458:9: warning: missing terminating " character
  458 |       "g" ((USItype)(bl)))
      |         ^
longlong.h:460:12: warning: missing terminating " character
  460 |   __asm__ ("sub%.l %5,%1
      |            ^
longlong.h:467:9: warning: missing terminating " character
  467 |       "g" ((USItype)(bl)))
      |         ^
longlong.h:498:11: warning: missing terminating " character
  498 |  __asm__ ("| Inlined umul_ppmm
      |           ^
longlong.h:522:33: warning: missing terminating " character
  522 |        : "%2" ((USItype)(a)), "d" ((USItype)(b)));  \
      |                                 ^
longlong.h:531:12: warning: missing terminating " character
  531 |   __asm__ ("addu.co %1,%r4,%r5
      |            ^
longlong.h:538:10: warning: missing terminating " character
  538 |       "rJ" ((USItype)(bl)))
      |          ^
longlong.h:540:12: warning: missing terminating " character
  540 |   __asm__ ("subu.co %1,%r4,%r5
      |            ^
longlong.h:547:10: warning: missing terminating " character
  547 |       "rJ" ((USItype)(bl)))
      |          ^
longlong.h:590:12: warning: missing terminating " character
  590 |   __asm__ ("multu %2,%3
      |            ^
longlong.h:596:9: warning: missing terminating " character
  596 |       "d" ((USItype)(v)))
      |         ^
longlong.h:603:12: warning: missing terminating " character
  603 |   __asm__ ("dmultu %2,%3
      |            ^
longlong.h:609:9: warning: missing terminating " character
  609 |       "d" ((UDItype)(v)))
      |         ^
longlong.h:771:12: warning: missing terminating " character
  771 |   __asm__ ("addw %5,%1
      |            ^
longlong.h:778:9: warning: missing terminating " character
  778 |       "g" ((USItype)(bl)))
      |         ^
longlong.h:780:12: warning: missing terminating " character
  780 |   __asm__ ("subw %5,%1
      |            ^
longlong.h:787:9: warning: missing terminating " character
  787 |       "g" ((USItype)(bl)))
      |         ^
longlong.h:804:12: warning: missing terminating " character
  804 |   __asm__ ("a %1,%5
      |            ^
longlong.h:811:9: warning: missing terminating " character
  811 |       "r" ((USItype)(bl)))
      |         ^
longlong.h:813:12: warning: missing terminating " character
  813 |   __asm__ ("s %1,%5
      |            ^
longlong.h:820:9: warning: missing terminating " character
  820 |       "r" ((USItype)(bl)))
      |         ^
longlong.h:825:8: warning: missing terminating " character
  825 |        "s r2,r2
      |        ^
longlong.h:849:12: warning: missing terminating " character
  849 |       : "r2");       \
      |            ^
longlong.h:873:12: warning: missing terminating " character
  873 |   __asm__ ("addcc %r4,%5,%1
      |            ^
longlong.h:880:10: warning: missing terminating " character
  880 |       "rI" ((USItype)(bl))     \
      |          ^
longlong.h:883:12: warning: missing terminating " character
  883 |   __asm__ ("subcc %r4,%5,%1
      |            ^
longlong.h:890:10: warning: missing terminating " character
  890 |       "rI" ((USItype)(bl))     \
      |          ^
longlong.h:926:12: warning: missing terminating " character
  926 |   __asm__ ("! Inlined udiv_qrnnd
      |            ^
longlong.h:970:11: warning: missing terminating " character
  970 |     : "%g1" __AND_CLOBBER_CC)
      |           ^
longlong.h:981:12: warning: missing terminating " character
  981 |   __asm__ ("! Inlined umul_ppmm
      |            ^
longlong.h:983:22: warning: missing terminating ' character
  983 |  sra %3,31,%%g2 ! Don't move this insn
      |                      ^
longlong.h:984:24: warning: missing terminating ' character
  984 |  and %2,%%g2,%%g2 ! Don't move this insn
      |                        ^
longlong.h:985:25: warning: missing terminating ' character
  985 |  andcc %%g0,0,%%g1 ! Don't move this insn
      |                         ^
longlong.h:1025:18: warning: missing terminating " character
 1025 |     : "%g1", "%g2" __AND_CLOBBER_CC)
      |                  ^
longlong.h:1043:12: warning: missing terminating " character
 1043 |   __asm__ ("addl2 %5,%1
      |            ^
longlong.h:1050:9: warning: missing terminating " character
 1050 |       "g" ((USItype)(bl)))
      |         ^
longlong.h:1052:12: warning: missing terminating " character
 1052 |   __asm__ ("subl2 %5,%1
      |            ^
longlong.h:1059:9: warning: missing terminating " character
 1059 |       "g" ((USItype)(bl)))
      |         ^
In file included from superopt.c:25:
superopt.h:229:8: warning: missing terminating " character
  229 |   asm ("subcc %%g0,%4,%%g0 ! set cy if CI != 0
      |        ^
superopt.h:233:35: warning: missing terminating " character
  233 |        : "%r" (r1), "rI" (r2), "rI" (ci)    \
      |                                   ^
superopt.h:236:8: warning: missing terminating " character
  236 |   asm ("addcc %2,%3,%0  ! add R1 and R2
      |        ^
superopt.h:239:24: warning: missing terminating " character
  239 |        : "%r" (r1), "rI" (r2)      \
      |                        ^
superopt.h:242:8: warning: missing terminating " character
  242 |   asm ("subcc %%g0,%4,%%g0 ! set cy if CI != 0
      |        ^
superopt.h:246:34: warning: missing terminating " character
  246 |        : "r" (r1), "rI" (r2), "rI" (ci)     \
      |                                  ^
superopt.h:249:8: warning: missing terminating " character
  249 |   asm ("subcc %2,%3,%0  ! subtract R2 from R1
      |        ^
superopt.h:252:23: warning: missing terminating " character
  252 |        : "r" (r1), "rI" (r2)      \
      |                       ^
superopt.h:255:8: warning: missing terminating " character
  255 |   asm ("subcc %4,1,%%g0  ! cy = (CI == 0)
      |        ^
superopt.h:259:34: warning: missing terminating " character
  259 |        : "r" (r1), "rI" (r2), "rI" (ci)     \
      |                                  ^
superopt.h:262:8: warning: missing terminating " character
  262 |   asm ("subcc %2,%3,%0  ! subtract R2 from R1
      |        ^
superopt.h:265:23: warning: missing terminating " character
  265 |        : "r" (r1), "rI" (r2)      \
      |                       ^
superopt.h:271:8: warning: missing terminating " character
  271 |   asm ("or %0,r0,1
      |        ^
superopt.h:276:34: warning: missing terminating " character
  276 |        : "%r" (r1), "Or" (r2), "r" (ci))
      |                                  ^
superopt.h:278:8: warning: missing terminating " character
  278 |   asm ("addu.co %0,%2,%r3 ; add R1 and R2
      |        ^
superopt.h:281:24: warning: missing terminating " character
  281 |        : "%r" (r1), "Or" (r2))
      |                        ^
superopt.h:283:8: warning: missing terminating " character
  283 |   asm ("subu.co r0,r0,%r4 ; reset cy if CI != 0
      |        ^
superopt.h:288:34: warning: missing terminating " character
  288 |        : "r" (r1), "Or" (r2), "Or" (ci))
      |                                  ^
superopt.h:290:8: warning: missing terminating " character
  290 |   asm ("subu.co %0,%2,%r3 ; subtract R2 from R1
      |        ^
superopt.h:294:23: warning: missing terminating " character
  294 |        : "r" (r1), "Or" (r2))
      |                       ^
superopt.h:296:8: warning: missing terminating " character
  296 |   asm ("or %0,r0,1
      |        ^
superopt.h:301:34: warning: missing terminating " character
  301 |        : "r" (r1), "Or" (r2), "Or" (ci))
      |                                  ^
superopt.h:303:8: warning: missing terminating " character
  303 |   asm ("subu.co %0,%2,%r3 ; subtract R2 from R1
      |        ^
superopt.h:306:23: warning: missing terminating " character
  306 |        : "r" (r1), "Or" (r2))
      |                       ^
In file included from superopt.c:29:
run_program.def: In function ‘run_program’:
run_program.def:78:4: warning: implicit declaration of function ‘abort’ [-Wimplicit-function-declaration]
   78 |    abort();
      |    ^~~~~
run_program.def:78:4: warning: incompatible implicit declaration of built-in function ‘abort’
run_program.def:1:1: note: include ‘<stdlib.h>’ or provide a declaration of ‘abort’
  +++ |+#include <stdlib.h>
    1 | /* Superoptimizer -- execute a instruction sequence to in order to
superopt.c: In function ‘init_random_word’:
superopt.c:132:3: warning: implicit declaration of function ‘initstate’ [-Wimplicit-function-declaration]
  132 |   initstate (seed, (char *) state1, n);
      |   ^~~~~~~~~
superopt.c:133:3: warning: implicit declaration of function ‘setstate’ [-Wimplicit-function-declaration]
  133 |   setstate (state1);
      |   ^~~~~~~~
superopt.c: In function ‘random_word’:
superopt.c:141:8: warning: implicit declaration of function ‘random’ [-Wimplicit-function-declaration]
  141 |  ran = random ();     \
      |        ^~~~~~
superopt.c:158:3: note: in expansion of macro ‘RANDOM’
  158 |   RANDOM (tmp, 9);
      |   ^~~~~~
superopt.c: In function ‘xrealloc’:
superopt.c:190:41: warning: ‘realloc’ argument 2 type is ‘unsigned int’ where ‘long unsigned int’ is expected in a call to built-in function declared without prototype [-Wbuiltin-declaration-mismatch]
  190 |   char *result = (char *) realloc (ptr, size);
      |                                         ^~~~
superopt.c:183:19: note: built-in ‘realloc’ declared here
  183 | void *malloc (), *realloc ();
      |                   ^~~~~~~
superopt.c:192:5: warning: incompatible implicit declaration of built-in function ‘abort’
  192 |     abort ();
      |     ^~~~~
superopt.c:88:1: note: include ‘<stdlib.h>’ or provide a declaration of ‘abort’
   87 | #include "insn.def"
  +++ |+#include <stdlib.h>
   88 | };
superopt.c: In function ‘xmalloc’:
superopt.c:200:41: warning: ‘malloc’ argument 1 type is ‘unsigned int’ where ‘long unsigned int’ is expected in a call to built-in function declared without prototype [-Wbuiltin-declaration-mismatch]
  200 |   register char *val = (char *) malloc (size);
      |                                         ^~~~
superopt.c:183:7: note: built-in ‘malloc’ declared here
  183 | void *malloc (), *realloc ();
      |       ^~~~~~
superopt.c:203:5: warning: incompatible implicit declaration of built-in function ‘abort’
  203 |     abort ();
      |     ^~~~~
superopt.c:203:5: note: include ‘<stdlib.h>’ or provide a declaration of ‘abort’
superopt.c: At top level:
superopt.c:430:2: error: #error no register names for this CPU
  430 | #error no register names for this CPU
      |  ^~~~~
superopt.c:473:2: error: #error no constant syntax for this CPU
  473 | #error no constant syntax for this CPU
      |  ^~~~~
superopt.c: In function ‘output_assembly’:
superopt.c:2377:2: error: #error no assembly output code for this CPU
 2377 | #error no assembly output code for this CPU
      |  ^~~~~
superopt.c:2379:13: warning: incompatible implicit declaration of built-in function ‘abort’
 2379 |     default:abort();
      |             ^~~~~
superopt.c:2379:13: note: include ‘<stdlib.h>’ or provide a declaration of ‘abort’
superopt.c: In function ‘init_test_sets’:
superopt.c:2416:5: warning: incompatible implicit declaration of built-in function ‘abort’
 2416 |     abort ();
      |     ^~~~~
superopt.c:2416:5: note: include ‘<stdlib.h>’ or provide a declaration of ‘abort’
goal.def: In function ‘EQ_func’:
superopt.c:2781:7: warning: incompatible implicit declaration of built-in function ‘abort’
 2781 |       abort ();     \
      |       ^~~~~
superopt.c:2769:1: note: in expansion of macro ‘GOAL_FUNCTION’
 2769 | GOAL_FUNCTION (ARITY, CODE)
      | ^~~~~~~~~~~~~
goal.def:32:1: note: in expansion of macro ‘DEF_GOAL’
   32 | DEF_GOAL (EQ,             2, "eq",          { r = v0 == v1; })
      | ^~~~~~~~
In file included from superopt.h:1445,
                 from superopt.c:25:
goal.def:1:1: note: include ‘<stdlib.h>’ or provide a declaration of ‘abort’
  +++ |+#include <stdlib.h>
    1 | /* This file contains the definitions and documentation for the goal functions
goal.def: In function ‘NE_func’:
superopt.c:2781:7: warning: incompatible implicit declaration of built-in function ‘abort’
 2781 |       abort ();     \
      |       ^~~~~
superopt.c:2769:1: note: in expansion of macro ‘GOAL_FUNCTION’
 2769 | GOAL_FUNCTION (ARITY, CODE)
      | ^~~~~~~~~~~~~
goal.def:33:1: note: in expansion of macro ‘DEF_GOAL’
   33 | DEF_GOAL (NE,             2, "ne",          { r = v0 != v1; })
      | ^~~~~~~~
superopt.c:2781:7: note: include ‘<stdlib.h>’ or provide a declaration of ‘abort’
 2781 |       abort ();     \
      |       ^~~~~
superopt.c:2769:1: note: in expansion of macro ‘GOAL_FUNCTION’
 2769 | GOAL_FUNCTION (ARITY, CODE)
      | ^~~~~~~~~~~~~
goal.def:33:1: note: in expansion of macro ‘DEF_GOAL’
   33 | DEF_GOAL (NE,             2, "ne",          { r = v0 != v1; })
      | ^~~~~~~~
goal.def: In function ‘LES_func’:
superopt.c:2781:7: warning: incompatible implicit declaration of built-in function ‘abort’
 2781 |       abort ();     \
      |       ^~~~~
superopt.c:2769:1: note: in expansion of macro ‘GOAL_FUNCTION’
 2769 | GOAL_FUNCTION (ARITY, CODE)
      | ^~~~~~~~~~~~~
goal.def:34:1: note: in expansion of macro ‘DEF_GOAL’
   34 | DEF_GOAL (LES,            2, "les",         { r = (signed_word) v0 <= (signed_word) v1; })
      | ^~~~~~~~
superopt.c:2781:7: note: include ‘<stdlib.h>’ or provide a declaration of ‘abort’
 2781 |       abort ();     \
      |       ^~~~~
superopt.c:2769:1: note: in expansion of macro ‘GOAL_FUNCTION’
 2769 | GOAL_FUNCTION (ARITY, CODE)
      | ^~~~~~~~~~~~~
goal.def:34:1: note: in expansion of macro ‘DEF_GOAL’
   34 | DEF_GOAL (LES,            2, "les",         { r = (signed_word) v0 <= (signed_word) v1; })
      | ^~~~~~~~
goal.def: In function ‘GES_func’:
superopt.c:2781:7: warning: incompatible implicit declaration of built-in function ‘abort’
 2781 |       abort ();     \
      |       ^~~~~
superopt.c:2769:1: note: in expansion of macro ‘GOAL_FUNCTION’
 2769 | GOAL_FUNCTION (ARITY, CODE)
      | ^~~~~~~~~~~~~
goal.def:35:1: note: in expansion of macro ‘DEF_GOAL’
   35 | DEF_GOAL (GES,            2, "ges",         { r = (signed_word) v0 >= (signed_word) v1; })
      | ^~~~~~~~
superopt.c:2781:7: note: include ‘<stdlib.h>’ or provide a declaration of ‘abort’
 2781 |       abort ();     \
      |       ^~~~~
superopt.c:2769:1: note: in expansion of macro ‘GOAL_FUNCTION’
 2769 | GOAL_FUNCTION (ARITY, CODE)
      | ^~~~~~~~~~~~~
goal.def:35:1: note: in expansion of macro ‘DEF_GOAL’
   35 | DEF_GOAL (GES,            2, "ges",         { r = (signed_word) v0 >= (signed_word) v1; })
      | ^~~~~~~~
goal.def: In function ‘LTS_func’:
superopt.c:2781:7: warning: incompatible implicit declaration of built-in function ‘abort’
 2781 |       abort ();     \
      |       ^~~~~
superopt.c:2769:1: note: in expansion of macro ‘GOAL_FUNCTION’
 2769 | GOAL_FUNCTION (ARITY, CODE)
      | ^~~~~~~~~~~~~
goal.def:36:1: note: in expansion of macro ‘DEF_GOAL’
   36 | DEF_GOAL (LTS,            2, "lts",         { r = (signed_word) v0 < (signed_word) v1; })
      | ^~~~~~~~
superopt.c:2781:7: note: include ‘<stdlib.h>’ or provide a declaration of ‘abort’
 2781 |       abort ();     \
      |       ^~~~~
superopt.c:2769:1: note: in expansion of macro ‘GOAL_FUNCTION’
 2769 | GOAL_FUNCTION (ARITY, CODE)
      | ^~~~~~~~~~~~~
goal.def:36:1: note: in expansion of macro ‘DEF_GOAL’
   36 | DEF_GOAL (LTS,            2, "lts",         { r = (signed_word) v0 < (signed_word) v1; })
      | ^~~~~~~~
goal.def: In function ‘GTS_func’:
superopt.c:2781:7: warning: incompatible implicit declaration of built-in function ‘abort’
 2781 |       abort ();     \
      |       ^~~~~
superopt.c:2769:1: note: in expansion of macro ‘GOAL_FUNCTION’
 2769 | GOAL_FUNCTION (ARITY, CODE)
      | ^~~~~~~~~~~~~
goal.def:37:1: note: in expansion of macro ‘DEF_GOAL’
   37 | DEF_GOAL (GTS,            2, "gts",         { r = (signed_word) v0 > (signed_word) v1; })
      | ^~~~~~~~
superopt.c:2781:7: note: include ‘<stdlib.h>’ or provide a declaration of ‘abort’
 2781 |       abort ();     \
      |       ^~~~~
superopt.c:2769:1: note: in expansion of macro ‘GOAL_FUNCTION’
 2769 | GOAL_FUNCTION (ARITY, CODE)
      | ^~~~~~~~~~~~~
goal.def:37:1: note: in expansion of macro ‘DEF_GOAL’
   37 | DEF_GOAL (GTS,            2, "gts",         { r = (signed_word) v0 > (signed_word) v1; })
      | ^~~~~~~~
goal.def: In function ‘LEU_func’:
superopt.c:2781:7: warning: incompatible implicit declaration of built-in function ‘abort’
 2781 |       abort ();     \
      |       ^~~~~
superopt.c:2769:1: note: in expansion of macro ‘GOAL_FUNCTION’
 2769 | GOAL_FUNCTION (ARITY, CODE)
      | ^~~~~~~~~~~~~
goal.def:38:1: note: in expansion of macro ‘DEF_GOAL’
   38 | DEF_GOAL (LEU,            2, "leu",         { r = (unsigned_word) v0 <= (unsigned_word) v1; })
      | ^~~~~~~~
superopt.c:2781:7: note: include ‘<stdlib.h>’ or provide a declaration of ‘abort’
 2781 |       abort ();     \
      |       ^~~~~
superopt.c:2769:1: note: in expansion of macro ‘GOAL_FUNCTION’
 2769 | GOAL_FUNCTION (ARITY, CODE)
      | ^~~~~~~~~~~~~
goal.def:38:1: note: in expansion of macro ‘DEF_GOAL’
   38 | DEF_GOAL (LEU,            2, "leu",         { r = (unsigned_word) v0 <= (unsigned_word) v1; })
      | ^~~~~~~~
goal.def: In function ‘GEU_func’:
superopt.c:2781:7: warning: incompatible implicit declaration of built-in function ‘abort’
 2781 |       abort ();     \
      |       ^~~~~
superopt.c:2769:1: note: in expansion of macro ‘GOAL_FUNCTION’
 2769 | GOAL_FUNCTION (ARITY, CODE)
      | ^~~~~~~~~~~~~
goal.def:39:1: note: in expansion of macro ‘DEF_GOAL’
   39 | DEF_GOAL (GEU,            2, "geu",         { r = (unsigned_word) v0 >= (unsigned_word) v1; })
      | ^~~~~~~~
superopt.c:2781:7: note: include ‘<stdlib.h>’ or provide a declaration of ‘abort’
 2781 |       abort ();     \
      |       ^~~~~
superopt.c:2769:1: note: in expansion of macro ‘GOAL_FUNCTION’
 2769 | GOAL_FUNCTION (ARITY, CODE)
      | ^~~~~~~~~~~~~
goal.def:39:1: note: in expansion of macro ‘DEF_GOAL’
   39 | DEF_GOAL (GEU,            2, "geu",         { r = (unsigned_word) v0 >= (unsigned_word) v1; })
      | ^~~~~~~~
goal.def: In function ‘LTU_func’:
superopt.c:2781:7: warning: incompatible implicit declaration of built-in function ‘abort’
 2781 |       abort ();     \
      |       ^~~~~
superopt.c:2769:1: note: in expansion of macro ‘GOAL_FUNCTION’
 2769 | GOAL_FUNCTION (ARITY, CODE)
      | ^~~~~~~~~~~~~
goal.def:40:1: note: in expansion of macro ‘DEF_GOAL’
   40 | DEF_GOAL (LTU,            2, "ltu",         { r = (unsigned_word) v0 < (unsigned_word) v1; })
      | ^~~~~~~~
superopt.c:2781:7: note: include ‘<stdlib.h>’ or provide a declaration of ‘abort’
 2781 |       abort ();     \
      |       ^~~~~
superopt.c:2769:1: note: in expansion of macro ‘GOAL_FUNCTION’
 2769 | GOAL_FUNCTION (ARITY, CODE)
      | ^~~~~~~~~~~~~
goal.def:40:1: note: in expansion of macro ‘DEF_GOAL’
   40 | DEF_GOAL (LTU,            2, "ltu",         { r = (unsigned_word) v0 < (unsigned_word) v1; })
      | ^~~~~~~~
goal.def: In function ‘GTU_func’:
superopt.c:2781:7: warning: incompatible implicit declaration of built-in function ‘abort’
 2781 |       abort ();     \
      |       ^~~~~
superopt.c:2769:1: note: in expansion of macro ‘GOAL_FUNCTION’
 2769 | GOAL_FUNCTION (ARITY, CODE)
      | ^~~~~~~~~~~~~
goal.def:41:1: note: in expansion of macro ‘DEF_GOAL’
   41 | DEF_GOAL (GTU,            2, "gtu",         { r = (unsigned_word) v0 > (unsigned_word) v1; })
      | ^~~~~~~~
superopt.c:2781:7: note: include ‘<stdlib.h>’ or provide a declaration of ‘abort’
 2781 |       abort ();     \
      |       ^~~~~
superopt.c:2769:1: note: in expansion of macro ‘GOAL_FUNCTION’
 2769 | GOAL_FUNCTION (ARITY, CODE)
      | ^~~~~~~~~~~~~
goal.def:41:1: note: in expansion of macro ‘DEF_GOAL’
   41 | DEF_GOAL (GTU,            2, "gtu",         { r = (unsigned_word) v0 > (unsigned_word) v1; })
      | ^~~~~~~~
goal.def: In function ‘LESU_func’:
superopt.c:2781:7: warning: incompatible implicit declaration of built-in function ‘abort’
 2781 |       abort ();     \
      |       ^~~~~
superopt.c:2769:1: note: in expansion of macro ‘GOAL_FUNCTION’
 2769 | GOAL_FUNCTION (ARITY, CODE)
      | ^~~~~~~~~~~~~
goal.def:42:1: note: in expansion of macro ‘DEF_GOAL’
   42 | DEF_GOAL (LESU,           2, "lesu",        { r = (signed_word) v0 < 0 || (unsigned_word) v0 <= (unsigned_word) v1; })
      | ^~~~~~~~
superopt.c:2781:7: note: include ‘<stdlib.h>’ or provide a declaration of ‘abort’
 2781 |       abort ();     \
      |       ^~~~~
superopt.c:2769:1: note: in expansion of macro ‘GOAL_FUNCTION’
 2769 | GOAL_FUNCTION (ARITY, CODE)
      | ^~~~~~~~~~~~~
goal.def:42:1: note: in expansion of macro ‘DEF_GOAL’
   42 | DEF_GOAL (LESU,           2, "lesu",        { r = (signed_word) v0 < 0 || (unsigned_word) v0 <= (unsigned_word) v1; })
      | ^~~~~~~~
goal.def: In function ‘GESU_func’:
superopt.c:2781:7: warning: incompatible implicit declaration of built-in function ‘abort’
 2781 |       abort ();     \
      |       ^~~~~
superopt.c:2769:1: note: in expansion of macro ‘GOAL_FUNCTION’
 2769 | GOAL_FUNCTION (ARITY, CODE)
      | ^~~~~~~~~~~~~
goal.def:43:1: note: in expansion of macro ‘DEF_GOAL’
   43 | DEF_GOAL (GESU,           2, "gesu",        { r = (signed_word) v0 >= 0 && (unsigned_word) v0 >= (unsigned_word) v1; })
      | ^~~~~~~~
superopt.c:2781:7: note: include ‘<stdlib.h>’ or provide a declaration of ‘abort’
 2781 |       abort ();     \
      |       ^~~~~
superopt.c:2769:1: note: in expansion of macro ‘GOAL_FUNCTION’
 2769 | GOAL_FUNCTION (ARITY, CODE)
      | ^~~~~~~~~~~~~
goal.def:43:1: note: in expansion of macro ‘DEF_GOAL’
   43 | DEF_GOAL (GESU,           2, "gesu",        { r = (signed_word) v0 >= 0 && (unsigned_word) v0 >= (unsigned_word) v1; })
      | ^~~~~~~~
goal.def: In function ‘LTSU_func’:
superopt.c:2781:7: warning: incompatible implicit declaration of built-in function ‘abort’
 2781 |       abort ();     \
      |       ^~~~~
superopt.c:2769:1: note: in expansion of macro ‘GOAL_FUNCTION’
 2769 | GOAL_FUNCTION (ARITY, CODE)
      | ^~~~~~~~~~~~~
goal.def:44:1: note: in expansion of macro ‘DEF_GOAL’
   44 | DEF_GOAL (LTSU,           2, "ltsu",        { r = (signed_word) v0 < 0 || (unsigned_word) v0 < (unsigned_word) v1; })
      | ^~~~~~~~
superopt.c:2781:7: note: include ‘<stdlib.h>’ or provide a declaration of ‘abort’
 2781 |       abort ();     \
      |       ^~~~~
superopt.c:2769:1: note: in expansion of macro ‘GOAL_FUNCTION’
 2769 | GOAL_FUNCTION (ARITY, CODE)
      | ^~~~~~~~~~~~~
goal.def:44:1: note: in expansion of macro ‘DEF_GOAL’
   44 | DEF_GOAL (LTSU,           2, "ltsu",        { r = (signed_word) v0 < 0 || (unsigned_word) v0 < (unsigned_word) v1; })
      | ^~~~~~~~
goal.def: In function ‘GTSU_func’:
superopt.c:2781:7: warning: incompatible implicit declaration of built-in function ‘abort’
 2781 |       abort ();     \
      |       ^~~~~
superopt.c:2769:1: note: in expansion of macro ‘GOAL_FUNCTION’
 2769 | GOAL_FUNCTION (ARITY, CODE)
      | ^~~~~~~~~~~~~
goal.def:45:1: note: in expansion of macro ‘DEF_GOAL’
   45 | DEF_GOAL (GTSU,           2, "gtsu",        { r = (signed_word) v0 >= 0 && (unsigned_word) v0 > (unsigned_word) v1; })
      | ^~~~~~~~
superopt.c:2781:7: note: include ‘<stdlib.h>’ or provide a declaration of ‘abort’
 2781 |       abort ();     \
      |       ^~~~~
superopt.c:2769:1: note: in expansion of macro ‘GOAL_FUNCTION’
 2769 | GOAL_FUNCTION (ARITY, CODE)
      | ^~~~~~~~~~~~~
goal.def:45:1: note: in expansion of macro ‘DEF_GOAL’
   45 | DEF_GOAL (GTSU,           2, "gtsu",        { r = (signed_word) v0 >= 0 && (unsigned_word) v0 > (unsigned_word) v1; })
      | ^~~~~~~~
goal.def: In function ‘EQ0_func’:
superopt.c:2781:7: warning: incompatible implicit declaration of built-in function ‘abort’
 2781 |       abort ();     \
      |       ^~~~~
superopt.c:2769:1: note: in expansion of macro ‘GOAL_FUNCTION’
 2769 | GOAL_FUNCTION (ARITY, CODE)
      | ^~~~~~~~~~~~~
goal.def:47:1: note: in expansion of macro ‘DEF_GOAL’
   47 | DEF_GOAL (EQ0,            1, "eq0",         { r = v0 == 0; })
      | ^~~~~~~~
superopt.c:2781:7: note: include ‘<stdlib.h>’ or provide a declaration of ‘abort’
 2781 |       abort ();     \
      |       ^~~~~
superopt.c:2769:1: note: in expansion of macro ‘GOAL_FUNCTION’
 2769 | GOAL_FUNCTION (ARITY, CODE)
      | ^~~~~~~~~~~~~
goal.def:47:1: note: in expansion of macro ‘DEF_GOAL’
   47 | DEF_GOAL (EQ0,            1, "eq0",         { r = v0 == 0; })
      | ^~~~~~~~
goal.def: In function ‘NE0_func’:
superopt.c:2781:7: warning: incompatible implicit declaration of built-in function ‘abort’
 2781 |       abort ();     \
      |       ^~~~~
superopt.c:2769:1: note: in expansion of macro ‘GOAL_FUNCTION’
 2769 | GOAL_FUNCTION (ARITY, CODE)
      | ^~~~~~~~~~~~~
goal.def:48:1: note: in expansion of macro ‘DEF_GOAL’
   48 | DEF_GOAL (NE0,            1, "ne0",         { r = v0 != 0; })
      | ^~~~~~~~
superopt.c:2781:7: note: include ‘<stdlib.h>’ or provide a declaration of ‘abort’
 2781 |       abort ();     \
      |       ^~~~~
superopt.c:2769:1: note: in expansion of macro ‘GOAL_FUNCTION’
 2769 | GOAL_FUNCTION (ARITY, CODE)
      | ^~~~~~~~~~~~~
goal.def:48:1: note: in expansion of macro ‘DEF_GOAL’
   48 | DEF_GOAL (NE0,            1, "ne0",         { r = v0 != 0; })
      | ^~~~~~~~
goal.def: In function ‘LES0_func’:
superopt.c:2781:7: warning: incompatible implicit declaration of built-in function ‘abort’
 2781 |       abort ();     \
      |       ^~~~~
superopt.c:2769:1: note: in expansion of macro ‘GOAL_FUNCTION’
 2769 | GOAL_FUNCTION (ARITY, CODE)
      | ^~~~~~~~~~~~~
goal.def:49:1: note: in expansion of macro ‘DEF_GOAL’
   49 | DEF_GOAL (LES0,           1, "les0",        { r = (signed_word) v0 <= 0; })
      | ^~~~~~~~
superopt.c:2781:7: note: include ‘<stdlib.h>’ or provide a declaration of ‘abort’
 2781 |       abort ();     \
      |       ^~~~~
superopt.c:2769:1: note: in expansion of macro ‘GOAL_FUNCTION’
 2769 | GOAL_FUNCTION (ARITY, CODE)
      | ^~~~~~~~~~~~~
goal.def:49:1: note: in expansion of macro ‘DEF_GOAL’
   49 | DEF_GOAL (LES0,           1, "les0",        { r = (signed_word) v0 <= 0; })
      | ^~~~~~~~
goal.def: In function ‘GES0_func’:
superopt.c:2781:7: warning: incompatible implicit declaration of built-in function ‘abort’
 2781 |       abort ();     \
      |       ^~~~~
superopt.c:2769:1: note: in expansion of macro ‘GOAL_FUNCTION’
 2769 | GOAL_FUNCTION (ARITY, CODE)
      | ^~~~~~~~~~~~~
goal.def:50:1: note: in expansion of macro ‘DEF_GOAL’
   50 | DEF_GOAL (GES0,           1, "ges0",        { r = (signed_word) v0 >= 0; })
      | ^~~~~~~~
superopt.c:2781:7: note: include ‘<stdlib.h>’ or provide a declaration of ‘abort’
 2781 |       abort ();     \
      |       ^~~~~
superopt.c:2769:1: note: in expansion of macro ‘GOAL_FUNCTION’
 2769 | GOAL_FUNCTION (ARITY, CODE)
      | ^~~~~~~~~~~~~
goal.def:50:1: note: in expansion of macro ‘DEF_GOAL’
   50 | DEF_GOAL (GES0,           1, "ges0",        { r = (signed_word) v0 >= 0; })
      | ^~~~~~~~
goal.def: In function ‘LTS0_func’:
superopt.c:2781:7: warning: incompatible implicit declaration of built-in function ‘abort’
 2781 |       abort ();     \
      |       ^~~~~
superopt.c:2769:1: note: in expansion of macro ‘GOAL_FUNCTION’
 2769 | GOAL_FUNCTION (ARITY, CODE)
      | ^~~~~~~~~~~~~
goal.def:51:1: note: in expansion of macro ‘DEF_GOAL’
   51 | DEF_GOAL (LTS0,           1, "lts0",        { r = (signed_word) v0 < 0; })
      | ^~~~~~~~
superopt.c:2781:7: note: include ‘<stdlib.h>’ or provide a declaration of ‘abort’
 2781 |       abort ();     \
      |       ^~~~~
superopt.c:2769:1: note: in expansion of macro ‘GOAL_FUNCTION’
 2769 | GOAL_FUNCTION (ARITY, CODE)
      | ^~~~~~~~~~~~~
goal.def:51:1: note: in expansion of macro ‘DEF_GOAL’
   51 | DEF_GOAL (LTS0,           1, "lts0",        { r = (signed_word) v0 < 0; })
      | ^~~~~~~~
goal.def: In function ‘GTS0_func’:
superopt.c:2781:7: warning: incompatible implicit declaration of built-in function ‘abort’
 2781 |       abort ();     \
      |       ^~~~~
superopt.c:2769:1: note: in expansion of macro ‘GOAL_FUNCTION’
 2769 | GOAL_FUNCTION (ARITY, CODE)
      | ^~~~~~~~~~~~~
goal.def:52:1: note: in expansion of macro ‘DEF_GOAL’
   52 | DEF_GOAL (GTS0,           1, "gts0",        { r = (signed_word) v0 > 0; })
      | ^~~~~~~~
superopt.c:2781:7: note: include ‘<stdlib.h>’ or provide a declaration of ‘abort’
 2781 |       abort ();     \
      |       ^~~~~
superopt.c:2769:1: note: in expansion of macro ‘GOAL_FUNCTION’
 2769 | GOAL_FUNCTION (ARITY, CODE)
      | ^~~~~~~~~~~~~
goal.def:52:1: note: in expansion of macro ‘DEF_GOAL’
   52 | DEF_GOAL (GTS0,           1, "gts0",        { r = (signed_word) v0 > 0; })
      | ^~~~~~~~
goal.def: In function ‘NEQ_func’:
superopt.c:2781:7: warning: incompatible implicit declaration of built-in function ‘abort’
 2781 |       abort ();     \
      |       ^~~~~
superopt.c:2769:1: note: in expansion of macro ‘GOAL_FUNCTION’
 2769 | GOAL_FUNCTION (ARITY, CODE)
      | ^~~~~~~~~~~~~
goal.def:54:1: note: in expansion of macro ‘DEF_GOAL’
   54 | DEF_GOAL (NEQ,            2, "neq",         { r = -(v0 == v1); })
      | ^~~~~~~~
superopt.c:2781:7: note: include ‘<stdlib.h>’ or provide a declaration of ‘abort’
 2781 |       abort ();     \
      |       ^~~~~
superopt.c:2769:1: note: in expansion of macro ‘GOAL_FUNCTION’
 2769 | GOAL_FUNCTION (ARITY, CODE)
      | ^~~~~~~~~~~~~
goal.def:54:1: note: in expansion of macro ‘DEF_GOAL’
   54 | DEF_GOAL (NEQ,            2, "neq",         { r = -(v0 == v1); })
      | ^~~~~~~~
goal.def: In function ‘NNE_func’:
superopt.c:2781:7: warning: incompatible implicit declaration of built-in function ‘abort’
 2781 |       abort ();     \
      |       ^~~~~
superopt.c:2769:1: note: in expansion of macro ‘GOAL_FUNCTION’
 2769 | GOAL_FUNCTION (ARITY, CODE)
      | ^~~~~~~~~~~~~
goal.def:55:1: note: in expansion of macro ‘DEF_GOAL’
   55 | DEF_GOAL (NNE,            2, "nne",         { r = -(v0 != v1); })
      | ^~~~~~~~
superopt.c:2781:7: note: include ‘<stdlib.h>’ or provide a declaration of ‘abort’
 2781 |       abort ();     \
      |       ^~~~~
superopt.c:2769:1: note: in expansion of macro ‘GOAL_FUNCTION’
 2769 | GOAL_FUNCTION (ARITY, CODE)
      | ^~~~~~~~~~~~~
goal.def:55:1: note: in expansion of macro ‘DEF_GOAL’
   55 | DEF_GOAL (NNE,            2, "nne",         { r = -(v0 != v1); })
      | ^~~~~~~~
goal.def: In function ‘NLES_func’:
superopt.c:2781:7: warning: incompatible implicit declaration of built-in function ‘abort’
 2781 |       abort ();     \
      |       ^~~~~
superopt.c:2769:1: note: in expansion of macro ‘GOAL_FUNCTION’
 2769 | GOAL_FUNCTION (ARITY, CODE)
      | ^~~~~~~~~~~~~
goal.def:56:1: note: in expansion of macro ‘DEF_GOAL’
   56 | DEF_GOAL (NLES,           2, "nles",        { r = -((signed_word) v0 <= (signed_word) v1); })
      | ^~~~~~~~
superopt.c:2781:7: note: include ‘<stdlib.h>’ or provide a declaration of ‘abort’
 2781 |       abort ();     \
      |       ^~~~~
superopt.c:2769:1: note: in expansion of macro ‘GOAL_FUNCTION’
 2769 | GOAL_FUNCTION (ARITY, CODE)
      | ^~~~~~~~~~~~~
goal.def:56:1: note: in expansion of macro ‘DEF_GOAL’
   56 | DEF_GOAL (NLES,           2, "nles",        { r = -((signed_word) v0 <= (signed_word) v1); })
      | ^~~~~~~~
goal.def: In function ‘NGES_func’:
superopt.c:2781:7: warning: incompatible implicit declaration of built-in function ‘abort’
 2781 |       abort ();     \
      |       ^~~~~
superopt.c:2769:1: note: in expansion of macro ‘GOAL_FUNCTION’
 2769 | GOAL_FUNCTION (ARITY, CODE)
      | ^~~~~~~~~~~~~
goal.def:57:1: note: in expansion of macro ‘DEF_GOAL’
   57 | DEF_GOAL (NGES,           2, "nges",        { r = -((signed_word) v0 >= (signed_word) v1); })
      | ^~~~~~~~
superopt.c:2781:7: note: include ‘<stdlib.h>’ or provide a declaration of ‘abort’
 2781 |       abort ();     \
      |       ^~~~~
superopt.c:2769:1: note: in expansion of macro ‘GOAL_FUNCTION’
 2769 | GOAL_FUNCTION (ARITY, CODE)
      | ^~~~~~~~~~~~~
goal.def:57:1: note: in expansion of macro ‘DEF_GOAL’
   57 | DEF_GOAL (NGES,           2, "nges",        { r = -((signed_word) v0 >= (signed_word) v1); })
      | ^~~~~~~~
goal.def: In function ‘NLTS_func’:
superopt.c:2781:7: warning: incompatible implicit declaration of built-in function ‘abort’
 2781 |       abort ();     \
      |       ^~~~~
superopt.c:2769:1: note: in expansion of macro ‘GOAL_FUNCTION’
 2769 | GOAL_FUNCTION (ARITY, CODE)
      | ^~~~~~~~~~~~~
goal.def:58:1: note: in expansion of macro ‘DEF_GOAL’
   58 | DEF_GOAL (NLTS,           2, "nlts",        { r = -((signed_word) v0 < (signed_word) v1); })
      | ^~~~~~~~
superopt.c:2781:7: note: include ‘<stdlib.h>’ or provide a declaration of ‘abort’
 2781 |       abort ();     \
      |       ^~~~~
superopt.c:2769:1: note: in expansion of macro ‘GOAL_FUNCTION’
 2769 | GOAL_FUNCTION (ARITY, CODE)
      | ^~~~~~~~~~~~~
goal.def:58:1: note: in expansion of macro ‘DEF_GOAL’
   58 | DEF_GOAL (NLTS,           2, "nlts",        { r = -((signed_word) v0 < (signed_word) v1); })
      | ^~~~~~~~
goal.def: In function ‘NGTS_func’:
superopt.c:2781:7: warning: incompatible implicit declaration of built-in function ‘abort’
 2781 |       abort ();     \
      |       ^~~~~
superopt.c:2769:1: note: in expansion of macro ‘GOAL_FUNCTION’
 2769 | GOAL_FUNCTION (ARITY, CODE)
      | ^~~~~~~~~~~~~
goal.def:59:1: note: in expansion of macro ‘DEF_GOAL’
   59 | DEF_GOAL (NGTS,           2, "ngts",        { r = -((signed_word) v0 > (signed_word) v1); })
      | ^~~~~~~~
superopt.c:2781:7: note: include ‘<stdlib.h>’ or provide a declaration of ‘abort’
 2781 |       abort ();     \
      |       ^~~~~
superopt.c:2769:1: note: in expansion of macro ‘GOAL_FUNCTION’
 2769 | GOAL_FUNCTION (ARITY, CODE)
      | ^~~~~~~~~~~~~
goal.def:59:1: note: in expansion of macro ‘DEF_GOAL’
   59 | DEF_GOAL (NGTS,           2, "ngts",        { r = -((signed_word) v0 > (signed_word) v1); })
      | ^~~~~~~~
goal.def: In function ‘NLEU_func’:
superopt.c:2781:7: warning: incompatible implicit declaration of built-in function ‘abort’
 2781 |       abort ();     \
      |       ^~~~~
superopt.c:2769:1: note: in expansion of macro ‘GOAL_FUNCTION’
 2769 | GOAL_FUNCTION (ARITY, CODE)
      | ^~~~~~~~~~~~~
goal.def:60:1: note: in expansion of macro ‘DEF_GOAL’
   60 | DEF_GOAL (NLEU,           2, "nleu",        { r = -((unsigned_word) v0 <= (unsigned_word) v1); })
      | ^~~~~~~~
superopt.c:2781:7: note: include ‘<stdlib.h>’ or provide a declaration of ‘abort’
 2781 |       abort ();     \
      |       ^~~~~
superopt.c:2769:1: note: in expansion of macro ‘GOAL_FUNCTION’
 2769 | GOAL_FUNCTION (ARITY, CODE)
      | ^~~~~~~~~~~~~
goal.def:60:1: note: in expansion of macro ‘DEF_GOAL’
   60 | DEF_GOAL (NLEU,           2, "nleu",        { r = -((unsigned_word) v0 <= (unsigned_word) v1); })
      | ^~~~~~~~
goal.def: In function ‘NGEU_func’:
superopt.c:2781:7: warning: incompatible implicit declaration of built-in function ‘abort’
 2781 |       abort ();     \
      |       ^~~~~
superopt.c:2769:1: note: in expansion of macro ‘GOAL_FUNCTION’
 2769 | GOAL_FUNCTION (ARITY, CODE)
      | ^~~~~~~~~~~~~
goal.def:61:1: note: in expansion of macro ‘DEF_GOAL’
   61 | DEF_GOAL (NGEU,           2, "ngeu",        { r = -((unsigned_word) v0 >= (unsigned_word) v1); })
      | ^~~~~~~~
superopt.c:2781:7: note: include ‘<stdlib.h>’ or provide a declaration of ‘abort’
 2781 |       abort ();     \
      |       ^~~~~
superopt.c:2769:1: note: in expansion of macro ‘GOAL_FUNCTION’
 2769 | GOAL_FUNCTION (ARITY, CODE)
      | ^~~~~~~~~~~~~
goal.def:61:1: note: in expansion of macro ‘DEF_GOAL’
   61 | DEF_GOAL (NGEU,           2, "ngeu",        { r = -((unsigned_word) v0 >= (unsigned_word) v1); })
      | ^~~~~~~~
goal.def: In function ‘NLTU_func’:
superopt.c:2781:7: warning: incompatible implicit declaration of built-in function ‘abort’
 2781 |       abort ();     \
      |       ^~~~~
superopt.c:2769:1: note: in expansion of macro ‘GOAL_FUNCTION’
 2769 | GOAL_FUNCTION (ARITY, CODE)
      | ^~~~~~~~~~~~~
goal.def:62:1: note: in expansion of macro ‘DEF_GOAL’
   62 | DEF_GOAL (NLTU,           2, "nltu",        { r = -((unsigned_word) v0 < (unsigned_word) v1); })
      | ^~~~~~~~
superopt.c:2781:7: note: include ‘<stdlib.h>’ or provide a declaration of ‘abort’
 2781 |       abort ();     \
      |       ^~~~~
superopt.c:2769:1: note: in expansion of macro ‘GOAL_FUNCTION’
 2769 | GOAL_FUNCTION (ARITY, CODE)
      | ^~~~~~~~~~~~~
goal.def:62:1: note: in expansion of macro ‘DEF_GOAL’
   62 | DEF_GOAL (NLTU,           2, "nltu",        { r = -((unsigned_word) v0 < (unsigned_word) v1); })
      | ^~~~~~~~
goal.def: In function ‘NGTU_func’:
superopt.c:2781:7: warning: incompatible implicit declaration of built-in function ‘abort’
 2781 |       abort ();     \
      |       ^~~~~
superopt.c:2769:1: note: in expansion of macro ‘GOAL_FUNCTION’
 2769 | GOAL_FUNCTION (ARITY, CODE)
      | ^~~~~~~~~~~~~
goal.def:63:1: note: in expansion of macro ‘DEF_GOAL’
   63 | DEF_GOAL (NGTU,           2, "ngtu",        { r = -((unsigned_word) v0 > (unsigned_word) v1); })
      | ^~~~~~~~
superopt.c:2781:7: note: include ‘<stdlib.h>’ or provide a declaration of ‘abort’
 2781 |       abort ();     \
      |       ^~~~~
superopt.c:2769:1: note: in expansion of macro ‘GOAL_FUNCTION’
 2769 | GOAL_FUNCTION (ARITY, CODE)
      | ^~~~~~~~~~~~~
goal.def:63:1: note: in expansion of macro ‘DEF_GOAL’
   63 | DEF_GOAL (NGTU,           2, "ngtu",        { r = -((unsigned_word) v0 > (unsigned_word) v1); })
      | ^~~~~~~~
goal.def: In function ‘NEQ0_func’:
superopt.c:2781:7: warning: incompatible implicit declaration of built-in function ‘abort’
 2781 |       abort ();     \
      |       ^~~~~
superopt.c:2769:1: note: in expansion of macro ‘GOAL_FUNCTION’
 2769 | GOAL_FUNCTION (ARITY, CODE)
      | ^~~~~~~~~~~~~
goal.def:65:1: note: in expansion of macro ‘DEF_GOAL’
   65 | DEF_GOAL (NEQ0,           1, "neq0",        { r = -(v0 == 0); })
      | ^~~~~~~~
superopt.c:2781:7: note: include ‘<stdlib.h>’ or provide a declaration of ‘abort’
 2781 |       abort ();     \
      |       ^~~~~
superopt.c:2769:1: note: in expansion of macro ‘GOAL_FUNCTION’
 2769 | GOAL_FUNCTION (ARITY, CODE)
      | ^~~~~~~~~~~~~
goal.def:65:1: note: in expansion of macro ‘DEF_GOAL’
   65 | DEF_GOAL (NEQ0,           1, "neq0",        { r = -(v0 == 0); })
      | ^~~~~~~~
goal.def: In function ‘NNE0_func’:
superopt.c:2781:7: warning: incompatible implicit declaration of built-in function ‘abort’
 2781 |       abort ();     \
      |       ^~~~~
superopt.c:2769:1: note: in expansion of macro ‘GOAL_FUNCTION’
 2769 | GOAL_FUNCTION (ARITY, CODE)
      | ^~~~~~~~~~~~~
goal.def:66:1: note: in expansion of macro ‘DEF_GOAL’
   66 | DEF_GOAL (NNE0,           1, "nne0",        { r = -(v0 != 0); })
      | ^~~~~~~~
superopt.c:2781:7: note: include ‘<stdlib.h>’ or provide a declaration of ‘abort’
 2781 |       abort ();     \
      |       ^~~~~
superopt.c:2769:1: note: in expansion of macro ‘GOAL_FUNCTION’
 2769 | GOAL_FUNCTION (ARITY, CODE)
      | ^~~~~~~~~~~~~
goal.def:66:1: note: in expansion of macro ‘DEF_GOAL’
   66 | DEF_GOAL (NNE0,           1, "nne0",        { r = -(v0 != 0); })
      | ^~~~~~~~
goal.def: In function ‘NLES0_func’:
superopt.c:2781:7: warning: incompatible implicit declaration of built-in function ‘abort’
 2781 |       abort ();     \
      |       ^~~~~
superopt.c:2769:1: note: in expansion of macro ‘GOAL_FUNCTION’
 2769 | GOAL_FUNCTION (ARITY, CODE)
      | ^~~~~~~~~~~~~
goal.def:67:1: note: in expansion of macro ‘DEF_GOAL’
   67 | DEF_GOAL (NLES0,          1, "nles0",       { r = -((signed_word) v0 <= 0); })
      | ^~~~~~~~
superopt.c:2781:7: note: include ‘<stdlib.h>’ or provide a declaration of ‘abort’
 2781 |       abort ();     \
      |       ^~~~~
superopt.c:2769:1: note: in expansion of macro ‘GOAL_FUNCTION’
 2769 | GOAL_FUNCTION (ARITY, CODE)
      | ^~~~~~~~~~~~~
goal.def:67:1: note: in expansion of macro ‘DEF_GOAL’
   67 | DEF_GOAL (NLES0,          1, "nles0",       { r = -((signed_word) v0 <= 0); })
      | ^~~~~~~~
goal.def: In function ‘NGES0_func’:
superopt.c:2781:7: warning: incompatible implicit declaration of built-in function ‘abort’
 2781 |       abort ();     \
      |       ^~~~~
superopt.c:2769:1: note: in expansion of macro ‘GOAL_FUNCTION’
 2769 | GOAL_FUNCTION (ARITY, CODE)
      | ^~~~~~~~~~~~~
goal.def:68:1: note: in expansion of macro ‘DEF_GOAL’
   68 | DEF_GOAL (NGES0,          1, "nges0",       { r = -((signed_word) v0 >= 0); })
      | ^~~~~~~~
superopt.c:2781:7: note: include ‘<stdlib.h>’ or provide a declaration of ‘abort’
 2781 |       abort ();     \
      |       ^~~~~
superopt.c:2769:1: note: in expansion of macro ‘GOAL_FUNCTION’
 2769 | GOAL_FUNCTION (ARITY, CODE)
      | ^~~~~~~~~~~~~
goal.def:68:1: note: in expansion of macro ‘DEF_GOAL’
   68 | DEF_GOAL (NGES0,          1, "nges0",       { r = -((signed_word) v0 >= 0); })
      | ^~~~~~~~
goal.def: In function ‘NLTS0_func’:
superopt.c:2781:7: warning: incompatible implicit declaration of built-in function ‘abort’
 2781 |       abort ();     \
      |       ^~~~~
superopt.c:2769:1: note: in expansion of macro ‘GOAL_FUNCTION’
 2769 | GOAL_FUNCTION (ARITY, CODE)
      | ^~~~~~~~~~~~~
goal.def:69:1: note: in expansion of macro ‘DEF_GOAL’
   69 | DEF_GOAL (NLTS0,          1, "nlts0",       { r = -((signed_word) v0 < 0); })
      | ^~~~~~~~
superopt.c:2781:7: note: include ‘<stdlib.h>’ or provide a declaration of ‘abort’
 2781 |       abort ();     \
      |       ^~~~~
superopt.c:2769:1: note: in expansion of macro ‘GOAL_FUNCTION’
 2769 | GOAL_FUNCTION (ARITY, CODE)
      | ^~~~~~~~~~~~~
goal.def:69:1: note: in expansion of macro ‘DEF_GOAL’
   69 | DEF_GOAL (NLTS0,          1, "nlts0",       { r = -((signed_word) v0 < 0); })
      | ^~~~~~~~
goal.def: In function ‘NGTS0_func’:
superopt.c:2781:7: warning: incompatible implicit declaration of built-in function ‘abort’
 2781 |       abort ();     \
      |       ^~~~~
superopt.c:2769:1: note: in expansion of macro ‘GOAL_FUNCTION’
 2769 | GOAL_FUNCTION (ARITY, CODE)
      | ^~~~~~~~~~~~~
goal.def:70:1: note: in expansion of macro ‘DEF_GOAL’
   70 | DEF_GOAL (NGTS0,          1, "ngts0",       { r = -((signed_word) v0 > 0); })
      | ^~~~~~~~
superopt.c:2781:7: note: include ‘<stdlib.h>’ or provide a declaration of ‘abort’
 2781 |       abort ();     \
      |       ^~~~~
superopt.c:2769:1: note: in expansion of macro ‘GOAL_FUNCTION’
 2769 | GOAL_FUNCTION (ARITY, CODE)
      | ^~~~~~~~~~~~~
goal.def:70:1: note: in expansion of macro ‘DEF_GOAL’
   70 | DEF_GOAL (NGTS0,          1, "ngts0",       { r = -((signed_word) v0 > 0); })
      | ^~~~~~~~
goal.def: In function ‘EQ80000000_func’:
superopt.c:2781:7: warning: incompatible implicit declaration of built-in function ‘abort’
 2781 |       abort ();     \
      |       ^~~~~
superopt.c:2769:1: note: in expansion of macro ‘GOAL_FUNCTION’
 2769 | GOAL_FUNCTION (ARITY, CODE)
      | ^~~~~~~~~~~~~
goal.def:72:1: note: in expansion of macro ‘DEF_GOAL’
   72 | DEF_GOAL (EQ80000000,            2, "eq80000000",         { r = 0x80000000 & -(v0 == v1); })
      | ^~~~~~~~
superopt.c:2781:7: note: include ‘<stdlib.h>’ or provide a declaration of ‘abort’
 2781 |       abort ();     \
      |       ^~~~~
superopt.c:2769:1: note: in expansion of macro ‘GOAL_FUNCTION’
 2769 | GOAL_FUNCTION (ARITY, CODE)
      | ^~~~~~~~~~~~~
goal.def:72:1: note: in expansion of macro ‘DEF_GOAL’
   72 | DEF_GOAL (EQ80000000,            2, "eq80000000",         { r = 0x80000000 & -(v0 == v1); })
      | ^~~~~~~~
goal.def: In function ‘NE80000000_func’:
superopt.c:2781:7: warning: incompatible implicit declaration of built-in function ‘abort’
 2781 |       abort ();     \
      |       ^~~~~
superopt.c:2769:1: note: in expansion of macro ‘GOAL_FUNCTION’
 2769 | GOAL_FUNCTION (ARITY, CODE)
      | ^~~~~~~~~~~~~
goal.def:73:1: note: in expansion of macro ‘DEF_GOAL’
   73 | DEF_GOAL (NE80000000,            2, "ne80000000",         { r = 0x80000000 & -(v0 != v1); })
      | ^~~~~~~~
superopt.c:2781:7: note: include ‘<stdlib.h>’ or provide a declaration of ‘abort’
 2781 |       abort ();     \
      |       ^~~~~
superopt.c:2769:1: note: in expansion of macro ‘GOAL_FUNCTION’
 2769 | GOAL_FUNCTION (ARITY, CODE)
      | ^~~~~~~~~~~~~
goal.def:73:1: note: in expansion of macro ‘DEF_GOAL’
   73 | DEF_GOAL (NE80000000,            2, "ne80000000",         { r = 0x80000000 & -(v0 != v1); })
      | ^~~~~~~~
goal.def: In function ‘LES80000000_func’:
superopt.c:2781:7: warning: incompatible implicit declaration of built-in function ‘abort’
 2781 |       abort ();     \
      |       ^~~~~
superopt.c:2769:1: note: in expansion of macro ‘GOAL_FUNCTION’
 2769 | GOAL_FUNCTION (ARITY, CODE)
      | ^~~~~~~~~~~~~
goal.def:74:1: note: in expansion of macro ‘DEF_GOAL’
   74 | DEF_GOAL (LES80000000,           2, "les80000000",        { r = 0x80000000 & -((signed_word) v0 <= (signed_word) v1); })
      | ^~~~~~~~
superopt.c:2781:7: note: include ‘<stdlib.h>’ or provide a declaration of ‘abort’
 2781 |       abort ();     \
      |       ^~~~~
superopt.c:2769:1: note: in expansion of macro ‘GOAL_FUNCTION’
 2769 | GOAL_FUNCTION (ARITY, CODE)
      | ^~~~~~~~~~~~~
goal.def:74:1: note: in expansion of macro ‘DEF_GOAL’
   74 | DEF_GOAL (LES80000000,           2, "les80000000",        { r = 0x80000000 & -((signed_word) v0 <= (signed_word) v1); })
      | ^~~~~~~~
goal.def: In function ‘GES80000000_func’:
superopt.c:2781:7: warning: incompatible implicit declaration of built-in function ‘abort’
 2781 |       abort ();     \
      |       ^~~~~
superopt.c:2769:1: note: in expansion of macro ‘GOAL_FUNCTION’
 2769 | GOAL_FUNCTION (ARITY, CODE)
      | ^~~~~~~~~~~~~
goal.def:75:1: note: in expansion of macro ‘DEF_GOAL’
   75 | DEF_GOAL (GES80000000,    2, "ges80000000",   { r = 0x80000000 & -((signed_word) v0 >= (signed_word) v1); })
      | ^~~~~~~~
superopt.c:2781:7: note: include ‘<stdlib.h>’ or provide a declaration of ‘abort’
 2781 |       abort ();     \
      |       ^~~~~
superopt.c:2769:1: note: in expansion of macro ‘GOAL_FUNCTION’
 2769 | GOAL_FUNCTION (ARITY, CODE)
      | ^~~~~~~~~~~~~
goal.def:75:1: note: in expansion of macro ‘DEF_GOAL’
   75 | DEF_GOAL (GES80000000,    2, "ges80000000",   { r = 0x80000000 & -((signed_word) v0 >= (signed_word) v1); })
      | ^~~~~~~~
goal.def: In function ‘LTS80000000_func’:
superopt.c:2781:7: warning: incompatible implicit declaration of built-in function ‘abort’
 2781 |       abort ();     \
      |       ^~~~~
superopt.c:2769:1: note: in expansion of macro ‘GOAL_FUNCTION’
 2769 | GOAL_FUNCTION (ARITY, CODE)
      | ^~~~~~~~~~~~~
goal.def:76:1: note: in expansion of macro ‘DEF_GOAL’
   76 | DEF_GOAL (LTS80000000,    2, "lts80000000",   { r = 0x80000000 & -((signed_word) v0 < (signed_word) v1); })
      | ^~~~~~~~
superopt.c:2781:7: note: include ‘<stdlib.h>’ or provide a declaration of ‘abort’
 2781 |       abort ();     \
      |       ^~~~~
superopt.c:2769:1: note: in expansion of macro ‘GOAL_FUNCTION’
 2769 | GOAL_FUNCTION (ARITY, CODE)
      | ^~~~~~~~~~~~~
goal.def:76:1: note: in expansion of macro ‘DEF_GOAL’
   76 | DEF_GOAL (LTS80000000,    2, "lts80000000",   { r = 0x80000000 & -((signed_word) v0 < (signed_word) v1); })
      | ^~~~~~~~
goal.def: In function ‘GTS80000000_func’:
superopt.c:2781:7: warning: incompatible implicit declaration of built-in function ‘abort’
 2781 |       abort ();     \
      |       ^~~~~
superopt.c:2769:1: note: in expansion of macro ‘GOAL_FUNCTION’
 2769 | GOAL_FUNCTION (ARITY, CODE)
      | ^~~~~~~~~~~~~
goal.def:77:1: note: in expansion of macro ‘DEF_GOAL’
   77 | DEF_GOAL (GTS80000000,    2, "gts80000000",   { r = 0x80000000 & -((signed_word) v0 > (signed_word) v1); })
      | ^~~~~~~~
superopt.c:2781:7: note: include ‘<stdlib.h>’ or provide a declaration of ‘abort’
 2781 |       abort ();     \
      |       ^~~~~
superopt.c:2769:1: note: in expansion of macro ‘GOAL_FUNCTION’
 2769 | GOAL_FUNCTION (ARITY, CODE)
      | ^~~~~~~~~~~~~
goal.def:77:1: note: in expansion of macro ‘DEF_GOAL’
   77 | DEF_GOAL (GTS80000000,    2, "gts80000000",   { r = 0x80000000 & -((signed_word) v0 > (signed_word) v1); })
      | ^~~~~~~~
goal.def: In function ‘LEU80000000_func’:
superopt.c:2781:7: warning: incompatible implicit declaration of built-in function ‘abort’
 2781 |       abort ();     \
      |       ^~~~~
superopt.c:2769:1: note: in expansion of macro ‘GOAL_FUNCTION’
 2769 | GOAL_FUNCTION (ARITY, CODE)
      | ^~~~~~~~~~~~~
goal.def:78:1: note: in expansion of macro ‘DEF_GOAL’
   78 | DEF_GOAL (LEU80000000,    2, "leu80000000",   { r = 0x80000000 & -((unsigned_word) v0 <= (unsigned_word) v1); })
      | ^~~~~~~~
superopt.c:2781:7: note: include ‘<stdlib.h>’ or provide a declaration of ‘abort’
 2781 |       abort ();     \
      |       ^~~~~
superopt.c:2769:1: note: in expansion of macro ‘GOAL_FUNCTION’
 2769 | GOAL_FUNCTION (ARITY, CODE)
      | ^~~~~~~~~~~~~
goal.def:78:1: note: in expansion of macro ‘DEF_GOAL’
   78 | DEF_GOAL (LEU80000000,    2, "leu80000000",   { r = 0x80000000 & -((unsigned_word) v0 <= (unsigned_word) v1); })
      | ^~~~~~~~
goal.def: In function ‘GEU80000000_func’:
superopt.c:2781:7: warning: incompatible implicit declaration of built-in function ‘abort’
 2781 |       abort ();     \
      |       ^~~~~
superopt.c:2769:1: note: in expansion of macro ‘GOAL_FUNCTION’
 2769 | GOAL_FUNCTION (ARITY, CODE)
      | ^~~~~~~~~~~~~
goal.def:79:1: note: in expansion of macro ‘DEF_GOAL’
   79 | DEF_GOAL (GEU80000000,    2, "geu80000000",   { r = 0x80000000 & -((unsigned_word) v0 >= (unsigned_word) v1); })
      | ^~~~~~~~
superopt.c:2781:7: note: include ‘<stdlib.h>’ or provide a declaration of ‘abort’
 2781 |       abort ();     \
      |       ^~~~~
superopt.c:2769:1: note: in expansion of macro ‘GOAL_FUNCTION’
 2769 | GOAL_FUNCTION (ARITY, CODE)
      | ^~~~~~~~~~~~~
goal.def:79:1: note: in expansion of macro ‘DEF_GOAL’
   79 | DEF_GOAL (GEU80000000,    2, "geu80000000",   { r = 0x80000000 & -((unsigned_word) v0 >= (unsigned_word) v1); })
      | ^~~~~~~~
goal.def: In function ‘LTU80000000_func’:
superopt.c:2781:7: warning: incompatible implicit declaration of built-in function ‘abort’
 2781 |       abort ();     \
      |       ^~~~~
superopt.c:2769:1: note: in expansion of macro ‘GOAL_FUNCTION’
 2769 | GOAL_FUNCTION (ARITY, CODE)
      | ^~~~~~~~~~~~~
goal.def:80:1: note: in expansion of macro ‘DEF_GOAL’
   80 | DEF_GOAL (LTU80000000,    2, "ltu80000000",   { r = 0x80000000 & -((unsigned_word) v0 < (unsigned_word) v1); })
      | ^~~~~~~~
superopt.c:2781:7: note: include ‘<stdlib.h>’ or provide a declaration of ‘abort’
 2781 |       abort ();     \
      |       ^~~~~
superopt.c:2769:1: note: in expansion of macro ‘GOAL_FUNCTION’
 2769 | GOAL_FUNCTION (ARITY, CODE)
      | ^~~~~~~~~~~~~
goal.def:80:1: note: in expansion of macro ‘DEF_GOAL’
   80 | DEF_GOAL (LTU80000000,    2, "ltu80000000",   { r = 0x80000000 & -((unsigned_word) v0 < (unsigned_word) v1); })
      | ^~~~~~~~
goal.def: In function ‘GTU80000000_func’:
superopt.c:2781:7: warning: incompatible implicit declaration of built-in function ‘abort’
 2781 |       abort ();     \
      |       ^~~~~
superopt.c:2769:1: note: in expansion of macro ‘GOAL_FUNCTION’
 2769 | GOAL_FUNCTION (ARITY, CODE)
      | ^~~~~~~~~~~~~
goal.def:81:1: note: in expansion of macro ‘DEF_GOAL’
   81 | DEF_GOAL (GTU80000000,    2, "gtu80000000",   { r = 0x80000000 & -((unsigned_word) v0 > (unsigned_word) v1); })
      | ^~~~~~~~
superopt.c:2781:7: note: include ‘<stdlib.h>’ or provide a declaration of ‘abort’
 2781 |       abort ();     \
      |       ^~~~~
superopt.c:2769:1: note: in expansion of macro ‘GOAL_FUNCTION’
 2769 | GOAL_FUNCTION (ARITY, CODE)
      | ^~~~~~~~~~~~~
goal.def:81:1: note: in expansion of macro ‘DEF_GOAL’
   81 | DEF_GOAL (GTU80000000,    2, "gtu80000000",   { r = 0x80000000 & -((unsigned_word) v0 > (unsigned_word) v1); })
      | ^~~~~~~~
goal.def: In function ‘EQ080000000_func’:
superopt.c:2781:7: warning: incompatible implicit declaration of built-in function ‘abort’
 2781 |       abort ();     \
      |       ^~~~~
superopt.c:2769:1: note: in expansion of macro ‘GOAL_FUNCTION’
 2769 | GOAL_FUNCTION (ARITY, CODE)
      | ^~~~~~~~~~~~~
goal.def:83:1: note: in expansion of macro ‘DEF_GOAL’
   83 | DEF_GOAL (EQ080000000,    1, "eq080000000",   { r = 0x80000000 & -(v0 == 0); })
      | ^~~~~~~~
superopt.c:2781:7: note: include ‘<stdlib.h>’ or provide a declaration of ‘abort’
 2781 |       abort ();     \
      |       ^~~~~
superopt.c:2769:1: note: in expansion of macro ‘GOAL_FUNCTION’
 2769 | GOAL_FUNCTION (ARITY, CODE)
      | ^~~~~~~~~~~~~
goal.def:83:1: note: in expansion of macro ‘DEF_GOAL’
   83 | DEF_GOAL (EQ080000000,    1, "eq080000000",   { r = 0x80000000 & -(v0 == 0); })
      | ^~~~~~~~
goal.def: In function ‘NE080000000_func’:
superopt.c:2781:7: warning: incompatible implicit declaration of built-in function ‘abort’
 2781 |       abort ();     \
      |       ^~~~~
superopt.c:2769:1: note: in expansion of macro ‘GOAL_FUNCTION’
 2769 | GOAL_FUNCTION (ARITY, CODE)
      | ^~~~~~~~~~~~~
goal.def:84:1: note: in expansion of macro ‘DEF_GOAL’
   84 | DEF_GOAL (NE080000000,    1, "ne080000000",   { r = 0x80000000 & -(v0 != 0); })
      | ^~~~~~~~
superopt.c:2781:7: note: include ‘<stdlib.h>’ or provide a declaration of ‘abort’
 2781 |       abort ();     \
      |       ^~~~~
superopt.c:2769:1: note: in expansion of macro ‘GOAL_FUNCTION’
 2769 | GOAL_FUNCTION (ARITY, CODE)
      | ^~~~~~~~~~~~~
goal.def:84:1: note: in expansion of macro ‘DEF_GOAL’
   84 | DEF_GOAL (NE080000000,    1, "ne080000000",   { r = 0x80000000 & -(v0 != 0); })
      | ^~~~~~~~
goal.def: In function ‘LES080000000_func’:
superopt.c:2781:7: warning: incompatible implicit declaration of built-in function ‘abort’
 2781 |       abort ();     \
      |       ^~~~~
superopt.c:2769:1: note: in expansion of macro ‘GOAL_FUNCTION’
 2769 | GOAL_FUNCTION (ARITY, CODE)
      | ^~~~~~~~~~~~~
goal.def:85:1: note: in expansion of macro ‘DEF_GOAL’
   85 | DEF_GOAL (LES080000000,   1, "les080000000",  { r = 0x80000000 & -((signed_word) v0 <= 0); })
      | ^~~~~~~~
superopt.c:2781:7: note: include ‘<stdlib.h>’ or provide a declaration of ‘abort’
 2781 |       abort ();     \
      |       ^~~~~
superopt.c:2769:1: note: in expansion of macro ‘GOAL_FUNCTION’
 2769 | GOAL_FUNCTION (ARITY, CODE)
      | ^~~~~~~~~~~~~
goal.def:85:1: note: in expansion of macro ‘DEF_GOAL’
   85 | DEF_GOAL (LES080000000,   1, "les080000000",  { r = 0x80000000 & -((signed_word) v0 <= 0); })
      | ^~~~~~~~
goal.def: In function ‘GES080000000_func’:
superopt.c:2781:7: warning: incompatible implicit declaration of built-in function ‘abort’
 2781 |       abort ();     \
      |       ^~~~~
superopt.c:2769:1: note: in expansion of macro ‘GOAL_FUNCTION’
 2769 | GOAL_FUNCTION (ARITY, CODE)
      | ^~~~~~~~~~~~~
goal.def:86:1: note: in expansion of macro ‘DEF_GOAL’
   86 | DEF_GOAL (GES080000000,   1, "ges080000000",  { r = 0x80000000 & -((signed_word) v0 >= 0); })
      | ^~~~~~~~
superopt.c:2781:7: note: include ‘<stdlib.h>’ or provide a declaration of ‘abort’
 2781 |       abort ();     \
      |       ^~~~~
superopt.c:2769:1: note: in expansion of macro ‘GOAL_FUNCTION’
 2769 | GOAL_FUNCTION (ARITY, CODE)
      | ^~~~~~~~~~~~~
goal.def:86:1: note: in expansion of macro ‘DEF_GOAL’
   86 | DEF_GOAL (GES080000000,   1, "ges080000000",  { r = 0x80000000 & -((signed_word) v0 >= 0); })
      | ^~~~~~~~
goal.def: In function ‘LTS080000000_func’:
superopt.c:2781:7: warning: incompatible implicit declaration of built-in function ‘abort’
 2781 |       abort ();     \
      |       ^~~~~
superopt.c:2769:1: note: in expansion of macro ‘GOAL_FUNCTION’
 2769 | GOAL_FUNCTION (ARITY, CODE)
      | ^~~~~~~~~~~~~
goal.def:87:1: note: in expansion of macro ‘DEF_GOAL’
   87 | DEF_GOAL (LTS080000000,   1, "lts080000000",  { r = 0x80000000 & -((signed_word) v0 < 0); })
      | ^~~~~~~~
superopt.c:2781:7: note: include ‘<stdlib.h>’ or provide a declaration of ‘abort’
 2781 |       abort ();     \
      |       ^~~~~
superopt.c:2769:1: note: in expansion of macro ‘GOAL_FUNCTION’
 2769 | GOAL_FUNCTION (ARITY, CODE)
      | ^~~~~~~~~~~~~
goal.def:87:1: note: in expansion of macro ‘DEF_GOAL’
   87 | DEF_GOAL (LTS080000000,   1, "lts080000000",  { r = 0x80000000 & -((signed_word) v0 < 0); })
      | ^~~~~~~~
goal.def: In function ‘GTS080000000_func’:
superopt.c:2781:7: warning: incompatible implicit declaration of built-in function ‘abort’
 2781 |       abort ();     \
      |       ^~~~~
superopt.c:2769:1: note: in expansion of macro ‘GOAL_FUNCTION’
 2769 | GOAL_FUNCTION (ARITY, CODE)
      | ^~~~~~~~~~~~~
goal.def:88:1: note: in expansion of macro ‘DEF_GOAL’
   88 | DEF_GOAL (GTS080000000,   1, "gts080000000",  { r = 0x80000000 & -((signed_word) v0 > 0); })
      | ^~~~~~~~
superopt.c:2781:7: note: include ‘<stdlib.h>’ or provide a declaration of ‘abort’
 2781 |       abort ();     \
      |       ^~~~~
superopt.c:2769:1: note: in expansion of macro ‘GOAL_FUNCTION’
 2769 | GOAL_FUNCTION (ARITY, CODE)
      | ^~~~~~~~~~~~~
goal.def:88:1: note: in expansion of macro ‘DEF_GOAL’
   88 | DEF_GOAL (GTS080000000,   1, "gts080000000",  { r = 0x80000000 & -((signed_word) v0 > 0); })
      | ^~~~~~~~
goal.def: In function ‘MAXS_func’:
superopt.c:2781:7: warning: incompatible implicit declaration of built-in function ‘abort’
 2781 |       abort ();     \
      |       ^~~~~
superopt.c:2769:1: note: in expansion of macro ‘GOAL_FUNCTION’
 2769 | GOAL_FUNCTION (ARITY, CODE)
      | ^~~~~~~~~~~~~
goal.def:90:1: note: in expansion of macro ‘DEF_GOAL’
   90 | DEF_GOAL (MAXS,           2, "maxs",        { r = (signed_word) v0 > (signed_word) v1 ? v0 : v1; })
      | ^~~~~~~~
superopt.c:2781:7: note: include ‘<stdlib.h>’ or provide a declaration of ‘abort’
 2781 |       abort ();     \
      |       ^~~~~
superopt.c:2769:1: note: in expansion of macro ‘GOAL_FUNCTION’
 2769 | GOAL_FUNCTION (ARITY, CODE)
      | ^~~~~~~~~~~~~
goal.def:90:1: note: in expansion of macro ‘DEF_GOAL’
   90 | DEF_GOAL (MAXS,           2, "maxs",        { r = (signed_word) v0 > (signed_word) v1 ? v0 : v1; })
      | ^~~~~~~~
goal.def: In function ‘MINS_func’:
superopt.c:2781:7: warning: incompatible implicit declaration of built-in function ‘abort’
 2781 |       abort ();     \
      |       ^~~~~
superopt.c:2769:1: note: in expansion of macro ‘GOAL_FUNCTION’
 2769 | GOAL_FUNCTION (ARITY, CODE)
      | ^~~~~~~~~~~~~
goal.def:91:1: note: in expansion of macro ‘DEF_GOAL’
   91 | DEF_GOAL (MINS,           2, "mins",        { r = (signed_word) v0 < (signed_word) v1 ? v0 : v1; })
      | ^~~~~~~~
superopt.c:2781:7: note: include ‘<stdlib.h>’ or provide a declaration of ‘abort’
 2781 |       abort ();     \
      |       ^~~~~
superopt.c:2769:1: note: in expansion of macro ‘GOAL_FUNCTION’
 2769 | GOAL_FUNCTION (ARITY, CODE)
      | ^~~~~~~~~~~~~
goal.def:91:1: note: in expansion of macro ‘DEF_GOAL’
   91 | DEF_GOAL (MINS,           2, "mins",        { r = (signed_word) v0 < (signed_word) v1 ? v0 : v1; })
      | ^~~~~~~~
goal.def: In function ‘MAXU_func’:
superopt.c:2781:7: warning: incompatible implicit declaration of built-in function ‘abort’
 2781 |       abort ();     \
      |       ^~~~~
superopt.c:2769:1: note: in expansion of macro ‘GOAL_FUNCTION’
 2769 | GOAL_FUNCTION (ARITY, CODE)
      | ^~~~~~~~~~~~~
goal.def:92:1: note: in expansion of macro ‘DEF_GOAL’
   92 | DEF_GOAL (MAXU,           2, "maxu",        { r = (unsigned_word) v0 > (unsigned_word) v1 ? v0 : v1; })
      | ^~~~~~~~
superopt.c:2781:7: note: include ‘<stdlib.h>’ or provide a declaration of ‘abort’
 2781 |       abort ();     \
      |       ^~~~~
superopt.c:2769:1: note: in expansion of macro ‘GOAL_FUNCTION’
 2769 | GOAL_FUNCTION (ARITY, CODE)
      | ^~~~~~~~~~~~~
goal.def:92:1: note: in expansion of macro ‘DEF_GOAL’
   92 | DEF_GOAL (MAXU,           2, "maxu",        { r = (unsigned_word) v0 > (unsigned_word) v1 ? v0 : v1; })
      | ^~~~~~~~
goal.def: In function ‘MINU_func’:
superopt.c:2781:7: warning: incompatible implicit declaration of built-in function ‘abort’
 2781 |       abort ();     \
      |       ^~~~~
superopt.c:2769:1: note: in expansion of macro ‘GOAL_FUNCTION’
 2769 | GOAL_FUNCTION (ARITY, CODE)
      | ^~~~~~~~~~~~~
goal.def:93:1: note: in expansion of macro ‘DEF_GOAL’
   93 | DEF_GOAL (MINU,           2, "minu",        { r = (unsigned_word) v0 < (unsigned_word) v1 ? v0 : v1; })
      | ^~~~~~~~
superopt.c:2781:7: note: include ‘<stdlib.h>’ or provide a declaration of ‘abort’
 2781 |       abort ();     \
      |       ^~~~~
superopt.c:2769:1: note: in expansion of macro ‘GOAL_FUNCTION’
 2769 | GOAL_FUNCTION (ARITY, CODE)
      | ^~~~~~~~~~~~~
goal.def:93:1: note: in expansion of macro ‘DEF_GOAL’
   93 | DEF_GOAL (MINU,           2, "minu",        { r = (unsigned_word) v0 < (unsigned_word) v1 ? v0 : v1; })
      | ^~~~~~~~
goal.def: In function ‘CMPS_func’:
superopt.c:2781:7: warning: incompatible implicit declaration of built-in function ‘abort’
 2781 |       abort ();     \
      |       ^~~~~
superopt.c:2769:1: note: in expansion of macro ‘GOAL_FUNCTION’
 2769 | GOAL_FUNCTION (ARITY, CODE)
      | ^~~~~~~~~~~~~
goal.def:94:1: note: in expansion of macro ‘DEF_GOAL’
   94 | DEF_GOAL (CMPS,           2, "cmps",        { r = (signed_word) v0 > (signed_word) v1? 1 : ((signed_word) v0 < (signed_word) v1 ? -1 : 0); })
      | ^~~~~~~~
superopt.c:2781:7: note: include ‘<stdlib.h>’ or provide a declaration of ‘abort’
 2781 |       abort ();     \
      |       ^~~~~
superopt.c:2769:1: note: in expansion of macro ‘GOAL_FUNCTION’
 2769 | GOAL_FUNCTION (ARITY, CODE)
      | ^~~~~~~~~~~~~
goal.def:94:1: note: in expansion of macro ‘DEF_GOAL’
   94 | DEF_GOAL (CMPS,           2, "cmps",        { r = (signed_word) v0 > (signed_word) v1? 1 : ((signed_word) v0 < (signed_word) v1 ? -1 : 0); })
      | ^~~~~~~~
goal.def: In function ‘CMPU_func’:
superopt.c:2781:7: warning: incompatible implicit declaration of built-in function ‘abort’
 2781 |       abort ();     \
      |       ^~~~~
superopt.c:2769:1: note: in expansion of macro ‘GOAL_FUNCTION’
 2769 | GOAL_FUNCTION (ARITY, CODE)
      | ^~~~~~~~~~~~~
goal.def:95:1: note: in expansion of macro ‘DEF_GOAL’
   95 | DEF_GOAL (CMPU,           2, "cmpu",        { r = (unsigned_word) v0 > (unsigned_word) v1? 1 : ((unsigned_word) v0 < (unsigned_word) v1 ? -1 : 0); })
      | ^~~~~~~~
superopt.c:2781:7: note: include ‘<stdlib.h>’ or provide a declaration of ‘abort’
 2781 |       abort ();     \
      |       ^~~~~
superopt.c:2769:1: note: in expansion of macro ‘GOAL_FUNCTION’
 2769 | GOAL_FUNCTION (ARITY, CODE)
      | ^~~~~~~~~~~~~
goal.def:95:1: note: in expansion of macro ‘DEF_GOAL’
   95 | DEF_GOAL (CMPU,           2, "cmpu",        { r = (unsigned_word) v0 > (unsigned_word) v1? 1 : ((unsigned_word) v0 < (unsigned_word) v1 ? -1 : 0); })
      | ^~~~~~~~
goal.def: In function ‘SGN_func’:
superopt.c:2781:7: warning: incompatible implicit declaration of built-in function ‘abort’
 2781 |       abort ();     \
      |       ^~~~~
superopt.c:2769:1: note: in expansion of macro ‘GOAL_FUNCTION’
 2769 | GOAL_FUNCTION (ARITY, CODE)
      | ^~~~~~~~~~~~~
goal.def:96:1: note: in expansion of macro ‘DEF_GOAL’
   96 | DEF_GOAL (SGN,            1, "sgn",         { r = (signed_word) v0 > 0 ? 1 : ((signed_word) v0 < 0 ? -1 : 0); })
      | ^~~~~~~~
superopt.c:2781:7: note: include ‘<stdlib.h>’ or provide a declaration of ‘abort’
 2781 |       abort ();     \
      |       ^~~~~
superopt.c:2769:1: note: in expansion of macro ‘GOAL_FUNCTION’
 2769 | GOAL_FUNCTION (ARITY, CODE)
      | ^~~~~~~~~~~~~
goal.def:96:1: note: in expansion of macro ‘DEF_GOAL’
   96 | DEF_GOAL (SGN,            1, "sgn",         { r = (signed_word) v0 > 0 ? 1 : ((signed_word) v0 < 0 ? -1 : 0); })
      | ^~~~~~~~
goal.def: In function ‘ABS_func’:
superopt.c:2781:7: warning: incompatible implicit declaration of built-in function ‘abort’
 2781 |       abort ();     \
      |       ^~~~~
superopt.c:2769:1: note: in expansion of macro ‘GOAL_FUNCTION’
 2769 | GOAL_FUNCTION (ARITY, CODE)
      | ^~~~~~~~~~~~~
goal.def:97:1: note: in expansion of macro ‘DEF_GOAL’
   97 | DEF_GOAL (ABS,            1, "abs",         { r = (signed_word) v0 < 0 ? -v0 : v0; })
      | ^~~~~~~~
superopt.c:2781:7: note: include ‘<stdlib.h>’ or provide a declaration of ‘abort’
 2781 |       abort ();     \
      |       ^~~~~
superopt.c:2769:1: note: in expansion of macro ‘GOAL_FUNCTION’
 2769 | GOAL_FUNCTION (ARITY, CODE)
      | ^~~~~~~~~~~~~
goal.def:97:1: note: in expansion of macro ‘DEF_GOAL’
   97 | DEF_GOAL (ABS,            1, "abs",         { r = (signed_word) v0 < 0 ? -v0 : v0; })
      | ^~~~~~~~
goal.def: In function ‘NABS_func’:
superopt.c:2781:7: warning: incompatible implicit declaration of built-in function ‘abort’
 2781 |       abort ();     \
      |       ^~~~~
superopt.c:2769:1: note: in expansion of macro ‘GOAL_FUNCTION’
 2769 | GOAL_FUNCTION (ARITY, CODE)
      | ^~~~~~~~~~~~~
goal.def:98:1: note: in expansion of macro ‘DEF_GOAL’
   98 | DEF_GOAL (NABS,           1, "nabs",        { r = (signed_word) v0 > 0 ? -v0 : v0; })
      | ^~~~~~~~
superopt.c:2781:7: note: include ‘<stdlib.h>’ or provide a declaration of ‘abort’
 2781 |       abort ();     \
      |       ^~~~~
superopt.c:2769:1: note: in expansion of macro ‘GOAL_FUNCTION’
 2769 | GOAL_FUNCTION (ARITY, CODE)
      | ^~~~~~~~~~~~~
goal.def:98:1: note: in expansion of macro ‘DEF_GOAL’
   98 | DEF_GOAL (NABS,           1, "nabs",        { r = (signed_word) v0 > 0 ? -v0 : v0; })
      | ^~~~~~~~
goal.def: In function ‘GRAY_func’:
superopt.c:2781:7: warning: incompatible implicit declaration of built-in function ‘abort’
 2781 |       abort ();     \
      |       ^~~~~
superopt.c:2769:1: note: in expansion of macro ‘GOAL_FUNCTION’
 2769 | GOAL_FUNCTION (ARITY, CODE)
      | ^~~~~~~~~~~~~
goal.def:99:1: note: in expansion of macro ‘DEF_GOAL’
   99 | DEF_GOAL (GRAY,           1, "gray",        { r = ((~(v0 ^ (v0 << 1)) & (-1 << 31)) | ((v0 << 1) & ~(-1 << 31)) | (v0 >> 31)); })
      | ^~~~~~~~
superopt.c:2781:7: note: include ‘<stdlib.h>’ or provide a declaration of ‘abort’
 2781 |       abort ();     \
      |       ^~~~~
superopt.c:2769:1: note: in expansion of macro ‘GOAL_FUNCTION’
 2769 | GOAL_FUNCTION (ARITY, CODE)
      | ^~~~~~~~~~~~~
goal.def:99:1: note: in expansion of macro ‘DEF_GOAL’
   99 | DEF_GOAL (GRAY,           1, "gray",        { r = ((~(v0 ^ (v0 << 1)) & (-1 << 31)) | ((v0 << 1) & ~(-1 << 31)) | (v0 >> 31)); })
      | ^~~~~~~~
goal.def: In function ‘GRAY2_func’:
superopt.c:2781:7: warning: incompatible implicit declaration of built-in function ‘abort’
 2781 |       abort ();     \
      |       ^~~~~
superopt.c:2769:1: note: in expansion of macro ‘GOAL_FUNCTION’
 2769 | GOAL_FUNCTION (ARITY, CODE)
      | ^~~~~~~~~~~~~
goal.def:100:1: note: in expansion of macro ‘DEF_GOAL’
  100 | DEF_GOAL (GRAY2,          1, "gray2",       { v0 = ((~(v0 ^ (v0 << 1)) & (-1 << 31)) | ((v0 << 1) & ~(-1 << 31)) | (v0 >> 31)); r = ((~(v0 ^ (v0 << 1)) & (-1 << 31)) | ((v0 << 1) & ~(-1 << 31)) | (v0 >> 31)); })
      | ^~~~~~~~
superopt.c:2781:7: note: include ‘<stdlib.h>’ or provide a declaration of ‘abort’
 2781 |       abort ();     \
      |       ^~~~~
superopt.c:2769:1: note: in expansion of macro ‘GOAL_FUNCTION’
 2769 | GOAL_FUNCTION (ARITY, CODE)
      | ^~~~~~~~~~~~~
goal.def:100:1: note: in expansion of macro ‘DEF_GOAL’
  100 | DEF_GOAL (GRAY2,          1, "gray2",       { v0 = ((~(v0 ^ (v0 << 1)) & (-1 << 31)) | ((v0 << 1) & ~(-1 << 31)) | (v0 >> 31)); r = ((~(v0 ^ (v0 << 1)) & (-1 << 31)) | ((v0 << 1) & ~(-1 << 31)) | (v0 >> 31)); })
      | ^~~~~~~~
goal.def: In function ‘DIVIDE_BY_2_func’:
superopt.c:2781:7: warning: incompatible implicit declaration of built-in function ‘abort’
 2781 |       abort ();     \
      |       ^~~~~
superopt.c:2769:1: note: in expansion of macro ‘GOAL_FUNCTION’
 2769 | GOAL_FUNCTION (ARITY, CODE)
      | ^~~~~~~~~~~~~
goal.def:101:1: note: in expansion of macro ‘DEF_GOAL’
  101 | DEF_GOAL (DIVIDE_BY_2,    1, "divide_by_2", { r = (signed_word) v0 / 2; })
      | ^~~~~~~~
superopt.c:2781:7: note: include ‘<stdlib.h>’ or provide a declaration of ‘abort’
 2781 |       abort ();     \
      |       ^~~~~
superopt.c:2769:1: note: in expansion of macro ‘GOAL_FUNCTION’
 2769 | GOAL_FUNCTION (ARITY, CODE)
      | ^~~~~~~~~~~~~
goal.def:101:1: note: in expansion of macro ‘DEF_GOAL’
  101 | DEF_GOAL (DIVIDE_BY_2,    1, "divide_by_2", { r = (signed_word) v0 / 2; })
      | ^~~~~~~~
goal.def: In function ‘DIVIDE_BY_4_func’:
superopt.c:2781:7: warning: incompatible implicit declaration of built-in function ‘abort’
 2781 |       abort ();     \
      |       ^~~~~
superopt.c:2769:1: note: in expansion of macro ‘GOAL_FUNCTION’
 2769 | GOAL_FUNCTION (ARITY, CODE)
      | ^~~~~~~~~~~~~
goal.def:102:1: note: in expansion of macro ‘DEF_GOAL’
  102 | DEF_GOAL (DIVIDE_BY_4,    1, "divide_by_4", { r = (signed_word) v0 / 4; })
      | ^~~~~~~~
superopt.c:2781:7: note: include ‘<stdlib.h>’ or provide a declaration of ‘abort’
 2781 |       abort ();     \
      |       ^~~~~
superopt.c:2769:1: note: in expansion of macro ‘GOAL_FUNCTION’
 2769 | GOAL_FUNCTION (ARITY, CODE)
      | ^~~~~~~~~~~~~
goal.def:102:1: note: in expansion of macro ‘DEF_GOAL’
  102 | DEF_GOAL (DIVIDE_BY_4,    1, "divide_by_4", { r = (signed_word) v0 / 4; })
      | ^~~~~~~~
goal.def: In function ‘DIVIDE_BY_2e30_func’:
superopt.c:2781:7: warning: incompatible implicit declaration of built-in function ‘abort’
 2781 |       abort ();     \
      |       ^~~~~
superopt.c:2769:1: note: in expansion of macro ‘GOAL_FUNCTION’
 2769 | GOAL_FUNCTION (ARITY, CODE)
      | ^~~~~~~~~~~~~
goal.def:103:1: note: in expansion of macro ‘DEF_GOAL’
  103 | DEF_GOAL (DIVIDE_BY_2e30,    1, "divide_by_2e30", { r = (signed_word) v0 / (1<<30); })
      | ^~~~~~~~
superopt.c:2781:7: note: include ‘<stdlib.h>’ or provide a declaration of ‘abort’
 2781 |       abort ();     \
      |       ^~~~~
superopt.c:2769:1: note: in expansion of macro ‘GOAL_FUNCTION’
 2769 | GOAL_FUNCTION (ARITY, CODE)
      | ^~~~~~~~~~~~~
goal.def:103:1: note: in expansion of macro ‘DEF_GOAL’
  103 | DEF_GOAL (DIVIDE_BY_2e30,    1, "divide_by_2e30", { r = (signed_word) v0 / (1<<30); })
      | ^~~~~~~~
goal.def: In function ‘MOD_BY_2_func’:
superopt.c:2781:7: warning: incompatible implicit declaration of built-in function ‘abort’
 2781 |       abort ();     \
      |       ^~~~~
superopt.c:2769:1: note: in expansion of macro ‘GOAL_FUNCTION’
 2769 | GOAL_FUNCTION (ARITY, CODE)
      | ^~~~~~~~~~~~~
goal.def:104:1: note: in expansion of macro ‘DEF_GOAL’
  104 | DEF_GOAL (MOD_BY_2,    1, "mod_by_2", { r = (signed_word) v0 % 2; })
      | ^~~~~~~~
superopt.c:2781:7: note: include ‘<stdlib.h>’ or provide a declaration of ‘abort’
 2781 |       abort ();     \
      |       ^~~~~
superopt.c:2769:1: note: in expansion of macro ‘GOAL_FUNCTION’
 2769 | GOAL_FUNCTION (ARITY, CODE)
      | ^~~~~~~~~~~~~
goal.def:104:1: note: in expansion of macro ‘DEF_GOAL’
  104 | DEF_GOAL (MOD_BY_2,    1, "mod_by_2", { r = (signed_word) v0 % 2; })
      | ^~~~~~~~
goal.def: In function ‘MOD_BY_4_func’:
superopt.c:2781:7: warning: incompatible implicit declaration of built-in function ‘abort’
 2781 |       abort ();     \
      |       ^~~~~
superopt.c:2769:1: note: in expansion of macro ‘GOAL_FUNCTION’
 2769 | GOAL_FUNCTION (ARITY, CODE)
      | ^~~~~~~~~~~~~
goal.def:105:1: note: in expansion of macro ‘DEF_GOAL’
  105 | DEF_GOAL (MOD_BY_4,    1, "mod_by_4", { r = (signed_word) v0 % 4; })
      | ^~~~~~~~
superopt.c:2781:7: note: include ‘<stdlib.h>’ or provide a declaration of ‘abort’
 2781 |       abort ();     \
      |       ^~~~~
superopt.c:2769:1: note: in expansion of macro ‘GOAL_FUNCTION’
 2769 | GOAL_FUNCTION (ARITY, CODE)
      | ^~~~~~~~~~~~~
goal.def:105:1: note: in expansion of macro ‘DEF_GOAL’
  105 | DEF_GOAL (MOD_BY_4,    1, "mod_by_4", { r = (signed_word) v0 % 4; })
      | ^~~~~~~~
goal.def: In function ‘MOD_BY_2e30_func’:
superopt.c:2781:7: warning: incompatible implicit declaration of built-in function ‘abort’
 2781 |       abort ();     \
      |       ^~~~~
superopt.c:2769:1: note: in expansion of macro ‘GOAL_FUNCTION’
 2769 | GOAL_FUNCTION (ARITY, CODE)
      | ^~~~~~~~~~~~~
goal.def:106:1: note: in expansion of macro ‘DEF_GOAL’
  106 | DEF_GOAL (MOD_BY_2e30,    1, "mod_by_2e30", { r = (signed_word) v0 % (1<<30); })
      | ^~~~~~~~
superopt.c:2781:7: note: include ‘<stdlib.h>’ or provide a declaration of ‘abort’
 2781 |       abort ();     \
      |       ^~~~~
superopt.c:2769:1: note: in expansion of macro ‘GOAL_FUNCTION’
 2769 | GOAL_FUNCTION (ARITY, CODE)
      | ^~~~~~~~~~~~~
goal.def:106:1: note: in expansion of macro ‘DEF_GOAL’
  106 | DEF_GOAL (MOD_BY_2e30,    1, "mod_by_2e30", { r = (signed_word) v0 % (1<<30); })
      | ^~~~~~~~
goal.def: In function ‘EQ_PLUS_func’:
superopt.c:2781:7: warning: incompatible implicit declaration of built-in function ‘abort’
 2781 |       abort ();     \
      |       ^~~~~
superopt.c:2769:1: note: in expansion of macro ‘GOAL_FUNCTION’
 2769 | GOAL_FUNCTION (ARITY, CODE)
      | ^~~~~~~~~~~~~
goal.def:108:1: note: in expansion of macro ‘DEF_GOAL’
  108 | DEF_GOAL (EQ_PLUS,        3, "eq+",         { r = (v0 == v1) + v2; })
      | ^~~~~~~~
superopt.c:2781:7: note: include ‘<stdlib.h>’ or provide a declaration of ‘abort’
 2781 |       abort ();     \
      |       ^~~~~
superopt.c:2769:1: note: in expansion of macro ‘GOAL_FUNCTION’
 2769 | GOAL_FUNCTION (ARITY, CODE)
      | ^~~~~~~~~~~~~
goal.def:108:1: note: in expansion of macro ‘DEF_GOAL’
  108 | DEF_GOAL (EQ_PLUS,        3, "eq+",         { r = (v0 == v1) + v2; })
      | ^~~~~~~~
goal.def: In function ‘NE_PLUS_func’:
superopt.c:2781:7: warning: incompatible implicit declaration of built-in function ‘abort’
 2781 |       abort ();     \
      |       ^~~~~
superopt.c:2769:1: note: in expansion of macro ‘GOAL_FUNCTION’
 2769 | GOAL_FUNCTION (ARITY, CODE)
      | ^~~~~~~~~~~~~
goal.def:109:1: note: in expansion of macro ‘DEF_GOAL’
  109 | DEF_GOAL (NE_PLUS,        3, "ne+",         { r = (v0 != v1) + v2; })
      | ^~~~~~~~
superopt.c:2781:7: note: include ‘<stdlib.h>’ or provide a declaration of ‘abort’
 2781 |       abort ();     \
      |       ^~~~~
superopt.c:2769:1: note: in expansion of macro ‘GOAL_FUNCTION’
 2769 | GOAL_FUNCTION (ARITY, CODE)
      | ^~~~~~~~~~~~~
goal.def:109:1: note: in expansion of macro ‘DEF_GOAL’
  109 | DEF_GOAL (NE_PLUS,        3, "ne+",         { r = (v0 != v1) + v2; })
      | ^~~~~~~~
goal.def: In function ‘LES_PLUS_func’:
superopt.c:2781:7: warning: incompatible implicit declaration of built-in function ‘abort’
 2781 |       abort ();     \
      |       ^~~~~
superopt.c:2769:1: note: in expansion of macro ‘GOAL_FUNCTION’
 2769 | GOAL_FUNCTION (ARITY, CODE)
      | ^~~~~~~~~~~~~
goal.def:110:1: note: in expansion of macro ‘DEF_GOAL’
  110 | DEF_GOAL (LES_PLUS,       3, "les+",        { r = ((signed_word) v0 <= (signed_word) v1) + v2; })
      | ^~~~~~~~
superopt.c:2781:7: note: include ‘<stdlib.h>’ or provide a declaration of ‘abort’
 2781 |       abort ();     \
      |       ^~~~~
superopt.c:2769:1: note: in expansion of macro ‘GOAL_FUNCTION’
 2769 | GOAL_FUNCTION (ARITY, CODE)
      | ^~~~~~~~~~~~~
goal.def:110:1: note: in expansion of macro ‘DEF_GOAL’
  110 | DEF_GOAL (LES_PLUS,       3, "les+",        { r = ((signed_word) v0 <= (signed_word) v1) + v2; })
      | ^~~~~~~~
goal.def: In function ‘GES_PLUS_func’:
superopt.c:2781:7: warning: incompatible implicit declaration of built-in function ‘abort’
 2781 |       abort ();     \
      |       ^~~~~
superopt.c:2769:1: note: in expansion of macro ‘GOAL_FUNCTION’
 2769 | GOAL_FUNCTION (ARITY, CODE)
      | ^~~~~~~~~~~~~
goal.def:111:1: note: in expansion of macro ‘DEF_GOAL’
  111 | DEF_GOAL (GES_PLUS,       3, "ges+",        { r = ((signed_word) v0 >= (signed_word) v1) + v2; })
      | ^~~~~~~~
superopt.c:2781:7: note: include ‘<stdlib.h>’ or provide a declaration of ‘abort’
 2781 |       abort ();     \
      |       ^~~~~
superopt.c:2769:1: note: in expansion of macro ‘GOAL_FUNCTION’
 2769 | GOAL_FUNCTION (ARITY, CODE)
      | ^~~~~~~~~~~~~
goal.def:111:1: note: in expansion of macro ‘DEF_GOAL’
  111 | DEF_GOAL (GES_PLUS,       3, "ges+",        { r = ((signed_word) v0 >= (signed_word) v1) + v2; })
      | ^~~~~~~~
goal.def: In function ‘LTS_PLUS_func’:
superopt.c:2781:7: warning: incompatible implicit declaration of built-in function ‘abort’
 2781 |       abort ();     \
      |       ^~~~~
superopt.c:2769:1: note: in expansion of macro ‘GOAL_FUNCTION’
 2769 | GOAL_FUNCTION (ARITY, CODE)
      | ^~~~~~~~~~~~~
goal.def:112:1: note: in expansion of macro ‘DEF_GOAL’
  112 | DEF_GOAL (LTS_PLUS,       3, "lts+",        { r = ((signed_word) v0 < (signed_word) v1) + v2; })
      | ^~~~~~~~
superopt.c:2781:7: note: include ‘<stdlib.h>’ or provide a declaration of ‘abort’
 2781 |       abort ();     \
      |       ^~~~~
superopt.c:2769:1: note: in expansion of macro ‘GOAL_FUNCTION’
 2769 | GOAL_FUNCTION (ARITY, CODE)
      | ^~~~~~~~~~~~~
goal.def:112:1: note: in expansion of macro ‘DEF_GOAL’
  112 | DEF_GOAL (LTS_PLUS,       3, "lts+",        { r = ((signed_word) v0 < (signed_word) v1) + v2; })
      | ^~~~~~~~
goal.def: In function ‘GTS_PLUS_func’:
superopt.c:2781:7: warning: incompatible implicit declaration of built-in function ‘abort’
 2781 |       abort ();     \
      |       ^~~~~
superopt.c:2769:1: note: in expansion of macro ‘GOAL_FUNCTION’
 2769 | GOAL_FUNCTION (ARITY, CODE)
      | ^~~~~~~~~~~~~
goal.def:113:1: note: in expansion of macro ‘DEF_GOAL’
  113 | DEF_GOAL (GTS_PLUS,       3, "gts+",        { r = ((signed_word) v0 > (signed_word) v1) + v2; })
      | ^~~~~~~~
superopt.c:2781:7: note: include ‘<stdlib.h>’ or provide a declaration of ‘abort’
 2781 |       abort ();     \
      |       ^~~~~
superopt.c:2769:1: note: in expansion of macro ‘GOAL_FUNCTION’
 2769 | GOAL_FUNCTION (ARITY, CODE)
      | ^~~~~~~~~~~~~
goal.def:113:1: note: in expansion of macro ‘DEF_GOAL’
  113 | DEF_GOAL (GTS_PLUS,       3, "gts+",        { r = ((signed_word) v0 > (signed_word) v1) + v2; })
      | ^~~~~~~~
goal.def: In function ‘LEU_PLUS_func’:
superopt.c:2781:7: warning: incompatible implicit declaration of built-in function ‘abort’
 2781 |       abort ();     \
      |       ^~~~~
superopt.c:2769:1: note: in expansion of macro ‘GOAL_FUNCTION’
 2769 | GOAL_FUNCTION (ARITY, CODE)
      | ^~~~~~~~~~~~~
goal.def:114:1: note: in expansion of macro ‘DEF_GOAL’
  114 | DEF_GOAL (LEU_PLUS,       3, "leu+",        { r = ((unsigned_word) v0 <= (unsigned_word) v1) + v2; })
      | ^~~~~~~~
superopt.c:2781:7: note: include ‘<stdlib.h>’ or provide a declaration of ‘abort’
 2781 |       abort ();     \
      |       ^~~~~
superopt.c:2769:1: note: in expansion of macro ‘GOAL_FUNCTION’
 2769 | GOAL_FUNCTION (ARITY, CODE)
      | ^~~~~~~~~~~~~
goal.def:114:1: note: in expansion of macro ‘DEF_GOAL’
  114 | DEF_GOAL (LEU_PLUS,       3, "leu+",        { r = ((unsigned_word) v0 <= (unsigned_word) v1) + v2; })
      | ^~~~~~~~
goal.def: In function ‘GEU_PLUS_func’:
superopt.c:2781:7: warning: incompatible implicit declaration of built-in function ‘abort’
 2781 |       abort ();     \
      |       ^~~~~
superopt.c:2769:1: note: in expansion of macro ‘GOAL_FUNCTION’
 2769 | GOAL_FUNCTION (ARITY, CODE)
      | ^~~~~~~~~~~~~
goal.def:115:1: note: in expansion of macro ‘DEF_GOAL’
  115 | DEF_GOAL (GEU_PLUS,       3, "geu+",        { r = ((unsigned_word) v0 >= (unsigned_word) v1) + v2; })
      | ^~~~~~~~
superopt.c:2781:7: note: include ‘<stdlib.h>’ or provide a declaration of ‘abort’
 2781 |       abort ();     \
      |       ^~~~~
superopt.c:2769:1: note: in expansion of macro ‘GOAL_FUNCTION’
 2769 | GOAL_FUNCTION (ARITY, CODE)
      | ^~~~~~~~~~~~~
goal.def:115:1: note: in expansion of macro ‘DEF_GOAL’
  115 | DEF_GOAL (GEU_PLUS,       3, "geu+",        { r = ((unsigned_word) v0 >= (unsigned_word) v1) + v2; })
      | ^~~~~~~~
goal.def: In function ‘LTU_PLUS_func’:
superopt.c:2781:7: warning: incompatible implicit declaration of built-in function ‘abort’
 2781 |       abort ();     \
      |       ^~~~~
superopt.c:2769:1: note: in expansion of macro ‘GOAL_FUNCTION’
 2769 | GOAL_FUNCTION (ARITY, CODE)
      | ^~~~~~~~~~~~~
goal.def:116:1: note: in expansion of macro ‘DEF_GOAL’
  116 | DEF_GOAL (LTU_PLUS,       3, "ltu+",        { r = ((unsigned_word) v0 < (unsigned_word) v1) + v2; })
      | ^~~~~~~~
superopt.c:2781:7: note: include ‘<stdlib.h>’ or provide a declaration of ‘abort’
 2781 |       abort ();     \
      |       ^~~~~
superopt.c:2769:1: note: in expansion of macro ‘GOAL_FUNCTION’
 2769 | GOAL_FUNCTION (ARITY, CODE)
      | ^~~~~~~~~~~~~
goal.def:116:1: note: in expansion of macro ‘DEF_GOAL’
  116 | DEF_GOAL (LTU_PLUS,       3, "ltu+",        { r = ((unsigned_word) v0 < (unsigned_word) v1) + v2; })
      | ^~~~~~~~
goal.def: In function ‘GTU_PLUS_func’:
superopt.c:2781:7: warning: incompatible implicit declaration of built-in function ‘abort’
 2781 |       abort ();     \
      |       ^~~~~
superopt.c:2769:1: note: in expansion of macro ‘GOAL_FUNCTION’
 2769 | GOAL_FUNCTION (ARITY, CODE)
      | ^~~~~~~~~~~~~
goal.def:117:1: note: in expansion of macro ‘DEF_GOAL’
  117 | DEF_GOAL (GTU_PLUS,       3, "gtu+",        { r = ((unsigned_word) v0 > (unsigned_word) v1) + v2; })
      | ^~~~~~~~
superopt.c:2781:7: note: include ‘<stdlib.h>’ or provide a declaration of ‘abort’
 2781 |       abort ();     \
      |       ^~~~~
superopt.c:2769:1: note: in expansion of macro ‘GOAL_FUNCTION’
 2769 | GOAL_FUNCTION (ARITY, CODE)
      | ^~~~~~~~~~~~~
goal.def:117:1: note: in expansion of macro ‘DEF_GOAL’
  117 | DEF_GOAL (GTU_PLUS,       3, "gtu+",        { r = ((unsigned_word) v0 > (unsigned_word) v1) + v2; })
      | ^~~~~~~~
goal.def: In function ‘LESU_PLUS_func’:
superopt.c:2781:7: warning: incompatible implicit declaration of built-in function ‘abort’
 2781 |       abort ();     \
      |       ^~~~~
superopt.c:2769:1: note: in expansion of macro ‘GOAL_FUNCTION’
 2769 | GOAL_FUNCTION (ARITY, CODE)
      | ^~~~~~~~~~~~~
goal.def:118:1: note: in expansion of macro ‘DEF_GOAL’
  118 | DEF_GOAL (LESU_PLUS,      3, "lesu+",       { r = ((signed_word) v0 < 0 || (unsigned_word) v0 <= (unsigned_word) v1) + v2; })
      | ^~~~~~~~
superopt.c:2781:7: note: include ‘<stdlib.h>’ or provide a declaration of ‘abort’
 2781 |       abort ();     \
      |       ^~~~~
superopt.c:2769:1: note: in expansion of macro ‘GOAL_FUNCTION’
 2769 | GOAL_FUNCTION (ARITY, CODE)
      | ^~~~~~~~~~~~~
goal.def:118:1: note: in expansion of macro ‘DEF_GOAL’
  118 | DEF_GOAL (LESU_PLUS,      3, "lesu+",       { r = ((signed_word) v0 < 0 || (unsigned_word) v0 <= (unsigned_word) v1) + v2; })
      | ^~~~~~~~
goal.def: In function ‘GESU_PLUS_func’:
superopt.c:2781:7: warning: incompatible implicit declaration of built-in function ‘abort’
 2781 |       abort ();     \
      |       ^~~~~
superopt.c:2769:1: note: in expansion of macro ‘GOAL_FUNCTION’
 2769 | GOAL_FUNCTION (ARITY, CODE)
      | ^~~~~~~~~~~~~
goal.def:119:1: note: in expansion of macro ‘DEF_GOAL’
  119 | DEF_GOAL (GESU_PLUS,      3, "gesu+",       { r = ((signed_word) v0 >= 0 && (unsigned_word) v0 >= (unsigned_word) v1) + v2; })
      | ^~~~~~~~
superopt.c:2781:7: note: include ‘<stdlib.h>’ or provide a declaration of ‘abort’
 2781 |       abort ();     \
      |       ^~~~~
superopt.c:2769:1: note: in expansion of macro ‘GOAL_FUNCTION’
 2769 | GOAL_FUNCTION (ARITY, CODE)
      | ^~~~~~~~~~~~~
goal.def:119:1: note: in expansion of macro ‘DEF_GOAL’
  119 | DEF_GOAL (GESU_PLUS,      3, "gesu+",       { r = ((signed_word) v0 >= 0 && (unsigned_word) v0 >= (unsigned_word) v1) + v2; })
      | ^~~~~~~~
goal.def: In function ‘LTSU_PLUS_func’:
superopt.c:2781:7: warning: incompatible implicit declaration of built-in function ‘abort’
 2781 |       abort ();     \
      |       ^~~~~
superopt.c:2769:1: note: in expansion of macro ‘GOAL_FUNCTION’
 2769 | GOAL_FUNCTION (ARITY, CODE)
      | ^~~~~~~~~~~~~
goal.def:120:1: note: in expansion of macro ‘DEF_GOAL’
  120 | DEF_GOAL (LTSU_PLUS,      3, "ltsu+",       { r = ((signed_word) v0 < 0 || (unsigned_word) v0 < (unsigned_word) v1) + v2; })
      | ^~~~~~~~
superopt.c:2781:7: note: include ‘<stdlib.h>’ or provide a declaration of ‘abort’
 2781 |       abort ();     \
      |       ^~~~~
superopt.c:2769:1: note: in expansion of macro ‘GOAL_FUNCTION’
 2769 | GOAL_FUNCTION (ARITY, CODE)
      | ^~~~~~~~~~~~~
goal.def:120:1: note: in expansion of macro ‘DEF_GOAL’
  120 | DEF_GOAL (LTSU_PLUS,      3, "ltsu+",       { r = ((signed_word) v0 < 0 || (unsigned_word) v0 < (unsigned_word) v1) + v2; })
      | ^~~~~~~~
goal.def: In function ‘GTSU_PLUS_func’:
superopt.c:2781:7: warning: incompatible implicit declaration of built-in function ‘abort’
 2781 |       abort ();     \
      |       ^~~~~
superopt.c:2769:1: note: in expansion of macro ‘GOAL_FUNCTION’
 2769 | GOAL_FUNCTION (ARITY, CODE)
      | ^~~~~~~~~~~~~
goal.def:121:1: note: in expansion of macro ‘DEF_GOAL’
  121 | DEF_GOAL (GTSU_PLUS,      3, "gtsu+",       { r = ((signed_word) v0 >= 0 && (unsigned_word) v0 > (unsigned_word) v1) + v2; })
      | ^~~~~~~~
superopt.c:2781:7: note: include ‘<stdlib.h>’ or provide a declaration of ‘abort’
 2781 |       abort ();     \
      |       ^~~~~
superopt.c:2769:1: note: in expansion of macro ‘GOAL_FUNCTION’
 2769 | GOAL_FUNCTION (ARITY, CODE)
      | ^~~~~~~~~~~~~
goal.def:121:1: note: in expansion of macro ‘DEF_GOAL’
  121 | DEF_GOAL (GTSU_PLUS,      3, "gtsu+",       { r = ((signed_word) v0 >= 0 && (unsigned_word) v0 > (unsigned_word) v1) + v2; })
      | ^~~~~~~~
goal.def: In function ‘EQ0_PLUS_func’:
superopt.c:2781:7: warning: incompatible implicit declaration of built-in function ‘abort’
 2781 |       abort ();     \
      |       ^~~~~
superopt.c:2769:1: note: in expansion of macro ‘GOAL_FUNCTION’
 2769 | GOAL_FUNCTION (ARITY, CODE)
      | ^~~~~~~~~~~~~
goal.def:122:1: note: in expansion of macro ‘DEF_GOAL’
  122 | DEF_GOAL (EQ0_PLUS,       2, "eq0+",        { r = (v0 == 0) + v1; })
      | ^~~~~~~~
superopt.c:2781:7: note: include ‘<stdlib.h>’ or provide a declaration of ‘abort’
 2781 |       abort ();     \
      |       ^~~~~
superopt.c:2769:1: note: in expansion of macro ‘GOAL_FUNCTION’
 2769 | GOAL_FUNCTION (ARITY, CODE)
      | ^~~~~~~~~~~~~
goal.def:122:1: note: in expansion of macro ‘DEF_GOAL’
  122 | DEF_GOAL (EQ0_PLUS,       2, "eq0+",        { r = (v0 == 0) + v1; })
      | ^~~~~~~~
goal.def: In function ‘NE0_PLUS_func’:
superopt.c:2781:7: warning: incompatible implicit declaration of built-in function ‘abort’
 2781 |       abort ();     \
      |       ^~~~~
superopt.c:2769:1: note: in expansion of macro ‘GOAL_FUNCTION’
 2769 | GOAL_FUNCTION (ARITY, CODE)
      | ^~~~~~~~~~~~~
goal.def:123:1: note: in expansion of macro ‘DEF_GOAL’
  123 | DEF_GOAL (NE0_PLUS,       2, "ne0+",        { r = (v0 != 0) + v1; })
      | ^~~~~~~~
superopt.c:2781:7: note: include ‘<stdlib.h>’ or provide a declaration of ‘abort’
 2781 |       abort ();     \
      |       ^~~~~
superopt.c:2769:1: note: in expansion of macro ‘GOAL_FUNCTION’
 2769 | GOAL_FUNCTION (ARITY, CODE)
      | ^~~~~~~~~~~~~
goal.def:123:1: note: in expansion of macro ‘DEF_GOAL’
  123 | DEF_GOAL (NE0_PLUS,       2, "ne0+",        { r = (v0 != 0) + v1; })
      | ^~~~~~~~
goal.def: In function ‘LES0_PLUS_func’:
superopt.c:2781:7: warning: incompatible implicit declaration of built-in function ‘abort’
 2781 |       abort ();     \
      |       ^~~~~
superopt.c:2769:1: note: in expansion of macro ‘GOAL_FUNCTION’
 2769 | GOAL_FUNCTION (ARITY, CODE)
      | ^~~~~~~~~~~~~
goal.def:124:1: note: in expansion of macro ‘DEF_GOAL’
  124 | DEF_GOAL (LES0_PLUS,      2, "les0+",       { r = ((signed_word) v0 <= 0) + v1; })
      | ^~~~~~~~
superopt.c:2781:7: note: include ‘<stdlib.h>’ or provide a declaration of ‘abort’
 2781 |       abort ();     \
      |       ^~~~~
superopt.c:2769:1: note: in expansion of macro ‘GOAL_FUNCTION’
 2769 | GOAL_FUNCTION (ARITY, CODE)
      | ^~~~~~~~~~~~~
goal.def:124:1: note: in expansion of macro ‘DEF_GOAL’
  124 | DEF_GOAL (LES0_PLUS,      2, "les0+",       { r = ((signed_word) v0 <= 0) + v1; })
      | ^~~~~~~~
goal.def: In function ‘GES0_PLUS_func’:
superopt.c:2781:7: warning: incompatible implicit declaration of built-in function ‘abort’
 2781 |       abort ();     \
      |       ^~~~~
superopt.c:2769:1: note: in expansion of macro ‘GOAL_FUNCTION’
 2769 | GOAL_FUNCTION (ARITY, CODE)
      | ^~~~~~~~~~~~~
goal.def:125:1: note: in expansion of macro ‘DEF_GOAL’
  125 | DEF_GOAL (GES0_PLUS,      2, "ges0+",       { r = ((signed_word) v0 >= 0) + v1; })
      | ^~~~~~~~
superopt.c:2781:7: note: include ‘<stdlib.h>’ or provide a declaration of ‘abort’
 2781 |       abort ();     \
      |       ^~~~~
superopt.c:2769:1: note: in expansion of macro ‘GOAL_FUNCTION’
 2769 | GOAL_FUNCTION (ARITY, CODE)
      | ^~~~~~~~~~~~~
goal.def:125:1: note: in expansion of macro ‘DEF_GOAL’
  125 | DEF_GOAL (GES0_PLUS,      2, "ges0+",       { r = ((signed_word) v0 >= 0) + v1; })
      | ^~~~~~~~
goal.def: In function ‘LTS0_PLUS_func’:
superopt.c:2781:7: warning: incompatible implicit declaration of built-in function ‘abort’
 2781 |       abort ();     \
      |       ^~~~~
superopt.c:2769:1: note: in expansion of macro ‘GOAL_FUNCTION’
 2769 | GOAL_FUNCTION (ARITY, CODE)
      | ^~~~~~~~~~~~~
goal.def:126:1: note: in expansion of macro ‘DEF_GOAL’
  126 | DEF_GOAL (LTS0_PLUS,      2, "lts0+",       { r = ((signed_word) v0 < 0) + v1; })
      | ^~~~~~~~
superopt.c:2781:7: note: include ‘<stdlib.h>’ or provide a declaration of ‘abort’
 2781 |       abort ();     \
      |       ^~~~~
superopt.c:2769:1: note: in expansion of macro ‘GOAL_FUNCTION’
 2769 | GOAL_FUNCTION (ARITY, CODE)
      | ^~~~~~~~~~~~~
goal.def:126:1: note: in expansion of macro ‘DEF_GOAL’
  126 | DEF_GOAL (LTS0_PLUS,      2, "lts0+",       { r = ((signed_word) v0 < 0) + v1; })
      | ^~~~~~~~
goal.def: In function ‘GTS0_PLUS_func’:
superopt.c:2781:7: warning: incompatible implicit declaration of built-in function ‘abort’
 2781 |       abort ();     \
      |       ^~~~~
superopt.c:2769:1: note: in expansion of macro ‘GOAL_FUNCTION’
 2769 | GOAL_FUNCTION (ARITY, CODE)
      | ^~~~~~~~~~~~~
goal.def:127:1: note: in expansion of macro ‘DEF_GOAL’
  127 | DEF_GOAL (GTS0_PLUS,      2, "gts0+",       { r = ((signed_word) v0 > 0) + v1; })
      | ^~~~~~~~
superopt.c:2781:7: note: include ‘<stdlib.h>’ or provide a declaration of ‘abort’
 2781 |       abort ();     \
      |       ^~~~~
superopt.c:2769:1: note: in expansion of macro ‘GOAL_FUNCTION’
 2769 | GOAL_FUNCTION (ARITY, CODE)
      | ^~~~~~~~~~~~~
goal.def:127:1: note: in expansion of macro ‘DEF_GOAL’
  127 | DEF_GOAL (GTS0_PLUS,      2, "gts0+",       { r = ((signed_word) v0 > 0) + v1; })
      | ^~~~~~~~
goal.def: In function ‘EQ_MINUS_func’:
superopt.c:2781:7: warning: incompatible implicit declaration of built-in function ‘abort’
 2781 |       abort ();     \
      |       ^~~~~
superopt.c:2769:1: note: in expansion of macro ‘GOAL_FUNCTION’
 2769 | GOAL_FUNCTION (ARITY, CODE)
      | ^~~~~~~~~~~~~
goal.def:150:1: note: in expansion of macro ‘DEF_GOAL’
  150 | DEF_GOAL (EQ_MINUS,       3, "eq-",         { r = v2 - (v0 == v1); })
      | ^~~~~~~~
superopt.c:2781:7: note: include ‘<stdlib.h>’ or provide a declaration of ‘abort’
 2781 |       abort ();     \
      |       ^~~~~
superopt.c:2769:1: note: in expansion of macro ‘GOAL_FUNCTION’
 2769 | GOAL_FUNCTION (ARITY, CODE)
      | ^~~~~~~~~~~~~
goal.def:150:1: note: in expansion of macro ‘DEF_GOAL’
  150 | DEF_GOAL (EQ_MINUS,       3, "eq-",         { r = v2 - (v0 == v1); })
      | ^~~~~~~~
goal.def: In function ‘NE_MINUS_func’:
superopt.c:2781:7: warning: incompatible implicit declaration of built-in function ‘abort’
 2781 |       abort ();     \
      |       ^~~~~
superopt.c:2769:1: note: in expansion of macro ‘GOAL_FUNCTION’
 2769 | GOAL_FUNCTION (ARITY, CODE)
      | ^~~~~~~~~~~~~
goal.def:151:1: note: in expansion of macro ‘DEF_GOAL’
  151 | DEF_GOAL (NE_MINUS,       3, "ne-",         { r = v2 - (v0 != v1); })
      | ^~~~~~~~
superopt.c:2781:7: note: include ‘<stdlib.h>’ or provide a declaration of ‘abort’
 2781 |       abort ();     \
      |       ^~~~~
superopt.c:2769:1: note: in expansion of macro ‘GOAL_FUNCTION’
 2769 | GOAL_FUNCTION (ARITY, CODE)
      | ^~~~~~~~~~~~~
goal.def:151:1: note: in expansion of macro ‘DEF_GOAL’
  151 | DEF_GOAL (NE_MINUS,       3, "ne-",         { r = v2 - (v0 != v1); })
      | ^~~~~~~~
goal.def: In function ‘LES_MINUS_func’:
superopt.c:2781:7: warning: incompatible implicit declaration of built-in function ‘abort’
 2781 |       abort ();     \
      |       ^~~~~
superopt.c:2769:1: note: in expansion of macro ‘GOAL_FUNCTION’
 2769 | GOAL_FUNCTION (ARITY, CODE)
      | ^~~~~~~~~~~~~
goal.def:152:1: note: in expansion of macro ‘DEF_GOAL’
  152 | DEF_GOAL (LES_MINUS,      3, "les-",        { r = v2 - ((signed_word) v0 <= (signed_word) v1); })
      | ^~~~~~~~
superopt.c:2781:7: note: include ‘<stdlib.h>’ or provide a declaration of ‘abort’
 2781 |       abort ();     \
      |       ^~~~~
superopt.c:2769:1: note: in expansion of macro ‘GOAL_FUNCTION’
 2769 | GOAL_FUNCTION (ARITY, CODE)
      | ^~~~~~~~~~~~~
goal.def:152:1: note: in expansion of macro ‘DEF_GOAL’
  152 | DEF_GOAL (LES_MINUS,      3, "les-",        { r = v2 - ((signed_word) v0 <= (signed_word) v1); })
      | ^~~~~~~~
goal.def: In function ‘GES_MINUS_func’:
superopt.c:2781:7: warning: incompatible implicit declaration of built-in function ‘abort’
 2781 |       abort ();     \
      |       ^~~~~
superopt.c:2769:1: note: in expansion of macro ‘GOAL_FUNCTION’
 2769 | GOAL_FUNCTION (ARITY, CODE)
      | ^~~~~~~~~~~~~
goal.def:153:1: note: in expansion of macro ‘DEF_GOAL’
  153 | DEF_GOAL (GES_MINUS,      3, "ges-",        { r = v2 - ((signed_word) v0 >= (signed_word) v1); })
      | ^~~~~~~~
superopt.c:2781:7: note: include ‘<stdlib.h>’ or provide a declaration of ‘abort’
 2781 |       abort ();     \
      |       ^~~~~
superopt.c:2769:1: note: in expansion of macro ‘GOAL_FUNCTION’
 2769 | GOAL_FUNCTION (ARITY, CODE)
      | ^~~~~~~~~~~~~
goal.def:153:1: note: in expansion of macro ‘DEF_GOAL’
  153 | DEF_GOAL (GES_MINUS,      3, "ges-",        { r = v2 - ((signed_word) v0 >= (signed_word) v1); })
      | ^~~~~~~~
goal.def: In function ‘LTS_MINUS_func’:
superopt.c:2781:7: warning: incompatible implicit declaration of built-in function ‘abort’
 2781 |       abort ();     \
      |       ^~~~~
superopt.c:2769:1: note: in expansion of macro ‘GOAL_FUNCTION’
 2769 | GOAL_FUNCTION (ARITY, CODE)
      | ^~~~~~~~~~~~~
goal.def:154:1: note: in expansion of macro ‘DEF_GOAL’
  154 | DEF_GOAL (LTS_MINUS,      3, "lts-",        { r = v2 - ((signed_word) v0 < (signed_word) v1); })
      | ^~~~~~~~
superopt.c:2781:7: note: include ‘<stdlib.h>’ or provide a declaration of ‘abort’
 2781 |       abort ();     \
      |       ^~~~~
superopt.c:2769:1: note: in expansion of macro ‘GOAL_FUNCTION’
 2769 | GOAL_FUNCTION (ARITY, CODE)
      | ^~~~~~~~~~~~~
goal.def:154:1: note: in expansion of macro ‘DEF_GOAL’
  154 | DEF_GOAL (LTS_MINUS,      3, "lts-",        { r = v2 - ((signed_word) v0 < (signed_word) v1); })
      | ^~~~~~~~
goal.def: In function ‘GTS_MINUS_func’:
superopt.c:2781:7: warning: incompatible implicit declaration of built-in function ‘abort’
 2781 |       abort ();     \
      |       ^~~~~
superopt.c:2769:1: note: in expansion of macro ‘GOAL_FUNCTION’
 2769 | GOAL_FUNCTION (ARITY, CODE)
      | ^~~~~~~~~~~~~
goal.def:155:1: note: in expansion of macro ‘DEF_GOAL’
  155 | DEF_GOAL (GTS_MINUS,      3, "gts-",        { r = v2 - ((signed_word) v0 > (signed_word) v1); })
      | ^~~~~~~~
superopt.c:2781:7: note: include ‘<stdlib.h>’ or provide a declaration of ‘abort’
 2781 |       abort ();     \
      |       ^~~~~
superopt.c:2769:1: note: in expansion of macro ‘GOAL_FUNCTION’
 2769 | GOAL_FUNCTION (ARITY, CODE)
      | ^~~~~~~~~~~~~
goal.def:155:1: note: in expansion of macro ‘DEF_GOAL’
  155 | DEF_GOAL (GTS_MINUS,      3, "gts-",        { r = v2 - ((signed_word) v0 > (signed_word) v1); })
      | ^~~~~~~~
goal.def: In function ‘LEU_MINUS_func’:
superopt.c:2781:7: warning: incompatible implicit declaration of built-in function ‘abort’
 2781 |       abort ();     \
      |       ^~~~~
superopt.c:2769:1: note: in expansion of macro ‘GOAL_FUNCTION’
 2769 | GOAL_FUNCTION (ARITY, CODE)
      | ^~~~~~~~~~~~~
goal.def:156:1: note: in expansion of macro ‘DEF_GOAL’
  156 | DEF_GOAL (LEU_MINUS,      3, "leu-",        { r = v2 - ((unsigned_word) v0 <= (unsigned_word) v1); })
      | ^~~~~~~~
superopt.c:2781:7: note: include ‘<stdlib.h>’ or provide a declaration of ‘abort’
 2781 |       abort ();     \
      |       ^~~~~
superopt.c:2769:1: note: in expansion of macro ‘GOAL_FUNCTION’
 2769 | GOAL_FUNCTION (ARITY, CODE)
      | ^~~~~~~~~~~~~
goal.def:156:1: note: in expansion of macro ‘DEF_GOAL’
  156 | DEF_GOAL (LEU_MINUS,      3, "leu-",        { r = v2 - ((unsigned_word) v0 <= (unsigned_word) v1); })
      | ^~~~~~~~
goal.def: In function ‘GEU_MINUS_func’:
superopt.c:2781:7: warning: incompatible implicit declaration of built-in function ‘abort’
 2781 |       abort ();     \
      |       ^~~~~
superopt.c:2769:1: note: in expansion of macro ‘GOAL_FUNCTION’
 2769 | GOAL_FUNCTION (ARITY, CODE)
      | ^~~~~~~~~~~~~
goal.def:157:1: note: in expansion of macro ‘DEF_GOAL’
  157 | DEF_GOAL (GEU_MINUS,      3, "geu-",        { r = v2 - ((unsigned_word) v0 >= (unsigned_word) v1); })
      | ^~~~~~~~
superopt.c:2781:7: note: include ‘<stdlib.h>’ or provide a declaration of ‘abort’
 2781 |       abort ();     \
      |       ^~~~~
superopt.c:2769:1: note: in expansion of macro ‘GOAL_FUNCTION’
 2769 | GOAL_FUNCTION (ARITY, CODE)
      | ^~~~~~~~~~~~~
goal.def:157:1: note: in expansion of macro ‘DEF_GOAL’
  157 | DEF_GOAL (GEU_MINUS,      3, "geu-",        { r = v2 - ((unsigned_word) v0 >= (unsigned_word) v1); })
      | ^~~~~~~~
goal.def: In function ‘LTU_MINUS_func’:
superopt.c:2781:7: warning: incompatible implicit declaration of built-in function ‘abort’
 2781 |       abort ();     \
      |       ^~~~~
superopt.c:2769:1: note: in expansion of macro ‘GOAL_FUNCTION’
 2769 | GOAL_FUNCTION (ARITY, CODE)
      | ^~~~~~~~~~~~~
goal.def:158:1: note: in expansion of macro ‘DEF_GOAL’
  158 | DEF_GOAL (LTU_MINUS,      3, "ltu-",        { r = v2 - ((unsigned_word) v0 < (unsigned_word) v1); })
      | ^~~~~~~~
superopt.c:2781:7: note: include ‘<stdlib.h>’ or provide a declaration of ‘abort’
 2781 |       abort ();     \
      |       ^~~~~
superopt.c:2769:1: note: in expansion of macro ‘GOAL_FUNCTION’
 2769 | GOAL_FUNCTION (ARITY, CODE)
      | ^~~~~~~~~~~~~
goal.def:158:1: note: in expansion of macro ‘DEF_GOAL’
  158 | DEF_GOAL (LTU_MINUS,      3, "ltu-",        { r = v2 - ((unsigned_word) v0 < (unsigned_word) v1); })
      | ^~~~~~~~
goal.def: In function ‘GTU_MINUS_func’:
superopt.c:2781:7: warning: incompatible implicit declaration of built-in function ‘abort’
 2781 |       abort ();     \
      |       ^~~~~
superopt.c:2769:1: note: in expansion of macro ‘GOAL_FUNCTION’
 2769 | GOAL_FUNCTION (ARITY, CODE)
      | ^~~~~~~~~~~~~
goal.def:159:1: note: in expansion of macro ‘DEF_GOAL’
  159 | DEF_GOAL (GTU_MINUS,      3, "gtu-",        { r = v2 - ((unsigned_word) v0 > (unsigned_word) v1); })
      | ^~~~~~~~
superopt.c:2781:7: note: include ‘<stdlib.h>’ or provide a declaration of ‘abort’
 2781 |       abort ();     \
      |       ^~~~~
superopt.c:2769:1: note: in expansion of macro ‘GOAL_FUNCTION’
 2769 | GOAL_FUNCTION (ARITY, CODE)
      | ^~~~~~~~~~~~~
goal.def:159:1: note: in expansion of macro ‘DEF_GOAL’
  159 | DEF_GOAL (GTU_MINUS,      3, "gtu-",        { r = v2 - ((unsigned_word) v0 > (unsigned_word) v1); })
      | ^~~~~~~~
goal.def: In function ‘LESU_MINUS_func’:
superopt.c:2781:7: warning: incompatible implicit declaration of built-in function ‘abort’
 2781 |       abort ();     \
      |       ^~~~~
superopt.c:2769:1: note: in expansion of macro ‘GOAL_FUNCTION’
 2769 | GOAL_FUNCTION (ARITY, CODE)
      | ^~~~~~~~~~~~~
goal.def:160:1: note: in expansion of macro ‘DEF_GOAL’
  160 | DEF_GOAL (LESU_MINUS,     3, "lesu-",       { r = v2 - ((signed_word) v0 < 0 || (unsigned_word) v0 <= (unsigned_word) v1); })
      | ^~~~~~~~
superopt.c:2781:7: note: include ‘<stdlib.h>’ or provide a declaration of ‘abort’
 2781 |       abort ();     \
      |       ^~~~~
superopt.c:2769:1: note: in expansion of macro ‘GOAL_FUNCTION’
 2769 | GOAL_FUNCTION (ARITY, CODE)
      | ^~~~~~~~~~~~~
goal.def:160:1: note: in expansion of macro ‘DEF_GOAL’
  160 | DEF_GOAL (LESU_MINUS,     3, "lesu-",       { r = v2 - ((signed_word) v0 < 0 || (unsigned_word) v0 <= (unsigned_word) v1); })
      | ^~~~~~~~
goal.def: In function ‘GESU_MINUS_func’:
superopt.c:2781:7: warning: incompatible implicit declaration of built-in function ‘abort’
 2781 |       abort ();     \
      |       ^~~~~
superopt.c:2769:1: note: in expansion of macro ‘GOAL_FUNCTION’
 2769 | GOAL_FUNCTION (ARITY, CODE)
      | ^~~~~~~~~~~~~
goal.def:161:1: note: in expansion of macro ‘DEF_GOAL’
  161 | DEF_GOAL (GESU_MINUS,     3, "gesu-",       { r = v2 - ((signed_word) v0 >= 0 && (unsigned_word) v0 >= (unsigned_word) v1); })
      | ^~~~~~~~
superopt.c:2781:7: note: include ‘<stdlib.h>’ or provide a declaration of ‘abort’
 2781 |       abort ();     \
      |       ^~~~~
superopt.c:2769:1: note: in expansion of macro ‘GOAL_FUNCTION’
 2769 | GOAL_FUNCTION (ARITY, CODE)
      | ^~~~~~~~~~~~~
goal.def:161:1: note: in expansion of macro ‘DEF_GOAL’
  161 | DEF_GOAL (GESU_MINUS,     3, "gesu-",       { r = v2 - ((signed_word) v0 >= 0 && (unsigned_word) v0 >= (unsigned_word) v1); })
      | ^~~~~~~~
goal.def: In function ‘LTSU_MINUS_func’:
superopt.c:2781:7: warning: incompatible implicit declaration of built-in function ‘abort’
 2781 |       abort ();     \
      |       ^~~~~
superopt.c:2769:1: note: in expansion of macro ‘GOAL_FUNCTION’
 2769 | GOAL_FUNCTION (ARITY, CODE)
      | ^~~~~~~~~~~~~
goal.def:162:1: note: in expansion of macro ‘DEF_GOAL’
  162 | DEF_GOAL (LTSU_MINUS,     3, "ltsu-",       { r = v2 - ((signed_word) v0 < 0 || (unsigned_word) v0 < (unsigned_word) v1); })
      | ^~~~~~~~
superopt.c:2781:7: note: include ‘<stdlib.h>’ or provide a declaration of ‘abort’
 2781 |       abort ();     \
      |       ^~~~~
superopt.c:2769:1: note: in expansion of macro ‘GOAL_FUNCTION’
 2769 | GOAL_FUNCTION (ARITY, CODE)
      | ^~~~~~~~~~~~~
goal.def:162:1: note: in expansion of macro ‘DEF_GOAL’
  162 | DEF_GOAL (LTSU_MINUS,     3, "ltsu-",       { r = v2 - ((signed_word) v0 < 0 || (unsigned_word) v0 < (unsigned_word) v1); })
      | ^~~~~~~~
goal.def: In function ‘GTSU_MINUS_func’:
superopt.c:2781:7: warning: incompatible implicit declaration of built-in function ‘abort’
 2781 |       abort ();     \
      |       ^~~~~
superopt.c:2769:1: note: in expansion of macro ‘GOAL_FUNCTION’
 2769 | GOAL_FUNCTION (ARITY, CODE)
      | ^~~~~~~~~~~~~
goal.def:163:1: note: in expansion of macro ‘DEF_GOAL’
  163 | DEF_GOAL (GTSU_MINUS,     3, "gtsu-",       { r = v2 - ((signed_word) v0 >= 0 && (unsigned_word) v0 > (unsigned_word) v1); })
      | ^~~~~~~~
superopt.c:2781:7: note: include ‘<stdlib.h>’ or provide a declaration of ‘abort’
 2781 |       abort ();     \
      |       ^~~~~
superopt.c:2769:1: note: in expansion of macro ‘GOAL_FUNCTION’
 2769 | GOAL_FUNCTION (ARITY, CODE)
      | ^~~~~~~~~~~~~
goal.def:163:1: note: in expansion of macro ‘DEF_GOAL’
  163 | DEF_GOAL (GTSU_MINUS,     3, "gtsu-",       { r = v2 - ((signed_word) v0 >= 0 && (unsigned_word) v0 > (unsigned_word) v1); })
      | ^~~~~~~~
goal.def: In function ‘EQ0_MINUS_func’:
superopt.c:2781:7: warning: incompatible implicit declaration of built-in function ‘abort’
 2781 |       abort ();     \
      |       ^~~~~
superopt.c:2769:1: note: in expansion of macro ‘GOAL_FUNCTION’
 2769 | GOAL_FUNCTION (ARITY, CODE)
      | ^~~~~~~~~~~~~
goal.def:165:1: note: in expansion of macro ‘DEF_GOAL’
  165 | DEF_GOAL (EQ0_MINUS,      2, "eq0-",        { r = v1 - (v0 == 0); })
      | ^~~~~~~~
superopt.c:2781:7: note: include ‘<stdlib.h>’ or provide a declaration of ‘abort’
 2781 |       abort ();     \
      |       ^~~~~
superopt.c:2769:1: note: in expansion of macro ‘GOAL_FUNCTION’
 2769 | GOAL_FUNCTION (ARITY, CODE)
      | ^~~~~~~~~~~~~
goal.def:165:1: note: in expansion of macro ‘DEF_GOAL’
  165 | DEF_GOAL (EQ0_MINUS,      2, "eq0-",        { r = v1 - (v0 == 0); })
      | ^~~~~~~~
goal.def: In function ‘NE0_MINUS_func’:
superopt.c:2781:7: warning: incompatible implicit declaration of built-in function ‘abort’
 2781 |       abort ();     \
      |       ^~~~~
superopt.c:2769:1: note: in expansion of macro ‘GOAL_FUNCTION’
 2769 | GOAL_FUNCTION (ARITY, CODE)
      | ^~~~~~~~~~~~~
goal.def:166:1: note: in expansion of macro ‘DEF_GOAL’
  166 | DEF_GOAL (NE0_MINUS,      2, "ne0-",        { r = v1 - (v0 != 0); })
      | ^~~~~~~~
superopt.c:2781:7: note: include ‘<stdlib.h>’ or provide a declaration of ‘abort’
 2781 |       abort ();     \
      |       ^~~~~
superopt.c:2769:1: note: in expansion of macro ‘GOAL_FUNCTION’
 2769 | GOAL_FUNCTION (ARITY, CODE)
      | ^~~~~~~~~~~~~
goal.def:166:1: note: in expansion of macro ‘DEF_GOAL’
  166 | DEF_GOAL (NE0_MINUS,      2, "ne0-",        { r = v1 - (v0 != 0); })
      | ^~~~~~~~
goal.def: In function ‘LES0_MINUS_func’:
superopt.c:2781:7: warning: incompatible implicit declaration of built-in function ‘abort’
 2781 |       abort ();     \
      |       ^~~~~
superopt.c:2769:1: note: in expansion of macro ‘GOAL_FUNCTION’
 2769 | GOAL_FUNCTION (ARITY, CODE)
      | ^~~~~~~~~~~~~
goal.def:167:1: note: in expansion of macro ‘DEF_GOAL’
  167 | DEF_GOAL (LES0_MINUS,     2, "les0-",       { r = v1 - ((signed_word) v0 <= 0); })
      | ^~~~~~~~
superopt.c:2781:7: note: include ‘<stdlib.h>’ or provide a declaration of ‘abort’
 2781 |       abort ();     \
      |       ^~~~~
superopt.c:2769:1: note: in expansion of macro ‘GOAL_FUNCTION’
 2769 | GOAL_FUNCTION (ARITY, CODE)
      | ^~~~~~~~~~~~~
goal.def:167:1: note: in expansion of macro ‘DEF_GOAL’
  167 | DEF_GOAL (LES0_MINUS,     2, "les0-",       { r = v1 - ((signed_word) v0 <= 0); })
      | ^~~~~~~~
goal.def: In function ‘GES0_MINUS_func’:
superopt.c:2781:7: warning: incompatible implicit declaration of built-in function ‘abort’
 2781 |       abort ();     \
      |       ^~~~~
superopt.c:2769:1: note: in expansion of macro ‘GOAL_FUNCTION’
 2769 | GOAL_FUNCTION (ARITY, CODE)
      | ^~~~~~~~~~~~~
goal.def:168:1: note: in expansion of macro ‘DEF_GOAL’
  168 | DEF_GOAL (GES0_MINUS,     2, "ges0-",       { r = v1 - ((signed_word) v0 >= 0); })
      | ^~~~~~~~
superopt.c:2781:7: note: include ‘<stdlib.h>’ or provide a declaration of ‘abort’
 2781 |       abort ();     \
      |       ^~~~~
superopt.c:2769:1: note: in expansion of macro ‘GOAL_FUNCTION’
 2769 | GOAL_FUNCTION (ARITY, CODE)
      | ^~~~~~~~~~~~~
goal.def:168:1: note: in expansion of macro ‘DEF_GOAL’
  168 | DEF_GOAL (GES0_MINUS,     2, "ges0-",       { r = v1 - ((signed_word) v0 >= 0); })
      | ^~~~~~~~
goal.def: In function ‘LTS0_MINUS_func’:
superopt.c:2781:7: warning: incompatible implicit declaration of built-in function ‘abort’
 2781 |       abort ();     \
      |       ^~~~~
superopt.c:2769:1: note: in expansion of macro ‘GOAL_FUNCTION’
 2769 | GOAL_FUNCTION (ARITY, CODE)
      | ^~~~~~~~~~~~~
goal.def:169:1: note: in expansion of macro ‘DEF_GOAL’
  169 | DEF_GOAL (LTS0_MINUS,     2, "lts0-",       { r = v1 - ((signed_word) v0 < 0); })
      | ^~~~~~~~
superopt.c:2781:7: note: include ‘<stdlib.h>’ or provide a declaration of ‘abort’
 2781 |       abort ();     \
      |       ^~~~~
superopt.c:2769:1: note: in expansion of macro ‘GOAL_FUNCTION’
 2769 | GOAL_FUNCTION (ARITY, CODE)
      | ^~~~~~~~~~~~~
goal.def:169:1: note: in expansion of macro ‘DEF_GOAL’
  169 | DEF_GOAL (LTS0_MINUS,     2, "lts0-",       { r = v1 - ((signed_word) v0 < 0); })
      | ^~~~~~~~
goal.def: In function ‘GTS0_MINUS_func’:
superopt.c:2781:7: warning: incompatible implicit declaration of built-in function ‘abort’
 2781 |       abort ();     \
      |       ^~~~~
superopt.c:2769:1: note: in expansion of macro ‘GOAL_FUNCTION’
 2769 | GOAL_FUNCTION (ARITY, CODE)
      | ^~~~~~~~~~~~~
goal.def:170:1: note: in expansion of macro ‘DEF_GOAL’
  170 | DEF_GOAL (GTS0_MINUS,     2, "gts0-",       { r = v1 - ((signed_word) v0 > 0); })
      | ^~~~~~~~
superopt.c:2781:7: note: include ‘<stdlib.h>’ or provide a declaration of ‘abort’
 2781 |       abort ();     \
      |       ^~~~~
superopt.c:2769:1: note: in expansion of macro ‘GOAL_FUNCTION’
 2769 | GOAL_FUNCTION (ARITY, CODE)
      | ^~~~~~~~~~~~~
goal.def:170:1: note: in expansion of macro ‘DEF_GOAL’
  170 | DEF_GOAL (GTS0_MINUS,     2, "gts0-",       { r = v1 - ((signed_word) v0 > 0); })
      | ^~~~~~~~
goal.def: In function ‘NEQ_AND_func’:
superopt.c:2781:7: warning: incompatible implicit declaration of built-in function ‘abort’
 2781 |       abort ();     \
      |       ^~~~~
superopt.c:2769:1: note: in expansion of macro ‘GOAL_FUNCTION’
 2769 | GOAL_FUNCTION (ARITY, CODE)
      | ^~~~~~~~~~~~~
goal.def:172:1: note: in expansion of macro ‘DEF_GOAL’
  172 | DEF_GOAL (NEQ_AND,        3, "naeq",        { r = -(v0 == v1) & v2; })
      | ^~~~~~~~
superopt.c:2781:7: note: include ‘<stdlib.h>’ or provide a declaration of ‘abort’
 2781 |       abort ();     \
      |       ^~~~~
superopt.c:2769:1: note: in expansion of macro ‘GOAL_FUNCTION’
 2769 | GOAL_FUNCTION (ARITY, CODE)
      | ^~~~~~~~~~~~~
goal.def:172:1: note: in expansion of macro ‘DEF_GOAL’
  172 | DEF_GOAL (NEQ_AND,        3, "naeq",        { r = -(v0 == v1) & v2; })
      | ^~~~~~~~
goal.def: In function ‘NNE_AND_func’:
superopt.c:2781:7: warning: incompatible implicit declaration of built-in function ‘abort’
 2781 |       abort ();     \
      |       ^~~~~
superopt.c:2769:1: note: in expansion of macro ‘GOAL_FUNCTION’
 2769 | GOAL_FUNCTION (ARITY, CODE)
      | ^~~~~~~~~~~~~
goal.def:173:1: note: in expansion of macro ‘DEF_GOAL’
  173 | DEF_GOAL (NNE_AND,        3, "nane",        { r = -(v0 != v1) & v2; })
      | ^~~~~~~~
superopt.c:2781:7: note: include ‘<stdlib.h>’ or provide a declaration of ‘abort’
 2781 |       abort ();     \
      |       ^~~~~
superopt.c:2769:1: note: in expansion of macro ‘GOAL_FUNCTION’
 2769 | GOAL_FUNCTION (ARITY, CODE)
      | ^~~~~~~~~~~~~
goal.def:173:1: note: in expansion of macro ‘DEF_GOAL’
  173 | DEF_GOAL (NNE_AND,        3, "nane",        { r = -(v0 != v1) & v2; })
      | ^~~~~~~~
goal.def: In function ‘NLES_AND_func’:
superopt.c:2781:7: warning: incompatible implicit declaration of built-in function ‘abort’
 2781 |       abort ();     \
      |       ^~~~~
superopt.c:2769:1: note: in expansion of macro ‘GOAL_FUNCTION’
 2769 | GOAL_FUNCTION (ARITY, CODE)
      | ^~~~~~~~~~~~~
goal.def:174:1: note: in expansion of macro ‘DEF_GOAL’
  174 | DEF_GOAL (NLES_AND,       3, "nales",       { r = -((signed_word) v0 <= (signed_word) v1) & v2; })
      | ^~~~~~~~
superopt.c:2781:7: note: include ‘<stdlib.h>’ or provide a declaration of ‘abort’
 2781 |       abort ();     \
      |       ^~~~~
superopt.c:2769:1: note: in expansion of macro ‘GOAL_FUNCTION’
 2769 | GOAL_FUNCTION (ARITY, CODE)
      | ^~~~~~~~~~~~~
goal.def:174:1: note: in expansion of macro ‘DEF_GOAL’
  174 | DEF_GOAL (NLES_AND,       3, "nales",       { r = -((signed_word) v0 <= (signed_word) v1) & v2; })
      | ^~~~~~~~
goal.def: In function ‘NGES_AND_func’:
superopt.c:2781:7: warning: incompatible implicit declaration of built-in function ‘abort’
 2781 |       abort ();     \
      |       ^~~~~
superopt.c:2769:1: note: in expansion of macro ‘GOAL_FUNCTION’
 2769 | GOAL_FUNCTION (ARITY, CODE)
      | ^~~~~~~~~~~~~
goal.def:175:1: note: in expansion of macro ‘DEF_GOAL’
  175 | DEF_GOAL (NGES_AND,       3, "nages",       { r = -((signed_word) v0 >= (signed_word) v1) & v2; })
      | ^~~~~~~~
superopt.c:2781:7: note: include ‘<stdlib.h>’ or provide a declaration of ‘abort’
 2781 |       abort ();     \
      |       ^~~~~
superopt.c:2769:1: note: in expansion of macro ‘GOAL_FUNCTION’
 2769 | GOAL_FUNCTION (ARITY, CODE)
      | ^~~~~~~~~~~~~
goal.def:175:1: note: in expansion of macro ‘DEF_GOAL’
  175 | DEF_GOAL (NGES_AND,       3, "nages",       { r = -((signed_word) v0 >= (signed_word) v1) & v2; })
      | ^~~~~~~~
goal.def: In function ‘NLTS_AND_func’:
superopt.c:2781:7: warning: incompatible implicit declaration of built-in function ‘abort’
 2781 |       abort ();     \
      |       ^~~~~
superopt.c:2769:1: note: in expansion of macro ‘GOAL_FUNCTION’
 2769 | GOAL_FUNCTION (ARITY, CODE)
      | ^~~~~~~~~~~~~
goal.def:176:1: note: in expansion of macro ‘DEF_GOAL’
  176 | DEF_GOAL (NLTS_AND,       3, "nalts",       { r = -((signed_word) v0 < (signed_word) v1) & v2; })
      | ^~~~~~~~
superopt.c:2781:7: note: include ‘<stdlib.h>’ or provide a declaration of ‘abort’
 2781 |       abort ();     \
      |       ^~~~~
superopt.c:2769:1: note: in expansion of macro ‘GOAL_FUNCTION’
 2769 | GOAL_FUNCTION (ARITY, CODE)
      | ^~~~~~~~~~~~~
goal.def:176:1: note: in expansion of macro ‘DEF_GOAL’
  176 | DEF_GOAL (NLTS_AND,       3, "nalts",       { r = -((signed_word) v0 < (signed_word) v1) & v2; })
      | ^~~~~~~~
goal.def: In function ‘NGTS_AND_func’:
superopt.c:2781:7: warning: incompatible implicit declaration of built-in function ‘abort’
 2781 |       abort ();     \
      |       ^~~~~
superopt.c:2769:1: note: in expansion of macro ‘GOAL_FUNCTION’
 2769 | GOAL_FUNCTION (ARITY, CODE)
      | ^~~~~~~~~~~~~
goal.def:177:1: note: in expansion of macro ‘DEF_GOAL’
  177 | DEF_GOAL (NGTS_AND,       3, "nagts",       { r = -((signed_word) v0 > (signed_word) v1) & v2; })
      | ^~~~~~~~
superopt.c:2781:7: note: include ‘<stdlib.h>’ or provide a declaration of ‘abort’
 2781 |       abort ();     \
      |       ^~~~~
superopt.c:2769:1: note: in expansion of macro ‘GOAL_FUNCTION’
 2769 | GOAL_FUNCTION (ARITY, CODE)
      | ^~~~~~~~~~~~~
goal.def:177:1: note: in expansion of macro ‘DEF_GOAL’
  177 | DEF_GOAL (NGTS_AND,       3, "nagts",       { r = -((signed_word) v0 > (signed_word) v1) & v2; })
      | ^~~~~~~~
goal.def: In function ‘NLEU_AND_func’:
superopt.c:2781:7: warning: incompatible implicit declaration of built-in function ‘abort’
 2781 |       abort ();     \
      |       ^~~~~
superopt.c:2769:1: note: in expansion of macro ‘GOAL_FUNCTION’
 2769 | GOAL_FUNCTION (ARITY, CODE)
      | ^~~~~~~~~~~~~
goal.def:178:1: note: in expansion of macro ‘DEF_GOAL’
  178 | DEF_GOAL (NLEU_AND,       3, "naleu",       { r = -((unsigned_word) v0 <= (unsigned_word) v1) & v2; })
      | ^~~~~~~~
superopt.c:2781:7: note: include ‘<stdlib.h>’ or provide a declaration of ‘abort’
 2781 |       abort ();     \
      |       ^~~~~
superopt.c:2769:1: note: in expansion of macro ‘GOAL_FUNCTION’
 2769 | GOAL_FUNCTION (ARITY, CODE)
      | ^~~~~~~~~~~~~
goal.def:178:1: note: in expansion of macro ‘DEF_GOAL’
  178 | DEF_GOAL (NLEU_AND,       3, "naleu",       { r = -((unsigned_word) v0 <= (unsigned_word) v1) & v2; })
      | ^~~~~~~~
goal.def: In function ‘NGEU_AND_func’:
superopt.c:2781:7: warning: incompatible implicit declaration of built-in function ‘abort’
 2781 |       abort ();     \
      |       ^~~~~
superopt.c:2769:1: note: in expansion of macro ‘GOAL_FUNCTION’
 2769 | GOAL_FUNCTION (ARITY, CODE)
      | ^~~~~~~~~~~~~
goal.def:179:1: note: in expansion of macro ‘DEF_GOAL’
  179 | DEF_GOAL (NGEU_AND,       3, "nageu",       { r = -((unsigned_word) v0 >= (unsigned_word) v1) & v2; })
      | ^~~~~~~~
superopt.c:2781:7: note: include ‘<stdlib.h>’ or provide a declaration of ‘abort’
 2781 |       abort ();     \
      |       ^~~~~
superopt.c:2769:1: note: in expansion of macro ‘GOAL_FUNCTION’
 2769 | GOAL_FUNCTION (ARITY, CODE)
      | ^~~~~~~~~~~~~
goal.def:179:1: note: in expansion of macro ‘DEF_GOAL’
  179 | DEF_GOAL (NGEU_AND,       3, "nageu",       { r = -((unsigned_word) v0 >= (unsigned_word) v1) & v2; })
      | ^~~~~~~~
goal.def: In function ‘NLTU_AND_func’:
superopt.c:2781:7: warning: incompatible implicit declaration of built-in function ‘abort’
 2781 |       abort ();     \
      |       ^~~~~
superopt.c:2769:1: note: in expansion of macro ‘GOAL_FUNCTION’
 2769 | GOAL_FUNCTION (ARITY, CODE)
      | ^~~~~~~~~~~~~
goal.def:180:1: note: in expansion of macro ‘DEF_GOAL’
  180 | DEF_GOAL (NLTU_AND,       3, "naltu",       { r = -((unsigned_word) v0 < (unsigned_word) v1) & v2; })
      | ^~~~~~~~
superopt.c:2781:7: note: include ‘<stdlib.h>’ or provide a declaration of ‘abort’
 2781 |       abort ();     \
      |       ^~~~~
superopt.c:2769:1: note: in expansion of macro ‘GOAL_FUNCTION’
 2769 | GOAL_FUNCTION (ARITY, CODE)
      | ^~~~~~~~~~~~~
goal.def:180:1: note: in expansion of macro ‘DEF_GOAL’
  180 | DEF_GOAL (NLTU_AND,       3, "naltu",       { r = -((unsigned_word) v0 < (unsigned_word) v1) & v2; })
      | ^~~~~~~~
goal.def: In function ‘NGTU_AND_func’:
superopt.c:2781:7: warning: incompatible implicit declaration of built-in function ‘abort’
 2781 |       abort ();     \
      |       ^~~~~
superopt.c:2769:1: note: in expansion of macro ‘GOAL_FUNCTION’
 2769 | GOAL_FUNCTION (ARITY, CODE)
      | ^~~~~~~~~~~~~
goal.def:181:1: note: in expansion of macro ‘DEF_GOAL’
  181 | DEF_GOAL (NGTU_AND,       3, "nagtu",       { r = -((unsigned_word) v0 > (unsigned_word) v1) & v2; })
      | ^~~~~~~~
superopt.c:2781:7: note: include ‘<stdlib.h>’ or provide a declaration of ‘abort’
 2781 |       abort ();     \
      |       ^~~~~
superopt.c:2769:1: note: in expansion of macro ‘GOAL_FUNCTION’
 2769 | GOAL_FUNCTION (ARITY, CODE)
      | ^~~~~~~~~~~~~
goal.def:181:1: note: in expansion of macro ‘DEF_GOAL’
  181 | DEF_GOAL (NGTU_AND,       3, "nagtu",       { r = -((unsigned_word) v0 > (unsigned_word) v1) & v2; })
      | ^~~~~~~~
goal.def: In function ‘NEQ0_AND_func’:
superopt.c:2781:7: warning: incompatible implicit declaration of built-in function ‘abort’
 2781 |       abort ();     \
      |       ^~~~~
superopt.c:2769:1: note: in expansion of macro ‘GOAL_FUNCTION’
 2769 | GOAL_FUNCTION (ARITY, CODE)
      | ^~~~~~~~~~~~~
goal.def:183:1: note: in expansion of macro ‘DEF_GOAL’
  183 | DEF_GOAL (NEQ0_AND,       2, "naeq0",       { r = -(v0 == 0) & v1; })
      | ^~~~~~~~
superopt.c:2781:7: note: include ‘<stdlib.h>’ or provide a declaration of ‘abort’
 2781 |       abort ();     \
      |       ^~~~~
superopt.c:2769:1: note: in expansion of macro ‘GOAL_FUNCTION’
 2769 | GOAL_FUNCTION (ARITY, CODE)
      | ^~~~~~~~~~~~~
goal.def:183:1: note: in expansion of macro ‘DEF_GOAL’
  183 | DEF_GOAL (NEQ0_AND,       2, "naeq0",       { r = -(v0 == 0) & v1; })
      | ^~~~~~~~
goal.def: In function ‘NNE0_AND_func’:
superopt.c:2781:7: warning: incompatible implicit declaration of built-in function ‘abort’
 2781 |       abort ();     \
      |       ^~~~~
superopt.c:2769:1: note: in expansion of macro ‘GOAL_FUNCTION’
 2769 | GOAL_FUNCTION (ARITY, CODE)
      | ^~~~~~~~~~~~~
goal.def:184:1: note: in expansion of macro ‘DEF_GOAL’
  184 | DEF_GOAL (NNE0_AND,       2, "nane0",       { r = -(v0 != 0) & v1; })
      | ^~~~~~~~
superopt.c:2781:7: note: include ‘<stdlib.h>’ or provide a declaration of ‘abort’
 2781 |       abort ();     \
      |       ^~~~~
superopt.c:2769:1: note: in expansion of macro ‘GOAL_FUNCTION’
 2769 | GOAL_FUNCTION (ARITY, CODE)
      | ^~~~~~~~~~~~~
goal.def:184:1: note: in expansion of macro ‘DEF_GOAL’
  184 | DEF_GOAL (NNE0_AND,       2, "nane0",       { r = -(v0 != 0) & v1; })
      | ^~~~~~~~
goal.def: In function ‘NLES0_AND_func’:
superopt.c:2781:7: warning: incompatible implicit declaration of built-in function ‘abort’
 2781 |       abort ();     \
      |       ^~~~~
superopt.c:2769:1: note: in expansion of macro ‘GOAL_FUNCTION’
 2769 | GOAL_FUNCTION (ARITY, CODE)
      | ^~~~~~~~~~~~~
goal.def:185:1: note: in expansion of macro ‘DEF_GOAL’
  185 | DEF_GOAL (NLES0_AND,      2, "nales0",      { r = -((signed_word) v0 <= 0) & v1; })
      | ^~~~~~~~
superopt.c:2781:7: note: include ‘<stdlib.h>’ or provide a declaration of ‘abort’
 2781 |       abort ();     \
      |       ^~~~~
superopt.c:2769:1: note: in expansion of macro ‘GOAL_FUNCTION’
 2769 | GOAL_FUNCTION (ARITY, CODE)
      | ^~~~~~~~~~~~~
goal.def:185:1: note: in expansion of macro ‘DEF_GOAL’
  185 | DEF_GOAL (NLES0_AND,      2, "nales0",      { r = -((signed_word) v0 <= 0) & v1; })
      | ^~~~~~~~
goal.def: In function ‘NGES0_AND_func’:
superopt.c:2781:7: warning: incompatible implicit declaration of built-in function ‘abort’
 2781 |       abort ();     \
      |       ^~~~~
superopt.c:2769:1: note: in expansion of macro ‘GOAL_FUNCTION’
 2769 | GOAL_FUNCTION (ARITY, CODE)
      | ^~~~~~~~~~~~~
goal.def:186:1: note: in expansion of macro ‘DEF_GOAL’
  186 | DEF_GOAL (NGES0_AND,      2, "nages0",      { r = -((signed_word) v0 >= 0) & v1; })
      | ^~~~~~~~
superopt.c:2781:7: note: include ‘<stdlib.h>’ or provide a declaration of ‘abort’
 2781 |       abort ();     \
      |       ^~~~~
superopt.c:2769:1: note: in expansion of macro ‘GOAL_FUNCTION’
 2769 | GOAL_FUNCTION (ARITY, CODE)
      | ^~~~~~~~~~~~~
goal.def:186:1: note: in expansion of macro ‘DEF_GOAL’
  186 | DEF_GOAL (NGES0_AND,      2, "nages0",      { r = -((signed_word) v0 >= 0) & v1; })
      | ^~~~~~~~
goal.def: In function ‘NLTS0_AND_func’:
superopt.c:2781:7: warning: incompatible implicit declaration of built-in function ‘abort’
 2781 |       abort ();     \
      |       ^~~~~
superopt.c:2769:1: note: in expansion of macro ‘GOAL_FUNCTION’
 2769 | GOAL_FUNCTION (ARITY, CODE)
      | ^~~~~~~~~~~~~
goal.def:187:1: note: in expansion of macro ‘DEF_GOAL’
  187 | DEF_GOAL (NLTS0_AND,      2, "nalts0",      { r = -((signed_word) v0 < 0) & v1; })
      | ^~~~~~~~
superopt.c:2781:7: note: include ‘<stdlib.h>’ or provide a declaration of ‘abort’
 2781 |       abort ();     \
      |       ^~~~~
superopt.c:2769:1: note: in expansion of macro ‘GOAL_FUNCTION’
 2769 | GOAL_FUNCTION (ARITY, CODE)
      | ^~~~~~~~~~~~~
goal.def:187:1: note: in expansion of macro ‘DEF_GOAL’
  187 | DEF_GOAL (NLTS0_AND,      2, "nalts0",      { r = -((signed_word) v0 < 0) & v1; })
      | ^~~~~~~~
goal.def: In function ‘NGTS0_AND_func’:
superopt.c:2781:7: warning: incompatible implicit declaration of built-in function ‘abort’
 2781 |       abort ();     \
      |       ^~~~~
superopt.c:2769:1: note: in expansion of macro ‘GOAL_FUNCTION’
 2769 | GOAL_FUNCTION (ARITY, CODE)
      | ^~~~~~~~~~~~~
goal.def:188:1: note: in expansion of macro ‘DEF_GOAL’
  188 | DEF_GOAL (NGTS0_AND,      2, "nagts0",      { r = -((signed_word) v0 > 0) & v1; })
      | ^~~~~~~~
superopt.c:2781:7: note: include ‘<stdlib.h>’ or provide a declaration of ‘abort’
 2781 |       abort ();     \
      |       ^~~~~
superopt.c:2769:1: note: in expansion of macro ‘GOAL_FUNCTION’
 2769 | GOAL_FUNCTION (ARITY, CODE)
      | ^~~~~~~~~~~~~
goal.def:188:1: note: in expansion of macro ‘DEF_GOAL’
  188 | DEF_GOAL (NGTS0_AND,      2, "nagts0",      { r = -((signed_word) v0 > 0) & v1; })
      | ^~~~~~~~
goal.def: In function ‘EQ_SEL_func’:
superopt.c:2781:7: warning: incompatible implicit declaration of built-in function ‘abort’
 2781 |       abort ();     \
      |       ^~~~~
superopt.c:2769:1: note: in expansion of macro ‘GOAL_FUNCTION’
 2769 | GOAL_FUNCTION (ARITY, CODE)
      | ^~~~~~~~~~~~~
goal.def:191:1: note: in expansion of macro ‘DEF_GOAL’
  191 | DEF_GOAL (EQ_SEL,       4, "eq-sel",         { r = (v0 == v1) ? v2 : v3; })
      | ^~~~~~~~
superopt.c:2781:7: note: include ‘<stdlib.h>’ or provide a declaration of ‘abort’
 2781 |       abort ();     \
      |       ^~~~~
superopt.c:2769:1: note: in expansion of macro ‘GOAL_FUNCTION’
 2769 | GOAL_FUNCTION (ARITY, CODE)
      | ^~~~~~~~~~~~~
goal.def:191:1: note: in expansion of macro ‘DEF_GOAL’
  191 | DEF_GOAL (EQ_SEL,       4, "eq-sel",         { r = (v0 == v1) ? v2 : v3; })
      | ^~~~~~~~
goal.def: In function ‘LES_SEL_func’:
superopt.c:2781:7: warning: incompatible implicit declaration of built-in function ‘abort’
 2781 |       abort ();     \
      |       ^~~~~
superopt.c:2769:1: note: in expansion of macro ‘GOAL_FUNCTION’
 2769 | GOAL_FUNCTION (ARITY, CODE)
      | ^~~~~~~~~~~~~
goal.def:192:1: note: in expansion of macro ‘DEF_GOAL’
  192 | DEF_GOAL (LES_SEL,      4, "les-sel",        { r = ((signed_word) v0 <= (signed_word) v1) ? v2 : v3; })
      | ^~~~~~~~
superopt.c:2781:7: note: include ‘<stdlib.h>’ or provide a declaration of ‘abort’
 2781 |       abort ();     \
      |       ^~~~~
superopt.c:2769:1: note: in expansion of macro ‘GOAL_FUNCTION’
 2769 | GOAL_FUNCTION (ARITY, CODE)
      | ^~~~~~~~~~~~~
goal.def:192:1: note: in expansion of macro ‘DEF_GOAL’
  192 | DEF_GOAL (LES_SEL,      4, "les-sel",        { r = ((signed_word) v0 <= (signed_word) v1) ? v2 : v3; })
      | ^~~~~~~~
goal.def: In function ‘LTS_SEL_func’:
superopt.c:2781:7: warning: incompatible implicit declaration of built-in function ‘abort’
 2781 |       abort ();     \
      |       ^~~~~
superopt.c:2769:1: note: in expansion of macro ‘GOAL_FUNCTION’
 2769 | GOAL_FUNCTION (ARITY, CODE)
      | ^~~~~~~~~~~~~
goal.def:193:1: note: in expansion of macro ‘DEF_GOAL’
  193 | DEF_GOAL (LTS_SEL,      4, "lts-sel",        { r = ((signed_word) v0 < (signed_word) v1) ? v2 : v3; })
      | ^~~~~~~~
superopt.c:2781:7: note: include ‘<stdlib.h>’ or provide a declaration of ‘abort’
 2781 |       abort ();     \
      |       ^~~~~
superopt.c:2769:1: note: in expansion of macro ‘GOAL_FUNCTION’
 2769 | GOAL_FUNCTION (ARITY, CODE)
      | ^~~~~~~~~~~~~
goal.def:193:1: note: in expansion of macro ‘DEF_GOAL’
  193 | DEF_GOAL (LTS_SEL,      4, "lts-sel",        { r = ((signed_word) v0 < (signed_word) v1) ? v2 : v3; })
      | ^~~~~~~~
goal.def: In function ‘LEU_SEL_func’:
superopt.c:2781:7: warning: incompatible implicit declaration of built-in function ‘abort’
 2781 |       abort ();     \
      |       ^~~~~
superopt.c:2769:1: note: in expansion of macro ‘GOAL_FUNCTION’
 2769 | GOAL_FUNCTION (ARITY, CODE)
      | ^~~~~~~~~~~~~
goal.def:194:1: note: in expansion of macro ‘DEF_GOAL’
  194 | DEF_GOAL (LEU_SEL,      4, "leu-sel",        { r = ((unsigned_word) v0 <= (unsigned_word) v1) ? v2 : v3; })
      | ^~~~~~~~
superopt.c:2781:7: note: include ‘<stdlib.h>’ or provide a declaration of ‘abort’
 2781 |       abort ();     \
      |       ^~~~~
superopt.c:2769:1: note: in expansion of macro ‘GOAL_FUNCTION’
 2769 | GOAL_FUNCTION (ARITY, CODE)
      | ^~~~~~~~~~~~~
goal.def:194:1: note: in expansion of macro ‘DEF_GOAL’
  194 | DEF_GOAL (LEU_SEL,      4, "leu-sel",        { r = ((unsigned_word) v0 <= (unsigned_word) v1) ? v2 : v3; })
      | ^~~~~~~~
goal.def: In function ‘LTU_SEL_func’:
superopt.c:2781:7: warning: incompatible implicit declaration of built-in function ‘abort’
 2781 |       abort ();     \
      |       ^~~~~
superopt.c:2769:1: note: in expansion of macro ‘GOAL_FUNCTION’
 2769 | GOAL_FUNCTION (ARITY, CODE)
      | ^~~~~~~~~~~~~
goal.def:195:1: note: in expansion of macro ‘DEF_GOAL’
  195 | DEF_GOAL (LTU_SEL,      4, "ltu-sel",        { r = ((unsigned_word) v0 < (unsigned_word) v1) ? v2 : v3; })
      | ^~~~~~~~
superopt.c:2781:7: note: include ‘<stdlib.h>’ or provide a declaration of ‘abort’
 2781 |       abort ();     \
      |       ^~~~~
superopt.c:2769:1: note: in expansion of macro ‘GOAL_FUNCTION’
 2769 | GOAL_FUNCTION (ARITY, CODE)
      | ^~~~~~~~~~~~~
goal.def:195:1: note: in expansion of macro ‘DEF_GOAL’
  195 | DEF_GOAL (LTU_SEL,      4, "ltu-sel",        { r = ((unsigned_word) v0 < (unsigned_word) v1) ? v2 : v3; })
      | ^~~~~~~~
goal.def: In function ‘EQ0_SEL_func’:
superopt.c:2781:7: warning: incompatible implicit declaration of built-in function ‘abort’
 2781 |       abort ();     \
      |       ^~~~~
superopt.c:2769:1: note: in expansion of macro ‘GOAL_FUNCTION’
 2769 | GOAL_FUNCTION (ARITY, CODE)
      | ^~~~~~~~~~~~~
goal.def:197:1: note: in expansion of macro ‘DEF_GOAL’
  197 | DEF_GOAL (EQ0_SEL,      3, "eq0-sel",        { r = (v0 == 0) ? v1 : v2; })
      | ^~~~~~~~
superopt.c:2781:7: note: include ‘<stdlib.h>’ or provide a declaration of ‘abort’
 2781 |       abort ();     \
      |       ^~~~~
superopt.c:2769:1: note: in expansion of macro ‘GOAL_FUNCTION’
 2769 | GOAL_FUNCTION (ARITY, CODE)
      | ^~~~~~~~~~~~~
goal.def:197:1: note: in expansion of macro ‘DEF_GOAL’
  197 | DEF_GOAL (EQ0_SEL,      3, "eq0-sel",        { r = (v0 == 0) ? v1 : v2; })
      | ^~~~~~~~
goal.def: In function ‘LES0_SEL_func’:
superopt.c:2781:7: warning: incompatible implicit declaration of built-in function ‘abort’
 2781 |       abort ();     \
      |       ^~~~~
superopt.c:2769:1: note: in expansion of macro ‘GOAL_FUNCTION’
 2769 | GOAL_FUNCTION (ARITY, CODE)
      | ^~~~~~~~~~~~~
goal.def:198:1: note: in expansion of macro ‘DEF_GOAL’
  198 | DEF_GOAL (LES0_SEL,     3, "les0-sel",       { r = ((signed_word) v0 <= 0) ? v1 : v2; })
      | ^~~~~~~~
superopt.c:2781:7: note: include ‘<stdlib.h>’ or provide a declaration of ‘abort’
 2781 |       abort ();     \
      |       ^~~~~
superopt.c:2769:1: note: in expansion of macro ‘GOAL_FUNCTION’
 2769 | GOAL_FUNCTION (ARITY, CODE)
      | ^~~~~~~~~~~~~
goal.def:198:1: note: in expansion of macro ‘DEF_GOAL’
  198 | DEF_GOAL (LES0_SEL,     3, "les0-sel",       { r = ((signed_word) v0 <= 0) ? v1 : v2; })
      | ^~~~~~~~
goal.def: In function ‘LTS0_SEL_func’:
superopt.c:2781:7: warning: incompatible implicit declaration of built-in function ‘abort’
 2781 |       abort ();     \
      |       ^~~~~
superopt.c:2769:1: note: in expansion of macro ‘GOAL_FUNCTION’
 2769 | GOAL_FUNCTION (ARITY, CODE)
      | ^~~~~~~~~~~~~
goal.def:199:1: note: in expansion of macro ‘DEF_GOAL’
  199 | DEF_GOAL (LTS0_SEL,     3, "lts0-sel",       { r = ((signed_word) v0 < 0) ? v1 : v2; })
      | ^~~~~~~~
superopt.c:2781:7: note: include ‘<stdlib.h>’ or provide a declaration of ‘abort’
 2781 |       abort ();     \
      |       ^~~~~
superopt.c:2769:1: note: in expansion of macro ‘GOAL_FUNCTION’
 2769 | GOAL_FUNCTION (ARITY, CODE)
      | ^~~~~~~~~~~~~
goal.def:199:1: note: in expansion of macro ‘DEF_GOAL’
  199 | DEF_GOAL (LTS0_SEL,     3, "lts0-sel",       { r = ((signed_word) v0 < 0) ? v1 : v2; })
      | ^~~~~~~~
goal.def: In function ‘FFS_func’:
superopt.c:2781:7: warning: incompatible implicit declaration of built-in function ‘abort’
 2781 |       abort ();     \
      |       ^~~~~
superopt.c:2769:1: note: in expansion of macro ‘GOAL_FUNCTION’
 2769 | GOAL_FUNCTION (ARITY, CODE)
      | ^~~~~~~~~~~~~
goal.def:201:1: note: in expansion of macro ‘DEF_GOAL’
  201 | DEF_GOAL (FFS,            1, "ffs",         { r = ffs_internal (v0); })
      | ^~~~~~~~
superopt.c:2781:7: note: include ‘<stdlib.h>’ or provide a declaration of ‘abort’
 2781 |       abort ();     \
      |       ^~~~~
superopt.c:2769:1: note: in expansion of macro ‘GOAL_FUNCTION’
 2769 | GOAL_FUNCTION (ARITY, CODE)
      | ^~~~~~~~~~~~~
goal.def:201:1: note: in expansion of macro ‘DEF_GOAL’
  201 | DEF_GOAL (FFS,            1, "ffs",         { r = ffs_internal (v0); })
      | ^~~~~~~~
goal.def:201:51: warning: implicit declaration of function ‘ffs_internal’ [-Wimplicit-function-declaration]
  201 | DEF_GOAL (FFS,            1, "ffs",         { r = ffs_internal (v0); })
      |                                                   ^~~~~~~~~~~~
superopt.c:2787:3: note: in definition of macro ‘GOAL_FUNCTION’
 2787 |   CODE;      \
      |   ^~~~
goal.def:201:1: note: in expansion of macro ‘DEF_GOAL’
  201 | DEF_GOAL (FFS,            1, "ffs",         { r = ffs_internal (v0); })
      | ^~~~~~~~
goal.def: In function ‘CLOG2_func’:
superopt.c:2781:7: warning: incompatible implicit declaration of built-in function ‘abort’
 2781 |       abort ();     \
      |       ^~~~~
superopt.c:2769:1: note: in expansion of macro ‘GOAL_FUNCTION’
 2769 | GOAL_FUNCTION (ARITY, CODE)
      | ^~~~~~~~~~~~~
goal.def:202:1: note: in expansion of macro ‘DEF_GOAL’
  202 | DEF_GOAL (CLOG2,          1, "ceil_log2",   { r = ceil_log2 (v0); })
      | ^~~~~~~~
superopt.c:2781:7: note: include ‘<stdlib.h>’ or provide a declaration of ‘abort’
 2781 |       abort ();     \
      |       ^~~~~
superopt.c:2769:1: note: in expansion of macro ‘GOAL_FUNCTION’
 2769 | GOAL_FUNCTION (ARITY, CODE)
      | ^~~~~~~~~~~~~
goal.def:202:1: note: in expansion of macro ‘DEF_GOAL’
  202 | DEF_GOAL (CLOG2,          1, "ceil_log2",   { r = ceil_log2 (v0); })
      | ^~~~~~~~
goal.def:202:51: warning: implicit declaration of function ‘ceil_log2’ [-Wimplicit-function-declaration]
  202 | DEF_GOAL (CLOG2,          1, "ceil_log2",   { r = ceil_log2 (v0); })
      |                                                   ^~~~~~~~~
superopt.c:2787:3: note: in definition of macro ‘GOAL_FUNCTION’
 2787 |   CODE;      \
      |   ^~~~
goal.def:202:1: note: in expansion of macro ‘DEF_GOAL’
  202 | DEF_GOAL (CLOG2,          1, "ceil_log2",   { r = ceil_log2 (v0); })
      | ^~~~~~~~
goal.def: In function ‘FLOG2_func’:
superopt.c:2781:7: warning: incompatible implicit declaration of built-in function ‘abort’
 2781 |       abort ();     \
      |       ^~~~~
superopt.c:2769:1: note: in expansion of macro ‘GOAL_FUNCTION’
 2769 | GOAL_FUNCTION (ARITY, CODE)
      | ^~~~~~~~~~~~~
goal.def:203:1: note: in expansion of macro ‘DEF_GOAL’
  203 | DEF_GOAL (FLOG2,          1, "floor_log2",   { r = floor_log2 (v0); })
      | ^~~~~~~~
superopt.c:2781:7: note: include ‘<stdlib.h>’ or provide a declaration of ‘abort’
 2781 |       abort ();     \
      |       ^~~~~
superopt.c:2769:1: note: in expansion of macro ‘GOAL_FUNCTION’
 2769 | GOAL_FUNCTION (ARITY, CODE)
      | ^~~~~~~~~~~~~
goal.def:203:1: note: in expansion of macro ‘DEF_GOAL’
  203 | DEF_GOAL (FLOG2,          1, "floor_log2",   { r = floor_log2 (v0); })
      | ^~~~~~~~
goal.def:203:52: warning: implicit declaration of function ‘floor_log2’ [-Wimplicit-function-declaration]
  203 | DEF_GOAL (FLOG2,          1, "floor_log2",   { r = floor_log2 (v0); })
      |                                                    ^~~~~~~~~~
superopt.c:2787:3: note: in definition of macro ‘GOAL_FUNCTION’
 2787 |   CODE;      \
      |   ^~~~
goal.def:203:1: note: in expansion of macro ‘DEF_GOAL’
  203 | DEF_GOAL (FLOG2,          1, "floor_log2",   { r = floor_log2 (v0); })
      | ^~~~~~~~
goal.def: In function ‘MULTADJ_func’:
superopt.c:2781:7: warning: incompatible implicit declaration of built-in function ‘abort’
 2781 |       abort ();     \
      |       ^~~~~
superopt.c:2769:1: note: in expansion of macro ‘GOAL_FUNCTION’
 2769 | GOAL_FUNCTION (ARITY, CODE)
      | ^~~~~~~~~~~~~
goal.def:204:1: note: in expansion of macro ‘DEF_GOAL’
  204 | DEF_GOAL (MULTADJ,        3, "multadj",     { r = v1 + ((signed_word) v0 < 0 ? v2 : 0); })
      | ^~~~~~~~
superopt.c:2781:7: note: include ‘<stdlib.h>’ or provide a declaration of ‘abort’
 2781 |       abort ();     \
      |       ^~~~~
superopt.c:2769:1: note: in expansion of macro ‘GOAL_FUNCTION’
 2769 | GOAL_FUNCTION (ARITY, CODE)
      | ^~~~~~~~~~~~~
goal.def:204:1: note: in expansion of macro ‘DEF_GOAL’
  204 | DEF_GOAL (MULTADJ,        3, "multadj",     { r = v1 + ((signed_word) v0 < 0 ? v2 : 0); })
      | ^~~~~~~~
goal.def: In function ‘SHIFTL_1_func’:
superopt.c:2781:7: warning: incompatible implicit declaration of built-in function ‘abort’
 2781 |       abort ();     \
      |       ^~~~~
superopt.c:2769:1: note: in expansion of macro ‘GOAL_FUNCTION’
 2769 | GOAL_FUNCTION (ARITY, CODE)
      | ^~~~~~~~~~~~~
goal.def:206:1: note: in expansion of macro ‘DEF_GOAL’
  206 | DEF_GOAL (SHIFTL_1, 1, "sll1", { r = v0 << 1; })
      | ^~~~~~~~
superopt.c:2781:7: note: include ‘<stdlib.h>’ or provide a declaration of ‘abort’
 2781 |       abort ();     \
      |       ^~~~~
superopt.c:2769:1: note: in expansion of macro ‘GOAL_FUNCTION’
 2769 | GOAL_FUNCTION (ARITY, CODE)
      | ^~~~~~~~~~~~~
goal.def:206:1: note: in expansion of macro ‘DEF_GOAL’
  206 | DEF_GOAL (SHIFTL_1, 1, "sll1", { r = v0 << 1; })
      | ^~~~~~~~
goal.def: In function ‘SHIFTL_2_func’:
superopt.c:2781:7: warning: incompatible implicit declaration of built-in function ‘abort’
 2781 |       abort ();     \
      |       ^~~~~
superopt.c:2769:1: note: in expansion of macro ‘GOAL_FUNCTION’
 2769 | GOAL_FUNCTION (ARITY, CODE)
      | ^~~~~~~~~~~~~
goal.def:207:1: note: in expansion of macro ‘DEF_GOAL’
  207 | DEF_GOAL (SHIFTL_2, 1, "sll2", { r = v0 << 2; })
      | ^~~~~~~~
superopt.c:2781:7: note: include ‘<stdlib.h>’ or provide a declaration of ‘abort’
 2781 |       abort ();     \
      |       ^~~~~
superopt.c:2769:1: note: in expansion of macro ‘GOAL_FUNCTION’
 2769 | GOAL_FUNCTION (ARITY, CODE)
      | ^~~~~~~~~~~~~
goal.def:207:1: note: in expansion of macro ‘DEF_GOAL’
  207 | DEF_GOAL (SHIFTL_2, 1, "sll2", { r = v0 << 2; })
      | ^~~~~~~~
goal.def: In function ‘SHIFTL_3_func’:
superopt.c:2781:7: warning: incompatible implicit declaration of built-in function ‘abort’
 2781 |       abort ();     \
      |       ^~~~~
superopt.c:2769:1: note: in expansion of macro ‘GOAL_FUNCTION’
 2769 | GOAL_FUNCTION (ARITY, CODE)
      | ^~~~~~~~~~~~~
goal.def:208:1: note: in expansion of macro ‘DEF_GOAL’
  208 | DEF_GOAL (SHIFTL_3, 1, "sll3", { r = v0 << 3; })
      | ^~~~~~~~
superopt.c:2781:7: note: include ‘<stdlib.h>’ or provide a declaration of ‘abort’
 2781 |       abort ();     \
      |       ^~~~~
superopt.c:2769:1: note: in expansion of macro ‘GOAL_FUNCTION’
 2769 | GOAL_FUNCTION (ARITY, CODE)
      | ^~~~~~~~~~~~~
goal.def:208:1: note: in expansion of macro ‘DEF_GOAL’
  208 | DEF_GOAL (SHIFTL_3, 1, "sll3", { r = v0 << 3; })
      | ^~~~~~~~
goal.def: In function ‘SHIFTL_4_func’:
superopt.c:2781:7: warning: incompatible implicit declaration of built-in function ‘abort’
 2781 |       abort ();     \
      |       ^~~~~
superopt.c:2769:1: note: in expansion of macro ‘GOAL_FUNCTION’
 2769 | GOAL_FUNCTION (ARITY, CODE)
      | ^~~~~~~~~~~~~
goal.def:209:1: note: in expansion of macro ‘DEF_GOAL’
  209 | DEF_GOAL (SHIFTL_4, 1, "sll4", { r = v0 << 4; })
      | ^~~~~~~~
superopt.c:2781:7: note: include ‘<stdlib.h>’ or provide a declaration of ‘abort’
 2781 |       abort ();     \
      |       ^~~~~
superopt.c:2769:1: note: in expansion of macro ‘GOAL_FUNCTION’
 2769 | GOAL_FUNCTION (ARITY, CODE)
      | ^~~~~~~~~~~~~
goal.def:209:1: note: in expansion of macro ‘DEF_GOAL’
  209 | DEF_GOAL (SHIFTL_4, 1, "sll4", { r = v0 << 4; })
      | ^~~~~~~~
goal.def: In function ‘SHIFTL_5_func’:
superopt.c:2781:7: warning: incompatible implicit declaration of built-in function ‘abort’
 2781 |       abort ();     \
      |       ^~~~~
superopt.c:2769:1: note: in expansion of macro ‘GOAL_FUNCTION’
 2769 | GOAL_FUNCTION (ARITY, CODE)
      | ^~~~~~~~~~~~~
goal.def:210:1: note: in expansion of macro ‘DEF_GOAL’
  210 | DEF_GOAL (SHIFTL_5, 1, "sll5", { r = v0 << 5; })
      | ^~~~~~~~
superopt.c:2781:7: note: include ‘<stdlib.h>’ or provide a declaration of ‘abort’
 2781 |       abort ();     \
      |       ^~~~~
superopt.c:2769:1: note: in expansion of macro ‘GOAL_FUNCTION’
 2769 | GOAL_FUNCTION (ARITY, CODE)
      | ^~~~~~~~~~~~~
goal.def:210:1: note: in expansion of macro ‘DEF_GOAL’
  210 | DEF_GOAL (SHIFTL_5, 1, "sll5", { r = v0 << 5; })
      | ^~~~~~~~
goal.def: In function ‘SHIFTL_6_func’:
superopt.c:2781:7: warning: incompatible implicit declaration of built-in function ‘abort’
 2781 |       abort ();     \
      |       ^~~~~
superopt.c:2769:1: note: in expansion of macro ‘GOAL_FUNCTION’
 2769 | GOAL_FUNCTION (ARITY, CODE)
      | ^~~~~~~~~~~~~
goal.def:211:1: note: in expansion of macro ‘DEF_GOAL’
  211 | DEF_GOAL (SHIFTL_6, 1, "sll6", { r = v0 << 6; })
      | ^~~~~~~~
superopt.c:2781:7: note: include ‘<stdlib.h>’ or provide a declaration of ‘abort’
 2781 |       abort ();     \
      |       ^~~~~
superopt.c:2769:1: note: in expansion of macro ‘GOAL_FUNCTION’
 2769 | GOAL_FUNCTION (ARITY, CODE)
      | ^~~~~~~~~~~~~
goal.def:211:1: note: in expansion of macro ‘DEF_GOAL’
  211 | DEF_GOAL (SHIFTL_6, 1, "sll6", { r = v0 << 6; })
      | ^~~~~~~~
goal.def: In function ‘SHIFTL_7_func’:
superopt.c:2781:7: warning: incompatible implicit declaration of built-in function ‘abort’
 2781 |       abort ();     \
      |       ^~~~~
superopt.c:2769:1: note: in expansion of macro ‘GOAL_FUNCTION’
 2769 | GOAL_FUNCTION (ARITY, CODE)
      | ^~~~~~~~~~~~~
goal.def:212:1: note: in expansion of macro ‘DEF_GOAL’
  212 | DEF_GOAL (SHIFTL_7, 1, "sll7", { r = v0 << 7; })
      | ^~~~~~~~
superopt.c:2781:7: note: include ‘<stdlib.h>’ or provide a declaration of ‘abort’
 2781 |       abort ();     \
      |       ^~~~~
superopt.c:2769:1: note: in expansion of macro ‘GOAL_FUNCTION’
 2769 | GOAL_FUNCTION (ARITY, CODE)
      | ^~~~~~~~~~~~~
goal.def:212:1: note: in expansion of macro ‘DEF_GOAL’
  212 | DEF_GOAL (SHIFTL_7, 1, "sll7", { r = v0 << 7; })
      | ^~~~~~~~
goal.def: In function ‘SHIFTL_8_func’:
superopt.c:2781:7: warning: incompatible implicit declaration of built-in function ‘abort’
 2781 |       abort ();     \
      |       ^~~~~
superopt.c:2769:1: note: in expansion of macro ‘GOAL_FUNCTION’
 2769 | GOAL_FUNCTION (ARITY, CODE)
      | ^~~~~~~~~~~~~
goal.def:213:1: note: in expansion of macro ‘DEF_GOAL’
  213 | DEF_GOAL (SHIFTL_8, 1, "sll8", { r = v0 << 8; })
      | ^~~~~~~~
superopt.c:2781:7: note: include ‘<stdlib.h>’ or provide a declaration of ‘abort’
 2781 |       abort ();     \
      |       ^~~~~
superopt.c:2769:1: note: in expansion of macro ‘GOAL_FUNCTION’
 2769 | GOAL_FUNCTION (ARITY, CODE)
      | ^~~~~~~~~~~~~
goal.def:213:1: note: in expansion of macro ‘DEF_GOAL’
  213 | DEF_GOAL (SHIFTL_8, 1, "sll8", { r = v0 << 8; })
      | ^~~~~~~~
goal.def: In function ‘SHIFTL_9_func’:
superopt.c:2781:7: warning: incompatible implicit declaration of built-in function ‘abort’
 2781 |       abort ();     \
      |       ^~~~~
superopt.c:2769:1: note: in expansion of macro ‘GOAL_FUNCTION’
 2769 | GOAL_FUNCTION (ARITY, CODE)
      | ^~~~~~~~~~~~~
goal.def:214:1: note: in expansion of macro ‘DEF_GOAL’
  214 | DEF_GOAL (SHIFTL_9, 1, "sll9", { r = v0 << 9; })
      | ^~~~~~~~
superopt.c:2781:7: note: include ‘<stdlib.h>’ or provide a declaration of ‘abort’
 2781 |       abort ();     \
      |       ^~~~~
superopt.c:2769:1: note: in expansion of macro ‘GOAL_FUNCTION’
 2769 | GOAL_FUNCTION (ARITY, CODE)
      | ^~~~~~~~~~~~~
goal.def:214:1: note: in expansion of macro ‘DEF_GOAL’
  214 | DEF_GOAL (SHIFTL_9, 1, "sll9", { r = v0 << 9; })
      | ^~~~~~~~
goal.def: In function ‘SHIFTL_10_func’:
superopt.c:2781:7: warning: incompatible implicit declaration of built-in function ‘abort’
 2781 |       abort ();     \
      |       ^~~~~
superopt.c:2769:1: note: in expansion of macro ‘GOAL_FUNCTION’
 2769 | GOAL_FUNCTION (ARITY, CODE)
      | ^~~~~~~~~~~~~
goal.def:215:1: note: in expansion of macro ‘DEF_GOAL’
  215 | DEF_GOAL (SHIFTL_10, 1, "sll10", { r = v0 << 10; })
      | ^~~~~~~~
superopt.c:2781:7: note: include ‘<stdlib.h>’ or provide a declaration of ‘abort’
 2781 |       abort ();     \
      |       ^~~~~
superopt.c:2769:1: note: in expansion of macro ‘GOAL_FUNCTION’
 2769 | GOAL_FUNCTION (ARITY, CODE)
      | ^~~~~~~~~~~~~
goal.def:215:1: note: in expansion of macro ‘DEF_GOAL’
  215 | DEF_GOAL (SHIFTL_10, 1, "sll10", { r = v0 << 10; })
      | ^~~~~~~~
goal.def: In function ‘SHIFTL_11_func’:
superopt.c:2781:7: warning: incompatible implicit declaration of built-in function ‘abort’
 2781 |       abort ();     \
      |       ^~~~~
superopt.c:2769:1: note: in expansion of macro ‘GOAL_FUNCTION’
 2769 | GOAL_FUNCTION (ARITY, CODE)
      | ^~~~~~~~~~~~~
goal.def:216:1: note: in expansion of macro ‘DEF_GOAL’
  216 | DEF_GOAL (SHIFTL_11, 1, "sll11", { r = v0 << 11; })
      | ^~~~~~~~
superopt.c:2781:7: note: include ‘<stdlib.h>’ or provide a declaration of ‘abort’
 2781 |       abort ();     \
      |       ^~~~~
superopt.c:2769:1: note: in expansion of macro ‘GOAL_FUNCTION’
 2769 | GOAL_FUNCTION (ARITY, CODE)
      | ^~~~~~~~~~~~~
goal.def:216:1: note: in expansion of macro ‘DEF_GOAL’
  216 | DEF_GOAL (SHIFTL_11, 1, "sll11", { r = v0 << 11; })
      | ^~~~~~~~
goal.def: In function ‘SHIFTL_12_func’:
superopt.c:2781:7: warning: incompatible implicit declaration of built-in function ‘abort’
 2781 |       abort ();     \
      |       ^~~~~
superopt.c:2769:1: note: in expansion of macro ‘GOAL_FUNCTION’
 2769 | GOAL_FUNCTION (ARITY, CODE)
      | ^~~~~~~~~~~~~
goal.def:217:1: note: in expansion of macro ‘DEF_GOAL’
  217 | DEF_GOAL (SHIFTL_12, 1, "sll12", { r = v0 << 12; })
      | ^~~~~~~~
superopt.c:2781:7: note: include ‘<stdlib.h>’ or provide a declaration of ‘abort’
 2781 |       abort ();     \
      |       ^~~~~
superopt.c:2769:1: note: in expansion of macro ‘GOAL_FUNCTION’
 2769 | GOAL_FUNCTION (ARITY, CODE)
      | ^~~~~~~~~~~~~
goal.def:217:1: note: in expansion of macro ‘DEF_GOAL’
  217 | DEF_GOAL (SHIFTL_12, 1, "sll12", { r = v0 << 12; })
      | ^~~~~~~~
goal.def: In function ‘SHIFTL_13_func’:
superopt.c:2781:7: warning: incompatible implicit declaration of built-in function ‘abort’
 2781 |       abort ();     \
      |       ^~~~~
superopt.c:2769:1: note: in expansion of macro ‘GOAL_FUNCTION’
 2769 | GOAL_FUNCTION (ARITY, CODE)
      | ^~~~~~~~~~~~~
goal.def:218:1: note: in expansion of macro ‘DEF_GOAL’
  218 | DEF_GOAL (SHIFTL_13, 1, "sll13", { r = v0 << 13; })
      | ^~~~~~~~
superopt.c:2781:7: note: include ‘<stdlib.h>’ or provide a declaration of ‘abort’
 2781 |       abort ();     \
      |       ^~~~~
superopt.c:2769:1: note: in expansion of macro ‘GOAL_FUNCTION’
 2769 | GOAL_FUNCTION (ARITY, CODE)
      | ^~~~~~~~~~~~~
goal.def:218:1: note: in expansion of macro ‘DEF_GOAL’
  218 | DEF_GOAL (SHIFTL_13, 1, "sll13", { r = v0 << 13; })
      | ^~~~~~~~
goal.def: In function ‘SHIFTL_14_func’:
superopt.c:2781:7: warning: incompatible implicit declaration of built-in function ‘abort’
 2781 |       abort ();     \
      |       ^~~~~
superopt.c:2769:1: note: in expansion of macro ‘GOAL_FUNCTION’
 2769 | GOAL_FUNCTION (ARITY, CODE)
      | ^~~~~~~~~~~~~
goal.def:219:1: note: in expansion of macro ‘DEF_GOAL’
  219 | DEF_GOAL (SHIFTL_14, 1, "sll14", { r = v0 << 14; })
      | ^~~~~~~~
superopt.c:2781:7: note: include ‘<stdlib.h>’ or provide a declaration of ‘abort’
 2781 |       abort ();     \
      |       ^~~~~
superopt.c:2769:1: note: in expansion of macro ‘GOAL_FUNCTION’
 2769 | GOAL_FUNCTION (ARITY, CODE)
      | ^~~~~~~~~~~~~
goal.def:219:1: note: in expansion of macro ‘DEF_GOAL’
  219 | DEF_GOAL (SHIFTL_14, 1, "sll14", { r = v0 << 14; })
      | ^~~~~~~~
goal.def: In function ‘SHIFTL_15_func’:
superopt.c:2781:7: warning: incompatible implicit declaration of built-in function ‘abort’
 2781 |       abort ();     \
      |       ^~~~~
superopt.c:2769:1: note: in expansion of macro ‘GOAL_FUNCTION’
 2769 | GOAL_FUNCTION (ARITY, CODE)
      | ^~~~~~~~~~~~~
goal.def:220:1: note: in expansion of macro ‘DEF_GOAL’
  220 | DEF_GOAL (SHIFTL_15, 1, "sll15", { r = v0 << 15; })
      | ^~~~~~~~
superopt.c:2781:7: note: include ‘<stdlib.h>’ or provide a declaration of ‘abort’
 2781 |       abort ();     \
      |       ^~~~~
superopt.c:2769:1: note: in expansion of macro ‘GOAL_FUNCTION’
 2769 | GOAL_FUNCTION (ARITY, CODE)
      | ^~~~~~~~~~~~~
goal.def:220:1: note: in expansion of macro ‘DEF_GOAL’
  220 | DEF_GOAL (SHIFTL_15, 1, "sll15", { r = v0 << 15; })
      | ^~~~~~~~
goal.def: In function ‘SHIFTL_16_func’:
superopt.c:2781:7: warning: incompatible implicit declaration of built-in function ‘abort’
 2781 |       abort ();     \
      |       ^~~~~
superopt.c:2769:1: note: in expansion of macro ‘GOAL_FUNCTION’
 2769 | GOAL_FUNCTION (ARITY, CODE)
      | ^~~~~~~~~~~~~
goal.def:221:1: note: in expansion of macro ‘DEF_GOAL’
  221 | DEF_GOAL (SHIFTL_16, 1, "sll16", { r = v0 << 16; })
      | ^~~~~~~~
superopt.c:2781:7: note: include ‘<stdlib.h>’ or provide a declaration of ‘abort’
 2781 |       abort ();     \
      |       ^~~~~
superopt.c:2769:1: note: in expansion of macro ‘GOAL_FUNCTION’
 2769 | GOAL_FUNCTION (ARITY, CODE)
      | ^~~~~~~~~~~~~
goal.def:221:1: note: in expansion of macro ‘DEF_GOAL’
  221 | DEF_GOAL (SHIFTL_16, 1, "sll16", { r = v0 << 16; })
      | ^~~~~~~~
goal.def: In function ‘SHIFTL_17_func’:
superopt.c:2781:7: warning: incompatible implicit declaration of built-in function ‘abort’
 2781 |       abort ();     \
      |       ^~~~~
superopt.c:2769:1: note: in expansion of macro ‘GOAL_FUNCTION’
 2769 | GOAL_FUNCTION (ARITY, CODE)
      | ^~~~~~~~~~~~~
goal.def:222:1: note: in expansion of macro ‘DEF_GOAL’
  222 | DEF_GOAL (SHIFTL_17, 1, "sll17", { r = v0 << 17; })
      | ^~~~~~~~
superopt.c:2781:7: note: include ‘<stdlib.h>’ or provide a declaration of ‘abort’
 2781 |       abort ();     \
      |       ^~~~~
superopt.c:2769:1: note: in expansion of macro ‘GOAL_FUNCTION’
 2769 | GOAL_FUNCTION (ARITY, CODE)
      | ^~~~~~~~~~~~~
goal.def:222:1: note: in expansion of macro ‘DEF_GOAL’
  222 | DEF_GOAL (SHIFTL_17, 1, "sll17", { r = v0 << 17; })
      | ^~~~~~~~
goal.def: In function ‘SHIFTL_18_func’:
superopt.c:2781:7: warning: incompatible implicit declaration of built-in function ‘abort’
 2781 |       abort ();     \
      |       ^~~~~
superopt.c:2769:1: note: in expansion of macro ‘GOAL_FUNCTION’
 2769 | GOAL_FUNCTION (ARITY, CODE)
      | ^~~~~~~~~~~~~
goal.def:223:1: note: in expansion of macro ‘DEF_GOAL’
  223 | DEF_GOAL (SHIFTL_18, 1, "sll18", { r = v0 << 18; })
      | ^~~~~~~~
superopt.c:2781:7: note: include ‘<stdlib.h>’ or provide a declaration of ‘abort’
 2781 |       abort ();     \
      |       ^~~~~
superopt.c:2769:1: note: in expansion of macro ‘GOAL_FUNCTION’
 2769 | GOAL_FUNCTION (ARITY, CODE)
      | ^~~~~~~~~~~~~
goal.def:223:1: note: in expansion of macro ‘DEF_GOAL’
  223 | DEF_GOAL (SHIFTL_18, 1, "sll18", { r = v0 << 18; })
      | ^~~~~~~~
goal.def: In function ‘SHIFTL_19_func’:
superopt.c:2781:7: warning: incompatible implicit declaration of built-in function ‘abort’
 2781 |       abort ();     \
      |       ^~~~~
superopt.c:2769:1: note: in expansion of macro ‘GOAL_FUNCTION’
 2769 | GOAL_FUNCTION (ARITY, CODE)
      | ^~~~~~~~~~~~~
goal.def:224:1: note: in expansion of macro ‘DEF_GOAL’
  224 | DEF_GOAL (SHIFTL_19, 1, "sll19", { r = v0 << 19; })
      | ^~~~~~~~
superopt.c:2781:7: note: include ‘<stdlib.h>’ or provide a declaration of ‘abort’
 2781 |       abort ();     \
      |       ^~~~~
superopt.c:2769:1: note: in expansion of macro ‘GOAL_FUNCTION’
 2769 | GOAL_FUNCTION (ARITY, CODE)
      | ^~~~~~~~~~~~~
goal.def:224:1: note: in expansion of macro ‘DEF_GOAL’
  224 | DEF_GOAL (SHIFTL_19, 1, "sll19", { r = v0 << 19; })
      | ^~~~~~~~
goal.def: In function ‘SHIFTL_20_func’:
superopt.c:2781:7: warning: incompatible implicit declaration of built-in function ‘abort’
 2781 |       abort ();     \
      |       ^~~~~
superopt.c:2769:1: note: in expansion of macro ‘GOAL_FUNCTION’
 2769 | GOAL_FUNCTION (ARITY, CODE)
      | ^~~~~~~~~~~~~
goal.def:225:1: note: in expansion of macro ‘DEF_GOAL’
  225 | DEF_GOAL (SHIFTL_20, 1, "sll20", { r = v0 << 20; })
      | ^~~~~~~~
superopt.c:2781:7: note: include ‘<stdlib.h>’ or provide a declaration of ‘abort’
 2781 |       abort ();     \
      |       ^~~~~
superopt.c:2769:1: note: in expansion of macro ‘GOAL_FUNCTION’
 2769 | GOAL_FUNCTION (ARITY, CODE)
      | ^~~~~~~~~~~~~
goal.def:225:1: note: in expansion of macro ‘DEF_GOAL’
  225 | DEF_GOAL (SHIFTL_20, 1, "sll20", { r = v0 << 20; })
      | ^~~~~~~~
goal.def: In function ‘SHIFTL_21_func’:
superopt.c:2781:7: warning: incompatible implicit declaration of built-in function ‘abort’
 2781 |       abort ();     \
      |       ^~~~~
superopt.c:2769:1: note: in expansion of macro ‘GOAL_FUNCTION’
 2769 | GOAL_FUNCTION (ARITY, CODE)
      | ^~~~~~~~~~~~~
goal.def:226:1: note: in expansion of macro ‘DEF_GOAL’
  226 | DEF_GOAL (SHIFTL_21, 1, "sll21", { r = v0 << 21; })
      | ^~~~~~~~
superopt.c:2781:7: note: include ‘<stdlib.h>’ or provide a declaration of ‘abort’
 2781 |       abort ();     \
      |       ^~~~~
superopt.c:2769:1: note: in expansion of macro ‘GOAL_FUNCTION’
 2769 | GOAL_FUNCTION (ARITY, CODE)
      | ^~~~~~~~~~~~~
goal.def:226:1: note: in expansion of macro ‘DEF_GOAL’
  226 | DEF_GOAL (SHIFTL_21, 1, "sll21", { r = v0 << 21; })
      | ^~~~~~~~
goal.def: In function ‘SHIFTL_22_func’:
superopt.c:2781:7: warning: incompatible implicit declaration of built-in function ‘abort’
 2781 |       abort ();     \
      |       ^~~~~
superopt.c:2769:1: note: in expansion of macro ‘GOAL_FUNCTION’
 2769 | GOAL_FUNCTION (ARITY, CODE)
      | ^~~~~~~~~~~~~
goal.def:227:1: note: in expansion of macro ‘DEF_GOAL’
  227 | DEF_GOAL (SHIFTL_22, 1, "sll22", { r = v0 << 22; })
      | ^~~~~~~~
superopt.c:2781:7: note: include ‘<stdlib.h>’ or provide a declaration of ‘abort’
 2781 |       abort ();     \
      |       ^~~~~
superopt.c:2769:1: note: in expansion of macro ‘GOAL_FUNCTION’
 2769 | GOAL_FUNCTION (ARITY, CODE)
      | ^~~~~~~~~~~~~
goal.def:227:1: note: in expansion of macro ‘DEF_GOAL’
  227 | DEF_GOAL (SHIFTL_22, 1, "sll22", { r = v0 << 22; })
      | ^~~~~~~~
goal.def: In function ‘SHIFTL_23_func’:
superopt.c:2781:7: warning: incompatible implicit declaration of built-in function ‘abort’
 2781 |       abort ();     \
      |       ^~~~~
superopt.c:2769:1: note: in expansion of macro ‘GOAL_FUNCTION’
 2769 | GOAL_FUNCTION (ARITY, CODE)
      | ^~~~~~~~~~~~~
goal.def:228:1: note: in expansion of macro ‘DEF_GOAL’
  228 | DEF_GOAL (SHIFTL_23, 1, "sll23", { r = v0 << 23; })
      | ^~~~~~~~
superopt.c:2781:7: note: include ‘<stdlib.h>’ or provide a declaration of ‘abort’
 2781 |       abort ();     \
      |       ^~~~~
superopt.c:2769:1: note: in expansion of macro ‘GOAL_FUNCTION’
 2769 | GOAL_FUNCTION (ARITY, CODE)
      | ^~~~~~~~~~~~~
goal.def:228:1: note: in expansion of macro ‘DEF_GOAL’
  228 | DEF_GOAL (SHIFTL_23, 1, "sll23", { r = v0 << 23; })
      | ^~~~~~~~
goal.def: In function ‘SHIFTL_24_func’:
superopt.c:2781:7: warning: incompatible implicit declaration of built-in function ‘abort’
 2781 |       abort ();     \
      |       ^~~~~
superopt.c:2769:1: note: in expansion of macro ‘GOAL_FUNCTION’
 2769 | GOAL_FUNCTION (ARITY, CODE)
      | ^~~~~~~~~~~~~
goal.def:229:1: note: in expansion of macro ‘DEF_GOAL’
  229 | DEF_GOAL (SHIFTL_24, 1, "sll24", { r = v0 << 24; })
      | ^~~~~~~~
superopt.c:2781:7: note: include ‘<stdlib.h>’ or provide a declaration of ‘abort’
 2781 |       abort ();     \
      |       ^~~~~
superopt.c:2769:1: note: in expansion of macro ‘GOAL_FUNCTION’
 2769 | GOAL_FUNCTION (ARITY, CODE)
      | ^~~~~~~~~~~~~
goal.def:229:1: note: in expansion of macro ‘DEF_GOAL’
  229 | DEF_GOAL (SHIFTL_24, 1, "sll24", { r = v0 << 24; })
      | ^~~~~~~~
goal.def: In function ‘SHIFTL_25_func’:
superopt.c:2781:7: warning: incompatible implicit declaration of built-in function ‘abort’
 2781 |       abort ();     \
      |       ^~~~~
superopt.c:2769:1: note: in expansion of macro ‘GOAL_FUNCTION’
 2769 | GOAL_FUNCTION (ARITY, CODE)
      | ^~~~~~~~~~~~~
goal.def:230:1: note: in expansion of macro ‘DEF_GOAL’
  230 | DEF_GOAL (SHIFTL_25, 1, "sll25", { r = v0 << 25; })
      | ^~~~~~~~
superopt.c:2781:7: note: include ‘<stdlib.h>’ or provide a declaration of ‘abort’
 2781 |       abort ();     \
      |       ^~~~~
superopt.c:2769:1: note: in expansion of macro ‘GOAL_FUNCTION’
 2769 | GOAL_FUNCTION (ARITY, CODE)
      | ^~~~~~~~~~~~~
goal.def:230:1: note: in expansion of macro ‘DEF_GOAL’
  230 | DEF_GOAL (SHIFTL_25, 1, "sll25", { r = v0 << 25; })
      | ^~~~~~~~
goal.def: In function ‘SHIFTL_26_func’:
superopt.c:2781:7: warning: incompatible implicit declaration of built-in function ‘abort’
 2781 |       abort ();     \
      |       ^~~~~
superopt.c:2769:1: note: in expansion of macro ‘GOAL_FUNCTION’
 2769 | GOAL_FUNCTION (ARITY, CODE)
      | ^~~~~~~~~~~~~
goal.def:231:1: note: in expansion of macro ‘DEF_GOAL’
  231 | DEF_GOAL (SHIFTL_26, 1, "sll26", { r = v0 << 26; })
      | ^~~~~~~~
superopt.c:2781:7: note: include ‘<stdlib.h>’ or provide a declaration of ‘abort’
 2781 |       abort ();     \
      |       ^~~~~
superopt.c:2769:1: note: in expansion of macro ‘GOAL_FUNCTION’
 2769 | GOAL_FUNCTION (ARITY, CODE)
      | ^~~~~~~~~~~~~
goal.def:231:1: note: in expansion of macro ‘DEF_GOAL’
  231 | DEF_GOAL (SHIFTL_26, 1, "sll26", { r = v0 << 26; })
      | ^~~~~~~~
goal.def: In function ‘SHIFTL_27_func’:
superopt.c:2781:7: warning: incompatible implicit declaration of built-in function ‘abort’
 2781 |       abort ();     \
      |       ^~~~~
superopt.c:2769:1: note: in expansion of macro ‘GOAL_FUNCTION’
 2769 | GOAL_FUNCTION (ARITY, CODE)
      | ^~~~~~~~~~~~~
goal.def:232:1: note: in expansion of macro ‘DEF_GOAL’
  232 | DEF_GOAL (SHIFTL_27, 1, "sll27", { r = v0 << 27; })
      | ^~~~~~~~
superopt.c:2781:7: note: include ‘<stdlib.h>’ or provide a declaration of ‘abort’
 2781 |       abort ();     \
      |       ^~~~~
superopt.c:2769:1: note: in expansion of macro ‘GOAL_FUNCTION’
 2769 | GOAL_FUNCTION (ARITY, CODE)
      | ^~~~~~~~~~~~~
goal.def:232:1: note: in expansion of macro ‘DEF_GOAL’
  232 | DEF_GOAL (SHIFTL_27, 1, "sll27", { r = v0 << 27; })
      | ^~~~~~~~
goal.def: In function ‘SHIFTL_28_func’:
superopt.c:2781:7: warning: incompatible implicit declaration of built-in function ‘abort’
 2781 |       abort ();     \
      |       ^~~~~
superopt.c:2769:1: note: in expansion of macro ‘GOAL_FUNCTION’
 2769 | GOAL_FUNCTION (ARITY, CODE)
      | ^~~~~~~~~~~~~
goal.def:233:1: note: in expansion of macro ‘DEF_GOAL’
  233 | DEF_GOAL (SHIFTL_28, 1, "sll28", { r = v0 << 28; })
      | ^~~~~~~~
superopt.c:2781:7: note: include ‘<stdlib.h>’ or provide a declaration of ‘abort’
 2781 |       abort ();     \
      |       ^~~~~
superopt.c:2769:1: note: in expansion of macro ‘GOAL_FUNCTION’
 2769 | GOAL_FUNCTION (ARITY, CODE)
      | ^~~~~~~~~~~~~
goal.def:233:1: note: in expansion of macro ‘DEF_GOAL’
  233 | DEF_GOAL (SHIFTL_28, 1, "sll28", { r = v0 << 28; })
      | ^~~~~~~~
goal.def: In function ‘SHIFTL_29_func’:
superopt.c:2781:7: warning: incompatible implicit declaration of built-in function ‘abort’
 2781 |       abort ();     \
      |       ^~~~~
superopt.c:2769:1: note: in expansion of macro ‘GOAL_FUNCTION’
 2769 | GOAL_FUNCTION (ARITY, CODE)
      | ^~~~~~~~~~~~~
goal.def:234:1: note: in expansion of macro ‘DEF_GOAL’
  234 | DEF_GOAL (SHIFTL_29, 1, "sll29", { r = v0 << 29; })
      | ^~~~~~~~
superopt.c:2781:7: note: include ‘<stdlib.h>’ or provide a declaration of ‘abort’
 2781 |       abort ();     \
      |       ^~~~~
superopt.c:2769:1: note: in expansion of macro ‘GOAL_FUNCTION’
 2769 | GOAL_FUNCTION (ARITY, CODE)
      | ^~~~~~~~~~~~~
goal.def:234:1: note: in expansion of macro ‘DEF_GOAL’
  234 | DEF_GOAL (SHIFTL_29, 1, "sll29", { r = v0 << 29; })
      | ^~~~~~~~
goal.def: In function ‘SHIFTL_30_func’:
superopt.c:2781:7: warning: incompatible implicit declaration of built-in function ‘abort’
 2781 |       abort ();     \
      |       ^~~~~
superopt.c:2769:1: note: in expansion of macro ‘GOAL_FUNCTION’
 2769 | GOAL_FUNCTION (ARITY, CODE)
      | ^~~~~~~~~~~~~
goal.def:235:1: note: in expansion of macro ‘DEF_GOAL’
  235 | DEF_GOAL (SHIFTL_30, 1, "sll30", { r = v0 << 30; })
      | ^~~~~~~~
superopt.c:2781:7: note: include ‘<stdlib.h>’ or provide a declaration of ‘abort’
 2781 |       abort ();     \
      |       ^~~~~
superopt.c:2769:1: note: in expansion of macro ‘GOAL_FUNCTION’
 2769 | GOAL_FUNCTION (ARITY, CODE)
      | ^~~~~~~~~~~~~
goal.def:235:1: note: in expansion of macro ‘DEF_GOAL’
  235 | DEF_GOAL (SHIFTL_30, 1, "sll30", { r = v0 << 30; })
      | ^~~~~~~~
goal.def: In function ‘SHIFTL_31_func’:
superopt.c:2781:7: warning: incompatible implicit declaration of built-in function ‘abort’
 2781 |       abort ();     \
      |       ^~~~~
superopt.c:2769:1: note: in expansion of macro ‘GOAL_FUNCTION’
 2769 | GOAL_FUNCTION (ARITY, CODE)
      | ^~~~~~~~~~~~~
goal.def:236:1: note: in expansion of macro ‘DEF_GOAL’
  236 | DEF_GOAL (SHIFTL_31, 1, "sll31", { r = v0 << 31; })
      | ^~~~~~~~
superopt.c:2781:7: note: include ‘<stdlib.h>’ or provide a declaration of ‘abort’
 2781 |       abort ();     \
      |       ^~~~~
superopt.c:2769:1: note: in expansion of macro ‘GOAL_FUNCTION’
 2769 | GOAL_FUNCTION (ARITY, CODE)
      | ^~~~~~~~~~~~~
goal.def:236:1: note: in expansion of macro ‘DEF_GOAL’
  236 | DEF_GOAL (SHIFTL_31, 1, "sll31", { r = v0 << 31; })
      | ^~~~~~~~
goal.def: In function ‘LSHIFTR_1_func’:
superopt.c:2781:7: warning: incompatible implicit declaration of built-in function ‘abort’
 2781 |       abort ();     \
      |       ^~~~~
superopt.c:2769:1: note: in expansion of macro ‘GOAL_FUNCTION’
 2769 | GOAL_FUNCTION (ARITY, CODE)
      | ^~~~~~~~~~~~~
goal.def:238:1: note: in expansion of macro ‘DEF_GOAL’
  238 | DEF_GOAL (LSHIFTR_1, 1, "srl1", { r = v0 >> 1; })
      | ^~~~~~~~
superopt.c:2781:7: note: include ‘<stdlib.h>’ or provide a declaration of ‘abort’
 2781 |       abort ();     \
      |       ^~~~~
superopt.c:2769:1: note: in expansion of macro ‘GOAL_FUNCTION’
 2769 | GOAL_FUNCTION (ARITY, CODE)
      | ^~~~~~~~~~~~~
goal.def:238:1: note: in expansion of macro ‘DEF_GOAL’
  238 | DEF_GOAL (LSHIFTR_1, 1, "srl1", { r = v0 >> 1; })
      | ^~~~~~~~
goal.def: In function ‘LSHIFTR_2_func’:
superopt.c:2781:7: warning: incompatible implicit declaration of built-in function ‘abort’
 2781 |       abort ();     \
      |       ^~~~~
superopt.c:2769:1: note: in expansion of macro ‘GOAL_FUNCTION’
 2769 | GOAL_FUNCTION (ARITY, CODE)
      | ^~~~~~~~~~~~~
goal.def:239:1: note: in expansion of macro ‘DEF_GOAL’
  239 | DEF_GOAL (LSHIFTR_2, 1, "srl2", { r = v0 >> 2; })
      | ^~~~~~~~
superopt.c:2781:7: note: include ‘<stdlib.h>’ or provide a declaration of ‘abort’
 2781 |       abort ();     \
      |       ^~~~~
superopt.c:2769:1: note: in expansion of macro ‘GOAL_FUNCTION’
 2769 | GOAL_FUNCTION (ARITY, CODE)
      | ^~~~~~~~~~~~~
goal.def:239:1: note: in expansion of macro ‘DEF_GOAL’
  239 | DEF_GOAL (LSHIFTR_2, 1, "srl2", { r = v0 >> 2; })
      | ^~~~~~~~
goal.def: In function ‘LSHIFTR_3_func’:
superopt.c:2781:7: warning: incompatible implicit declaration of built-in function ‘abort’
 2781 |       abort ();     \
      |       ^~~~~
superopt.c:2769:1: note: in expansion of macro ‘GOAL_FUNCTION’
 2769 | GOAL_FUNCTION (ARITY, CODE)
      | ^~~~~~~~~~~~~
goal.def:240:1: note: in expansion of macro ‘DEF_GOAL’
  240 | DEF_GOAL (LSHIFTR_3, 1, "srl3", { r = v0 >> 3; })
      | ^~~~~~~~
superopt.c:2781:7: note: include ‘<stdlib.h>’ or provide a declaration of ‘abort’
 2781 |       abort ();     \
      |       ^~~~~
superopt.c:2769:1: note: in expansion of macro ‘GOAL_FUNCTION’
 2769 | GOAL_FUNCTION (ARITY, CODE)
      | ^~~~~~~~~~~~~
goal.def:240:1: note: in expansion of macro ‘DEF_GOAL’
  240 | DEF_GOAL (LSHIFTR_3, 1, "srl3", { r = v0 >> 3; })
      | ^~~~~~~~
goal.def: In function ‘LSHIFTR_4_func’:
superopt.c:2781:7: warning: incompatible implicit declaration of built-in function ‘abort’
 2781 |       abort ();     \
      |       ^~~~~
superopt.c:2769:1: note: in expansion of macro ‘GOAL_FUNCTION’
 2769 | GOAL_FUNCTION (ARITY, CODE)
      | ^~~~~~~~~~~~~
goal.def:241:1: note: in expansion of macro ‘DEF_GOAL’
  241 | DEF_GOAL (LSHIFTR_4, 1, "srl4", { r = v0 >> 4; })
      | ^~~~~~~~
superopt.c:2781:7: note: include ‘<stdlib.h>’ or provide a declaration of ‘abort’
 2781 |       abort ();     \
      |       ^~~~~
superopt.c:2769:1: note: in expansion of macro ‘GOAL_FUNCTION’
 2769 | GOAL_FUNCTION (ARITY, CODE)
      | ^~~~~~~~~~~~~
goal.def:241:1: note: in expansion of macro ‘DEF_GOAL’
  241 | DEF_GOAL (LSHIFTR_4, 1, "srl4", { r = v0 >> 4; })
      | ^~~~~~~~
goal.def: In function ‘LSHIFTR_5_func’:
superopt.c:2781:7: warning: incompatible implicit declaration of built-in function ‘abort’
 2781 |       abort ();     \
      |       ^~~~~
superopt.c:2769:1: note: in expansion of macro ‘GOAL_FUNCTION’
 2769 | GOAL_FUNCTION (ARITY, CODE)
      | ^~~~~~~~~~~~~
goal.def:242:1: note: in expansion of macro ‘DEF_GOAL’
  242 | DEF_GOAL (LSHIFTR_5, 1, "srl5", { r = v0 >> 5; })
      | ^~~~~~~~
superopt.c:2781:7: note: include ‘<stdlib.h>’ or provide a declaration of ‘abort’
 2781 |       abort ();     \
      |       ^~~~~
superopt.c:2769:1: note: in expansion of macro ‘GOAL_FUNCTION’
 2769 | GOAL_FUNCTION (ARITY, CODE)
      | ^~~~~~~~~~~~~
goal.def:242:1: note: in expansion of macro ‘DEF_GOAL’
  242 | DEF_GOAL (LSHIFTR_5, 1, "srl5", { r = v0 >> 5; })
      | ^~~~~~~~
goal.def: In function ‘LSHIFTR_6_func’:
superopt.c:2781:7: warning: incompatible implicit declaration of built-in function ‘abort’
 2781 |       abort ();     \
      |       ^~~~~
superopt.c:2769:1: note: in expansion of macro ‘GOAL_FUNCTION’
 2769 | GOAL_FUNCTION (ARITY, CODE)
      | ^~~~~~~~~~~~~
goal.def:243:1: note: in expansion of macro ‘DEF_GOAL’
  243 | DEF_GOAL (LSHIFTR_6, 1, "srl6", { r = v0 >> 6; })
      | ^~~~~~~~
superopt.c:2781:7: note: include ‘<stdlib.h>’ or provide a declaration of ‘abort’
 2781 |       abort ();     \
      |       ^~~~~
superopt.c:2769:1: note: in expansion of macro ‘GOAL_FUNCTION’
 2769 | GOAL_FUNCTION (ARITY, CODE)
      | ^~~~~~~~~~~~~
goal.def:243:1: note: in expansion of macro ‘DEF_GOAL’
  243 | DEF_GOAL (LSHIFTR_6, 1, "srl6", { r = v0 >> 6; })
      | ^~~~~~~~
goal.def: In function ‘LSHIFTR_7_func’:
superopt.c:2781:7: warning: incompatible implicit declaration of built-in function ‘abort’
 2781 |       abort ();     \
      |       ^~~~~
superopt.c:2769:1: note: in expansion of macro ‘GOAL_FUNCTION’
 2769 | GOAL_FUNCTION (ARITY, CODE)
      | ^~~~~~~~~~~~~
goal.def:244:1: note: in expansion of macro ‘DEF_GOAL’
  244 | DEF_GOAL (LSHIFTR_7, 1, "srl7", { r = v0 >> 7; })
      | ^~~~~~~~
superopt.c:2781:7: note: include ‘<stdlib.h>’ or provide a declaration of ‘abort’
 2781 |       abort ();     \
      |       ^~~~~
superopt.c:2769:1: note: in expansion of macro ‘GOAL_FUNCTION’
 2769 | GOAL_FUNCTION (ARITY, CODE)
      | ^~~~~~~~~~~~~
goal.def:244:1: note: in expansion of macro ‘DEF_GOAL’
  244 | DEF_GOAL (LSHIFTR_7, 1, "srl7", { r = v0 >> 7; })
      | ^~~~~~~~
goal.def: In function ‘LSHIFTR_8_func’:
superopt.c:2781:7: warning: incompatible implicit declaration of built-in function ‘abort’
 2781 |       abort ();     \
      |       ^~~~~
superopt.c:2769:1: note: in expansion of macro ‘GOAL_FUNCTION’
 2769 | GOAL_FUNCTION (ARITY, CODE)
      | ^~~~~~~~~~~~~
goal.def:245:1: note: in expansion of macro ‘DEF_GOAL’
  245 | DEF_GOAL (LSHIFTR_8, 1, "srl8", { r = v0 >> 8; })
      | ^~~~~~~~
superopt.c:2781:7: note: include ‘<stdlib.h>’ or provide a declaration of ‘abort’
 2781 |       abort ();     \
      |       ^~~~~
superopt.c:2769:1: note: in expansion of macro ‘GOAL_FUNCTION’
 2769 | GOAL_FUNCTION (ARITY, CODE)
      | ^~~~~~~~~~~~~
goal.def:245:1: note: in expansion of macro ‘DEF_GOAL’
  245 | DEF_GOAL (LSHIFTR_8, 1, "srl8", { r = v0 >> 8; })
      | ^~~~~~~~
goal.def: In function ‘LSHIFTR_9_func’:
superopt.c:2781:7: warning: incompatible implicit declaration of built-in function ‘abort’
 2781 |       abort ();     \
      |       ^~~~~
superopt.c:2769:1: note: in expansion of macro ‘GOAL_FUNCTION’
 2769 | GOAL_FUNCTION (ARITY, CODE)
      | ^~~~~~~~~~~~~
goal.def:246:1: note: in expansion of macro ‘DEF_GOAL’
  246 | DEF_GOAL (LSHIFTR_9, 1, "srl9", { r = v0 >> 9; })
      | ^~~~~~~~
superopt.c:2781:7: note: include ‘<stdlib.h>’ or provide a declaration of ‘abort’
 2781 |       abort ();     \
      |       ^~~~~
superopt.c:2769:1: note: in expansion of macro ‘GOAL_FUNCTION’
 2769 | GOAL_FUNCTION (ARITY, CODE)
      | ^~~~~~~~~~~~~
goal.def:246:1: note: in expansion of macro ‘DEF_GOAL’
  246 | DEF_GOAL (LSHIFTR_9, 1, "srl9", { r = v0 >> 9; })
      | ^~~~~~~~
goal.def: In function ‘LSHIFTR_10_func’:
superopt.c:2781:7: warning: incompatible implicit declaration of built-in function ‘abort’
 2781 |       abort ();     \
      |       ^~~~~
superopt.c:2769:1: note: in expansion of macro ‘GOAL_FUNCTION’
 2769 | GOAL_FUNCTION (ARITY, CODE)
      | ^~~~~~~~~~~~~
goal.def:247:1: note: in expansion of macro ‘DEF_GOAL’
  247 | DEF_GOAL (LSHIFTR_10, 1, "srl10", { r = v0 >> 10; })
      | ^~~~~~~~
superopt.c:2781:7: note: include ‘<stdlib.h>’ or provide a declaration of ‘abort’
 2781 |       abort ();     \
      |       ^~~~~
superopt.c:2769:1: note: in expansion of macro ‘GOAL_FUNCTION’
 2769 | GOAL_FUNCTION (ARITY, CODE)
      | ^~~~~~~~~~~~~
goal.def:247:1: note: in expansion of macro ‘DEF_GOAL’
  247 | DEF_GOAL (LSHIFTR_10, 1, "srl10", { r = v0 >> 10; })
      | ^~~~~~~~
goal.def: In function ‘LSHIFTR_11_func’:
superopt.c:2781:7: warning: incompatible implicit declaration of built-in function ‘abort’
 2781 |       abort ();     \
      |       ^~~~~
superopt.c:2769:1: note: in expansion of macro ‘GOAL_FUNCTION’
 2769 | GOAL_FUNCTION (ARITY, CODE)
      | ^~~~~~~~~~~~~
goal.def:248:1: note: in expansion of macro ‘DEF_GOAL’
  248 | DEF_GOAL (LSHIFTR_11, 1, "srl11", { r = v0 >> 11; })
      | ^~~~~~~~
superopt.c:2781:7: note: include ‘<stdlib.h>’ or provide a declaration of ‘abort’
 2781 |       abort ();     \
      |       ^~~~~
superopt.c:2769:1: note: in expansion of macro ‘GOAL_FUNCTION’
 2769 | GOAL_FUNCTION (ARITY, CODE)
      | ^~~~~~~~~~~~~
goal.def:248:1: note: in expansion of macro ‘DEF_GOAL’
  248 | DEF_GOAL (LSHIFTR_11, 1, "srl11", { r = v0 >> 11; })
      | ^~~~~~~~
goal.def: In function ‘LSHIFTR_12_func’:
superopt.c:2781:7: warning: incompatible implicit declaration of built-in function ‘abort’
 2781 |       abort ();     \
      |       ^~~~~
superopt.c:2769:1: note: in expansion of macro ‘GOAL_FUNCTION’
 2769 | GOAL_FUNCTION (ARITY, CODE)
      | ^~~~~~~~~~~~~
goal.def:249:1: note: in expansion of macro ‘DEF_GOAL’
  249 | DEF_GOAL (LSHIFTR_12, 1, "srl12", { r = v0 >> 12; })
      | ^~~~~~~~
superopt.c:2781:7: note: include ‘<stdlib.h>’ or provide a declaration of ‘abort’
 2781 |       abort ();     \
      |       ^~~~~
superopt.c:2769:1: note: in expansion of macro ‘GOAL_FUNCTION’
 2769 | GOAL_FUNCTION (ARITY, CODE)
      | ^~~~~~~~~~~~~
goal.def:249:1: note: in expansion of macro ‘DEF_GOAL’
  249 | DEF_GOAL (LSHIFTR_12, 1, "srl12", { r = v0 >> 12; })
      | ^~~~~~~~
goal.def: In function ‘LSHIFTR_13_func’:
superopt.c:2781:7: warning: incompatible implicit declaration of built-in function ‘abort’
 2781 |       abort ();     \
      |       ^~~~~
superopt.c:2769:1: note: in expansion of macro ‘GOAL_FUNCTION’
 2769 | GOAL_FUNCTION (ARITY, CODE)
      | ^~~~~~~~~~~~~
goal.def:250:1: note: in expansion of macro ‘DEF_GOAL’
  250 | DEF_GOAL (LSHIFTR_13, 1, "srl13", { r = v0 >> 13; })
      | ^~~~~~~~
superopt.c:2781:7: note: include ‘<stdlib.h>’ or provide a declaration of ‘abort’
 2781 |       abort ();     \
      |       ^~~~~
superopt.c:2769:1: note: in expansion of macro ‘GOAL_FUNCTION’
 2769 | GOAL_FUNCTION (ARITY, CODE)
      | ^~~~~~~~~~~~~
goal.def:250:1: note: in expansion of macro ‘DEF_GOAL’
  250 | DEF_GOAL (LSHIFTR_13, 1, "srl13", { r = v0 >> 13; })
      | ^~~~~~~~
goal.def: In function ‘LSHIFTR_14_func’:
superopt.c:2781:7: warning: incompatible implicit declaration of built-in function ‘abort’
 2781 |       abort ();     \
      |       ^~~~~
superopt.c:2769:1: note: in expansion of macro ‘GOAL_FUNCTION’
 2769 | GOAL_FUNCTION (ARITY, CODE)
      | ^~~~~~~~~~~~~
goal.def:251:1: note: in expansion of macro ‘DEF_GOAL’
  251 | DEF_GOAL (LSHIFTR_14, 1, "srl14", { r = v0 >> 14; })
      | ^~~~~~~~
superopt.c:2781:7: note: include ‘<stdlib.h>’ or provide a declaration of ‘abort’
 2781 |       abort ();     \
      |       ^~~~~
superopt.c:2769:1: note: in expansion of macro ‘GOAL_FUNCTION’
 2769 | GOAL_FUNCTION (ARITY, CODE)
      | ^~~~~~~~~~~~~
goal.def:251:1: note: in expansion of macro ‘DEF_GOAL’
  251 | DEF_GOAL (LSHIFTR_14, 1, "srl14", { r = v0 >> 14; })
      | ^~~~~~~~
goal.def: In function ‘LSHIFTR_15_func’:
superopt.c:2781:7: warning: incompatible implicit declaration of built-in function ‘abort’
 2781 |       abort ();     \
      |       ^~~~~
superopt.c:2769:1: note: in expansion of macro ‘GOAL_FUNCTION’
 2769 | GOAL_FUNCTION (ARITY, CODE)
      | ^~~~~~~~~~~~~
goal.def:252:1: note: in expansion of macro ‘DEF_GOAL’
  252 | DEF_GOAL (LSHIFTR_15, 1, "srl15", { r = v0 >> 15; })
      | ^~~~~~~~
superopt.c:2781:7: note: include ‘<stdlib.h>’ or provide a declaration of ‘abort’
 2781 |       abort ();     \
      |       ^~~~~
superopt.c:2769:1: note: in expansion of macro ‘GOAL_FUNCTION’
 2769 | GOAL_FUNCTION (ARITY, CODE)
      | ^~~~~~~~~~~~~
goal.def:252:1: note: in expansion of macro ‘DEF_GOAL’
  252 | DEF_GOAL (LSHIFTR_15, 1, "srl15", { r = v0 >> 15; })
      | ^~~~~~~~
goal.def: In function ‘LSHIFTR_16_func’:
superopt.c:2781:7: warning: incompatible implicit declaration of built-in function ‘abort’
 2781 |       abort ();     \
      |       ^~~~~
superopt.c:2769:1: note: in expansion of macro ‘GOAL_FUNCTION’
 2769 | GOAL_FUNCTION (ARITY, CODE)
      | ^~~~~~~~~~~~~
goal.def:253:1: note: in expansion of macro ‘DEF_GOAL’
  253 | DEF_GOAL (LSHIFTR_16, 1, "srl16", { r = v0 >> 16; })
      | ^~~~~~~~
superopt.c:2781:7: note: include ‘<stdlib.h>’ or provide a declaration of ‘abort’
 2781 |       abort ();     \
      |       ^~~~~
superopt.c:2769:1: note: in expansion of macro ‘GOAL_FUNCTION’
 2769 | GOAL_FUNCTION (ARITY, CODE)
      | ^~~~~~~~~~~~~
goal.def:253:1: note: in expansion of macro ‘DEF_GOAL’
  253 | DEF_GOAL (LSHIFTR_16, 1, "srl16", { r = v0 >> 16; })
      | ^~~~~~~~
goal.def: In function ‘LSHIFTR_17_func’:
superopt.c:2781:7: warning: incompatible implicit declaration of built-in function ‘abort’
 2781 |       abort ();     \
      |       ^~~~~
superopt.c:2769:1: note: in expansion of macro ‘GOAL_FUNCTION’
 2769 | GOAL_FUNCTION (ARITY, CODE)
      | ^~~~~~~~~~~~~
goal.def:254:1: note: in expansion of macro ‘DEF_GOAL’
  254 | DEF_GOAL (LSHIFTR_17, 1, "srl17", { r = v0 >> 17; })
      | ^~~~~~~~
superopt.c:2781:7: note: include ‘<stdlib.h>’ or provide a declaration of ‘abort’
 2781 |       abort ();     \
      |       ^~~~~
superopt.c:2769:1: note: in expansion of macro ‘GOAL_FUNCTION’
 2769 | GOAL_FUNCTION (ARITY, CODE)
      | ^~~~~~~~~~~~~
goal.def:254:1: note: in expansion of macro ‘DEF_GOAL’
  254 | DEF_GOAL (LSHIFTR_17, 1, "srl17", { r = v0 >> 17; })
      | ^~~~~~~~
goal.def: In function ‘LSHIFTR_18_func’:
superopt.c:2781:7: warning: incompatible implicit declaration of built-in function ‘abort’
 2781 |       abort ();     \
      |       ^~~~~
superopt.c:2769:1: note: in expansion of macro ‘GOAL_FUNCTION’
 2769 | GOAL_FUNCTION (ARITY, CODE)
      | ^~~~~~~~~~~~~
goal.def:255:1: note: in expansion of macro ‘DEF_GOAL’
  255 | DEF_GOAL (LSHIFTR_18, 1, "srl18", { r = v0 >> 18; })
      | ^~~~~~~~
superopt.c:2781:7: note: include ‘<stdlib.h>’ or provide a declaration of ‘abort’
 2781 |       abort ();     \
      |       ^~~~~
superopt.c:2769:1: note: in expansion of macro ‘GOAL_FUNCTION’
 2769 | GOAL_FUNCTION (ARITY, CODE)
      | ^~~~~~~~~~~~~
goal.def:255:1: note: in expansion of macro ‘DEF_GOAL’
  255 | DEF_GOAL (LSHIFTR_18, 1, "srl18", { r = v0 >> 18; })
      | ^~~~~~~~
goal.def: In function ‘LSHIFTR_19_func’:
superopt.c:2781:7: warning: incompatible implicit declaration of built-in function ‘abort’
 2781 |       abort ();     \
      |       ^~~~~
superopt.c:2769:1: note: in expansion of macro ‘GOAL_FUNCTION’
 2769 | GOAL_FUNCTION (ARITY, CODE)
      | ^~~~~~~~~~~~~
goal.def:256:1: note: in expansion of macro ‘DEF_GOAL’
  256 | DEF_GOAL (LSHIFTR_19, 1, "srl19", { r = v0 >> 19; })
      | ^~~~~~~~
superopt.c:2781:7: note: include ‘<stdlib.h>’ or provide a declaration of ‘abort’
 2781 |       abort ();     \
      |       ^~~~~
superopt.c:2769:1: note: in expansion of macro ‘GOAL_FUNCTION’
 2769 | GOAL_FUNCTION (ARITY, CODE)
      | ^~~~~~~~~~~~~
goal.def:256:1: note: in expansion of macro ‘DEF_GOAL’
  256 | DEF_GOAL (LSHIFTR_19, 1, "srl19", { r = v0 >> 19; })
      | ^~~~~~~~
goal.def: In function ‘LSHIFTR_20_func’:
superopt.c:2781:7: warning: incompatible implicit declaration of built-in function ‘abort’
 2781 |       abort ();     \
      |       ^~~~~
superopt.c:2769:1: note: in expansion of macro ‘GOAL_FUNCTION’
 2769 | GOAL_FUNCTION (ARITY, CODE)
      | ^~~~~~~~~~~~~
goal.def:257:1: note: in expansion of macro ‘DEF_GOAL’
  257 | DEF_GOAL (LSHIFTR_20, 1, "srl20", { r = v0 >> 20; })
      | ^~~~~~~~
superopt.c:2781:7: note: include ‘<stdlib.h>’ or provide a declaration of ‘abort’
 2781 |       abort ();     \
      |       ^~~~~
superopt.c:2769:1: note: in expansion of macro ‘GOAL_FUNCTION’
 2769 | GOAL_FUNCTION (ARITY, CODE)
      | ^~~~~~~~~~~~~
goal.def:257:1: note: in expansion of macro ‘DEF_GOAL’
  257 | DEF_GOAL (LSHIFTR_20, 1, "srl20", { r = v0 >> 20; })
      | ^~~~~~~~
goal.def: In function ‘LSHIFTR_21_func’:
superopt.c:2781:7: warning: incompatible implicit declaration of built-in function ‘abort’
 2781 |       abort ();     \
      |       ^~~~~
superopt.c:2769:1: note: in expansion of macro ‘GOAL_FUNCTION’
 2769 | GOAL_FUNCTION (ARITY, CODE)
      | ^~~~~~~~~~~~~
goal.def:258:1: note: in expansion of macro ‘DEF_GOAL’
  258 | DEF_GOAL (LSHIFTR_21, 1, "srl21", { r = v0 >> 21; })
      | ^~~~~~~~
superopt.c:2781:7: note: include ‘<stdlib.h>’ or provide a declaration of ‘abort’
 2781 |       abort ();     \
      |       ^~~~~
superopt.c:2769:1: note: in expansion of macro ‘GOAL_FUNCTION’
 2769 | GOAL_FUNCTION (ARITY, CODE)
      | ^~~~~~~~~~~~~
goal.def:258:1: note: in expansion of macro ‘DEF_GOAL’
  258 | DEF_GOAL (LSHIFTR_21, 1, "srl21", { r = v0 >> 21; })
      | ^~~~~~~~
goal.def: In function ‘LSHIFTR_22_func’:
superopt.c:2781:7: warning: incompatible implicit declaration of built-in function ‘abort’
 2781 |       abort ();     \
      |       ^~~~~
superopt.c:2769:1: note: in expansion of macro ‘GOAL_FUNCTION’
 2769 | GOAL_FUNCTION (ARITY, CODE)
      | ^~~~~~~~~~~~~
goal.def:259:1: note: in expansion of macro ‘DEF_GOAL’
  259 | DEF_GOAL (LSHIFTR_22, 1, "srl22", { r = v0 >> 22; })
      | ^~~~~~~~
superopt.c:2781:7: note: include ‘<stdlib.h>’ or provide a declaration of ‘abort’
 2781 |       abort ();     \
      |       ^~~~~
superopt.c:2769:1: note: in expansion of macro ‘GOAL_FUNCTION’
 2769 | GOAL_FUNCTION (ARITY, CODE)
      | ^~~~~~~~~~~~~
goal.def:259:1: note: in expansion of macro ‘DEF_GOAL’
  259 | DEF_GOAL (LSHIFTR_22, 1, "srl22", { r = v0 >> 22; })
      | ^~~~~~~~
goal.def: In function ‘LSHIFTR_23_func’:
superopt.c:2781:7: warning: incompatible implicit declaration of built-in function ‘abort’
 2781 |       abort ();     \
      |       ^~~~~
superopt.c:2769:1: note: in expansion of macro ‘GOAL_FUNCTION’
 2769 | GOAL_FUNCTION (ARITY, CODE)
      | ^~~~~~~~~~~~~
goal.def:260:1: note: in expansion of macro ‘DEF_GOAL’
  260 | DEF_GOAL (LSHIFTR_23, 1, "srl23", { r = v0 >> 23; })
      | ^~~~~~~~
superopt.c:2781:7: note: include ‘<stdlib.h>’ or provide a declaration of ‘abort’
 2781 |       abort ();     \
      |       ^~~~~
superopt.c:2769:1: note: in expansion of macro ‘GOAL_FUNCTION’
 2769 | GOAL_FUNCTION (ARITY, CODE)
      | ^~~~~~~~~~~~~
goal.def:260:1: note: in expansion of macro ‘DEF_GOAL’
  260 | DEF_GOAL (LSHIFTR_23, 1, "srl23", { r = v0 >> 23; })
      | ^~~~~~~~
goal.def: In function ‘LSHIFTR_24_func’:
superopt.c:2781:7: warning: incompatible implicit declaration of built-in function ‘abort’
 2781 |       abort ();     \
      |       ^~~~~
superopt.c:2769:1: note: in expansion of macro ‘GOAL_FUNCTION’
 2769 | GOAL_FUNCTION (ARITY, CODE)
      | ^~~~~~~~~~~~~
goal.def:261:1: note: in expansion of macro ‘DEF_GOAL’
  261 | DEF_GOAL (LSHIFTR_24, 1, "srl24", { r = v0 >> 24; })
      | ^~~~~~~~
superopt.c:2781:7: note: include ‘<stdlib.h>’ or provide a declaration of ‘abort’
 2781 |       abort ();     \
      |       ^~~~~
superopt.c:2769:1: note: in expansion of macro ‘GOAL_FUNCTION’
 2769 | GOAL_FUNCTION (ARITY, CODE)
      | ^~~~~~~~~~~~~
goal.def:261:1: note: in expansion of macro ‘DEF_GOAL’
  261 | DEF_GOAL (LSHIFTR_24, 1, "srl24", { r = v0 >> 24; })
      | ^~~~~~~~
goal.def: In function ‘LSHIFTR_25_func’:
superopt.c:2781:7: warning: incompatible implicit declaration of built-in function ‘abort’
 2781 |       abort ();     \
      |       ^~~~~
superopt.c:2769:1: note: in expansion of macro ‘GOAL_FUNCTION’
 2769 | GOAL_FUNCTION (ARITY, CODE)
      | ^~~~~~~~~~~~~
goal.def:262:1: note: in expansion of macro ‘DEF_GOAL’
  262 | DEF_GOAL (LSHIFTR_25, 1, "srl25", { r = v0 >> 25; })
      | ^~~~~~~~
superopt.c:2781:7: note: include ‘<stdlib.h>’ or provide a declaration of ‘abort’
 2781 |       abort ();     \
      |       ^~~~~
superopt.c:2769:1: note: in expansion of macro ‘GOAL_FUNCTION’
 2769 | GOAL_FUNCTION (ARITY, CODE)
      | ^~~~~~~~~~~~~
goal.def:262:1: note: in expansion of macro ‘DEF_GOAL’
  262 | DEF_GOAL (LSHIFTR_25, 1, "srl25", { r = v0 >> 25; })
      | ^~~~~~~~
goal.def: In function ‘LSHIFTR_26_func’:
superopt.c:2781:7: warning: incompatible implicit declaration of built-in function ‘abort’
 2781 |       abort ();     \
      |       ^~~~~
superopt.c:2769:1: note: in expansion of macro ‘GOAL_FUNCTION’
 2769 | GOAL_FUNCTION (ARITY, CODE)
      | ^~~~~~~~~~~~~
goal.def:263:1: note: in expansion of macro ‘DEF_GOAL’
  263 | DEF_GOAL (LSHIFTR_26, 1, "srl26", { r = v0 >> 26; })
      | ^~~~~~~~
superopt.c:2781:7: note: include ‘<stdlib.h>’ or provide a declaration of ‘abort’
 2781 |       abort ();     \
      |       ^~~~~
superopt.c:2769:1: note: in expansion of macro ‘GOAL_FUNCTION’
 2769 | GOAL_FUNCTION (ARITY, CODE)
      | ^~~~~~~~~~~~~
goal.def:263:1: note: in expansion of macro ‘DEF_GOAL’
  263 | DEF_GOAL (LSHIFTR_26, 1, "srl26", { r = v0 >> 26; })
      | ^~~~~~~~
goal.def: In function ‘LSHIFTR_27_func’:
superopt.c:2781:7: warning: incompatible implicit declaration of built-in function ‘abort’
 2781 |       abort ();     \
      |       ^~~~~
superopt.c:2769:1: note: in expansion of macro ‘GOAL_FUNCTION’
 2769 | GOAL_FUNCTION (ARITY, CODE)
      | ^~~~~~~~~~~~~
goal.def:264:1: note: in expansion of macro ‘DEF_GOAL’
  264 | DEF_GOAL (LSHIFTR_27, 1, "srl27", { r = v0 >> 27; })
      | ^~~~~~~~
superopt.c:2781:7: note: include ‘<stdlib.h>’ or provide a declaration of ‘abort’
 2781 |       abort ();     \
      |       ^~~~~
superopt.c:2769:1: note: in expansion of macro ‘GOAL_FUNCTION’
 2769 | GOAL_FUNCTION (ARITY, CODE)
      | ^~~~~~~~~~~~~
goal.def:264:1: note: in expansion of macro ‘DEF_GOAL’
  264 | DEF_GOAL (LSHIFTR_27, 1, "srl27", { r = v0 >> 27; })
      | ^~~~~~~~
goal.def: In function ‘LSHIFTR_28_func’:
superopt.c:2781:7: warning: incompatible implicit declaration of built-in function ‘abort’
 2781 |       abort ();     \
      |       ^~~~~
superopt.c:2769:1: note: in expansion of macro ‘GOAL_FUNCTION’
 2769 | GOAL_FUNCTION (ARITY, CODE)
      | ^~~~~~~~~~~~~
goal.def:265:1: note: in expansion of macro ‘DEF_GOAL’
  265 | DEF_GOAL (LSHIFTR_28, 1, "srl28", { r = v0 >> 28; })
      | ^~~~~~~~
superopt.c:2781:7: note: include ‘<stdlib.h>’ or provide a declaration of ‘abort’
 2781 |       abort ();     \
      |       ^~~~~
superopt.c:2769:1: note: in expansion of macro ‘GOAL_FUNCTION’
 2769 | GOAL_FUNCTION (ARITY, CODE)
      | ^~~~~~~~~~~~~
goal.def:265:1: note: in expansion of macro ‘DEF_GOAL’
  265 | DEF_GOAL (LSHIFTR_28, 1, "srl28", { r = v0 >> 28; })
      | ^~~~~~~~
goal.def: In function ‘LSHIFTR_29_func’:
superopt.c:2781:7: warning: incompatible implicit declaration of built-in function ‘abort’
 2781 |       abort ();     \
      |       ^~~~~
superopt.c:2769:1: note: in expansion of macro ‘GOAL_FUNCTION’
 2769 | GOAL_FUNCTION (ARITY, CODE)
      | ^~~~~~~~~~~~~
goal.def:266:1: note: in expansion of macro ‘DEF_GOAL’
  266 | DEF_GOAL (LSHIFTR_29, 1, "srl29", { r = v0 >> 29; })
      | ^~~~~~~~
superopt.c:2781:7: note: include ‘<stdlib.h>’ or provide a declaration of ‘abort’
 2781 |       abort ();     \
      |       ^~~~~
superopt.c:2769:1: note: in expansion of macro ‘GOAL_FUNCTION’
 2769 | GOAL_FUNCTION (ARITY, CODE)
      | ^~~~~~~~~~~~~
goal.def:266:1: note: in expansion of macro ‘DEF_GOAL’
  266 | DEF_GOAL (LSHIFTR_29, 1, "srl29", { r = v0 >> 29; })
      | ^~~~~~~~
goal.def: In function ‘LSHIFTR_30_func’:
superopt.c:2781:7: warning: incompatible implicit declaration of built-in function ‘abort’
 2781 |       abort ();     \
      |       ^~~~~
superopt.c:2769:1: note: in expansion of macro ‘GOAL_FUNCTION’
 2769 | GOAL_FUNCTION (ARITY, CODE)
      | ^~~~~~~~~~~~~
goal.def:267:1: note: in expansion of macro ‘DEF_GOAL’
  267 | DEF_GOAL (LSHIFTR_30, 1, "srl30", { r = v0 >> 30; })
      | ^~~~~~~~
superopt.c:2781:7: note: include ‘<stdlib.h>’ or provide a declaration of ‘abort’
 2781 |       abort ();     \
      |       ^~~~~
superopt.c:2769:1: note: in expansion of macro ‘GOAL_FUNCTION’
 2769 | GOAL_FUNCTION (ARITY, CODE)
      | ^~~~~~~~~~~~~
goal.def:267:1: note: in expansion of macro ‘DEF_GOAL’
  267 | DEF_GOAL (LSHIFTR_30, 1, "srl30", { r = v0 >> 30; })
      | ^~~~~~~~
goal.def: In function ‘LSHIFTR_31_func’:
superopt.c:2781:7: warning: incompatible implicit declaration of built-in function ‘abort’
 2781 |       abort ();     \
      |       ^~~~~
superopt.c:2769:1: note: in expansion of macro ‘GOAL_FUNCTION’
 2769 | GOAL_FUNCTION (ARITY, CODE)
      | ^~~~~~~~~~~~~
goal.def:268:1: note: in expansion of macro ‘DEF_GOAL’
  268 | DEF_GOAL (LSHIFTR_31, 1, "srl31", { r = v0 >> 31; })
      | ^~~~~~~~
superopt.c:2781:7: note: include ‘<stdlib.h>’ or provide a declaration of ‘abort’
 2781 |       abort ();     \
      |       ^~~~~
superopt.c:2769:1: note: in expansion of macro ‘GOAL_FUNCTION’
 2769 | GOAL_FUNCTION (ARITY, CODE)
      | ^~~~~~~~~~~~~
goal.def:268:1: note: in expansion of macro ‘DEF_GOAL’
  268 | DEF_GOAL (LSHIFTR_31, 1, "srl31", { r = v0 >> 31; })
      | ^~~~~~~~
goal.def: In function ‘ASHIFTR_1_func’:
superopt.c:2781:7: warning: incompatible implicit declaration of built-in function ‘abort’
 2781 |       abort ();     \
      |       ^~~~~
superopt.c:2769:1: note: in expansion of macro ‘GOAL_FUNCTION’
 2769 | GOAL_FUNCTION (ARITY, CODE)
      | ^~~~~~~~~~~~~
goal.def:270:1: note: in expansion of macro ‘DEF_GOAL’
  270 | DEF_GOAL (ASHIFTR_1, 1, "sra1", { r = (signed_word) v0 >> 1; })
      | ^~~~~~~~
superopt.c:2781:7: note: include ‘<stdlib.h>’ or provide a declaration of ‘abort’
 2781 |       abort ();     \
      |       ^~~~~
superopt.c:2769:1: note: in expansion of macro ‘GOAL_FUNCTION’
 2769 | GOAL_FUNCTION (ARITY, CODE)
      | ^~~~~~~~~~~~~
goal.def:270:1: note: in expansion of macro ‘DEF_GOAL’
  270 | DEF_GOAL (ASHIFTR_1, 1, "sra1", { r = (signed_word) v0 >> 1; })
      | ^~~~~~~~
goal.def: In function ‘ASHIFTR_2_func’:
superopt.c:2781:7: warning: incompatible implicit declaration of built-in function ‘abort’
 2781 |       abort ();     \
      |       ^~~~~
superopt.c:2769:1: note: in expansion of macro ‘GOAL_FUNCTION’
 2769 | GOAL_FUNCTION (ARITY, CODE)
      | ^~~~~~~~~~~~~
goal.def:271:1: note: in expansion of macro ‘DEF_GOAL’
  271 | DEF_GOAL (ASHIFTR_2, 1, "sra2", { r = (signed_word) v0 >> 2; })
      | ^~~~~~~~
superopt.c:2781:7: note: include ‘<stdlib.h>’ or provide a declaration of ‘abort’
 2781 |       abort ();     \
      |       ^~~~~
superopt.c:2769:1: note: in expansion of macro ‘GOAL_FUNCTION’
 2769 | GOAL_FUNCTION (ARITY, CODE)
      | ^~~~~~~~~~~~~
goal.def:271:1: note: in expansion of macro ‘DEF_GOAL’
  271 | DEF_GOAL (ASHIFTR_2, 1, "sra2", { r = (signed_word) v0 >> 2; })
      | ^~~~~~~~
goal.def: In function ‘ASHIFTR_3_func’:
superopt.c:2781:7: warning: incompatible implicit declaration of built-in function ‘abort’
 2781 |       abort ();     \
      |       ^~~~~
superopt.c:2769:1: note: in expansion of macro ‘GOAL_FUNCTION’
 2769 | GOAL_FUNCTION (ARITY, CODE)
      | ^~~~~~~~~~~~~
goal.def:272:1: note: in expansion of macro ‘DEF_GOAL’
  272 | DEF_GOAL (ASHIFTR_3, 1, "sra3", { r = (signed_word) v0 >> 3; })
      | ^~~~~~~~
superopt.c:2781:7: note: include ‘<stdlib.h>’ or provide a declaration of ‘abort’
 2781 |       abort ();     \
      |       ^~~~~
superopt.c:2769:1: note: in expansion of macro ‘GOAL_FUNCTION’
 2769 | GOAL_FUNCTION (ARITY, CODE)
      | ^~~~~~~~~~~~~
goal.def:272:1: note: in expansion of macro ‘DEF_GOAL’
  272 | DEF_GOAL (ASHIFTR_3, 1, "sra3", { r = (signed_word) v0 >> 3; })
      | ^~~~~~~~
goal.def: In function ‘ASHIFTR_4_func’:
superopt.c:2781:7: warning: incompatible implicit declaration of built-in function ‘abort’
 2781 |       abort ();     \
      |       ^~~~~
superopt.c:2769:1: note: in expansion of macro ‘GOAL_FUNCTION’
 2769 | GOAL_FUNCTION (ARITY, CODE)
      | ^~~~~~~~~~~~~
goal.def:273:1: note: in expansion of macro ‘DEF_GOAL’
  273 | DEF_GOAL (ASHIFTR_4, 1, "sra4", { r = (signed_word) v0 >> 4; })
      | ^~~~~~~~
superopt.c:2781:7: note: include ‘<stdlib.h>’ or provide a declaration of ‘abort’
 2781 |       abort ();     \
      |       ^~~~~
superopt.c:2769:1: note: in expansion of macro ‘GOAL_FUNCTION’
 2769 | GOAL_FUNCTION (ARITY, CODE)
      | ^~~~~~~~~~~~~
goal.def:273:1: note: in expansion of macro ‘DEF_GOAL’
  273 | DEF_GOAL (ASHIFTR_4, 1, "sra4", { r = (signed_word) v0 >> 4; })
      | ^~~~~~~~
goal.def: In function ‘ASHIFTR_5_func’:
superopt.c:2781:7: warning: incompatible implicit declaration of built-in function ‘abort’
 2781 |       abort ();     \
      |       ^~~~~
superopt.c:2769:1: note: in expansion of macro ‘GOAL_FUNCTION’
 2769 | GOAL_FUNCTION (ARITY, CODE)
      | ^~~~~~~~~~~~~
goal.def:274:1: note: in expansion of macro ‘DEF_GOAL’
  274 | DEF_GOAL (ASHIFTR_5, 1, "sra5", { r = (signed_word) v0 >> 5; })
      | ^~~~~~~~
superopt.c:2781:7: note: include ‘<stdlib.h>’ or provide a declaration of ‘abort’
 2781 |       abort ();     \
      |       ^~~~~
superopt.c:2769:1: note: in expansion of macro ‘GOAL_FUNCTION’
 2769 | GOAL_FUNCTION (ARITY, CODE)
      | ^~~~~~~~~~~~~
goal.def:274:1: note: in expansion of macro ‘DEF_GOAL’
  274 | DEF_GOAL (ASHIFTR_5, 1, "sra5", { r = (signed_word) v0 >> 5; })
      | ^~~~~~~~
goal.def: In function ‘ASHIFTR_6_func’:
superopt.c:2781:7: warning: incompatible implicit declaration of built-in function ‘abort’
 2781 |       abort ();     \
      |       ^~~~~
superopt.c:2769:1: note: in expansion of macro ‘GOAL_FUNCTION’
 2769 | GOAL_FUNCTION (ARITY, CODE)
      | ^~~~~~~~~~~~~
goal.def:275:1: note: in expansion of macro ‘DEF_GOAL’
  275 | DEF_GOAL (ASHIFTR_6, 1, "sra6", { r = (signed_word) v0 >> 6; })
      | ^~~~~~~~
superopt.c:2781:7: note: include ‘<stdlib.h>’ or provide a declaration of ‘abort’
 2781 |       abort ();     \
      |       ^~~~~
superopt.c:2769:1: note: in expansion of macro ‘GOAL_FUNCTION’
 2769 | GOAL_FUNCTION (ARITY, CODE)
      | ^~~~~~~~~~~~~
goal.def:275:1: note: in expansion of macro ‘DEF_GOAL’
  275 | DEF_GOAL (ASHIFTR_6, 1, "sra6", { r = (signed_word) v0 >> 6; })
      | ^~~~~~~~
goal.def: In function ‘ASHIFTR_7_func’:
superopt.c:2781:7: warning: incompatible implicit declaration of built-in function ‘abort’
 2781 |       abort ();     \
      |       ^~~~~
superopt.c:2769:1: note: in expansion of macro ‘GOAL_FUNCTION’
 2769 | GOAL_FUNCTION (ARITY, CODE)
      | ^~~~~~~~~~~~~
goal.def:276:1: note: in expansion of macro ‘DEF_GOAL’
  276 | DEF_GOAL (ASHIFTR_7, 1, "sra7", { r = (signed_word) v0 >> 7; })
      | ^~~~~~~~
superopt.c:2781:7: note: include ‘<stdlib.h>’ or provide a declaration of ‘abort’
 2781 |       abort ();     \
      |       ^~~~~
superopt.c:2769:1: note: in expansion of macro ‘GOAL_FUNCTION’
 2769 | GOAL_FUNCTION (ARITY, CODE)
      | ^~~~~~~~~~~~~
goal.def:276:1: note: in expansion of macro ‘DEF_GOAL’
  276 | DEF_GOAL (ASHIFTR_7, 1, "sra7", { r = (signed_word) v0 >> 7; })
      | ^~~~~~~~
goal.def: In function ‘ASHIFTR_8_func’:
superopt.c:2781:7: warning: incompatible implicit declaration of built-in function ‘abort’
 2781 |       abort ();     \
      |       ^~~~~
superopt.c:2769:1: note: in expansion of macro ‘GOAL_FUNCTION’
 2769 | GOAL_FUNCTION (ARITY, CODE)
      | ^~~~~~~~~~~~~
goal.def:277:1: note: in expansion of macro ‘DEF_GOAL’
  277 | DEF_GOAL (ASHIFTR_8, 1, "sra8", { r = (signed_word) v0 >> 8; })
      | ^~~~~~~~
superopt.c:2781:7: note: include ‘<stdlib.h>’ or provide a declaration of ‘abort’
 2781 |       abort ();     \
      |       ^~~~~
superopt.c:2769:1: note: in expansion of macro ‘GOAL_FUNCTION’
 2769 | GOAL_FUNCTION (ARITY, CODE)
      | ^~~~~~~~~~~~~
goal.def:277:1: note: in expansion of macro ‘DEF_GOAL’
  277 | DEF_GOAL (ASHIFTR_8, 1, "sra8", { r = (signed_word) v0 >> 8; })
      | ^~~~~~~~
goal.def: In function ‘ASHIFTR_9_func’:
superopt.c:2781:7: warning: incompatible implicit declaration of built-in function ‘abort’
 2781 |       abort ();     \
      |       ^~~~~
superopt.c:2769:1: note: in expansion of macro ‘GOAL_FUNCTION’
 2769 | GOAL_FUNCTION (ARITY, CODE)
      | ^~~~~~~~~~~~~
goal.def:278:1: note: in expansion of macro ‘DEF_GOAL’
  278 | DEF_GOAL (ASHIFTR_9, 1, "sra9", { r = (signed_word) v0 >> 9; })
      | ^~~~~~~~
superopt.c:2781:7: note: include ‘<stdlib.h>’ or provide a declaration of ‘abort’
 2781 |       abort ();     \
      |       ^~~~~
superopt.c:2769:1: note: in expansion of macro ‘GOAL_FUNCTION’
 2769 | GOAL_FUNCTION (ARITY, CODE)
      | ^~~~~~~~~~~~~
goal.def:278:1: note: in expansion of macro ‘DEF_GOAL’
  278 | DEF_GOAL (ASHIFTR_9, 1, "sra9", { r = (signed_word) v0 >> 9; })
      | ^~~~~~~~
goal.def: In function ‘ASHIFTR_10_func’:
superopt.c:2781:7: warning: incompatible implicit declaration of built-in function ‘abort’
 2781 |       abort ();     \
      |       ^~~~~
superopt.c:2769:1: note: in expansion of macro ‘GOAL_FUNCTION’
 2769 | GOAL_FUNCTION (ARITY, CODE)
      | ^~~~~~~~~~~~~
goal.def:279:1: note: in expansion of macro ‘DEF_GOAL’
  279 | DEF_GOAL (ASHIFTR_10, 1, "sra10", { r = (signed_word) v0 >> 10; })
      | ^~~~~~~~
superopt.c:2781:7: note: include ‘<stdlib.h>’ or provide a declaration of ‘abort’
 2781 |       abort ();     \
      |       ^~~~~
superopt.c:2769:1: note: in expansion of macro ‘GOAL_FUNCTION’
 2769 | GOAL_FUNCTION (ARITY, CODE)
      | ^~~~~~~~~~~~~
goal.def:279:1: note: in expansion of macro ‘DEF_GOAL’
  279 | DEF_GOAL (ASHIFTR_10, 1, "sra10", { r = (signed_word) v0 >> 10; })
      | ^~~~~~~~
goal.def: In function ‘ASHIFTR_11_func’:
superopt.c:2781:7: warning: incompatible implicit declaration of built-in function ‘abort’
 2781 |       abort ();     \
      |       ^~~~~
superopt.c:2769:1: note: in expansion of macro ‘GOAL_FUNCTION’
 2769 | GOAL_FUNCTION (ARITY, CODE)
      | ^~~~~~~~~~~~~
goal.def:280:1: note: in expansion of macro ‘DEF_GOAL’
  280 | DEF_GOAL (ASHIFTR_11, 1, "sra11", { r = (signed_word) v0 >> 11; })
      | ^~~~~~~~
superopt.c:2781:7: note: include ‘<stdlib.h>’ or provide a declaration of ‘abort’
 2781 |       abort ();     \
      |       ^~~~~
superopt.c:2769:1: note: in expansion of macro ‘GOAL_FUNCTION’
 2769 | GOAL_FUNCTION (ARITY, CODE)
      | ^~~~~~~~~~~~~
goal.def:280:1: note: in expansion of macro ‘DEF_GOAL’
  280 | DEF_GOAL (ASHIFTR_11, 1, "sra11", { r = (signed_word) v0 >> 11; })
      | ^~~~~~~~
goal.def: In function ‘ASHIFTR_12_func’:
superopt.c:2781:7: warning: incompatible implicit declaration of built-in function ‘abort’
 2781 |       abort ();     \
      |       ^~~~~
superopt.c:2769:1: note: in expansion of macro ‘GOAL_FUNCTION’
 2769 | GOAL_FUNCTION (ARITY, CODE)
      | ^~~~~~~~~~~~~
goal.def:281:1: note: in expansion of macro ‘DEF_GOAL’
  281 | DEF_GOAL (ASHIFTR_12, 1, "sra12", { r = (signed_word) v0 >> 12; })
      | ^~~~~~~~
superopt.c:2781:7: note: include ‘<stdlib.h>’ or provide a declaration of ‘abort’
 2781 |       abort ();     \
      |       ^~~~~
superopt.c:2769:1: note: in expansion of macro ‘GOAL_FUNCTION’
 2769 | GOAL_FUNCTION (ARITY, CODE)
      | ^~~~~~~~~~~~~
goal.def:281:1: note: in expansion of macro ‘DEF_GOAL’
  281 | DEF_GOAL (ASHIFTR_12, 1, "sra12", { r = (signed_word) v0 >> 12; })
      | ^~~~~~~~
goal.def: In function ‘ASHIFTR_13_func’:
superopt.c:2781:7: warning: incompatible implicit declaration of built-in function ‘abort’
 2781 |       abort ();     \
      |       ^~~~~
superopt.c:2769:1: note: in expansion of macro ‘GOAL_FUNCTION’
 2769 | GOAL_FUNCTION (ARITY, CODE)
      | ^~~~~~~~~~~~~
goal.def:282:1: note: in expansion of macro ‘DEF_GOAL’
  282 | DEF_GOAL (ASHIFTR_13, 1, "sra13", { r = (signed_word) v0 >> 13; })
      | ^~~~~~~~
superopt.c:2781:7: note: include ‘<stdlib.h>’ or provide a declaration of ‘abort’
 2781 |       abort ();     \
      |       ^~~~~
superopt.c:2769:1: note: in expansion of macro ‘GOAL_FUNCTION’
 2769 | GOAL_FUNCTION (ARITY, CODE)
      | ^~~~~~~~~~~~~
goal.def:282:1: note: in expansion of macro ‘DEF_GOAL’
  282 | DEF_GOAL (ASHIFTR_13, 1, "sra13", { r = (signed_word) v0 >> 13; })
      | ^~~~~~~~
goal.def: In function ‘ASHIFTR_14_func’:
superopt.c:2781:7: warning: incompatible implicit declaration of built-in function ‘abort’
 2781 |       abort ();     \
      |       ^~~~~
superopt.c:2769:1: note: in expansion of macro ‘GOAL_FUNCTION’
 2769 | GOAL_FUNCTION (ARITY, CODE)
      | ^~~~~~~~~~~~~
goal.def:283:1: note: in expansion of macro ‘DEF_GOAL’
  283 | DEF_GOAL (ASHIFTR_14, 1, "sra14", { r = (signed_word) v0 >> 14; })
      | ^~~~~~~~
superopt.c:2781:7: note: include ‘<stdlib.h>’ or provide a declaration of ‘abort’
 2781 |       abort ();     \
      |       ^~~~~
superopt.c:2769:1: note: in expansion of macro ‘GOAL_FUNCTION’
 2769 | GOAL_FUNCTION (ARITY, CODE)
      | ^~~~~~~~~~~~~
goal.def:283:1: note: in expansion of macro ‘DEF_GOAL’
  283 | DEF_GOAL (ASHIFTR_14, 1, "sra14", { r = (signed_word) v0 >> 14; })
      | ^~~~~~~~
goal.def: In function ‘ASHIFTR_15_func’:
superopt.c:2781:7: warning: incompatible implicit declaration of built-in function ‘abort’
 2781 |       abort ();     \
      |       ^~~~~
superopt.c:2769:1: note: in expansion of macro ‘GOAL_FUNCTION’
 2769 | GOAL_FUNCTION (ARITY, CODE)
      | ^~~~~~~~~~~~~
goal.def:284:1: note: in expansion of macro ‘DEF_GOAL’
  284 | DEF_GOAL (ASHIFTR_15, 1, "sra15", { r = (signed_word) v0 >> 15; })
      | ^~~~~~~~
superopt.c:2781:7: note: include ‘<stdlib.h>’ or provide a declaration of ‘abort’
 2781 |       abort ();     \
      |       ^~~~~
superopt.c:2769:1: note: in expansion of macro ‘GOAL_FUNCTION’
 2769 | GOAL_FUNCTION (ARITY, CODE)
      | ^~~~~~~~~~~~~
goal.def:284:1: note: in expansion of macro ‘DEF_GOAL’
  284 | DEF_GOAL (ASHIFTR_15, 1, "sra15", { r = (signed_word) v0 >> 15; })
      | ^~~~~~~~
goal.def: In function ‘ASHIFTR_16_func’:
superopt.c:2781:7: warning: incompatible implicit declaration of built-in function ‘abort’
 2781 |       abort ();     \
      |       ^~~~~
superopt.c:2769:1: note: in expansion of macro ‘GOAL_FUNCTION’
 2769 | GOAL_FUNCTION (ARITY, CODE)
      | ^~~~~~~~~~~~~
goal.def:285:1: note: in expansion of macro ‘DEF_GOAL’
  285 | DEF_GOAL (ASHIFTR_16, 1, "sra16", { r = (signed_word) v0 >> 16; })
      | ^~~~~~~~
superopt.c:2781:7: note: include ‘<stdlib.h>’ or provide a declaration of ‘abort’
 2781 |       abort ();     \
      |       ^~~~~
superopt.c:2769:1: note: in expansion of macro ‘GOAL_FUNCTION’
 2769 | GOAL_FUNCTION (ARITY, CODE)
      | ^~~~~~~~~~~~~
goal.def:285:1: note: in expansion of macro ‘DEF_GOAL’
  285 | DEF_GOAL (ASHIFTR_16, 1, "sra16", { r = (signed_word) v0 >> 16; })
      | ^~~~~~~~
goal.def: In function ‘ASHIFTR_17_func’:
superopt.c:2781:7: warning: incompatible implicit declaration of built-in function ‘abort’
 2781 |       abort ();     \
      |       ^~~~~
superopt.c:2769:1: note: in expansion of macro ‘GOAL_FUNCTION’
 2769 | GOAL_FUNCTION (ARITY, CODE)
      | ^~~~~~~~~~~~~
goal.def:286:1: note: in expansion of macro ‘DEF_GOAL’
  286 | DEF_GOAL (ASHIFTR_17, 1, "sra17", { r = (signed_word) v0 >> 17; })
      | ^~~~~~~~
superopt.c:2781:7: note: include ‘<stdlib.h>’ or provide a declaration of ‘abort’
 2781 |       abort ();     \
      |       ^~~~~
superopt.c:2769:1: note: in expansion of macro ‘GOAL_FUNCTION’
 2769 | GOAL_FUNCTION (ARITY, CODE)
      | ^~~~~~~~~~~~~
goal.def:286:1: note: in expansion of macro ‘DEF_GOAL’
  286 | DEF_GOAL (ASHIFTR_17, 1, "sra17", { r = (signed_word) v0 >> 17; })
      | ^~~~~~~~
goal.def: In function ‘ASHIFTR_18_func’:
superopt.c:2781:7: warning: incompatible implicit declaration of built-in function ‘abort’
 2781 |       abort ();     \
      |       ^~~~~
superopt.c:2769:1: note: in expansion of macro ‘GOAL_FUNCTION’
 2769 | GOAL_FUNCTION (ARITY, CODE)
      | ^~~~~~~~~~~~~
goal.def:287:1: note: in expansion of macro ‘DEF_GOAL’
  287 | DEF_GOAL (ASHIFTR_18, 1, "sra18", { r = (signed_word) v0 >> 18; })
      | ^~~~~~~~
superopt.c:2781:7: note: include ‘<stdlib.h>’ or provide a declaration of ‘abort’
 2781 |       abort ();     \
      |       ^~~~~
superopt.c:2769:1: note: in expansion of macro ‘GOAL_FUNCTION’
 2769 | GOAL_FUNCTION (ARITY, CODE)
      | ^~~~~~~~~~~~~
goal.def:287:1: note: in expansion of macro ‘DEF_GOAL’
  287 | DEF_GOAL (ASHIFTR_18, 1, "sra18", { r = (signed_word) v0 >> 18; })
      | ^~~~~~~~
goal.def: In function ‘ASHIFTR_19_func’:
superopt.c:2781:7: warning: incompatible implicit declaration of built-in function ‘abort’
 2781 |       abort ();     \
      |       ^~~~~
superopt.c:2769:1: note: in expansion of macro ‘GOAL_FUNCTION’
 2769 | GOAL_FUNCTION (ARITY, CODE)
      | ^~~~~~~~~~~~~
goal.def:288:1: note: in expansion of macro ‘DEF_GOAL’
  288 | DEF_GOAL (ASHIFTR_19, 1, "sra19", { r = (signed_word) v0 >> 19; })
      | ^~~~~~~~
superopt.c:2781:7: note: include ‘<stdlib.h>’ or provide a declaration of ‘abort’
 2781 |       abort ();     \
      |       ^~~~~
superopt.c:2769:1: note: in expansion of macro ‘GOAL_FUNCTION’
 2769 | GOAL_FUNCTION (ARITY, CODE)
      | ^~~~~~~~~~~~~
goal.def:288:1: note: in expansion of macro ‘DEF_GOAL’
  288 | DEF_GOAL (ASHIFTR_19, 1, "sra19", { r = (signed_word) v0 >> 19; })
      | ^~~~~~~~
goal.def: In function ‘ASHIFTR_20_func’:
superopt.c:2781:7: warning: incompatible implicit declaration of built-in function ‘abort’
 2781 |       abort ();     \
      |       ^~~~~
superopt.c:2769:1: note: in expansion of macro ‘GOAL_FUNCTION’
 2769 | GOAL_FUNCTION (ARITY, CODE)
      | ^~~~~~~~~~~~~
goal.def:289:1: note: in expansion of macro ‘DEF_GOAL’
  289 | DEF_GOAL (ASHIFTR_20, 1, "sra20", { r = (signed_word) v0 >> 20; })
      | ^~~~~~~~
superopt.c:2781:7: note: include ‘<stdlib.h>’ or provide a declaration of ‘abort’
 2781 |       abort ();     \
      |       ^~~~~
superopt.c:2769:1: note: in expansion of macro ‘GOAL_FUNCTION’
 2769 | GOAL_FUNCTION (ARITY, CODE)
      | ^~~~~~~~~~~~~
goal.def:289:1: note: in expansion of macro ‘DEF_GOAL’
  289 | DEF_GOAL (ASHIFTR_20, 1, "sra20", { r = (signed_word) v0 >> 20; })
      | ^~~~~~~~
goal.def: In function ‘ASHIFTR_21_func’:
superopt.c:2781:7: warning: incompatible implicit declaration of built-in function ‘abort’
 2781 |       abort ();     \
      |       ^~~~~
superopt.c:2769:1: note: in expansion of macro ‘GOAL_FUNCTION’
 2769 | GOAL_FUNCTION (ARITY, CODE)
      | ^~~~~~~~~~~~~
goal.def:290:1: note: in expansion of macro ‘DEF_GOAL’
  290 | DEF_GOAL (ASHIFTR_21, 1, "sra21", { r = (signed_word) v0 >> 21; })
      | ^~~~~~~~
superopt.c:2781:7: note: include ‘<stdlib.h>’ or provide a declaration of ‘abort’
 2781 |       abort ();     \
      |       ^~~~~
superopt.c:2769:1: note: in expansion of macro ‘GOAL_FUNCTION’
 2769 | GOAL_FUNCTION (ARITY, CODE)
      | ^~~~~~~~~~~~~
goal.def:290:1: note: in expansion of macro ‘DEF_GOAL’
  290 | DEF_GOAL (ASHIFTR_21, 1, "sra21", { r = (signed_word) v0 >> 21; })
      | ^~~~~~~~
goal.def: In function ‘ASHIFTR_22_func’:
superopt.c:2781:7: warning: incompatible implicit declaration of built-in function ‘abort’
 2781 |       abort ();     \
      |       ^~~~~
superopt.c:2769:1: note: in expansion of macro ‘GOAL_FUNCTION’
 2769 | GOAL_FUNCTION (ARITY, CODE)
      | ^~~~~~~~~~~~~
goal.def:291:1: note: in expansion of macro ‘DEF_GOAL’
  291 | DEF_GOAL (ASHIFTR_22, 1, "sra22", { r = (signed_word) v0 >> 22; })
      | ^~~~~~~~
superopt.c:2781:7: note: include ‘<stdlib.h>’ or provide a declaration of ‘abort’
 2781 |       abort ();     \
      |       ^~~~~
superopt.c:2769:1: note: in expansion of macro ‘GOAL_FUNCTION’
 2769 | GOAL_FUNCTION (ARITY, CODE)
      | ^~~~~~~~~~~~~
goal.def:291:1: note: in expansion of macro ‘DEF_GOAL’
  291 | DEF_GOAL (ASHIFTR_22, 1, "sra22", { r = (signed_word) v0 >> 22; })
      | ^~~~~~~~
goal.def: In function ‘ASHIFTR_23_func’:
superopt.c:2781:7: warning: incompatible implicit declaration of built-in function ‘abort’
 2781 |       abort ();     \
      |       ^~~~~
superopt.c:2769:1: note: in expansion of macro ‘GOAL_FUNCTION’
 2769 | GOAL_FUNCTION (ARITY, CODE)
      | ^~~~~~~~~~~~~
goal.def:292:1: note: in expansion of macro ‘DEF_GOAL’
  292 | DEF_GOAL (ASHIFTR_23, 1, "sra23", { r = (signed_word) v0 >> 23; })
      | ^~~~~~~~
superopt.c:2781:7: note: include ‘<stdlib.h>’ or provide a declaration of ‘abort’
 2781 |       abort ();     \
      |       ^~~~~
superopt.c:2769:1: note: in expansion of macro ‘GOAL_FUNCTION’
 2769 | GOAL_FUNCTION (ARITY, CODE)
      | ^~~~~~~~~~~~~
goal.def:292:1: note: in expansion of macro ‘DEF_GOAL’
  292 | DEF_GOAL (ASHIFTR_23, 1, "sra23", { r = (signed_word) v0 >> 23; })
      | ^~~~~~~~
goal.def: In function ‘ASHIFTR_24_func’:
superopt.c:2781:7: warning: incompatible implicit declaration of built-in function ‘abort’
 2781 |       abort ();     \
      |       ^~~~~
superopt.c:2769:1: note: in expansion of macro ‘GOAL_FUNCTION’
 2769 | GOAL_FUNCTION (ARITY, CODE)
      | ^~~~~~~~~~~~~
goal.def:293:1: note: in expansion of macro ‘DEF_GOAL’
  293 | DEF_GOAL (ASHIFTR_24, 1, "sra24", { r = (signed_word) v0 >> 24; })
      | ^~~~~~~~
superopt.c:2781:7: note: include ‘<stdlib.h>’ or provide a declaration of ‘abort’
 2781 |       abort ();     \
      |       ^~~~~
superopt.c:2769:1: note: in expansion of macro ‘GOAL_FUNCTION’
 2769 | GOAL_FUNCTION (ARITY, CODE)
      | ^~~~~~~~~~~~~
goal.def:293:1: note: in expansion of macro ‘DEF_GOAL’
  293 | DEF_GOAL (ASHIFTR_24, 1, "sra24", { r = (signed_word) v0 >> 24; })
      | ^~~~~~~~
goal.def: In function ‘ASHIFTR_25_func’:
superopt.c:2781:7: warning: incompatible implicit declaration of built-in function ‘abort’
 2781 |       abort ();     \
      |       ^~~~~
superopt.c:2769:1: note: in expansion of macro ‘GOAL_FUNCTION’
 2769 | GOAL_FUNCTION (ARITY, CODE)
      | ^~~~~~~~~~~~~
goal.def:294:1: note: in expansion of macro ‘DEF_GOAL’
  294 | DEF_GOAL (ASHIFTR_25, 1, "sra25", { r = (signed_word) v0 >> 25; })
      | ^~~~~~~~
superopt.c:2781:7: note: include ‘<stdlib.h>’ or provide a declaration of ‘abort’
 2781 |       abort ();     \
      |       ^~~~~
superopt.c:2769:1: note: in expansion of macro ‘GOAL_FUNCTION’
 2769 | GOAL_FUNCTION (ARITY, CODE)
      | ^~~~~~~~~~~~~
goal.def:294:1: note: in expansion of macro ‘DEF_GOAL’
  294 | DEF_GOAL (ASHIFTR_25, 1, "sra25", { r = (signed_word) v0 >> 25; })
      | ^~~~~~~~
goal.def: In function ‘ASHIFTR_26_func’:
superopt.c:2781:7: warning: incompatible implicit declaration of built-in function ‘abort’
 2781 |       abort ();     \
      |       ^~~~~
superopt.c:2769:1: note: in expansion of macro ‘GOAL_FUNCTION’
 2769 | GOAL_FUNCTION (ARITY, CODE)
      | ^~~~~~~~~~~~~
goal.def:295:1: note: in expansion of macro ‘DEF_GOAL’
  295 | DEF_GOAL (ASHIFTR_26, 1, "sra26", { r = (signed_word) v0 >> 26; })
      | ^~~~~~~~
superopt.c:2781:7: note: include ‘<stdlib.h>’ or provide a declaration of ‘abort’
 2781 |       abort ();     \
      |       ^~~~~
superopt.c:2769:1: note: in expansion of macro ‘GOAL_FUNCTION’
 2769 | GOAL_FUNCTION (ARITY, CODE)
      | ^~~~~~~~~~~~~
goal.def:295:1: note: in expansion of macro ‘DEF_GOAL’
  295 | DEF_GOAL (ASHIFTR_26, 1, "sra26", { r = (signed_word) v0 >> 26; })
      | ^~~~~~~~
goal.def: In function ‘ASHIFTR_27_func’:
superopt.c:2781:7: warning: incompatible implicit declaration of built-in function ‘abort’
 2781 |       abort ();     \
      |       ^~~~~
superopt.c:2769:1: note: in expansion of macro ‘GOAL_FUNCTION’
 2769 | GOAL_FUNCTION (ARITY, CODE)
      | ^~~~~~~~~~~~~
goal.def:296:1: note: in expansion of macro ‘DEF_GOAL’
  296 | DEF_GOAL (ASHIFTR_27, 1, "sra27", { r = (signed_word) v0 >> 27; })
      | ^~~~~~~~
superopt.c:2781:7: note: include ‘<stdlib.h>’ or provide a declaration of ‘abort’
 2781 |       abort ();     \
      |       ^~~~~
superopt.c:2769:1: note: in expansion of macro ‘GOAL_FUNCTION’
 2769 | GOAL_FUNCTION (ARITY, CODE)
      | ^~~~~~~~~~~~~
goal.def:296:1: note: in expansion of macro ‘DEF_GOAL’
  296 | DEF_GOAL (ASHIFTR_27, 1, "sra27", { r = (signed_word) v0 >> 27; })
      | ^~~~~~~~
goal.def: In function ‘ASHIFTR_28_func’:
superopt.c:2781:7: warning: incompatible implicit declaration of built-in function ‘abort’
 2781 |       abort ();     \
      |       ^~~~~
superopt.c:2769:1: note: in expansion of macro ‘GOAL_FUNCTION’
 2769 | GOAL_FUNCTION (ARITY, CODE)
      | ^~~~~~~~~~~~~
goal.def:297:1: note: in expansion of macro ‘DEF_GOAL’
  297 | DEF_GOAL (ASHIFTR_28, 1, "sra28", { r = (signed_word) v0 >> 28; })
      | ^~~~~~~~
superopt.c:2781:7: note: include ‘<stdlib.h>’ or provide a declaration of ‘abort’
 2781 |       abort ();     \
      |       ^~~~~
superopt.c:2769:1: note: in expansion of macro ‘GOAL_FUNCTION’
 2769 | GOAL_FUNCTION (ARITY, CODE)
      | ^~~~~~~~~~~~~
goal.def:297:1: note: in expansion of macro ‘DEF_GOAL’
  297 | DEF_GOAL (ASHIFTR_28, 1, "sra28", { r = (signed_word) v0 >> 28; })
      | ^~~~~~~~
goal.def: In function ‘ASHIFTR_29_func’:
superopt.c:2781:7: warning: incompatible implicit declaration of built-in function ‘abort’
 2781 |       abort ();     \
      |       ^~~~~
superopt.c:2769:1: note: in expansion of macro ‘GOAL_FUNCTION’
 2769 | GOAL_FUNCTION (ARITY, CODE)
      | ^~~~~~~~~~~~~
goal.def:298:1: note: in expansion of macro ‘DEF_GOAL’
  298 | DEF_GOAL (ASHIFTR_29, 1, "sra29", { r = (signed_word) v0 >> 29; })
      | ^~~~~~~~
superopt.c:2781:7: note: include ‘<stdlib.h>’ or provide a declaration of ‘abort’
 2781 |       abort ();     \
      |       ^~~~~
superopt.c:2769:1: note: in expansion of macro ‘GOAL_FUNCTION’
 2769 | GOAL_FUNCTION (ARITY, CODE)
      | ^~~~~~~~~~~~~
goal.def:298:1: note: in expansion of macro ‘DEF_GOAL’
  298 | DEF_GOAL (ASHIFTR_29, 1, "sra29", { r = (signed_word) v0 >> 29; })
      | ^~~~~~~~
goal.def: In function ‘ASHIFTR_30_func’:
superopt.c:2781:7: warning: incompatible implicit declaration of built-in function ‘abort’
 2781 |       abort ();     \
      |       ^~~~~
superopt.c:2769:1: note: in expansion of macro ‘GOAL_FUNCTION’
 2769 | GOAL_FUNCTION (ARITY, CODE)
      | ^~~~~~~~~~~~~
goal.def:299:1: note: in expansion of macro ‘DEF_GOAL’
  299 | DEF_GOAL (ASHIFTR_30, 1, "sra30", { r = (signed_word) v0 >> 30; })
      | ^~~~~~~~
superopt.c:2781:7: note: include ‘<stdlib.h>’ or provide a declaration of ‘abort’
 2781 |       abort ();     \
      |       ^~~~~
superopt.c:2769:1: note: in expansion of macro ‘GOAL_FUNCTION’
 2769 | GOAL_FUNCTION (ARITY, CODE)
      | ^~~~~~~~~~~~~
goal.def:299:1: note: in expansion of macro ‘DEF_GOAL’
  299 | DEF_GOAL (ASHIFTR_30, 1, "sra30", { r = (signed_word) v0 >> 30; })
      | ^~~~~~~~
goal.def: In function ‘ASHIFTR_31_func’:
superopt.c:2781:7: warning: incompatible implicit declaration of built-in function ‘abort’
 2781 |       abort ();     \
      |       ^~~~~
superopt.c:2769:1: note: in expansion of macro ‘GOAL_FUNCTION’
 2769 | GOAL_FUNCTION (ARITY, CODE)
      | ^~~~~~~~~~~~~
goal.def:300:1: note: in expansion of macro ‘DEF_GOAL’
  300 | DEF_GOAL (ASHIFTR_31, 1, "sra31", { r = (signed_word) v0 >> 31; })
      | ^~~~~~~~
superopt.c:2781:7: note: include ‘<stdlib.h>’ or provide a declaration of ‘abort’
 2781 |       abort ();     \
      |       ^~~~~
superopt.c:2769:1: note: in expansion of macro ‘GOAL_FUNCTION’
 2769 | GOAL_FUNCTION (ARITY, CODE)
      | ^~~~~~~~~~~~~
goal.def:300:1: note: in expansion of macro ‘DEF_GOAL’
  300 | DEF_GOAL (ASHIFTR_31, 1, "sra31", { r = (signed_word) v0 >> 31; })
      | ^~~~~~~~
goal.def: In function ‘CMPBYTES_func’:
superopt.c:2781:7: warning: incompatible implicit declaration of built-in function ‘abort’
 2781 |       abort ();     \
      |       ^~~~~
superopt.c:2769:1: note: in expansion of macro ‘GOAL_FUNCTION’
 2769 | GOAL_FUNCTION (ARITY, CODE)
      | ^~~~~~~~~~~~~
goal.def:303:1: note: in expansion of macro ‘DEF_GOAL’
  303 | DEF_GOAL (CMPBYTES, 2, "cmpbytes",
      | ^~~~~~~~
superopt.c:2781:7: note: include ‘<stdlib.h>’ or provide a declaration of ‘abort’
 2781 |       abort ();     \
      |       ^~~~~
superopt.c:2769:1: note: in expansion of macro ‘GOAL_FUNCTION’
 2769 | GOAL_FUNCTION (ARITY, CODE)
      | ^~~~~~~~~~~~~
goal.def:303:1: note: in expansion of macro ‘DEF_GOAL’
  303 | DEF_GOAL (CMPBYTES, 2, "cmpbytes",
      | ^~~~~~~~
goal.def: In function ‘UMULH_func’:
superopt.c:2781:7: warning: incompatible implicit declaration of built-in function ‘abort’
 2781 |       abort ();     \
      |       ^~~~~
superopt.c:2769:1: note: in expansion of macro ‘GOAL_FUNCTION’
 2769 | GOAL_FUNCTION (ARITY, CODE)
      | ^~~~~~~~~~~~~
goal.def:317:1: note: in expansion of macro ‘DEF_GOAL’
  317 | DEF_GOAL (UMULH,     2, "umulh",  ({ word t1; word t2; umul_ppmm (t1, t2, v0, v1); r = t1; }))
      | ^~~~~~~~
superopt.c:2781:7: note: include ‘<stdlib.h>’ or provide a declaration of ‘abort’
 2781 |       abort ();     \
      |       ^~~~~
superopt.c:2769:1: note: in expansion of macro ‘GOAL_FUNCTION’
 2769 | GOAL_FUNCTION (ARITY, CODE)
      | ^~~~~~~~~~~~~
goal.def:317:1: note: in expansion of macro ‘DEF_GOAL’
  317 | DEF_GOAL (UMULH,     2, "umulh",  ({ word t1; word t2; umul_ppmm (t1, t2, v0, v1); r = t1; }))
      | ^~~~~~~~
goal.def: In function ‘UMULH3_func’:
superopt.c:2781:7: warning: incompatible implicit declaration of built-in function ‘abort’
 2781 |       abort ();     \
      |       ^~~~~
superopt.c:2769:1: note: in expansion of macro ‘GOAL_FUNCTION’
 2769 | GOAL_FUNCTION (ARITY, CODE)
      | ^~~~~~~~~~~~~
goal.def:318:1: note: in expansion of macro ‘DEF_GOAL’
  318 | DEF_GOAL (UMULH3,     1, "umulh3",  ({ word t1; word t2; umul_ppmm (t1, t2, v0, 3); r = t1; }))
      | ^~~~~~~~
superopt.c:2781:7: note: include ‘<stdlib.h>’ or provide a declaration of ‘abort’
 2781 |       abort ();     \
      |       ^~~~~
superopt.c:2769:1: note: in expansion of macro ‘GOAL_FUNCTION’
 2769 | GOAL_FUNCTION (ARITY, CODE)
      | ^~~~~~~~~~~~~
goal.def:318:1: note: in expansion of macro ‘DEF_GOAL’
  318 | DEF_GOAL (UMULH3,     1, "umulh3",  ({ word t1; word t2; umul_ppmm (t1, t2, v0, 3); r = t1; }))
      | ^~~~~~~~
goal.def: In function ‘UMULH5_func’:
superopt.c:2781:7: warning: incompatible implicit declaration of built-in function ‘abort’
 2781 |       abort ();     \
      |       ^~~~~
superopt.c:2769:1: note: in expansion of macro ‘GOAL_FUNCTION’
 2769 | GOAL_FUNCTION (ARITY, CODE)
      | ^~~~~~~~~~~~~
goal.def:319:1: note: in expansion of macro ‘DEF_GOAL’
  319 | DEF_GOAL (UMULH5,     1, "umulh5",  ({ word t1; word t2; umul_ppmm (t1, t2, v0, 5); r = t1; }))
      | ^~~~~~~~
superopt.c:2781:7: note: include ‘<stdlib.h>’ or provide a declaration of ‘abort’
 2781 |       abort ();     \
      |       ^~~~~
superopt.c:2769:1: note: in expansion of macro ‘GOAL_FUNCTION’
 2769 | GOAL_FUNCTION (ARITY, CODE)
      | ^~~~~~~~~~~~~
goal.def:319:1: note: in expansion of macro ‘DEF_GOAL’
  319 | DEF_GOAL (UMULH5,     1, "umulh5",  ({ word t1; word t2; umul_ppmm (t1, t2, v0, 5); r = t1; }))
      | ^~~~~~~~
goal.def: In function ‘UMULH6_func’:
superopt.c:2781:7: warning: incompatible implicit declaration of built-in function ‘abort’
 2781 |       abort ();     \
      |       ^~~~~
superopt.c:2769:1: note: in expansion of macro ‘GOAL_FUNCTION’
 2769 | GOAL_FUNCTION (ARITY, CODE)
      | ^~~~~~~~~~~~~
goal.def:320:1: note: in expansion of macro ‘DEF_GOAL’
  320 | DEF_GOAL (UMULH6,     1, "umulh6",  ({ word t1; word t2; umul_ppmm (t1, t2, v0, 6); r = t1; }))
      | ^~~~~~~~
superopt.c:2781:7: note: include ‘<stdlib.h>’ or provide a declaration of ‘abort’
 2781 |       abort ();     \
      |       ^~~~~
superopt.c:2769:1: note: in expansion of macro ‘GOAL_FUNCTION’
 2769 | GOAL_FUNCTION (ARITY, CODE)
      | ^~~~~~~~~~~~~
goal.def:320:1: note: in expansion of macro ‘DEF_GOAL’
  320 | DEF_GOAL (UMULH6,     1, "umulh6",  ({ word t1; word t2; umul_ppmm (t1, t2, v0, 6); r = t1; }))
      | ^~~~~~~~
goal.def: In function ‘UMULH7_func’:
superopt.c:2781:7: warning: incompatible implicit declaration of built-in function ‘abort’
 2781 |       abort ();     \
      |       ^~~~~
superopt.c:2769:1: note: in expansion of macro ‘GOAL_FUNCTION’
 2769 | GOAL_FUNCTION (ARITY, CODE)
      | ^~~~~~~~~~~~~
goal.def:321:1: note: in expansion of macro ‘DEF_GOAL’
  321 | DEF_GOAL (UMULH7,     1, "umulh7",  ({ word t1; word t2; umul_ppmm (t1, t2, v0, 7); r = t1; }))
      | ^~~~~~~~
superopt.c:2781:7: note: include ‘<stdlib.h>’ or provide a declaration of ‘abort’
 2781 |       abort ();     \
      |       ^~~~~
superopt.c:2769:1: note: in expansion of macro ‘GOAL_FUNCTION’
 2769 | GOAL_FUNCTION (ARITY, CODE)
      | ^~~~~~~~~~~~~
goal.def:321:1: note: in expansion of macro ‘DEF_GOAL’
  321 | DEF_GOAL (UMULH7,     1, "umulh7",  ({ word t1; word t2; umul_ppmm (t1, t2, v0, 7); r = t1; }))
      | ^~~~~~~~
goal.def: In function ‘UMULH9_func’:
superopt.c:2781:7: warning: incompatible implicit declaration of built-in function ‘abort’
 2781 |       abort ();     \
      |       ^~~~~
superopt.c:2769:1: note: in expansion of macro ‘GOAL_FUNCTION’
 2769 | GOAL_FUNCTION (ARITY, CODE)
      | ^~~~~~~~~~~~~
goal.def:322:1: note: in expansion of macro ‘DEF_GOAL’
  322 | DEF_GOAL (UMULH9,     1, "umulh9",  ({ word t1; word t2; umul_ppmm (t1, t2, v0, 9); r = t1; }))
      | ^~~~~~~~
superopt.c:2781:7: note: include ‘<stdlib.h>’ or provide a declaration of ‘abort’
 2781 |       abort ();     \
      |       ^~~~~
superopt.c:2769:1: note: in expansion of macro ‘GOAL_FUNCTION’
 2769 | GOAL_FUNCTION (ARITY, CODE)
      | ^~~~~~~~~~~~~
goal.def:322:1: note: in expansion of macro ‘DEF_GOAL’
  322 | DEF_GOAL (UMULH9,     1, "umulh9",  ({ word t1; word t2; umul_ppmm (t1, t2, v0, 9); r = t1; }))
      | ^~~~~~~~
goal.def: In function ‘UMULH10_func’:
superopt.c:2781:7: warning: incompatible implicit declaration of built-in function ‘abort’
 2781 |       abort ();     \
      |       ^~~~~
superopt.c:2769:1: note: in expansion of macro ‘GOAL_FUNCTION’
 2769 | GOAL_FUNCTION (ARITY, CODE)
      | ^~~~~~~~~~~~~
goal.def:323:1: note: in expansion of macro ‘DEF_GOAL’
  323 | DEF_GOAL (UMULH10,     1, "umulh10",  ({ word t1; word t2; umul_ppmm (t1, t2, v0, 10); r = t1; }))
      | ^~~~~~~~
superopt.c:2781:7: note: include ‘<stdlib.h>’ or provide a declaration of ‘abort’
 2781 |       abort ();     \
      |       ^~~~~
superopt.c:2769:1: note: in expansion of macro ‘GOAL_FUNCTION’
 2769 | GOAL_FUNCTION (ARITY, CODE)
      | ^~~~~~~~~~~~~
goal.def:323:1: note: in expansion of macro ‘DEF_GOAL’
  323 | DEF_GOAL (UMULH10,     1, "umulh10",  ({ word t1; word t2; umul_ppmm (t1, t2, v0, 10); r = t1; }))
      | ^~~~~~~~
goal.def: In function ‘UMULH11_func’:
superopt.c:2781:7: warning: incompatible implicit declaration of built-in function ‘abort’
 2781 |       abort ();     \
      |       ^~~~~
superopt.c:2769:1: note: in expansion of macro ‘GOAL_FUNCTION’
 2769 | GOAL_FUNCTION (ARITY, CODE)
      | ^~~~~~~~~~~~~
goal.def:324:1: note: in expansion of macro ‘DEF_GOAL’
  324 | DEF_GOAL (UMULH11,     1, "umulh11",  ({ word t1; word t2; umul_ppmm (t1, t2, v0, 11); r = t1; }))
      | ^~~~~~~~
superopt.c:2781:7: note: include ‘<stdlib.h>’ or provide a declaration of ‘abort’
 2781 |       abort ();     \
      |       ^~~~~
superopt.c:2769:1: note: in expansion of macro ‘GOAL_FUNCTION’
 2769 | GOAL_FUNCTION (ARITY, CODE)
      | ^~~~~~~~~~~~~
goal.def:324:1: note: in expansion of macro ‘DEF_GOAL’
  324 | DEF_GOAL (UMULH11,     1, "umulh11",  ({ word t1; word t2; umul_ppmm (t1, t2, v0, 11); r = t1; }))
      | ^~~~~~~~
goal.def: In function ‘MORE_EVEN_func’:
superopt.c:2781:7: warning: incompatible implicit declaration of built-in function ‘abort’
 2781 |       abort ();     \
      |       ^~~~~
superopt.c:2769:1: note: in expansion of macro ‘GOAL_FUNCTION’
 2769 | GOAL_FUNCTION (ARITY, CODE)
      | ^~~~~~~~~~~~~
goal.def:328:1: note: in expansion of macro ‘DEF_GOAL’
  328 | DEF_GOAL (MORE_EVEN,     2, "more_even",  ({ r = (v0 & -v0) > (v1 & -v1) ; }))
      | ^~~~~~~~
superopt.c:2781:7: note: include ‘<stdlib.h>’ or provide a declaration of ‘abort’
 2781 |       abort ();     \
      |       ^~~~~
superopt.c:2769:1: note: in expansion of macro ‘GOAL_FUNCTION’
 2769 | GOAL_FUNCTION (ARITY, CODE)
      | ^~~~~~~~~~~~~
goal.def:328:1: note: in expansion of macro ‘DEF_GOAL’
  328 | DEF_GOAL (MORE_EVEN,     2, "more_even",  ({ r = (v0 & -v0) > (v1 & -v1) ; }))
      | ^~~~~~~~
goal.def: In function ‘CLEAR_LSB_func’:
superopt.c:2781:7: warning: incompatible implicit declaration of built-in function ‘abort’
 2781 |       abort ();     \
      |       ^~~~~
superopt.c:2769:1: note: in expansion of macro ‘GOAL_FUNCTION’
 2769 | GOAL_FUNCTION (ARITY, CODE)
      | ^~~~~~~~~~~~~
goal.def:330:1: note: in expansion of macro ‘DEF_GOAL’
  330 | DEF_GOAL (CLEAR_LSB, 1, "clear_lsb", { r = v0 & ~(v0 & -v0); })
      | ^~~~~~~~
superopt.c:2781:7: note: include ‘<stdlib.h>’ or provide a declaration of ‘abort’
 2781 |       abort ();     \
      |       ^~~~~
superopt.c:2769:1: note: in expansion of macro ‘GOAL_FUNCTION’
 2769 | GOAL_FUNCTION (ARITY, CODE)
      | ^~~~~~~~~~~~~
goal.def:330:1: note: in expansion of macro ‘DEF_GOAL’
  330 | DEF_GOAL (CLEAR_LSB, 1, "clear_lsb", { r = v0 & ~(v0 & -v0); })
      | ^~~~~~~~
goal.def: In function ‘CLEAR_LSB2_func’:
superopt.c:2781:7: warning: incompatible implicit declaration of built-in function ‘abort’
 2781 |       abort ();     \
      |       ^~~~~
superopt.c:2769:1: note: in expansion of macro ‘GOAL_FUNCTION’
 2769 | GOAL_FUNCTION (ARITY, CODE)
      | ^~~~~~~~~~~~~
goal.def:331:1: note: in expansion of macro ‘DEF_GOAL’
  331 | DEF_GOAL (CLEAR_LSB2, 2, "clear_lsb2", { r = v1 & ~(v0 & -v0); })
      | ^~~~~~~~
superopt.c:2781:7: note: include ‘<stdlib.h>’ or provide a declaration of ‘abort’
 2781 |       abort ();     \
      |       ^~~~~
superopt.c:2769:1: note: in expansion of macro ‘GOAL_FUNCTION’
 2769 | GOAL_FUNCTION (ARITY, CODE)
      | ^~~~~~~~~~~~~
goal.def:331:1: note: in expansion of macro ‘DEF_GOAL’
  331 | DEF_GOAL (CLEAR_LSB2, 2, "clear_lsb2", { r = v1 & ~(v0 & -v0); })
      | ^~~~~~~~
goal.def: In function ‘OVERFLOW_AFTER_ADD_func’:
superopt.c:2781:7: warning: incompatible implicit declaration of built-in function ‘abort’
 2781 |       abort ();     \
      |       ^~~~~
superopt.c:2769:1: note: in expansion of macro ‘GOAL_FUNCTION’
 2769 | GOAL_FUNCTION (ARITY, CODE)
      | ^~~~~~~~~~~~~
goal.def:338:1: note: in expansion of macro ‘DEF_GOAL’
  338 | DEF_GOAL (OVERFLOW_AFTER_ADD, 3, "add_ovfl",  { r = (signed_word) (~(v1 ^ v2) & (v0 ^ v1)) < 0; })
      | ^~~~~~~~
superopt.c:2781:7: note: include ‘<stdlib.h>’ or provide a declaration of ‘abort’
 2781 |       abort ();     \
      |       ^~~~~
superopt.c:2769:1: note: in expansion of macro ‘GOAL_FUNCTION’
 2769 | GOAL_FUNCTION (ARITY, CODE)
      | ^~~~~~~~~~~~~
goal.def:338:1: note: in expansion of macro ‘DEF_GOAL’
  338 | DEF_GOAL (OVERFLOW_AFTER_ADD, 3, "add_ovfl",  { r = (signed_word) (~(v1 ^ v2) & (v0 ^ v1)) < 0; })
      | ^~~~~~~~
goal.def: In function ‘DBL_SHIFT_HI_func’:
superopt.c:2781:7: warning: incompatible implicit declaration of built-in function ‘abort’
 2781 |       abort ();     \
      |       ^~~~~
superopt.c:2769:1: note: in expansion of macro ‘GOAL_FUNCTION’
 2769 | GOAL_FUNCTION (ARITY, CODE)
      | ^~~~~~~~~~~~~
goal.def:341:1: note: in expansion of macro ‘DEF_GOAL’
  341 | DEF_GOAL (DBL_SHIFT_HI, 3, "dbl_shift_hi",
      | ^~~~~~~~
superopt.c:2781:7: note: include ‘<stdlib.h>’ or provide a declaration of ‘abort’
 2781 |       abort ();     \
      |       ^~~~~
superopt.c:2769:1: note: in expansion of macro ‘GOAL_FUNCTION’
 2769 | GOAL_FUNCTION (ARITY, CODE)
      | ^~~~~~~~~~~~~
goal.def:341:1: note: in expansion of macro ‘DEF_GOAL’
  341 | DEF_GOAL (DBL_SHIFT_HI, 3, "dbl_shift_hi",
      | ^~~~~~~~
goal.def: In function ‘DBL_SHIFT_LO_func’:
superopt.c:2781:7: warning: incompatible implicit declaration of built-in function ‘abort’
 2781 |       abort ();     \
      |       ^~~~~
superopt.c:2769:1: note: in expansion of macro ‘GOAL_FUNCTION’
 2769 | GOAL_FUNCTION (ARITY, CODE)
      | ^~~~~~~~~~~~~
goal.def:345:1: note: in expansion of macro ‘DEF_GOAL’
  345 | DEF_GOAL (DBL_SHIFT_LO, 2, "dbl_shift_lo",
      | ^~~~~~~~
superopt.c:2781:7: note: include ‘<stdlib.h>’ or provide a declaration of ‘abort’
 2781 |       abort ();     \
      |       ^~~~~
superopt.c:2769:1: note: in expansion of macro ‘GOAL_FUNCTION’
 2769 | GOAL_FUNCTION (ARITY, CODE)
      | ^~~~~~~~~~~~~
goal.def:345:1: note: in expansion of macro ‘DEF_GOAL’
  345 | DEF_GOAL (DBL_SHIFT_LO, 2, "dbl_shift_lo",
      | ^~~~~~~~
goal.def: In function ‘DBL_SHIFT_HI_TRUNC_func’:
superopt.c:2781:7: warning: incompatible implicit declaration of built-in function ‘abort’
 2781 |       abort ();     \
      |       ^~~~~
superopt.c:2769:1: note: in expansion of macro ‘GOAL_FUNCTION’
 2769 | GOAL_FUNCTION (ARITY, CODE)
      | ^~~~~~~~~~~~~
goal.def:349:1: note: in expansion of macro ‘DEF_GOAL’
  349 | DEF_GOAL (DBL_SHIFT_HI_TRUNC, 3, "dbl_shift_hi_trunc",
      | ^~~~~~~~
superopt.c:2781:7: note: include ‘<stdlib.h>’ or provide a declaration of ‘abort’
 2781 |       abort ();     \
      |       ^~~~~
superopt.c:2769:1: note: in expansion of macro ‘GOAL_FUNCTION’
 2769 | GOAL_FUNCTION (ARITY, CODE)
      | ^~~~~~~~~~~~~
goal.def:349:1: note: in expansion of macro ‘DEF_GOAL’
  349 | DEF_GOAL (DBL_SHIFT_HI_TRUNC, 3, "dbl_shift_hi_trunc",
      | ^~~~~~~~
goal.def: In function ‘DBL_SHIFT_LO_TRUNC_func’:
superopt.c:2781:7: warning: incompatible implicit declaration of built-in function ‘abort’
 2781 |       abort ();     \
      |       ^~~~~
superopt.c:2769:1: note: in expansion of macro ‘GOAL_FUNCTION’
 2769 | GOAL_FUNCTION (ARITY, CODE)
      | ^~~~~~~~~~~~~
goal.def:353:1: note: in expansion of macro ‘DEF_GOAL’
  353 | DEF_GOAL (DBL_SHIFT_LO_TRUNC, 2, "dbl_shift_lo_trunc",
      | ^~~~~~~~
superopt.c:2781:7: note: include ‘<stdlib.h>’ or provide a declaration of ‘abort’
 2781 |       abort ();     \
      |       ^~~~~
superopt.c:2769:1: note: in expansion of macro ‘GOAL_FUNCTION’
 2769 | GOAL_FUNCTION (ARITY, CODE)
      | ^~~~~~~~~~~~~
goal.def:353:1: note: in expansion of macro ‘DEF_GOAL’
  353 | DEF_GOAL (DBL_SHIFT_LO_TRUNC, 2, "dbl_shift_lo_trunc",
      | ^~~~~~~~
superopt.c: In function ‘main’:
superopt.c:2862:22: error: ‘TARGET_STRING’ undeclared (first use in this function)
 2862 |    printf ("(%s)\n", TARGET_STRING);
      |                      ^~~~~~~~~~~~~
superopt.c:2862:22: note: each undeclared identifier is reported only once for each function it appears in
superopt.c:2864:6: warning: implicit declaration of function ‘exit’ [-Wimplicit-function-declaration]
 2864 |      exit (0);
      |      ^~~~
superopt.c:2864:6: warning: incompatible implicit declaration of built-in function ‘exit’
superopt.c:2864:6: note: include ‘<stdlib.h>’ or provide a declaration of ‘exit’
superopt.c:2885:8: warning: incompatible implicit declaration of built-in function ‘exit’
 2885 |        exit(-1);
      |        ^~~~
superopt.c:2885:8: note: include ‘<stdlib.h>’ or provide a declaration of ‘exit’
superopt.c:2887:18: warning: implicit declaration of function ‘atoi’ [-Wimplicit-function-declaration]
 2887 |    maxmax_cost = atoi(argv[0]);
      |                  ^~~~
superopt.c:2896:8: warning: incompatible implicit declaration of built-in function ‘exit’
 2896 |        exit(-1);
      |        ^~~~
superopt.c:2896:8: note: include ‘<stdlib.h>’ or provide a declaration of ‘exit’
superopt.c:2916:8: warning: incompatible implicit declaration of built-in function ‘exit’
 2916 |        exit(-1);
      |        ^~~~
superopt.c:2916:8: note: include ‘<stdlib.h>’ or provide a declaration of ‘exit’
superopt.c:2958:4: warning: incompatible implicit declaration of built-in function ‘exit’
 2958 |    exit(-1);
      |    ^~~~
superopt.c:2958:4: note: include ‘<stdlib.h>’ or provide a declaration of ‘exit’
superopt.c:2978:7: warning: incompatible implicit declaration of built-in function ‘exit’
 2978 |       exit (0);
      |       ^~~~
superopt.c:2978:7: note: include ‘<stdlib.h>’ or provide a declaration of ‘exit’
superopt.c:2984:7: warning: incompatible implicit declaration of built-in function ‘exit’
 2984 |       exit(-1);
      |       ^~~~
superopt.c:2984:7: note: include ‘<stdlib.h>’ or provide a declaration of ‘exit’
superopt.c:2989:3: warning: incompatible implicit declaration of built-in function ‘exit’
 2989 |   exit (!success);
      |   ^~~~
superopt.c:2989:3: note: include ‘<stdlib.h>’ or provide a declaration of ‘exit’
make: *** [Makefile:35: superopt] Error 1

  compile_func	INFO	=================
  compile_func	INFO	xboard-4.9.1
  compile_func	INFO	-----------------
  compile_func	INFO	cd to_compile/xboard-4.9.1/ && ./configure && CFLAGS="-g" CXXFLAGS="-g" make
  compile_func	INFO	Returned with code: 2
  compile_func	INFO	/home/spencerwu/Storage/Steel/Santa/to_compile/xboard-4.9.1/missing: line 81: aclocal-1.15: command not found
WARNING: 'aclocal-1.15' is missing on your system.
         You should only need it if you modified 'acinclude.m4' or
         'configure.ac' or m4 files included by 'configure.ac'.
         The 'aclocal' program is part of the GNU Automake package:
         <http://www.gnu.org/software/automake>
         It also requires GNU Autoconf, GNU m4 and Perl in order to run:
         <http://www.gnu.org/software/autoconf>
         <http://www.gnu.org/software/m4/>
         <http://www.perl.org/>
make: *** [Makefile:731: aclocal.m4] Error 127

  compile_func	INFO	=================
  compile_func	INFO	bool-0.2
  compile_func	INFO	-----------------
  compile_func	INFO	cd to_compile/bool-0.2/ && ./configure && CFLAGS="-g" CXXFLAGS="-g" make
  compile_func	INFO	=================
  compile_func	INFO	xshogi-1.4.2
  compile_func	INFO	-----------------
  compile_func	INFO	cd to_compile/xshogi-1.4.2/ && ./configure && CFLAGS="-g" CXXFLAGS="-g" make
  compile_func	INFO	=================
  compile_func	INFO	a2ps-4.14
  compile_func	INFO	-----------------
  compile_func	INFO	cd to_compile/a2ps-4.14/ && ./configure && CFLAGS="-g" CXXFLAGS="-g" make
  compile_func	INFO	Returned with code: 2
  compile_func	INFO	configure: WARNING: ===========================================================
configure: WARNING: a2ps works much better with the psutils.  Available at
configure: WARNING:   http://www.dcs.ed.ac.uk/home/ajcd/psutils/
configure: WARNING: You *really* should install them *before* installing a2ps.
configure: WARNING: ===========================================================
config.status: WARNING:  po/Makefile.in.in seems to ignore the --datarootdir setting
/home/spencerwu/Storage/Steel/Santa/to_compile/a2ps-4.14/auxdir/missing: line 52: aclocal-1.9: command not found
WARNING: `aclocal-1.9' is missing on your system.  You should only need it if
         you modified `acinclude.m4' or `configure.in'.  You might want
         to install the `Automake' and `Perl' packages.  Grab them from
         any GNU archive site.
/home/spencerwu/Storage/Steel/Santa/to_compile/a2ps-4.14/auxdir/missing: line 52: automake-1.9: command not found
WARNING: `automake-1.9' is missing on your system.  You should only need it if
         you modified `Makefile.am', `acinclude.m4' or `configure.in'.
         You might want to install the `Automake' and `Perl' packages.
         Grab them from any GNU archive site.
configure.in:62: warning: AC_CACHE_VAL(lt_prog_compiler_pic_works, ...): suspicious cache-id, must contain _cv_ to be cached
../../lib/autoconf/general.m4:2031: AC_CACHE_VAL is expanded from...
../../lib/autoconf/general.m4:2052: AC_CACHE_CHECK is expanded from...
aclocal.m4:638: AC_LIBTOOL_COMPILER_OPTION is expanded from...
aclocal.m4:4938: AC_LIBTOOL_PROG_COMPILER_PIC is expanded from...
aclocal.m4:2718: _LT_AC_LANG_C_CONFIG is expanded from...
aclocal.m4:2717: AC_LIBTOOL_LANG_C_CONFIG is expanded from...
aclocal.m4:86: AC_LIBTOOL_SETUP is expanded from...
aclocal.m4:66: _AC_PROG_LIBTOOL is expanded from...
aclocal.m4:31: AC_PROG_LIBTOOL is expanded from...
configure.in:62: the top level
configure.in:62: warning: AC_CACHE_VAL(lt_prog_compiler_static_works, ...): suspicious cache-id, must contain _cv_ to be cached
../../lib/autoconf/general.m4:2031: AC_CACHE_VAL is expanded from...
../../lib/autoconf/general.m4:2052: AC_CACHE_CHECK is expanded from...
aclocal.m4:683: AC_LIBTOOL_LINKER_OPTION is expanded from...
aclocal.m4:4938: AC_LIBTOOL_PROG_COMPILER_PIC is expanded from...
aclocal.m4:2718: _LT_AC_LANG_C_CONFIG is expanded from...
aclocal.m4:2717: AC_LIBTOOL_LANG_C_CONFIG is expanded from...
aclocal.m4:86: AC_LIBTOOL_SETUP is expanded from...
aclocal.m4:66: _AC_PROG_LIBTOOL is expanded from...
aclocal.m4:31: AC_PROG_LIBTOOL is expanded from...
configure.in:62: the top level
configure.in:62: warning: AC_LANG_CONFTEST: no AC_LANG_SOURCE call detected in body
../../lib/autoconf/lang.m4:193: AC_LANG_CONFTEST is expanded from...
../../lib/autoconf/general.m4:2661: _AC_LINK_IFELSE is expanded from...
../../lib/autoconf/general.m4:2678: AC_LINK_IFELSE is expanded from...
aclocal.m4:297: _LT_AC_SYS_LIBPATH_AIX is expanded from...
aclocal.m4:5497: AC_LIBTOOL_PROG_LD_SHLIBS is expanded from...
aclocal.m4:2718: _LT_AC_LANG_C_CONFIG is expanded from...
aclocal.m4:2717: AC_LIBTOOL_LANG_C_CONFIG is expanded from...
aclocal.m4:86: AC_LIBTOOL_SETUP is expanded from...
aclocal.m4:66: _AC_PROG_LIBTOOL is expanded from...
aclocal.m4:31: AC_PROG_LIBTOOL is expanded from...
configure.in:62: the top level
configure.in:62: warning: AC_LANG_CONFTEST: no AC_LANG_SOURCE call detected in body
../../lib/autoconf/lang.m4:193: AC_LANG_CONFTEST is expanded from...
../../lib/autoconf/general.m4:2661: _AC_LINK_IFELSE is expanded from...
../../lib/autoconf/general.m4:2678: AC_LINK_IFELSE is expanded from...
aclocal.m4:297: _LT_AC_SYS_LIBPATH_AIX is expanded from...
aclocal.m4:2795: _LT_AC_LANG_CXX_CONFIG is expanded from...
aclocal.m4:2794: AC_LIBTOOL_LANG_CXX_CONFIG is expanded from...
aclocal.m4:1843: _LT_AC_TAGCONFIG is expanded from...
aclocal.m4:86: AC_LIBTOOL_SETUP is expanded from...
aclocal.m4:66: _AC_PROG_LIBTOOL is expanded from...
aclocal.m4:31: AC_PROG_LIBTOOL is expanded from...
configure.in:62: the top level
configure.in:62: warning: AC_CACHE_VAL(lt_prog_compiler_pic_works_CXX, ...): suspicious cache-id, must contain _cv_ to be cached
../../lib/autoconf/general.m4:2031: AC_CACHE_VAL is expanded from...
../../lib/autoconf/general.m4:2052: AC_CACHE_CHECK is expanded from...
aclocal.m4:638: AC_LIBTOOL_COMPILER_OPTION is expanded from...
aclocal.m4:4938: AC_LIBTOOL_PROG_COMPILER_PIC is expanded from...
aclocal.m4:2795: _LT_AC_LANG_CXX_CONFIG is expanded from...
aclocal.m4:2794: AC_LIBTOOL_LANG_CXX_CONFIG is expanded from...
aclocal.m4:1843: _LT_AC_TAGCONFIG is expanded from...
aclocal.m4:86: AC_LIBTOOL_SETUP is expanded from...
aclocal.m4:66: _AC_PROG_LIBTOOL is expanded from...
aclocal.m4:31: AC_PROG_LIBTOOL is expanded from...
configure.in:62: the top level
configure.in:62: warning: AC_CACHE_VAL(lt_prog_compiler_static_works_CXX, ...): suspicious cache-id, must contain _cv_ to be cached
../../lib/autoconf/general.m4:2031: AC_CACHE_VAL is expanded from...
../../lib/autoconf/general.m4:2052: AC_CACHE_CHECK is expanded from...
aclocal.m4:683: AC_LIBTOOL_LINKER_OPTION is expanded from...
aclocal.m4:4938: AC_LIBTOOL_PROG_COMPILER_PIC is expanded from...
aclocal.m4:2795: _LT_AC_LANG_CXX_CONFIG is expanded from...
aclocal.m4:2794: AC_LIBTOOL_LANG_CXX_CONFIG is expanded from...
aclocal.m4:1843: _LT_AC_TAGCONFIG is expanded from...
aclocal.m4:86: AC_LIBTOOL_SETUP is expanded from...
aclocal.m4:66: _AC_PROG_LIBTOOL is expanded from...
aclocal.m4:31: AC_PROG_LIBTOOL is expanded from...
configure.in:62: the top level
configure.in:62: warning: AC_CACHE_VAL(lt_prog_compiler_pic_works_F77, ...): suspicious cache-id, must contain _cv_ to be cached
../../lib/autoconf/general.m4:2031: AC_CACHE_VAL is expanded from...
../../lib/autoconf/general.m4:2052: AC_CACHE_CHECK is expanded from...
aclocal.m4:638: AC_LIBTOOL_COMPILER_OPTION is expanded from...
aclocal.m4:4938: AC_LIBTOOL_PROG_COMPILER_PIC is expanded from...
aclocal.m4:4017: _LT_AC_LANG_F77_CONFIG is expanded from...
aclocal.m4:4016: AC_LIBTOOL_LANG_F77_CONFIG is expanded from...
aclocal.m4:1843: _LT_AC_TAGCONFIG is expanded from...
aclocal.m4:86: AC_LIBTOOL_SETUP is expanded from...
aclocal.m4:66: _AC_PROG_LIBTOOL is expanded from...
aclocal.m4:31: AC_PROG_LIBTOOL is expanded from...
configure.in:62: the top level
configure.in:62: warning: AC_CACHE_VAL(lt_prog_compiler_static_works_F77, ...): suspicious cache-id, must contain _cv_ to be cached
../../lib/autoconf/general.m4:2031: AC_CACHE_VAL is expanded from...
../../lib/autoconf/general.m4:2052: AC_CACHE_CHECK is expanded from...
aclocal.m4:683: AC_LIBTOOL_LINKER_OPTION is expanded from...
aclocal.m4:4938: AC_LIBTOOL_PROG_COMPILER_PIC is expanded from...
aclocal.m4:4017: _LT_AC_LANG_F77_CONFIG is expanded from...
aclocal.m4:4016: AC_LIBTOOL_LANG_F77_CONFIG is expanded from...
aclocal.m4:1843: _LT_AC_TAGCONFIG is expanded from...
aclocal.m4:86: AC_LIBTOOL_SETUP is expanded from...
aclocal.m4:66: _AC_PROG_LIBTOOL is expanded from...
aclocal.m4:31: AC_PROG_LIBTOOL is expanded from...
configure.in:62: the top level
configure.in:62: warning: AC_CACHE_VAL(lt_prog_compiler_pic_works_GCJ, ...): suspicious cache-id, must contain _cv_ to be cached
../../lib/autoconf/general.m4:2031: AC_CACHE_VAL is expanded from...
../../lib/autoconf/general.m4:2052: AC_CACHE_CHECK is expanded from...
aclocal.m4:638: AC_LIBTOOL_COMPILER_OPTION is expanded from...
aclocal.m4:4938: AC_LIBTOOL_PROG_COMPILER_PIC is expanded from...
aclocal.m4:4126: _LT_AC_LANG_GCJ_CONFIG is expanded from...
aclocal.m4:4125: AC_LIBTOOL_LANG_GCJ_CONFIG is expanded from...
aclocal.m4:1843: _LT_AC_TAGCONFIG is expanded from...
aclocal.m4:86: AC_LIBTOOL_SETUP is expanded from...
aclocal.m4:66: _AC_PROG_LIBTOOL is expanded from...
aclocal.m4:31: AC_PROG_LIBTOOL is expanded from...
configure.in:62: the top level
configure.in:62: warning: AC_CACHE_VAL(lt_prog_compiler_static_works_GCJ, ...): suspicious cache-id, must contain _cv_ to be cached
../../lib/autoconf/general.m4:2031: AC_CACHE_VAL is expanded from...
../../lib/autoconf/general.m4:2052: AC_CACHE_CHECK is expanded from...
aclocal.m4:683: AC_LIBTOOL_LINKER_OPTION is expanded from...
aclocal.m4:4938: AC_LIBTOOL_PROG_COMPILER_PIC is expanded from...
aclocal.m4:4126: _LT_AC_LANG_GCJ_CONFIG is expanded from...
aclocal.m4:4125: AC_LIBTOOL_LANG_GCJ_CONFIG is expanded from...
aclocal.m4:1843: _LT_AC_TAGCONFIG is expanded from...
aclocal.m4:86: AC_LIBTOOL_SETUP is expanded from...
aclocal.m4:66: _AC_PROG_LIBTOOL is expanded from...
aclocal.m4:31: AC_PROG_LIBTOOL is expanded from...
configure.in:62: the top level
configure.in:62: warning: AC_LANG_CONFTEST: no AC_LANG_SOURCE call detected in body
../../lib/autoconf/lang.m4:193: AC_LANG_CONFTEST is expanded from...
../../lib/autoconf/general.m4:2661: _AC_LINK_IFELSE is expanded from...
../../lib/autoconf/general.m4:2678: AC_LINK_IFELSE is expanded from...
aclocal.m4:297: _LT_AC_SYS_LIBPATH_AIX is expanded from...
aclocal.m4:5497: AC_LIBTOOL_PROG_LD_SHLIBS is expanded from...
aclocal.m4:4126: _LT_AC_LANG_GCJ_CONFIG is expanded from...
aclocal.m4:4125: AC_LIBTOOL_LANG_GCJ_CONFIG is expanded from...
aclocal.m4:1843: _LT_AC_TAGCONFIG is expanded from...
aclocal.m4:86: AC_LIBTOOL_SETUP is expanded from...
aclocal.m4:66: _AC_PROG_LIBTOOL is expanded from...
aclocal.m4:31: AC_PROG_LIBTOOL is expanded from...
configure.in:62: the top level
configure.in:310: warning: AC_CACHE_VAL(remote_com_netscape, ...): suspicious cache-id, must contain _cv_ to be cached
../../lib/autoconf/general.m4:2031: AC_CACHE_VAL is expanded from...
../../lib/autoconf/general.m4:2052: AC_CACHE_CHECK is expanded from...
configure.in:310: the top level
configure: WARNING: ===========================================================
configure: WARNING: a2ps works much better with the psutils.  Available at
configure: WARNING:   http://www.dcs.ed.ac.uk/home/ajcd/psutils/
configure: WARNING: You *really* should install them *before* installing a2ps.
configure: WARNING: ===========================================================
config.status: WARNING:  'po/Makefile.in.in' seems to ignore the --datarootdir setting
configure.in:62: warning: AC_CACHE_VAL(lt_prog_compiler_pic_works, ...): suspicious cache-id, must contain _cv_ to be cached
../../lib/autoconf/general.m4:2031: AC_CACHE_VAL is expanded from...
../../lib/autoconf/general.m4:2052: AC_CACHE_CHECK is expanded from...
aclocal.m4:638: AC_LIBTOOL_COMPILER_OPTION is expanded from...
aclocal.m4:4938: AC_LIBTOOL_PROG_COMPILER_PIC is expanded from...
aclocal.m4:2718: _LT_AC_LANG_C_CONFIG is expanded from...
aclocal.m4:2717: AC_LIBTOOL_LANG_C_CONFIG is expanded from...
aclocal.m4:86: AC_LIBTOOL_SETUP is expanded from...
aclocal.m4:66: _AC_PROG_LIBTOOL is expanded from...
aclocal.m4:31: AC_PROG_LIBTOOL is expanded from...
configure.in:62: the top level
configure.in:62: warning: AC_CACHE_VAL(lt_prog_compiler_static_works, ...): suspicious cache-id, must contain _cv_ to be cached
../../lib/autoconf/general.m4:2031: AC_CACHE_VAL is expanded from...
../../lib/autoconf/general.m4:2052: AC_CACHE_CHECK is expanded from...
aclocal.m4:683: AC_LIBTOOL_LINKER_OPTION is expanded from...
aclocal.m4:4938: AC_LIBTOOL_PROG_COMPILER_PIC is expanded from...
aclocal.m4:2718: _LT_AC_LANG_C_CONFIG is expanded from...
aclocal.m4:2717: AC_LIBTOOL_LANG_C_CONFIG is expanded from...
aclocal.m4:86: AC_LIBTOOL_SETUP is expanded from...
aclocal.m4:66: _AC_PROG_LIBTOOL is expanded from...
aclocal.m4:31: AC_PROG_LIBTOOL is expanded from...
configure.in:62: the top level
configure.in:62: warning: AC_LANG_CONFTEST: no AC_LANG_SOURCE call detected in body
../../lib/autoconf/lang.m4:193: AC_LANG_CONFTEST is expanded from...
../../lib/autoconf/general.m4:2661: _AC_LINK_IFELSE is expanded from...
../../lib/autoconf/general.m4:2678: AC_LINK_IFELSE is expanded from...
aclocal.m4:297: _LT_AC_SYS_LIBPATH_AIX is expanded from...
aclocal.m4:5497: AC_LIBTOOL_PROG_LD_SHLIBS is expanded from...
aclocal.m4:2718: _LT_AC_LANG_C_CONFIG is expanded from...
aclocal.m4:2717: AC_LIBTOOL_LANG_C_CONFIG is expanded from...
aclocal.m4:86: AC_LIBTOOL_SETUP is expanded from...
aclocal.m4:66: _AC_PROG_LIBTOOL is expanded from...
aclocal.m4:31: AC_PROG_LIBTOOL is expanded from...
configure.in:62: the top level
configure.in:62: warning: AC_LANG_CONFTEST: no AC_LANG_SOURCE call detected in body
../../lib/autoconf/lang.m4:193: AC_LANG_CONFTEST is expanded from...
../../lib/autoconf/general.m4:2661: _AC_LINK_IFELSE is expanded from...
../../lib/autoconf/general.m4:2678: AC_LINK_IFELSE is expanded from...
aclocal.m4:297: _LT_AC_SYS_LIBPATH_AIX is expanded from...
aclocal.m4:2795: _LT_AC_LANG_CXX_CONFIG is expanded from...
aclocal.m4:2794: AC_LIBTOOL_LANG_CXX_CONFIG is expanded from...
aclocal.m4:1843: _LT_AC_TAGCONFIG is expanded from...
aclocal.m4:86: AC_LIBTOOL_SETUP is expanded from...
aclocal.m4:66: _AC_PROG_LIBTOOL is expanded from...
aclocal.m4:31: AC_PROG_LIBTOOL is expanded from...
configure.in:62: the top level
configure.in:62: warning: AC_CACHE_VAL(lt_prog_compiler_pic_works_CXX, ...): suspicious cache-id, must contain _cv_ to be cached
../../lib/autoconf/general.m4:2031: AC_CACHE_VAL is expanded from...
../../lib/autoconf/general.m4:2052: AC_CACHE_CHECK is expanded from...
aclocal.m4:638: AC_LIBTOOL_COMPILER_OPTION is expanded from...
aclocal.m4:4938: AC_LIBTOOL_PROG_COMPILER_PIC is expanded from...
aclocal.m4:2795: _LT_AC_LANG_CXX_CONFIG is expanded from...
aclocal.m4:2794: AC_LIBTOOL_LANG_CXX_CONFIG is expanded from...
aclocal.m4:1843: _LT_AC_TAGCONFIG is expanded from...
aclocal.m4:86: AC_LIBTOOL_SETUP is expanded from...
aclocal.m4:66: _AC_PROG_LIBTOOL is expanded from...
aclocal.m4:31: AC_PROG_LIBTOOL is expanded from...
configure.in:62: the top level
configure.in:62: warning: AC_CACHE_VAL(lt_prog_compiler_static_works_CXX, ...): suspicious cache-id, must contain _cv_ to be cached
../../lib/autoconf/general.m4:2031: AC_CACHE_VAL is expanded from...
../../lib/autoconf/general.m4:2052: AC_CACHE_CHECK is expanded from...
aclocal.m4:683: AC_LIBTOOL_LINKER_OPTION is expanded from...
aclocal.m4:4938: AC_LIBTOOL_PROG_COMPILER_PIC is expanded from...
aclocal.m4:2795: _LT_AC_LANG_CXX_CONFIG is expanded from...
aclocal.m4:2794: AC_LIBTOOL_LANG_CXX_CONFIG is expanded from...
aclocal.m4:1843: _LT_AC_TAGCONFIG is expanded from...
aclocal.m4:86: AC_LIBTOOL_SETUP is expanded from...
aclocal.m4:66: _AC_PROG_LIBTOOL is expanded from...
aclocal.m4:31: AC_PROG_LIBTOOL is expanded from...
configure.in:62: the top level
configure.in:62: warning: AC_CACHE_VAL(lt_prog_compiler_pic_works_F77, ...): suspicious cache-id, must contain _cv_ to be cached
../../lib/autoconf/general.m4:2031: AC_CACHE_VAL is expanded from...
../../lib/autoconf/general.m4:2052: AC_CACHE_CHECK is expanded from...
aclocal.m4:638: AC_LIBTOOL_COMPILER_OPTION is expanded from...
aclocal.m4:4938: AC_LIBTOOL_PROG_COMPILER_PIC is expanded from...
aclocal.m4:4017: _LT_AC_LANG_F77_CONFIG is expanded from...
aclocal.m4:4016: AC_LIBTOOL_LANG_F77_CONFIG is expanded from...
aclocal.m4:1843: _LT_AC_TAGCONFIG is expanded from...
aclocal.m4:86: AC_LIBTOOL_SETUP is expanded from...
aclocal.m4:66: _AC_PROG_LIBTOOL is expanded from...
aclocal.m4:31: AC_PROG_LIBTOOL is expanded from...
configure.in:62: the top level
configure.in:62: warning: AC_CACHE_VAL(lt_prog_compiler_static_works_F77, ...): suspicious cache-id, must contain _cv_ to be cached
../../lib/autoconf/general.m4:2031: AC_CACHE_VAL is expanded from...
../../lib/autoconf/general.m4:2052: AC_CACHE_CHECK is expanded from...
aclocal.m4:683: AC_LIBTOOL_LINKER_OPTION is expanded from...
aclocal.m4:4938: AC_LIBTOOL_PROG_COMPILER_PIC is expanded from...
aclocal.m4:4017: _LT_AC_LANG_F77_CONFIG is expanded from...
aclocal.m4:4016: AC_LIBTOOL_LANG_F77_CONFIG is expanded from...
aclocal.m4:1843: _LT_AC_TAGCONFIG is expanded from...
aclocal.m4:86: AC_LIBTOOL_SETUP is expanded from...
aclocal.m4:66: _AC_PROG_LIBTOOL is expanded from...
aclocal.m4:31: AC_PROG_LIBTOOL is expanded from...
configure.in:62: the top level
configure.in:62: warning: AC_CACHE_VAL(lt_prog_compiler_pic_works_GCJ, ...): suspicious cache-id, must contain _cv_ to be cached
../../lib/autoconf/general.m4:2031: AC_CACHE_VAL is expanded from...
../../lib/autoconf/general.m4:2052: AC_CACHE_CHECK is expanded from...
aclocal.m4:638: AC_LIBTOOL_COMPILER_OPTION is expanded from...
aclocal.m4:4938: AC_LIBTOOL_PROG_COMPILER_PIC is expanded from...
aclocal.m4:4126: _LT_AC_LANG_GCJ_CONFIG is expanded from...
aclocal.m4:4125: AC_LIBTOOL_LANG_GCJ_CONFIG is expanded from...
aclocal.m4:1843: _LT_AC_TAGCONFIG is expanded from...
aclocal.m4:86: AC_LIBTOOL_SETUP is expanded from...
aclocal.m4:66: _AC_PROG_LIBTOOL is expanded from...
aclocal.m4:31: AC_PROG_LIBTOOL is expanded from...
configure.in:62: the top level
configure.in:62: warning: AC_CACHE_VAL(lt_prog_compiler_static_works_GCJ, ...): suspicious cache-id, must contain _cv_ to be cached
../../lib/autoconf/general.m4:2031: AC_CACHE_VAL is expanded from...
../../lib/autoconf/general.m4:2052: AC_CACHE_CHECK is expanded from...
aclocal.m4:683: AC_LIBTOOL_LINKER_OPTION is expanded from...
aclocal.m4:4938: AC_LIBTOOL_PROG_COMPILER_PIC is expanded from...
aclocal.m4:4126: _LT_AC_LANG_GCJ_CONFIG is expanded from...
aclocal.m4:4125: AC_LIBTOOL_LANG_GCJ_CONFIG is expanded from...
aclocal.m4:1843: _LT_AC_TAGCONFIG is expanded from...
aclocal.m4:86: AC_LIBTOOL_SETUP is expanded from...
aclocal.m4:66: _AC_PROG_LIBTOOL is expanded from...
aclocal.m4:31: AC_PROG_LIBTOOL is expanded from...
configure.in:62: the top level
configure.in:62: warning: AC_LANG_CONFTEST: no AC_LANG_SOURCE call detected in body
../../lib/autoconf/lang.m4:193: AC_LANG_CONFTEST is expanded from...
../../lib/autoconf/general.m4:2661: _AC_LINK_IFELSE is expanded from...
../../lib/autoconf/general.m4:2678: AC_LINK_IFELSE is expanded from...
aclocal.m4:297: _LT_AC_SYS_LIBPATH_AIX is expanded from...
aclocal.m4:5497: AC_LIBTOOL_PROG_LD_SHLIBS is expanded from...
aclocal.m4:4126: _LT_AC_LANG_GCJ_CONFIG is expanded from...
aclocal.m4:4125: AC_LIBTOOL_LANG_GCJ_CONFIG is expanded from...
aclocal.m4:1843: _LT_AC_TAGCONFIG is expanded from...
aclocal.m4:86: AC_LIBTOOL_SETUP is expanded from...
aclocal.m4:66: _AC_PROG_LIBTOOL is expanded from...
aclocal.m4:31: AC_PROG_LIBTOOL is expanded from...
configure.in:62: the top level
configure.in:310: warning: AC_CACHE_VAL(remote_com_netscape, ...): suspicious cache-id, must contain _cv_ to be cached
../../lib/autoconf/general.m4:2031: AC_CACHE_VAL is expanded from...
../../lib/autoconf/general.m4:2052: AC_CACHE_CHECK is expanded from...
configure.in:310: the top level
output.c: In function 'derivation_self_print':
output.c:87:31: warning: cast from pointer to integer of different size [-Wpointer-to-int-cast]
   87 |   fprintf (stream, "At %x: ", (int) derivation);
      |                               ^
argmatch.c: In function '__argmatch_die':
argmatch.c:59:23: warning: implicit declaration of function 'exit' [-Wimplicit-function-declaration]
   59 | # define ARGMATCH_DIE exit (EXIT_FAILURE)
      |                       ^~~~
argmatch.c:69:3: note: in expansion of macro 'ARGMATCH_DIE'
   69 |   ARGMATCH_DIE;
      |   ^~~~~~~~~~~~
argmatch.c:59:23: warning: incompatible implicit declaration of built-in function 'exit'
   59 | # define ARGMATCH_DIE exit (EXIT_FAILURE)
      |                       ^~~~
argmatch.c:69:3: note: in expansion of macro 'ARGMATCH_DIE'
   69 |   ARGMATCH_DIE;
      |   ^~~~~~~~~~~~
argmatch.c:41:1: note: include '<stdlib.h>' or provide a declaration of 'exit'
   40 | #include "quotearg.h"
  +++ |+#include <stdlib.h>
   41 | 
path-concat.c:25:29: error: expected identifier or '(' before 'void'
   25 | # define mempcpy(D, S, N) ((void *) ((char *) memcpy (D, S, N) + (N)))
      |                             ^~~~
path-concat.c:25:37: error: expected ')' before '(' token
   25 | # define mempcpy(D, S, N) ((void *) ((char *) memcpy (D, S, N) + (N)))
      |                                     ^
path-concat.c: In function 'path_concat':
path-concat.c:81:23: warning: implicit declaration of function 'malloc' [-Wimplicit-function-declaration]
   81 |   p_concat = (char *) malloc (dir_len + base_len + 2);
      |                       ^~~~~~
path-concat.c:81:23: warning: incompatible implicit declaration of built-in function 'malloc'
path-concat.c:46:1: note: include '<stdlib.h>' or provide a declaration of 'malloc'
   45 | #include "path-concat.h"
  +++ |+#include <stdlib.h>
   46 | 
make[3]: *** [Makefile:558: path-concat.lo] Error 1
make[2]: *** [Makefile:383: all] Error 2
make[1]: *** [Makefile:357: all-recursive] Error 1
make: *** [Makefile:286: all] Error 2

  compile_func	INFO	=================
  compile_func	INFO	unrtf_0.20.4
  compile_func	INFO	-----------------
  compile_func	INFO	cd to_compile/unrtf_0.20.4/ && ./configure && CFLAGS="-g" CXXFLAGS="-g" make
  compile_func	INFO	=================
  compile_func	INFO	gss-1.0.3
  compile_func	INFO	-----------------
  compile_func	INFO	cd to_compile/gss-1.0.3/ && ./configure && CFLAGS="-g" CXXFLAGS="-g" make
  compile_func	INFO	Returned with code: 2
  compile_func	INFO	/home/spencerwu/Storage/Steel/Santa/to_compile/gss-1.0.3/build-aux/missing: line 81: aclocal-1.14: command not found
WARNING: 'aclocal-1.14' is missing on your system.
         You should only need it if you modified 'acinclude.m4' or
         'configure.ac' or m4 files included by 'configure.ac'.
         The 'aclocal' program is part of the GNU Automake package:
         <http://www.gnu.org/software/automake>
         It also requires GNU Autoconf, GNU m4 and Perl in order to run:
         <http://www.gnu.org/software/autoconf>
         <http://www.gnu.org/software/m4/>
         <http://www.perl.org/>
make: *** [Makefile:853: aclocal.m4] Error 127

  compile_func	INFO	=================
  compile_func	INFO	recutils-1.8
  compile_func	INFO	-----------------
  compile_func	INFO	cd to_compile/recutils-1.8/ && ./configure && CFLAGS="-g" CXXFLAGS="-g" make
  compile_func	INFO	Returned with code: 2
  compile_func	INFO	/home/spencerwu/Storage/Steel/Santa/to_compile/recutils-1.8/build-aux/missing: line 81: aclocal-1.15: command not found
WARNING: 'aclocal-1.15' is missing on your system.
         You should only need it if you modified 'acinclude.m4' or
         'configure.ac' or m4 files included by 'configure.ac'.
         The 'aclocal' program is part of the GNU Automake package:
         <http://www.gnu.org/software/automake>
         It also requires GNU Autoconf, GNU m4 and Perl in order to run:
         <http://www.gnu.org/software/autoconf>
         <http://www.gnu.org/software/m4/>
         <http://www.perl.org/>
make: *** [Makefile:1643: aclocal.m4] Error 127

  compile_func	INFO	=================
  compile_func	INFO	orgadoc-1.2
  compile_func	INFO	-----------------
  compile_func	INFO	cd to_compile/orgadoc-1.2/ && ./configure && CFLAGS="-g" CXXFLAGS="-g" make
  compile_func	INFO	=================
  compile_func	INFO	nettle-3.5
  compile_func	INFO	-----------------
  compile_func	INFO	cd to_compile/nettle-3.5/ && ./configure && CFLAGS="-g" CXXFLAGS="-g" make
  compile_func	INFO	Returned with code: 2
  compile_func	INFO	/bin/sh: line 1: ./desdata: No such file or directory
make[1]: *** [Makefile:327: rotors.h] Error 1
make: *** [Makefile:46: all] Error 2

  compile_func	INFO	=================
  compile_func	INFO	acct-6.6.4
  compile_func	INFO	-----------------
  compile_func	INFO	cd to_compile/acct-6.6.4/ && ./configure && CFLAGS="-g" CXXFLAGS="-g" make
  compile_func	INFO	=================
  compile_func	INFO	tack-1.08
  compile_func	INFO	-----------------
  compile_func	INFO	cd to_compile/tack-1.08/ && ./configure && CFLAGS="-g" CXXFLAGS="-g" make
  compile_func	INFO	=================
  compile_func	INFO	dejagnu-1.6
  compile_func	INFO	-----------------
  compile_func	INFO	cd to_compile/dejagnu-1.6/ && ./configure && CFLAGS="-g" CXXFLAGS="-g" make
  compile_func	INFO	Returned with code: 1
  compile_func	INFO	configure: error: unable to locate expect

  compile_func	INFO	=================
  compile_func	INFO	gv-3.7.4
  compile_func	INFO	-----------------
  compile_func	INFO	cd to_compile/gv-3.7.4/ && ./configure && CFLAGS="-g" CXXFLAGS="-g" make
  compile_func	INFO	Returned with code: 1
  compile_func	INFO	configure: error: Unable to find a valid Xaw3d library. Please install it and rerun configure.

  compile_func	INFO	=================
  compile_func	INFO	libzrtpcpp-2.3.4
  compile_func	INFO	-----------------
  compile_func	INFO	=================
  compile_func	INFO	gperf-3.1
  compile_func	INFO	-----------------
  compile_func	INFO	gperf-3.1 finished
  compile_func	INFO	=================
  compile_func	INFO	mifluz-0.26.0
  compile_func	INFO	-----------------
  compile_func	INFO	mifluz-0.26.0 finished
  compile_func	INFO	=================
  compile_func	INFO	plotutils-2.6
  compile_func	INFO	-----------------
  compile_func	INFO	plotutils-2.6 failed before, passed
  compile_func	INFO	=================
  compile_func	INFO	pspp-1.2.0
  compile_func	INFO	-----------------
  compile_func	INFO	pspp-1.2.0 failed before, passed
  compile_func	INFO	=================
  compile_func	INFO	readline-7.0-rc2
  compile_func	INFO	-----------------
  compile_func	INFO	readline-7.0-rc2 finished
  compile_func	INFO	=================
  compile_func	INFO	swbis-1.13
  compile_func	INFO	-----------------
  compile_func	INFO	swbis-1.13 finished
  compile_func	INFO	=================
  compile_func	INFO	xorriso-1.5.0
  compile_func	INFO	-----------------
  compile_func	INFO	xorriso-1.5.0 finished
  compile_func	INFO	=================
  compile_func	INFO	httptunnel-3.3
  compile_func	INFO	-----------------
  compile_func	INFO	httptunnel-3.3 finished
  compile_func	INFO	=================
  compile_func	INFO	gcompris-1.1.0
  compile_func	INFO	-----------------
  compile_func	INFO	gcompris-1.1.0 failed before, passed
  compile_func	INFO	=================
  compile_func	INFO	xaos-3.0
  compile_func	INFO	-----------------
  compile_func	INFO	xaos-3.0 failed before, passed
  compile_func	INFO	=================
  compile_func	INFO	scm-5f2
  compile_func	INFO	-----------------
  compile_func	INFO	scm-5f2 finished
  compile_func	INFO	=================
  compile_func	INFO	oleo-1.99.16
  compile_func	INFO	-----------------
  compile_func	INFO	oleo-1.99.16 failed before, passed
  compile_func	INFO	=================
  compile_func	INFO	cppi-1.12
  compile_func	INFO	-----------------
  compile_func	INFO	cppi-1.12 finished
  compile_func	INFO	=================
  compile_func	INFO	fontopia-1.8
  compile_func	INFO	-----------------
  compile_func	INFO	fontopia-1.8 failed before, passed
  compile_func	INFO	=================
  compile_func	INFO	trueprint-5.4
  compile_func	INFO	-----------------
  compile_func	INFO	trueprint-5.4 finished
  compile_func	INFO	=================
  compile_func	INFO	source-highlight-3.1
  compile_func	INFO	-----------------
  compile_func	INFO	source-highlight-3.1 failed before, passed
  compile_func	INFO	=================
  compile_func	INFO	datamash-1.5
  compile_func	INFO	-----------------
  compile_func	INFO	datamash-1.5 finished
  compile_func	INFO	=================
  compile_func	INFO	fontutils-0.7
  compile_func	INFO	-----------------
  compile_func	INFO	fontutils-0.7 failed before, passed
  compile_func	INFO	=================
  compile_func	INFO	gnutrition-0.32
  compile_func	INFO	-----------------
  compile_func	INFO	gnutrition-0.32 failed before, passed
  compile_func	INFO	=================
  compile_func	INFO	idutils-cvs
  compile_func	INFO	-----------------
  compile_func	INFO	idutils-cvs finished
  compile_func	INFO	=================
  compile_func	INFO	motti-3.1.1
  compile_func	INFO	-----------------
  compile_func	INFO	motti-3.1.1 failed before, passed
  compile_func	INFO	=================
  compile_func	INFO	ucommon-7.0.0
  compile_func	INFO	-----------------
  compile_func	INFO	ucommon-7.0.0 failed before, passed
  compile_func	INFO	=================
  compile_func	INFO	glpk-4.65
  compile_func	INFO	-----------------
  compile_func	INFO	glpk-4.65 finished
  compile_func	INFO	=================
  compile_func	INFO	ccaudio2-2.2.0
  compile_func	INFO	-----------------
  compile_func	INFO	ccaudio2-2.2.0 failed before, passed
  compile_func	INFO	=================
  compile_func	INFO	nss_lwres-0.92
  compile_func	INFO	-----------------
  compile_func	INFO	nss_lwres-0.92 failed before, passed
  compile_func	INFO	=================
  compile_func	INFO	gvpe-3.1
  compile_func	INFO	-----------------
  compile_func	INFO	gvpe-3.1 finished
  compile_func	INFO	=================
  compile_func	INFO	wb-2b3
  compile_func	INFO	-----------------
  compile_func	INFO	wb-2b3 finished
  compile_func	INFO	=================
  compile_func	INFO	jwhois-4.0
  compile_func	INFO	-----------------
  compile_func	INFO	jwhois-4.0 finished
  compile_func	INFO	=================
  compile_func	INFO	emms-5.2
  compile_func	INFO	-----------------
  compile_func	INFO	emms-5.2 failed before, passed
  compile_func	INFO	=================
  compile_func	INFO	zile-2.4.14
  compile_func	INFO	-----------------
  compile_func	INFO	zile-2.4.14 failed before, passed
  compile_func	INFO	=================
  compile_func	INFO	ddd-3.3
  compile_func	INFO	-----------------
  compile_func	INFO	ddd-3.3 failed before, passed
  compile_func	INFO	=================
  compile_func	INFO	mig-1.8
  compile_func	INFO	-----------------
  compile_func	INFO	mig-1.8 failed before, passed
  compile_func	INFO	=================
  compile_func	INFO	direvent-5.2
  compile_func	INFO	-----------------
  compile_func	INFO	direvent-5.2 failed before, passed
  compile_func	INFO	=================
  compile_func	INFO	ccscript3-1.1.7
  compile_func	INFO	-----------------
  compile_func	INFO	ccscript3-1.1.7 failed before, passed
  compile_func	INFO	=================
  compile_func	INFO	gnudos-1.11
  compile_func	INFO	-----------------
  compile_func	INFO	gnudos-1.11 failed before, passed
  compile_func	INFO	=================
  compile_func	INFO	cim-5.1
  compile_func	INFO	-----------------
  compile_func	INFO	cim-5.1 failed before, passed
  compile_func	INFO	=================
  compile_func	INFO	spell-1.1
  compile_func	INFO	-----------------
  compile_func	INFO	spell-1.1 finished
  compile_func	INFO	=================
  compile_func	INFO	uucp-1.07
  compile_func	INFO	-----------------
  compile_func	INFO	uucp-1.07 finished
  compile_func	INFO	=================
  compile_func	INFO	solfege-easybuild-2.4.0
  compile_func	INFO	-----------------
  compile_func	INFO	solfege-easybuild-2.4.0 failed before, passed
  compile_func	INFO	=================
  compile_func	INFO	cursynth-1.5
  compile_func	INFO	-----------------
  compile_func	INFO	cursynth-1.5 failed before, passed
  compile_func	INFO	=================
  compile_func	INFO	libffcall-2.2
  compile_func	INFO	-----------------
  compile_func	INFO	libffcall-2.2 failed before, passed
  compile_func	INFO	=================
  compile_func	INFO	less-530
  compile_func	INFO	-----------------
  compile_func	INFO	less-530 finished
  compile_func	INFO	=================
  compile_func	INFO	denemo-2.3.0
  compile_func	INFO	-----------------
  compile_func	INFO	denemo-2.3.0 failed before, passed
  compile_func	INFO	=================
  compile_func	INFO	gsegrafix-1.0.6
  compile_func	INFO	-----------------
  compile_func	INFO	gsegrafix-1.0.6 failed before, passed
  compile_func	INFO	=================
  compile_func	INFO	gnumach-1.8
  compile_func	INFO	-----------------
  compile_func	INFO	gnumach-1.8 failed before, passed
  compile_func	INFO	=================
  compile_func	INFO	termcap-1.3
  compile_func	INFO	-----------------
  compile_func	INFO	termcap-1.3 failed before, passed
  compile_func	INFO	=================
  compile_func	INFO	gnujump-1.0.8
  compile_func	INFO	-----------------
  compile_func	INFO	gnujump-1.0.8 failed before, passed
  compile_func	INFO	=================
  compile_func	INFO	acm-5.1
  compile_func	INFO	-----------------
  compile_func	INFO	acm-5.1 finished
  compile_func	INFO	=================
  compile_func	INFO	psychosynth-0.3.0
  compile_func	INFO	-----------------
  compile_func	INFO	psychosynth-0.3.0 failed before, passed
  compile_func	INFO	=================
  compile_func	INFO	which-2.21
  compile_func	INFO	-----------------
  compile_func	INFO	which-2.21 finished
  compile_func	INFO	=================
  compile_func	INFO	gforth-0.7.3
  compile_func	INFO	-----------------
  compile_func	INFO	gforth-0.7.3 finished
  compile_func	INFO	=================
  compile_func	INFO	zlib-1.1.3
  compile_func	INFO	-----------------
  compile_func	INFO	zlib-1.1.3 finished
  compile_func	INFO	=================
  compile_func	INFO	ballandpaddle-0.8.1
  compile_func	INFO	-----------------
  compile_func	INFO	ballandpaddle-0.8.1 failed before, passed
  compile_func	INFO	=================
  compile_func	INFO	gnats-4.2.0
  compile_func	INFO	-----------------
  compile_func	INFO	gnats-4.2.0 failed before, passed
  compile_func	INFO	=================
  compile_func	INFO	global-6.6
  compile_func	INFO	-----------------
  compile_func	INFO	global-6.6 failed before, passed
  compile_func	INFO	=================
  compile_func	INFO	libmatheval-1.1.11
  compile_func	INFO	-----------------
  compile_func	INFO	libmatheval-1.1.11 failed before, passed
  compile_func	INFO	=================
  compile_func	INFO	CSSC-1.4.1
  compile_func	INFO	-----------------
  compile_func	INFO	CSSC-1.4.1 failed before, passed
  compile_func	INFO	=================
  compile_func	INFO	gdbm-1.18.1
  compile_func	INFO	-----------------
  compile_func	INFO	gdbm-1.18.1 failed before, passed
  compile_func	INFO	=================
  compile_func	INFO	radius-1.6
  compile_func	INFO	-----------------
  compile_func	INFO	radius-1.6 failed before, passed
  compile_func	INFO	=================
  compile_func	INFO	proxyknife-1.7
  compile_func	INFO	-----------------
  compile_func	INFO	proxyknife-1.7 failed before, passed
  compile_func	INFO	=================
  compile_func	INFO	libtasn1-4.14
  compile_func	INFO	-----------------
  compile_func	INFO	libtasn1-4.14 finished
  compile_func	INFO	=================
  compile_func	INFO	hp2xx-3.4.4
  compile_func	INFO	-----------------
  compile_func	INFO	hp2xx-3.4.4 failed before, passed
  compile_func	INFO	=================
  compile_func	INFO	pth-2.0.7
  compile_func	INFO	-----------------
  compile_func	INFO	pth-2.0.7 finished
  compile_func	INFO	=================
  compile_func	INFO	enscript-1.6.6
  compile_func	INFO	-----------------
  compile_func	INFO	enscript-1.6.6 finished
  compile_func	INFO	=================
  compile_func	INFO	gsl-2.6
  compile_func	INFO	-----------------
  compile_func	INFO	gsl-2.6 finished
  compile_func	INFO	=================
  compile_func	INFO	gnuchess-6.2.5
  compile_func	INFO	-----------------
  compile_func	INFO	gnuchess-6.2.5 failed before, passed
  compile_func	INFO	=================
  compile_func	INFO	gxmessage-3.4.3
  compile_func	INFO	-----------------
  compile_func	INFO	gxmessage-3.4.3 finished
  compile_func	INFO	=================
  compile_func	INFO	gnubg-1.06.002
  compile_func	INFO	-----------------
  compile_func	INFO	gnubg-1.06.002 failed before, passed
  compile_func	INFO	=================
  compile_func	INFO	superopt-2.5
  compile_func	INFO	-----------------
  compile_func	INFO	superopt-2.5 failed before, passed
  compile_func	INFO	=================
  compile_func	INFO	xboard-4.9.1
  compile_func	INFO	-----------------
  compile_func	INFO	xboard-4.9.1 failed before, passed
  compile_func	INFO	=================
  compile_func	INFO	bool-0.2
  compile_func	INFO	-----------------
  compile_func	INFO	bool-0.2 finished
  compile_func	INFO	=================
  compile_func	INFO	xshogi-1.4.2
  compile_func	INFO	-----------------
  compile_func	INFO	xshogi-1.4.2 finished
  compile_func	INFO	=================
  compile_func	INFO	a2ps-4.14
  compile_func	INFO	-----------------
  compile_func	INFO	a2ps-4.14 failed before, passed
  compile_func	INFO	=================
  compile_func	INFO	unrtf_0.20.4
  compile_func	INFO	-----------------
  compile_func	INFO	unrtf_0.20.4 finished
  compile_func	INFO	=================
  compile_func	INFO	gss-1.0.3
  compile_func	INFO	-----------------
  compile_func	INFO	gss-1.0.3 failed before, passed
  compile_func	INFO	=================
  compile_func	INFO	recutils-1.8
  compile_func	INFO	-----------------
  compile_func	INFO	recutils-1.8 failed before, passed
  compile_func	INFO	=================
  compile_func	INFO	orgadoc-1.2
  compile_func	INFO	-----------------
  compile_func	INFO	orgadoc-1.2 finished
  compile_func	INFO	=================
  compile_func	INFO	nettle-3.5
  compile_func	INFO	-----------------
  compile_func	INFO	nettle-3.5 failed before, passed
  compile_func	INFO	=================
  compile_func	INFO	acct-6.6.4
  compile_func	INFO	-----------------
  compile_func	INFO	acct-6.6.4 finished
  compile_func	INFO	=================
  compile_func	INFO	tack-1.08
  compile_func	INFO	-----------------
  compile_func	INFO	tack-1.08 finished
  compile_func	INFO	=================
  compile_func	INFO	dejagnu-1.6
  compile_func	INFO	-----------------
  compile_func	INFO	dejagnu-1.6 failed before, passed
  compile_func	INFO	=================
  compile_func	INFO	gv-3.7.4
  compile_func	INFO	-----------------
  compile_func	INFO	gv-3.7.4 failed before, passed
  compile_func	INFO	=================
  compile_func	INFO	libzrtpcpp-2.3.4
  compile_func	INFO	-----------------
  compile_func	INFO	mkdir to_compile/libzrtpcpp-2.3.4/libzrtpcpp-2.3.4-build
  compile_func	INFO	cd to_compile/libzrtpcpp-2.3.4/libzrtpcpp-2.3.4-build && cmake -E env CXXFLAGS="-g" CFLAGS="-g" cmake .. && make
  compile_func	INFO	Returned with code: 2
  compile_func	INFO	CMake Warning (dev) at src/CMakeLists.txt:81 (add_dependencies):
  Policy CMP0046 is not set: Error on non-existent dependency in
  add_dependencies.  Run "cmake --help-policy CMP0046" for policy details.
  Use the cmake_policy command to set the policy and suppress this warning.

  The dependency target "ccrtp" of target "zrtpcpp" does not exist.
This warning is for project developers.  Use -Wno-dev to suppress it.

In file included from /home/spencerwu/Storage/Steel/Santa/to_compile/libzrtpcpp-2.3.4/src/ZrtpQueue.cpp:25:
/home/spencerwu/Storage/Steel/Santa/to_compile/libzrtpcpp-2.3.4/src/libzrtpcpp/ZrtpQueue.h:21:10: fatal error: ccrtp/cqueue.h: No such file or directory
   21 | #include <ccrtp/cqueue.h>
      |          ^~~~~~~~~~~~~~~~
compilation terminated.
make[2]: *** [src/CMakeFiles/zrtpcpp.dir/build.make:375: src/CMakeFiles/zrtpcpp.dir/ZrtpQueue.cpp.o] Error 1
make[1]: *** [CMakeFiles/Makefile2:265: src/CMakeFiles/zrtpcpp.dir/all] Error 2
make: *** [Makefile:152: all] Error 2

  compile_func	INFO	=================
  compile_func	INFO	libxmi-1.2
  compile_func	INFO	-----------------
  compile_func	INFO	cd to_compile/libxmi-1.2/ && ./configure && CFLAGS="-g" CXXFLAGS="-g" make
  compile_func	INFO	Returned with code: 1
  compile_func	INFO	Invalid configuration `x86_64-unknown-linux-gnu': machine `x86_64-unknown' not recognized
Invalid configuration `x86_64-unknown-linux-gnu': machine `x86_64-unknown' not recognized
ltconfig: you must specify a host type if you use `--no-verify'
Try `ltconfig --help' for more information.
configure: error: libtool configure failed

  compile_func	INFO	=================
  compile_func	INFO	marst-2.7
  compile_func	INFO	-----------------
  compile_func	INFO	cd to_compile/marst-2.7/ && ./configure && CFLAGS="-g" CXXFLAGS="-g" make
  compile_func	INFO	=================
  compile_func	INFO	gift-0.1.14
  compile_func	INFO	-----------------
  compile_func	INFO	cd to_compile/gift-0.1.14/ && ./configure && CFLAGS="-g" CXXFLAGS="-g" make
  compile_func	INFO	Returned with code: 1
  compile_func	INFO	/home/spencerwu/Storage/Steel/Santa/to_compile/gift-0.1.14/missing: Unknown `--run' option
Try `/home/spencerwu/Storage/Steel/Santa/to_compile/gift-0.1.14/missing --help' for more information
configure: WARNING: `missing' script is too old or missing
sed: character class syntax is [[:space:]], not [:space:]
grep: character class syntax is [[:space:]], not [:space:]

  compile_func	INFO	=================
  compile_func	INFO	ccd2cue-0.5
  compile_func	INFO	-----------------
  compile_func	INFO	cd to_compile/ccd2cue-0.5/ && ./configure && CFLAGS="-g" CXXFLAGS="-g" make
  compile_func	INFO	Returned with code: 2
  compile_func	INFO	configure: WARNING: GNU Texinfo is too old.  It is required at least version 5.1.
You can find it at https://gnu.org/software/texinfo/.
It will not be possible to rebuild the Info documentation
nor generate any other documentation format.
configure: WARNING: doxygen not found - will not generate any doxygen documentation
/home/spencerwu/Storage/Steel/Santa/to_compile/ccd2cue-0.5/build-aux/missing: line 81: aclocal-1.14: command not found
WARNING: 'aclocal-1.14' is missing on your system.
         You should only need it if you modified 'acinclude.m4' or
         'configure.ac' or m4 files included by 'configure.ac'.
         The 'aclocal' program is part of the GNU Automake package:
         <http://www.gnu.org/software/automake>
         It also requires GNU Autoconf, GNU m4 and Perl in order to run:
         <http://www.gnu.org/software/autoconf>
         <http://www.gnu.org/software/m4/>
         <http://www.perl.org/>
make: *** [Makefile:512: aclocal.m4] Error 127

  compile_func	INFO	=================
  compile_func	INFO	adns-1.3
  compile_func	INFO	-----------------
  compile_func	INFO	cd to_compile/adns-1.3/ && ./configure && CFLAGS="-g" CXXFLAGS="-g" make
  compile_func	INFO	=================
  compile_func	INFO	freeipmi-1.6.4
  compile_func	INFO	-----------------
  compile_func	INFO	cd to_compile/freeipmi-1.6.4/ && ./configure && CFLAGS="-g" CXXFLAGS="-g" make
  compile_func	INFO	Returned with code: 2
  compile_func	INFO	/home/spencerwu/Storage/Steel/Santa/to_compile/freeipmi-1.6.4/config/missing: line 81: aclocal-1.13: command not found
WARNING: 'aclocal-1.13' is missing on your system.
         You should only need it if you modified 'acinclude.m4' or
         'configure.ac' or m4 files included by 'configure.ac'.
         The 'aclocal' program is part of the GNU Automake package:
         <http://www.gnu.org/software/automake>
         It also requires GNU Autoconf, GNU m4 and Perl in order to run:
         <http://www.gnu.org/software/autoconf>
         <http://www.gnu.org/software/m4/>
         <http://www.perl.org/>
make: *** [Makefile:526: aclocal.m4] Error 127

  compile_func	INFO	=================
  compile_func	INFO	SpeedX-0.1.3b
  compile_func	INFO	-----------------
  compile_func	INFO	cd to_compile/SpeedX-0.1.3b/ && ./configure && CFLAGS="-g" CXXFLAGS="-g" make
  compile_func	INFO	Returned with code: 2
  compile_func	INFO	sed: can't read ./src/bin/Makefile.in: No such file or directory
sed: can't read ./src/music/Makefile.in: No such file or directory
aclocal: warning: autoconf input should be named 'configure.ac', not 'configure.in'
automake: warning: autoconf input should be named 'configure.ac', not 'configure.in'
configure.in:4: warning: AM_INIT_AUTOMAKE: two- and three-arguments forms are deprecated.  For more info, see:
configure.in:4: https://www.gnu.org/software/automake/manual/automake.html#Modernize-AM_005fINIT_005fAUTOMAKE-invocation
configure.in:6: error: required file './compile' not found
configure.in:6:   'automake --add-missing' can install 'compile'
configure.in:22: warning: 'INCLUDES' is the old name for 'AM_CPPFLAGS' (or '*_CPPFLAGS')
configure.in:36: error: required file 'src/bin/Makefile.in' not found
configure.in:36: error: required file 'src/music/Makefile.in' not found
make: *** [Makefile:94: Makefile.in] Error 1

  compile_func	INFO	=================
  compile_func	INFO	gnubatch-1.11
  compile_func	INFO	-----------------
  compile_func	INFO	cd to_compile/gnubatch-1.11/ && ./configure && CFLAGS="-g" CXXFLAGS="-g" make
  compile_func	INFO	Returned with code: 2
  compile_func	INFO	./configure: line 3840: LT_INIT: command not found
configure: WARNING: Environment is 3223 bytes
config.status: WARNING: ingnubatch.conf contains a reference to the variable `datarootdir'
which seems to be undefined.  Please make sure it is defined
parsehtab.c: In function ‘gsn_getloc’:
parsehtab.c:170:54: warning: pointer targets in passing argument 3 of ‘getsockname’ differ in signedness [-Wpointer-sign]
  170 |  if  (getsockname(sockfd, (struct sockaddr *) &sout, &soutl) < 0)
      |                                                      ^~~~~~
      |                                                      |
      |                                                      int *
In file included from /usr/include/netinet/in.h:23,
                 from /usr/include/netdb.h:27,
                 from networkincl.h:18,
                 from parsehtab.c:25:
/usr/include/sys/socket.h:117:26: note: expected ‘socklen_t * restrict’ {aka ‘unsigned int * restrict’} but argument is of type ‘int *’
  117 |    socklen_t *__restrict __len) __THROW;
      |    ~~~~~~~~~~~~~~~~~~~~~~^~~~~
Creating directory build
Creating directory build/hdrs
Creating directory build/ins
Creating directory build/apilib
prin_gname.c: In function ‘prin_gname’:
prin_gname.c:129:25: warning: ‘%ld’ directive writing between 1 and 10 bytes into a region of size 9 [-Wformat-overflow=]
  129 |         sprintf(nbuf, "g%ld", (long) gid);
      |                         ^~~
prin_gname.c:129:23: note: directive argument in the range [0, 4294967295]
  129 |         sprintf(nbuf, "g%ld", (long) gid);
      |                       ^~~~~~
prin_gname.c:129:9: note: ‘sprintf’ output between 3 and 12 bytes into a destination of size 10
  129 |         sprintf(nbuf, "g%ld", (long) gid);
      |         ^~~~~~~~~~~~~~~~~~~~~~~~~~~~~~~~~
prin_uname.c: In function ‘prin_uname’:
prin_uname.c:217:33: warning: ‘%ld’ directive writing between 1 and 10 bytes into a region of size 9 [-Wformat-overflow=]
  217 |                 sprintf(nbuf, "u%ld", (long) uid);
      |                                 ^~~
prin_uname.c:217:31: note: directive argument in the range [0, 4294967295]
  217 |                 sprintf(nbuf, "u%ld", (long) uid);
      |                               ^~~~~~
prin_uname.c:217:17: note: ‘sprintf’ output between 3 and 12 bytes into a destination of size 10
  217 |                 sprintf(nbuf, "u%ld", (long) uid);
      |                 ^~~~~~~~~~~~~~~~~~~~~~~~~~~~~~~~~
In file included from btjlist.c:190:
inline/jfmt_runt.c: In function ‘fmt_runtime’:
inline/jfmt_runt.c:68:41: warning: ‘%*lu’ directive writing between 1 and 2147483644 bytes into a region of size 3723 [-Wformat-overflow=]
   68 |                         return  (fmt_t) sprintf(bigbuff, "%*lu:%.2u", resw < 0? 0: resw, mns, (unsigned) secs);
      |                                         ^~~~~~~~~~~~~~~~~~~~~~~~~~~~~~~~~~~~~~~~~~~~~~~~~~~~~~~~~~~~~~~~~~~~~~
inline/jfmt_runt.c:68:41: note: directive argument in the range [0, 59]
inline/jfmt_runt.c:68:41: note: directive argument in the range [0, 59]
inline/jfmt_runt.c:68:41: note: ‘sprintf’ output between 5 and 2147483648 bytes into a destination of size 3723
inline/jfmt_runt.c:63:41: warning: ‘%*lu’ directive writing between 1 and 2147483641 bytes into a region of size 3723 [-Wformat-overflow=]
   63 |                         return  (fmt_t) sprintf(bigbuff, "%*lu:%.2u:%.2u", resw < 0? 0: resw,
      |                                         ^~~~~~~~~~~~~~~~~~~~~~~~~~~~~~~~~~~~~~~~~~~~~~~~~~~~~
   64 |                                        hrs, (unsigned) mns, (unsigned) secs);
      |                                        ~~~~~~~~~~~~~~~~~~~~~~~~~~~~~~~~~~~~~
inline/jfmt_runt.c:63:41: note: directive argument in the range [1, 1193046]
inline/jfmt_runt.c:63:41: note: directive argument in the range [0, 59]
inline/jfmt_runt.c:63:41: note: directive argument in the range [0, 59]
inline/jfmt_runt.c:63:41: note: ‘sprintf’ output between 8 and 2147483648 bytes into a destination of size 3723
inline/jfmt_runt.c: In function ‘fmt_gracetime’:
inline/jfmt_runt.c:113:41: warning: ‘%*u’ directive writing between 1 and 2147483644 bytes into a region of size 3723 [-Wformat-overflow=]
  113 |                         return  (fmt_t) sprintf(bigbuff, "%*u:%.2u", resw < 0? 0: resw, mns, secs);
      |                                         ^~~~~~~~~~~~~~~~~~~~~~~~~~~~~~~~~~~~~~~~~~~~~~~~~~~~~~~~~~
inline/jfmt_runt.c:113:41: note: directive argument in the range [1, 1092]
inline/jfmt_runt.c:113:41: note: directive argument in the range [0, 59]
inline/jfmt_runt.c:113:41: note: ‘sprintf’ output between 5 and 2147483648 bytes into a destination of size 3723
bq_jci.c: In function ‘make_unq_prompt_win’:
bq_jci.c:689:28: warning: variable ‘dummy’ set but not used [-Wunused-but-set-variable]
  689 |         int     jsy, jmsy, dummy;
      |                            ^~~~~
bq_jci.c: In function ‘do_unqueue_int’:
bq_jci.c:826:30: warning: variable ‘dummy’ set but not used [-Wunused-but-set-variable]
  826 |                 int     jsy, dummy;
      |                              ^~~~~
bq_varops.c: In function ‘setconst’:
bq_varops.c:384:20: warning: variable ‘x’ set but not used [-Wunused-but-set-variable]
  384 |         int     y, x;
      |                    ^
bq_miscscr.c: In function ‘rdalts’:
bq_miscscr.c:676:39: warning: variable ‘dummy’ set but not used [-Wunused-but-set-variable]
  676 |         int     by, bx, mx, defn, an, dummy, LHx, cpos, ch;
      |                                       ^~~~~
wtimes.c: In function ‘tinsert’:
wtimes.c:308:17: warning: variable ‘dummy’ set but not used [-Wunused-but-set-variable]
  308 |         int     dummy;
      |                 ^~~~~
btquit.c: In function ‘main’:
btquit.c:97:26: warning: variable ‘ignored’ set but not used [-Wunused-but-set-variable]
   97 |                 char    *ignored;
      |                          ^~~~~~~
bts.c: In function ‘main’:
bts.c:787:25: warning: unused variable ‘Varname’ [-Wunused-variable]
  787 |         static  char    Varname[] = "BTS";
      |                         ^~~~~~~
At top level:
bts.c:787:25: warning: ‘Varname’ defined but not used [-Wunused-variable]
btfilemon.c: In function ‘do_bizniz’:
btfilemon.c:445:45: warning: ‘%.2d’ directive writing between 2 and 11 bytes into a region of size between 8 and 15 [-Wformat-overflow=]
  445 |                         sprintf(buf2, "%.4d/%.2d/%.2d", tp->tm_year+1900, tp->tm_mon+1, tp->tm_mday);
      |                                             ^~~~
btfilemon.c:445:39: note: directive argument in the range [-2147483647, 2147483647]
  445 |                         sprintf(buf2, "%.4d/%.2d/%.2d", tp->tm_year+1900, tp->tm_mon+1, tp->tm_mday);
      |                                       ^~~~~~~~~~~~~~~~
btfilemon.c:445:25: note: ‘sprintf’ output between 11 and 36 bytes into a destination of size 20
  445 |                         sprintf(buf2, "%.4d/%.2d/%.2d", tp->tm_year+1900, tp->tm_mon+1, tp->tm_mday);
      |                         ^~~~~~~~~~~~~~~~~~~~~~~~~~~~~~~~~~~~~~~~~~~~~~~~~~~~~~~~~~~~~~~~~~~~~~~~~~~~
btsched.c: In function ‘trap_loop’:
btsched.c:247:16: error: dereferencing pointer to incomplete type ‘struct ucontext’
  247 |         pc = uc->uc_mcontext.gregs[14];
      |                ^~
make[1]: *** [<builtin>: btsched.o] Error 1
make: *** [Makefile:53: build-src] Error 2

  compile_func	INFO	=================
  compile_func	INFO	libmicrohttpd-0.9.66
  compile_func	INFO	-----------------
  compile_func	INFO	cd to_compile/libmicrohttpd-0.9.66/ && ./configure && CFLAGS="-g" CXXFLAGS="-g" make
  compile_func	INFO	=================
  compile_func	INFO	rpge-0.0.3
  compile_func	INFO	-----------------
  compile_func	INFO	cd to_compile/rpge-0.0.3/ && ./configure && CFLAGS="-g" CXXFLAGS="-g" make
  compile_func	INFO	Returned with code: 2
  compile_func	INFO	make: *** No targets specified and no makefile found.  Stop.

  compile_func	INFO	=================
  compile_func	INFO	hello-2.10
  compile_func	INFO	-----------------
  compile_func	INFO	cd to_compile/hello-2.10/ && ./configure && CFLAGS="-g" CXXFLAGS="-g" make
  compile_func	INFO	Returned with code: 2
  compile_func	INFO	/home/spencerwu/Storage/Steel/Santa/to_compile/hello-2.10/build-aux/missing: line 81: aclocal-1.14: command not found
WARNING: 'aclocal-1.14' is missing on your system.
         You should only need it if you modified 'acinclude.m4' or
         'configure.ac' or m4 files included by 'configure.ac'.
         The 'aclocal' program is part of the GNU Automake package:
         <http://www.gnu.org/software/automake>
         It also requires GNU Autoconf, GNU m4 and Perl in order to run:
         <http://www.gnu.org/software/autoconf>
         <http://www.gnu.org/software/m4/>
         <http://www.perl.org/>
make: *** [Makefile:1450: aclocal.m4] Error 127

  compile_func	INFO	=================
  compile_func	INFO	spacechart-0.9.5
  compile_func	INFO	-----------------
  compile_func	INFO	cd to_compile/spacechart-0.9.5/ && ./configure && CFLAGS="-g" CXXFLAGS="-g" make
  compile_func	INFO	Returned with code: 1
  compile_func	INFO	configure: error: Could not find the gnomeConf.sh file that is generated by gnome-libs install

  compile_func	INFO	=================
  compile_func	INFO	pexec-1.0rc8
  compile_func	INFO	-----------------
  compile_func	INFO	cd to_compile/pexec-1.0rc8/ && ./configure && CFLAGS="-g" CXXFLAGS="-g" make
  compile_func	INFO	=================
  compile_func	INFO	ignuit-2.24.3
  compile_func	INFO	-----------------
  compile_func	INFO	cd to_compile/ignuit-2.24.3/ && ./configure && CFLAGS="-g" CXXFLAGS="-g" make
  compile_func	INFO	Returned with code: 1
  compile_func	INFO	configure: error: gnome-doc-utils >= 0.3.2 not found

  compile_func	INFO	=================
  compile_func	INFO	freetalk-4.1
  compile_func	INFO	-----------------
  compile_func	INFO	cd to_compile/freetalk-4.1/ && ./configure && CFLAGS="-g" CXXFLAGS="-g" make
  compile_func	INFO	Returned with code: 1
  compile_func	INFO	configure: error: ERROR! loudmouth-1.0 not found...

  compile_func	INFO	=================
  compile_func	INFO	sqltutor-1.0
  compile_func	INFO	-----------------
  compile_func	INFO	cd to_compile/sqltutor-1.0/ && ./configure && CFLAGS="-g" CXXFLAGS="-g" make
  compile_func	INFO	Returned with code: 1
  compile_func	INFO	configure: error: Package requirements (libpqxx >= 4.0.1) were not met:

Package 'libpqxx', required by 'virtual:world', not found

Consider adjusting the PKG_CONFIG_PATH environment variable if you
installed software in a non-standard prefix.

Alternatively, you may set the environment variables LIBPQXX_CFLAGS
and LIBPQXX_LIBS to avoid the need to call pkg-config.
See the pkg-config man page for more details.

  compile_func	INFO	=================
  compile_func	INFO	gnugo-3.8
  compile_func	INFO	-----------------
  compile_func	INFO	cd to_compile/gnugo-3.8/ && ./configure && CFLAGS="-g" CXXFLAGS="-g" make
  compile_func	INFO	Returned with code: 2
  compile_func	INFO	ar: `u' modifier ignored since `D' is the default (see `U')
ar: `u' modifier ignored since `D' is the default (see `U')
sgfgen.c: In function ‘main’:
sgfgen.c:70:5: warning: ‘strncpy’ output may be truncated copying 4 bytes from a string of length 127 [-Wstringop-truncation]
   70 |     strncpy(sgf_tag, instring, 4);
      |     ^~~~~~~~~~~~~~~~~~~~~~~~~~~~~
In file included from board.h:30,
                 from gnugo.h:33,
                 from aftermath.c:25:
../utils/winsocket.h:39:5: warning: this use of "defined" may not be portable [-Wexpansion-to-defined]
   39 | #if USE_WINDOWS_SOCKET_CLUDGE
      |     ^~~~~~~~~~~~~~~~~~~~~~~~~
../utils/winsocket.h:39:5: warning: this use of "defined" may not be portable [-Wexpansion-to-defined]
../utils/winsocket.h:39:5: warning: this use of "defined" may not be portable [-Wexpansion-to-defined]
In file included from board.h:30,
                 from board.c:32:
../utils/winsocket.h:39:5: warning: this use of "defined" may not be portable [-Wexpansion-to-defined]
   39 | #if USE_WINDOWS_SOCKET_CLUDGE
      |     ^~~~~~~~~~~~~~~~~~~~~~~~~
../utils/winsocket.h:39:5: warning: this use of "defined" may not be portable [-Wexpansion-to-defined]
../utils/winsocket.h:39:5: warning: this use of "defined" may not be portable [-Wexpansion-to-defined]
In file included from board.h:30,
                 from boardlib.c:27:
../utils/winsocket.h:39:5: warning: this use of "defined" may not be portable [-Wexpansion-to-defined]
   39 | #if USE_WINDOWS_SOCKET_CLUDGE
      |     ^~~~~~~~~~~~~~~~~~~~~~~~~
../utils/winsocket.h:39:5: warning: this use of "defined" may not be portable [-Wexpansion-to-defined]
../utils/winsocket.h:39:5: warning: this use of "defined" may not be portable [-Wexpansion-to-defined]
In file included from board.h:30,
                 from gnugo.h:33,
                 from breakin.c:24:
../utils/winsocket.h:39:5: warning: this use of "defined" may not be portable [-Wexpansion-to-defined]
   39 | #if USE_WINDOWS_SOCKET_CLUDGE
      |     ^~~~~~~~~~~~~~~~~~~~~~~~~
../utils/winsocket.h:39:5: warning: this use of "defined" may not be portable [-Wexpansion-to-defined]
../utils/winsocket.h:39:5: warning: this use of "defined" may not be portable [-Wexpansion-to-defined]
breakin.c: In function ‘break_in_goal’:
breakin.c:385:3: warning: ‘memset’ used with length equal to number of elements without multiplication by element size [-Wmemset-elt-size]
  385 |   memset(non_territory, 0, BOARDMAX);
      |   ^~~~~~
In file included from board.h:30,
                 from gnugo.h:33,
                 from cache.c:26:
../utils/winsocket.h:39:5: warning: this use of "defined" may not be portable [-Wexpansion-to-defined]
   39 | #if USE_WINDOWS_SOCKET_CLUDGE
      |     ^~~~~~~~~~~~~~~~~~~~~~~~~
../utils/winsocket.h:39:5: warning: this use of "defined" may not be portable [-Wexpansion-to-defined]
../utils/winsocket.h:39:5: warning: this use of "defined" may not be portable [-Wexpansion-to-defined]
In file included from board.h:30,
                 from gnugo.h:33,
                 from clock.h:27,
                 from clock.c:39:
../utils/winsocket.h:39:5: warning: this use of "defined" may not be portable [-Wexpansion-to-defined]
   39 | #if USE_WINDOWS_SOCKET_CLUDGE
      |     ^~~~~~~~~~~~~~~~~~~~~~~~~
../utils/winsocket.h:39:5: warning: this use of "defined" may not be portable [-Wexpansion-to-defined]
../utils/winsocket.h:39:5: warning: this use of "defined" may not be portable [-Wexpansion-to-defined]
In file included from board.h:30,
                 from gnugo.h:33,
                 from combination.c:29:
../utils/winsocket.h:39:5: warning: this use of "defined" may not be portable [-Wexpansion-to-defined]
   39 | #if USE_WINDOWS_SOCKET_CLUDGE
      |     ^~~~~~~~~~~~~~~~~~~~~~~~~
../utils/winsocket.h:39:5: warning: this use of "defined" may not be portable [-Wexpansion-to-defined]
../utils/winsocket.h:39:5: warning: this use of "defined" may not be portable [-Wexpansion-to-defined]
In file included from board.h:30,
                 from gnugo.h:33,
                 from dragon.c:44:
../utils/winsocket.h:39:5: warning: this use of "defined" may not be portable [-Wexpansion-to-defined]
   39 | #if USE_WINDOWS_SOCKET_CLUDGE
      |     ^~~~~~~~~~~~~~~~~~~~~~~~~
../utils/winsocket.h:39:5: warning: this use of "defined" may not be portable [-Wexpansion-to-defined]
../utils/winsocket.h:39:5: warning: this use of "defined" may not be portable [-Wexpansion-to-defined]
In file included from board.h:30,
                 from gnugo.h:33,
                 from endgame.c:25:
../utils/winsocket.h:39:5: warning: this use of "defined" may not be portable [-Wexpansion-to-defined]
   39 | #if USE_WINDOWS_SOCKET_CLUDGE
      |     ^~~~~~~~~~~~~~~~~~~~~~~~~
../utils/winsocket.h:39:5: warning: this use of "defined" may not be portable [-Wexpansion-to-defined]
../utils/winsocket.h:39:5: warning: this use of "defined" may not be portable [-Wexpansion-to-defined]
In file included from board.h:30,
                 from gnugo.h:33,
                 from filllib.c:25:
../utils/winsocket.h:39:5: warning: this use of "defined" may not be portable [-Wexpansion-to-defined]
   39 | #if USE_WINDOWS_SOCKET_CLUDGE
      |     ^~~~~~~~~~~~~~~~~~~~~~~~~
../utils/winsocket.h:39:5: warning: this use of "defined" may not be portable [-Wexpansion-to-defined]
../utils/winsocket.h:39:5: warning: this use of "defined" may not be portable [-Wexpansion-to-defined]
In file included from board.h:30,
                 from gnugo.h:33,
                 from fuseki.c:24:
../utils/winsocket.h:39:5: warning: this use of "defined" may not be portable [-Wexpansion-to-defined]
   39 | #if USE_WINDOWS_SOCKET_CLUDGE
      |     ^~~~~~~~~~~~~~~~~~~~~~~~~
../utils/winsocket.h:39:5: warning: this use of "defined" may not be portable [-Wexpansion-to-defined]
../utils/winsocket.h:39:5: warning: this use of "defined" may not be portable [-Wexpansion-to-defined]
In file included from board.h:30,
                 from gnugo.h:33,
                 from genmove.c:24:
../utils/winsocket.h:39:5: warning: this use of "defined" may not be portable [-Wexpansion-to-defined]
   39 | #if USE_WINDOWS_SOCKET_CLUDGE
      |     ^~~~~~~~~~~~~~~~~~~~~~~~~
../utils/winsocket.h:39:5: warning: this use of "defined" may not be portable [-Wexpansion-to-defined]
../utils/winsocket.h:39:5: warning: this use of "defined" may not be portable [-Wexpansion-to-defined]
In file included from board.h:30,
                 from gnugo.h:33,
                 from globals.c:24:
../utils/winsocket.h:39:5: warning: this use of "defined" may not be portable [-Wexpansion-to-defined]
   39 | #if USE_WINDOWS_SOCKET_CLUDGE
      |     ^~~~~~~~~~~~~~~~~~~~~~~~~
../utils/winsocket.h:39:5: warning: this use of "defined" may not be portable [-Wexpansion-to-defined]
../utils/winsocket.h:39:5: warning: this use of "defined" may not be portable [-Wexpansion-to-defined]
In file included from board.h:30,
                 from gnugo.h:33,
                 from handicap.c:24:
../utils/winsocket.h:39:5: warning: this use of "defined" may not be portable [-Wexpansion-to-defined]
   39 | #if USE_WINDOWS_SOCKET_CLUDGE
      |     ^~~~~~~~~~~~~~~~~~~~~~~~~
../utils/winsocket.h:39:5: warning: this use of "defined" may not be portable [-Wexpansion-to-defined]
../utils/winsocket.h:39:5: warning: this use of "defined" may not be portable [-Wexpansion-to-defined]
In file included from board.h:30,
                 from hash.c:25:
../utils/winsocket.h:39:5: warning: this use of "defined" may not be portable [-Wexpansion-to-defined]
   39 | #if USE_WINDOWS_SOCKET_CLUDGE
      |     ^~~~~~~~~~~~~~~~~~~~~~~~~
../utils/winsocket.h:39:5: warning: this use of "defined" may not be portable [-Wexpansion-to-defined]
../utils/winsocket.h:39:5: warning: this use of "defined" may not be portable [-Wexpansion-to-defined]
In file included from board.h:30,
                 from gnugo.h:33,
                 from influence.c:24:
../utils/winsocket.h:39:5: warning: this use of "defined" may not be portable [-Wexpansion-to-defined]
   39 | #if USE_WINDOWS_SOCKET_CLUDGE
      |     ^~~~~~~~~~~~~~~~~~~~~~~~~
../utils/winsocket.h:39:5: warning: this use of "defined" may not be portable [-Wexpansion-to-defined]
../utils/winsocket.h:39:5: warning: this use of "defined" may not be portable [-Wexpansion-to-defined]
In file included from board.h:30,
                 from gnugo.h:33,
                 from interface.c:24:
../utils/winsocket.h:39:5: warning: this use of "defined" may not be portable [-Wexpansion-to-defined]
   39 | #if USE_WINDOWS_SOCKET_CLUDGE
      |     ^~~~~~~~~~~~~~~~~~~~~~~~~
../utils/winsocket.h:39:5: warning: this use of "defined" may not be portable [-Wexpansion-to-defined]
../utils/winsocket.h:39:5: warning: this use of "defined" may not be portable [-Wexpansion-to-defined]
In file included from board.h:30,
                 from gnugo.h:33,
                 from matchpat.c:24:
../utils/winsocket.h:39:5: warning: this use of "defined" may not be portable [-Wexpansion-to-defined]
   39 | #if USE_WINDOWS_SOCKET_CLUDGE
      |     ^~~~~~~~~~~~~~~~~~~~~~~~~
../utils/winsocket.h:39:5: warning: this use of "defined" may not be portable [-Wexpansion-to-defined]
../utils/winsocket.h:39:5: warning: this use of "defined" may not be portable [-Wexpansion-to-defined]
In file included from board.h:30,
                 from gnugo.h:33,
                 from montecarlo.c:24:
../utils/winsocket.h:39:5: warning: this use of "defined" may not be portable [-Wexpansion-to-defined]
   39 | #if USE_WINDOWS_SOCKET_CLUDGE
      |     ^~~~~~~~~~~~~~~~~~~~~~~~~
../utils/winsocket.h:39:5: warning: this use of "defined" may not be portable [-Wexpansion-to-defined]
../utils/winsocket.h:39:5: warning: this use of "defined" may not be portable [-Wexpansion-to-defined]
In file included from board.h:30,
                 from gnugo.h:33,
                 from move_reasons.c:24:
../utils/winsocket.h:39:5: warning: this use of "defined" may not be portable [-Wexpansion-to-defined]
   39 | #if USE_WINDOWS_SOCKET_CLUDGE
      |     ^~~~~~~~~~~~~~~~~~~~~~~~~
../utils/winsocket.h:39:5: warning: this use of "defined" may not be portable [-Wexpansion-to-defined]
../utils/winsocket.h:39:5: warning: this use of "defined" may not be portable [-Wexpansion-to-defined]
move_reasons.c: In function ‘list_move_reasons’:
move_reasons.c:1865:4: warning: this statement may fall through [-Wimplicit-fallthrough=]
 1865 |    gfprintf(out, "Move at %1m captures something\n", pos);
      |    ^~~~~~~~~~~~~~~~~~~~~~~~~~~~~~~~~~~~~~~~~~~~~~~~~~~~~~
move_reasons.c:1867:2: note: here
 1867 |  case YOUR_ATARI_ATARI_MOVE:
      |  ^~~~
In file included from board.h:30,
                 from gnugo.h:33,
                 from movelist.c:24:
../utils/winsocket.h:39:5: warning: this use of "defined" may not be portable [-Wexpansion-to-defined]
   39 | #if USE_WINDOWS_SOCKET_CLUDGE
      |     ^~~~~~~~~~~~~~~~~~~~~~~~~
../utils/winsocket.h:39:5: warning: this use of "defined" may not be portable [-Wexpansion-to-defined]
../utils/winsocket.h:39:5: warning: this use of "defined" may not be portable [-Wexpansion-to-defined]
In file included from board.h:30,
                 from gnugo.h:33,
                 from optics.c:24:
../utils/winsocket.h:39:5: warning: this use of "defined" may not be portable [-Wexpansion-to-defined]
   39 | #if USE_WINDOWS_SOCKET_CLUDGE
      |     ^~~~~~~~~~~~~~~~~~~~~~~~~
../utils/winsocket.h:39:5: warning: this use of "defined" may not be portable [-Wexpansion-to-defined]
../utils/winsocket.h:39:5: warning: this use of "defined" may not be portable [-Wexpansion-to-defined]
In file included from board.h:30,
                 from gnugo.h:33,
                 from owl.c:49:
../utils/winsocket.h:39:5: warning: this use of "defined" may not be portable [-Wexpansion-to-defined]
   39 | #if USE_WINDOWS_SOCKET_CLUDGE
      |     ^~~~~~~~~~~~~~~~~~~~~~~~~
../utils/winsocket.h:39:5: warning: this use of "defined" may not be portable [-Wexpansion-to-defined]
../utils/winsocket.h:39:5: warning: this use of "defined" may not be portable [-Wexpansion-to-defined]
In file included from board.h:30,
                 from gnugo.h:33,
                 from persistent.c:49:
../utils/winsocket.h:39:5: warning: this use of "defined" may not be portable [-Wexpansion-to-defined]
   39 | #if USE_WINDOWS_SOCKET_CLUDGE
      |     ^~~~~~~~~~~~~~~~~~~~~~~~~
../utils/winsocket.h:39:5: warning: this use of "defined" may not be portable [-Wexpansion-to-defined]
../utils/winsocket.h:39:5: warning: this use of "defined" may not be portable [-Wexpansion-to-defined]
In file included from board.h:30,
                 from printutils.c:24:
../utils/winsocket.h:39:5: warning: this use of "defined" may not be portable [-Wexpansion-to-defined]
   39 | #if USE_WINDOWS_SOCKET_CLUDGE
      |     ^~~~~~~~~~~~~~~~~~~~~~~~~
../utils/winsocket.h:39:5: warning: this use of "defined" may not be portable [-Wexpansion-to-defined]
../utils/winsocket.h:39:5: warning: this use of "defined" may not be portable [-Wexpansion-to-defined]
In file included from board.h:30,
                 from gnugo.h:33,
                 from readconnect.c:24:
../utils/winsocket.h:39:5: warning: this use of "defined" may not be portable [-Wexpansion-to-defined]
   39 | #if USE_WINDOWS_SOCKET_CLUDGE
      |     ^~~~~~~~~~~~~~~~~~~~~~~~~
../utils/winsocket.h:39:5: warning: this use of "defined" may not be portable [-Wexpansion-to-defined]
../utils/winsocket.h:39:5: warning: this use of "defined" may not be portable [-Wexpansion-to-defined]
readconnect.c: In function ‘recursive_disconnect’:
readconnect.c:1467:3: warning: this ‘if’ clause does not guard... [-Wmisleading-indentation]
 1467 |   if (res == 0)
      |   ^~
readconnect.c:1470:5: note: ...this statement, but the latter is misleadingly indented as if it were guarded by the ‘if’
 1470 |     for (i = 1; ((i < Moves[0] + 1) && (res == 0)); i++)
      |     ^~~
readconnect.c: In function ‘recursive_non_transitivity’:
readconnect.c:1747:3: warning: this ‘if’ clause does not guard... [-Wmisleading-indentation]
 1747 |   if (res == 0)
      |   ^~
readconnect.c:1750:5: note: ...this statement, but the latter is misleadingly indented as if it were guarded by the ‘if’
 1750 |     for (i = 1; ((i < Moves[0] + 1) && (res == 0)); i++)
      |     ^~~
In file included from board.h:30,
                 from gnugo.h:33,
                 from reading.c:24:
../utils/winsocket.h:39:5: warning: this use of "defined" may not be portable [-Wexpansion-to-defined]
   39 | #if USE_WINDOWS_SOCKET_CLUDGE
      |     ^~~~~~~~~~~~~~~~~~~~~~~~~
../utils/winsocket.h:39:5: warning: this use of "defined" may not be portable [-Wexpansion-to-defined]
../utils/winsocket.h:39:5: warning: this use of "defined" may not be portable [-Wexpansion-to-defined]
reading.c: In function ‘defend4’:
reading.c:1851:3: warning: this ‘if’ clause does not guard... [-Wmisleading-indentation]
 1851 |   if (stackp <= superstring_depth)
      |   ^~
reading.c:1853:5: note: ...this statement, but the latter is misleadingly indented as if it were guarded by the ‘if’
 1853 |     squeeze_moves(str, &moves);
      |     ^~~~~~~~~~~~~
In file included from board.h:30,
                 from gnugo.h:33,
                 from semeai.c:24:
../utils/winsocket.h:39:5: warning: this use of "defined" may not be portable [-Wexpansion-to-defined]
   39 | #if USE_WINDOWS_SOCKET_CLUDGE
      |     ^~~~~~~~~~~~~~~~~~~~~~~~~
../utils/winsocket.h:39:5: warning: this use of "defined" may not be portable [-Wexpansion-to-defined]
../utils/winsocket.h:39:5: warning: this use of "defined" may not be portable [-Wexpansion-to-defined]
In file included from board.h:30,
                 from gnugo.h:33,
                 from sgfdecide.c:28:
../utils/winsocket.h:39:5: warning: this use of "defined" may not be portable [-Wexpansion-to-defined]
   39 | #if USE_WINDOWS_SOCKET_CLUDGE
      |     ^~~~~~~~~~~~~~~~~~~~~~~~~
../utils/winsocket.h:39:5: warning: this use of "defined" may not be portable [-Wexpansion-to-defined]
../utils/winsocket.h:39:5: warning: this use of "defined" may not be portable [-Wexpansion-to-defined]
In file included from board.h:30,
                 from gnugo.h:33,
                 from sgffile.c:33:
../utils/winsocket.h:39:5: warning: this use of "defined" may not be portable [-Wexpansion-to-defined]
   39 | #if USE_WINDOWS_SOCKET_CLUDGE
      |     ^~~~~~~~~~~~~~~~~~~~~~~~~
../utils/winsocket.h:39:5: warning: this use of "defined" may not be portable [-Wexpansion-to-defined]
../utils/winsocket.h:39:5: warning: this use of "defined" may not be portable [-Wexpansion-to-defined]
In file included from board.h:30,
                 from gnugo.h:33,
                 from shapes.c:24:
../utils/winsocket.h:39:5: warning: this use of "defined" may not be portable [-Wexpansion-to-defined]
   39 | #if USE_WINDOWS_SOCKET_CLUDGE
      |     ^~~~~~~~~~~~~~~~~~~~~~~~~
../utils/winsocket.h:39:5: warning: this use of "defined" may not be portable [-Wexpansion-to-defined]
../utils/winsocket.h:39:5: warning: this use of "defined" may not be portable [-Wexpansion-to-defined]
In file included from board.h:30,
                 from gnugo.h:33,
                 from showbord.c:38:
../utils/winsocket.h:39:5: warning: this use of "defined" may not be portable [-Wexpansion-to-defined]
   39 | #if USE_WINDOWS_SOCKET_CLUDGE
      |     ^~~~~~~~~~~~~~~~~~~~~~~~~
../utils/winsocket.h:39:5: warning: this use of "defined" may not be portable [-Wexpansion-to-defined]
../utils/winsocket.h:39:5: warning: this use of "defined" may not be portable [-Wexpansion-to-defined]
In file included from board.h:30,
                 from gnugo.h:33,
                 from surround.c:24:
../utils/winsocket.h:39:5: warning: this use of "defined" may not be portable [-Wexpansion-to-defined]
   39 | #if USE_WINDOWS_SOCKET_CLUDGE
      |     ^~~~~~~~~~~~~~~~~~~~~~~~~
../utils/winsocket.h:39:5: warning: this use of "defined" may not be portable [-Wexpansion-to-defined]
../utils/winsocket.h:39:5: warning: this use of "defined" may not be portable [-Wexpansion-to-defined]
In file included from board.h:30,
                 from gnugo.h:33,
                 from unconditional.c:24:
../utils/winsocket.h:39:5: warning: this use of "defined" may not be portable [-Wexpansion-to-defined]
   39 | #if USE_WINDOWS_SOCKET_CLUDGE
      |     ^~~~~~~~~~~~~~~~~~~~~~~~~
../utils/winsocket.h:39:5: warning: this use of "defined" may not be portable [-Wexpansion-to-defined]
../utils/winsocket.h:39:5: warning: this use of "defined" may not be portable [-Wexpansion-to-defined]
In file included from board.h:30,
                 from gnugo.h:33,
                 from utils.c:24:
../utils/winsocket.h:39:5: warning: this use of "defined" may not be portable [-Wexpansion-to-defined]
   39 | #if USE_WINDOWS_SOCKET_CLUDGE
      |     ^~~~~~~~~~~~~~~~~~~~~~~~~
../utils/winsocket.h:39:5: warning: this use of "defined" may not be portable [-Wexpansion-to-defined]
../utils/winsocket.h:39:5: warning: this use of "defined" may not be portable [-Wexpansion-to-defined]
In file included from board.h:30,
                 from gnugo.h:33,
                 from value_moves.c:24:
../utils/winsocket.h:39:5: warning: this use of "defined" may not be portable [-Wexpansion-to-defined]
   39 | #if USE_WINDOWS_SOCKET_CLUDGE
      |     ^~~~~~~~~~~~~~~~~~~~~~~~~
../utils/winsocket.h:39:5: warning: this use of "defined" may not be portable [-Wexpansion-to-defined]
../utils/winsocket.h:39:5: warning: this use of "defined" may not be portable [-Wexpansion-to-defined]
value_moves.c: In function ‘estimate_strategical_value’:
value_moves.c:2789:5: warning: this statement may fall through [-Wimplicit-fallthrough=]
 2789 |  if (!move[pos].move_safety)
      |     ^
value_moves.c:2792:7: note: here
 2792 |       case CUT_MOVE:
      |       ^~~~
In file included from board.h:30,
                 from gnugo.h:33,
                 from worm.c:24:
../utils/winsocket.h:39:5: warning: this use of "defined" may not be portable [-Wexpansion-to-defined]
   39 | #if USE_WINDOWS_SOCKET_CLUDGE
      |     ^~~~~~~~~~~~~~~~~~~~~~~~~
../utils/winsocket.h:39:5: warning: this use of "defined" may not be portable [-Wexpansion-to-defined]
../utils/winsocket.h:39:5: warning: this use of "defined" may not be portable [-Wexpansion-to-defined]
ar: `u' modifier ignored since `D' is the default (see `U')
ar: `u' modifier ignored since `D' is the default (see `U')
In file included from ../engine/board.h:30,
                 from ../engine/liberty.h:27,
                 from connections.c:25:
../utils/winsocket.h:39:5: warning: this use of "defined" may not be portable [-Wexpansion-to-defined]
   39 | #if USE_WINDOWS_SOCKET_CLUDGE
      |     ^~~~~~~~~~~~~~~~~~~~~~~~~
../utils/winsocket.h:39:5: warning: this use of "defined" may not be portable [-Wexpansion-to-defined]
../utils/winsocket.h:39:5: warning: this use of "defined" may not be portable [-Wexpansion-to-defined]
In file included from ../engine/board.h:30,
                 from ../engine/liberty.h:27,
                 from helpers.c:25:
../utils/winsocket.h:39:5: warning: this use of "defined" may not be portable [-Wexpansion-to-defined]
   39 | #if USE_WINDOWS_SOCKET_CLUDGE
      |     ^~~~~~~~~~~~~~~~~~~~~~~~~
../utils/winsocket.h:39:5: warning: this use of "defined" may not be portable [-Wexpansion-to-defined]
../utils/winsocket.h:39:5: warning: this use of "defined" may not be portable [-Wexpansion-to-defined]
In file included from ../engine/board.h:30,
                 from ../engine/liberty.h:27,
                 from transform.c:24:
../utils/winsocket.h:39:5: warning: this use of "defined" may not be portable [-Wexpansion-to-defined]
   39 | #if USE_WINDOWS_SOCKET_CLUDGE
      |     ^~~~~~~~~~~~~~~~~~~~~~~~~
../utils/winsocket.h:39:5: warning: this use of "defined" may not be portable [-Wexpansion-to-defined]
../utils/winsocket.h:39:5: warning: this use of "defined" may not be portable [-Wexpansion-to-defined]
In file included from ../engine/board.h:30,
                 from ../engine/liberty.h:27,
                 from mkpat.c:84:
../utils/winsocket.h:39:5: warning: this use of "defined" may not be portable [-Wexpansion-to-defined]
   39 | #if USE_WINDOWS_SOCKET_CLUDGE
      |     ^~~~~~~~~~~~~~~~~~~~~~~~~
../utils/winsocket.h:39:5: warning: this use of "defined" may not be portable [-Wexpansion-to-defined]
../utils/winsocket.h:39:5: warning: this use of "defined" may not be portable [-Wexpansion-to-defined]
mkpat.c: In function ‘main’:
mkpat.c:2731:6: warning: this statement may fall through [-Wimplicit-fallthrough=]
 2731 |   if (command != 2)
      |      ^
mkpat.c:2733:8: note: here
 2733 |        case '!':
      |        ^~~~
mkpat.c:2735:6: warning: this statement may fall through [-Wimplicit-fallthrough=]
 2735 |   if (command != 2)
      |      ^
mkpat.c:2737:8: note: here
 2737 |        default:
      |        ^~~~~~~
mkpat.c: In function ‘finish_pattern’:
mkpat.c:1243:2: warning: ‘strncpy’ output may be truncated copying 79 bytes from a string of length 79 [-Wstringop-truncation]
 1243 |  strncpy(helper_fn_names[patno], entry, 79);
      |  ^~~~~~~~~~~~~~~~~~~~~~~~~~~~~~~~~~~~~~~~~~
In file included from ../engine/board.h:30,
                 from ../engine/liberty.h:27,
                 from dfa.c:28:
../utils/winsocket.h:39:5: warning: this use of "defined" may not be portable [-Wexpansion-to-defined]
   39 | #if USE_WINDOWS_SOCKET_CLUDGE
      |     ^~~~~~~~~~~~~~~~~~~~~~~~~
../utils/winsocket.h:39:5: warning: this use of "defined" may not be portable [-Wexpansion-to-defined]
../utils/winsocket.h:39:5: warning: this use of "defined" may not be portable [-Wexpansion-to-defined]
In file included from ../engine/board.h:30,
                 from ../engine/liberty.h:27,
                 from conn.c:25:
../utils/winsocket.h:39:5: warning: this use of "defined" may not be portable [-Wexpansion-to-defined]
   39 | #if USE_WINDOWS_SOCKET_CLUDGE
      |     ^~~~~~~~~~~~~~~~~~~~~~~~~
../utils/winsocket.h:39:5: warning: this use of "defined" may not be portable [-Wexpansion-to-defined]
../utils/winsocket.h:39:5: warning: this use of "defined" may not be portable [-Wexpansion-to-defined]
In file included from ../engine/board.h:30,
                 from ../engine/liberty.h:27,
                 from patterns.c:25:
../utils/winsocket.h:39:5: warning: this use of "defined" may not be portable [-Wexpansion-to-defined]
   39 | #if USE_WINDOWS_SOCKET_CLUDGE
      |     ^~~~~~~~~~~~~~~~~~~~~~~~~
../utils/winsocket.h:39:5: warning: this use of "defined" may not be portable [-Wexpansion-to-defined]
../utils/winsocket.h:39:5: warning: this use of "defined" may not be portable [-Wexpansion-to-defined]
In file included from ../engine/board.h:30,
                 from ../engine/liberty.h:27,
                 from apatterns.c:25:
../utils/winsocket.h:39:5: warning: this use of "defined" may not be portable [-Wexpansion-to-defined]
   39 | #if USE_WINDOWS_SOCKET_CLUDGE
      |     ^~~~~~~~~~~~~~~~~~~~~~~~~
../utils/winsocket.h:39:5: warning: this use of "defined" may not be portable [-Wexpansion-to-defined]
../utils/winsocket.h:39:5: warning: this use of "defined" may not be portable [-Wexpansion-to-defined]
In file included from ../engine/board.h:30,
                 from ../engine/liberty.h:27,
                 from dpatterns.c:25:
../utils/winsocket.h:39:5: warning: this use of "defined" may not be portable [-Wexpansion-to-defined]
   39 | #if USE_WINDOWS_SOCKET_CLUDGE
      |     ^~~~~~~~~~~~~~~~~~~~~~~~~
../utils/winsocket.h:39:5: warning: this use of "defined" may not be portable [-Wexpansion-to-defined]
../utils/winsocket.h:39:5: warning: this use of "defined" may not be portable [-Wexpansion-to-defined]
In file included from ../engine/board.h:30,
                 from ../engine/liberty.h:27,
                 from eyes.h:24,
                 from mkeyes.c:40:
../utils/winsocket.h:39:5: warning: this use of "defined" may not be portable [-Wexpansion-to-defined]
   39 | #if USE_WINDOWS_SOCKET_CLUDGE
      |     ^~~~~~~~~~~~~~~~~~~~~~~~~
../utils/winsocket.h:39:5: warning: this use of "defined" may not be portable [-Wexpansion-to-defined]
../utils/winsocket.h:39:5: warning: this use of "defined" may not be portable [-Wexpansion-to-defined]
In file included from ../engine/board.h:30,
                 from ../engine/liberty.h:27,
                 from eyes.h:24,
                 from eyes.c:29:
../utils/winsocket.h:39:5: warning: this use of "defined" may not be portable [-Wexpansion-to-defined]
   39 | #if USE_WINDOWS_SOCKET_CLUDGE
      |     ^~~~~~~~~~~~~~~~~~~~~~~~~
../utils/winsocket.h:39:5: warning: this use of "defined" may not be portable [-Wexpansion-to-defined]
../utils/winsocket.h:39:5: warning: this use of "defined" may not be portable [-Wexpansion-to-defined]
In file included from ../engine/board.h:30,
                 from ../engine/liberty.h:27,
                 from influence.c:25:
../utils/winsocket.h:39:5: warning: this use of "defined" may not be portable [-Wexpansion-to-defined]
   39 | #if USE_WINDOWS_SOCKET_CLUDGE
      |     ^~~~~~~~~~~~~~~~~~~~~~~~~
../utils/winsocket.h:39:5: warning: this use of "defined" may not be portable [-Wexpansion-to-defined]
../utils/winsocket.h:39:5: warning: this use of "defined" may not be portable [-Wexpansion-to-defined]
In file included from ../engine/board.h:30,
                 from ../engine/liberty.h:27,
                 from barriers.c:25:
../utils/winsocket.h:39:5: warning: this use of "defined" may not be portable [-Wexpansion-to-defined]
   39 | #if USE_WINDOWS_SOCKET_CLUDGE
      |     ^~~~~~~~~~~~~~~~~~~~~~~~~
../utils/winsocket.h:39:5: warning: this use of "defined" may not be portable [-Wexpansion-to-defined]
../utils/winsocket.h:39:5: warning: this use of "defined" may not be portable [-Wexpansion-to-defined]
barriers.c: In function ‘autohelperbarrierspat151’:
barriers.c:2732:3: warning: this ‘if’ clause does not guard... [-Wmisleading-indentation]
 2732 |   if (!false_eye_territory[a]) influence_mark_non_territory(a, color);if (!false_eye_territory[b]) influence_mark_non_territory(b, OTHER_COLOR(color));;
      |   ^~
barriers.c:2732:71: note: ...this statement, but the latter is misleadingly indented as if it were guarded by the ‘if’
 2732 |   if (!false_eye_territory[a]) influence_mark_non_territory(a, color);if (!false_eye_territory[b]) influence_mark_non_territory(b, OTHER_COLOR(color));;
      |                                                                       ^~
barriers.c: In function ‘autohelperbarrierspat156’:
barriers.c:2804:3: warning: this ‘if’ clause does not guard... [-Wmisleading-indentation]
 2804 |   if (!false_eye_territory[a]) influence_mark_non_territory(a, color);if (!false_eye_territory[b]) influence_mark_non_territory(b, OTHER_COLOR(color));;
      |   ^~
barriers.c:2804:71: note: ...this statement, but the latter is misleadingly indented as if it were guarded by the ‘if’
 2804 |   if (!false_eye_territory[a]) influence_mark_non_territory(a, color);if (!false_eye_territory[b]) influence_mark_non_territory(b, OTHER_COLOR(color));;
      |                                                                       ^~
In file included from ../engine/board.h:30,
                 from ../engine/liberty.h:27,
                 from endgame.c:25:
../utils/winsocket.h:39:5: warning: this use of "defined" may not be portable [-Wexpansion-to-defined]
   39 | #if USE_WINDOWS_SOCKET_CLUDGE
      |     ^~~~~~~~~~~~~~~~~~~~~~~~~
../utils/winsocket.h:39:5: warning: this use of "defined" may not be portable [-Wexpansion-to-defined]
../utils/winsocket.h:39:5: warning: this use of "defined" may not be portable [-Wexpansion-to-defined]
---------------------------
DFA for aa_attackpat
size: 3 kB for 28 patterns (375 states)
---------------------------
In file included from ../engine/board.h:30,
                 from ../engine/liberty.h:27,
                 from aa_attackpat.c:25:
../utils/winsocket.h:39:5: warning: this use of "defined" may not be portable [-Wexpansion-to-defined]
   39 | #if USE_WINDOWS_SOCKET_CLUDGE
      |     ^~~~~~~~~~~~~~~~~~~~~~~~~
../utils/winsocket.h:39:5: warning: this use of "defined" may not be portable [-Wexpansion-to-defined]
../utils/winsocket.h:39:5: warning: this use of "defined" may not be portable [-Wexpansion-to-defined]
---------------------------
DFA for owl_attackpat
size: 93 kB for 397 patterns (9414 states)
---------------------------
In file included from ../engine/board.h:30,
                 from ../engine/liberty.h:27,
                 from owl_attackpat.c:25:
../utils/winsocket.h:39:5: warning: this use of "defined" may not be portable [-Wexpansion-to-defined]
   39 | #if USE_WINDOWS_SOCKET_CLUDGE
      |     ^~~~~~~~~~~~~~~~~~~~~~~~~
../utils/winsocket.h:39:5: warning: this use of "defined" may not be portable [-Wexpansion-to-defined]
../utils/winsocket.h:39:5: warning: this use of "defined" may not be portable [-Wexpansion-to-defined]
---------------------------
DFA for owl_vital_apat
size: 10 kB for 59 patterns (1032 states)
---------------------------
In file included from ../engine/board.h:30,
                 from ../engine/liberty.h:27,
                 from owl_vital_apat.c:25:
../utils/winsocket.h:39:5: warning: this use of "defined" may not be portable [-Wexpansion-to-defined]
   39 | #if USE_WINDOWS_SOCKET_CLUDGE
      |     ^~~~~~~~~~~~~~~~~~~~~~~~~
../utils/winsocket.h:39:5: warning: this use of "defined" may not be portable [-Wexpansion-to-defined]
../utils/winsocket.h:39:5: warning: this use of "defined" may not be portable [-Wexpansion-to-defined]
owl_vital_apat.c: In function ‘autohelperowl_vital_apat32’:
owl_vital_apat.c:615:85: warning: comparison of constant ‘5’ with boolean expression is always false [-Wbool-compare]
  615 |   return countlib(a)>1 || !play_attack_defend_n(color, 1, 3, move, NO_MOVE, b, move)==WIN;
      |                                                                                     ^~
owl_vital_apat.c:615:85: warning: logical not is only applied to the left hand side of comparison [-Wlogical-not-parentheses]
owl_vital_apat.c:615:27: note: add parentheses around left hand side expression to silence this warning
  615 |   return countlib(a)>1 || !play_attack_defend_n(color, 1, 3, move, NO_MOVE, b, move)==WIN;
      |                           ^~~~~~~~~~~~~~~~~~~~~~~~~~~~~~~~~~~~~~~~~~~~~~~~~~~~~~~~~~
      |                           (                                                         )
---------------------------
DFA for owl_defendpat
size: 125 kB for 488 patterns (12653 states)
---------------------------
In file included from ../engine/board.h:30,
                 from ../engine/liberty.h:27,
                 from owl_defendpat.c:25:
../utils/winsocket.h:39:5: warning: this use of "defined" may not be portable [-Wexpansion-to-defined]
   39 | #if USE_WINDOWS_SOCKET_CLUDGE
      |     ^~~~~~~~~~~~~~~~~~~~~~~~~
../utils/winsocket.h:39:5: warning: this use of "defined" may not be portable [-Wexpansion-to-defined]
../utils/winsocket.h:39:5: warning: this use of "defined" may not be portable [-Wexpansion-to-defined]
owl_defendpat.c: In function ‘autohelperowl_defendpat484’:
owl_defendpat.c:6425:7: warning: variable ‘a’ set but not used [-Wunused-but-set-variable]
 6425 |   int a, b;
      |       ^
owl_defendpat.c: In function ‘autohelperowl_defendpat485’:
owl_defendpat.c:6438:7: warning: variable ‘a’ set but not used [-Wunused-but-set-variable]
 6438 |   int a, b;
      |       ^
In file included from ../engine/board.h:30,
                 from ../engine/liberty.h:27,
                 from fusekipat.c:25:
../utils/winsocket.h:39:5: warning: this use of "defined" may not be portable [-Wexpansion-to-defined]
   39 | #if USE_WINDOWS_SOCKET_CLUDGE
      |     ^~~~~~~~~~~~~~~~~~~~~~~~~
../utils/winsocket.h:39:5: warning: this use of "defined" may not be portable [-Wexpansion-to-defined]
../utils/winsocket.h:39:5: warning: this use of "defined" may not be portable [-Wexpansion-to-defined]
In file included from ../engine/board.h:30,
                 from uncompress_fuseki.c:28:
../utils/winsocket.h:39:5: warning: this use of "defined" may not be portable [-Wexpansion-to-defined]
   39 | #if USE_WINDOWS_SOCKET_CLUDGE
      |     ^~~~~~~~~~~~~~~~~~~~~~~~~
../utils/winsocket.h:39:5: warning: this use of "defined" may not be portable [-Wexpansion-to-defined]
../utils/winsocket.h:39:5: warning: this use of "defined" may not be portable [-Wexpansion-to-defined]
In file included from ../engine/board.h:30,
                 from ../engine/liberty.h:27,
                 from fuseki9.c:25:
../utils/winsocket.h:39:5: warning: this use of "defined" may not be portable [-Wexpansion-to-defined]
   39 | #if USE_WINDOWS_SOCKET_CLUDGE
      |     ^~~~~~~~~~~~~~~~~~~~~~~~~
../utils/winsocket.h:39:5: warning: this use of "defined" may not be portable [-Wexpansion-to-defined]
../utils/winsocket.h:39:5: warning: this use of "defined" may not be portable [-Wexpansion-to-defined]
In file included from ../engine/board.h:30,
                 from ../engine/liberty.h:27,
                 from fuseki13.c:25:
../utils/winsocket.h:39:5: warning: this use of "defined" may not be portable [-Wexpansion-to-defined]
   39 | #if USE_WINDOWS_SOCKET_CLUDGE
      |     ^~~~~~~~~~~~~~~~~~~~~~~~~
../utils/winsocket.h:39:5: warning: this use of "defined" may not be portable [-Wexpansion-to-defined]
../utils/winsocket.h:39:5: warning: this use of "defined" may not be portable [-Wexpansion-to-defined]
In file included from ../engine/board.h:30,
                 from ../engine/liberty.h:27,
                 from fuseki19.c:25:
../utils/winsocket.h:39:5: warning: this use of "defined" may not be portable [-Wexpansion-to-defined]
   39 | #if USE_WINDOWS_SOCKET_CLUDGE
      |     ^~~~~~~~~~~~~~~~~~~~~~~~~
../utils/winsocket.h:39:5: warning: this use of "defined" may not be portable [-Wexpansion-to-defined]
../utils/winsocket.h:39:5: warning: this use of "defined" may not be portable [-Wexpansion-to-defined]
In file included from ../engine/board.h:30,
                 from joseki.c:26:
../utils/winsocket.h:39:5: warning: this use of "defined" may not be portable [-Wexpansion-to-defined]
   39 | #if USE_WINDOWS_SOCKET_CLUDGE
      |     ^~~~~~~~~~~~~~~~~~~~~~~~~
../utils/winsocket.h:39:5: warning: this use of "defined" may not be portable [-Wexpansion-to-defined]
../utils/winsocket.h:39:5: warning: this use of "defined" may not be portable [-Wexpansion-to-defined]
---------------------------
corner database for joseki
size: 279 kB for 1622 patterns (8673 variations)
---------------------------
In file included from ../engine/board.h:30,
                 from ../engine/liberty.h:27,
                 from josekidb.c:25:
../utils/winsocket.h:39:5: warning: this use of "defined" may not be portable [-Wexpansion-to-defined]
   39 | #if USE_WINDOWS_SOCKET_CLUDGE
      |     ^~~~~~~~~~~~~~~~~~~~~~~~~
../utils/winsocket.h:39:5: warning: this use of "defined" may not be portable [-Wexpansion-to-defined]
../utils/winsocket.h:39:5: warning: this use of "defined" may not be portable [-Wexpansion-to-defined]
In file included from ../engine/board.h:30,
                 from ../engine/liberty.h:27,
                 from handipat.c:25:
../utils/winsocket.h:39:5: warning: this use of "defined" may not be portable [-Wexpansion-to-defined]
   39 | #if USE_WINDOWS_SOCKET_CLUDGE
      |     ^~~~~~~~~~~~~~~~~~~~~~~~~
../utils/winsocket.h:39:5: warning: this use of "defined" may not be portable [-Wexpansion-to-defined]
../utils/winsocket.h:39:5: warning: this use of "defined" may not be portable [-Wexpansion-to-defined]
In file included from ../engine/board.h:30,
                 from ../engine/liberty.h:27,
                 from oraclepat.c:25:
../utils/winsocket.h:39:5: warning: this use of "defined" may not be portable [-Wexpansion-to-defined]
   39 | #if USE_WINDOWS_SOCKET_CLUDGE
      |     ^~~~~~~~~~~~~~~~~~~~~~~~~
../utils/winsocket.h:39:5: warning: this use of "defined" may not be portable [-Wexpansion-to-defined]
../utils/winsocket.h:39:5: warning: this use of "defined" may not be portable [-Wexpansion-to-defined]
In file included from ../engine/board.h:30,
                 from ../engine/liberty.h:27,
                 from mkmcpat.c:32:
../utils/winsocket.h:39:5: warning: this use of "defined" may not be portable [-Wexpansion-to-defined]
   39 | #if USE_WINDOWS_SOCKET_CLUDGE
      |     ^~~~~~~~~~~~~~~~~~~~~~~~~
../utils/winsocket.h:39:5: warning: this use of "defined" may not be portable [-Wexpansion-to-defined]
../utils/winsocket.h:39:5: warning: this use of "defined" may not be portable [-Wexpansion-to-defined]
In file included from ../engine/board.h:30,
                 from ../engine/gnugo.h:33,
                 from ../engine/globals.c:24:
../utils/winsocket.h:39:5: warning: this use of "defined" may not be portable [-Wexpansion-to-defined]
   39 | #if USE_WINDOWS_SOCKET_CLUDGE
      |     ^~~~~~~~~~~~~~~~~~~~~~~~~
../utils/winsocket.h:39:5: warning: this use of "defined" may not be portable [-Wexpansion-to-defined]
../utils/winsocket.h:39:5: warning: this use of "defined" may not be portable [-Wexpansion-to-defined]
In file included from ../engine/board.h:30,
                 from ../engine/liberty.h:27,
                 from mcpat.c:30:
../utils/winsocket.h:39:5: warning: this use of "defined" may not be portable [-Wexpansion-to-defined]
   39 | #if USE_WINDOWS_SOCKET_CLUDGE
      |     ^~~~~~~~~~~~~~~~~~~~~~~~~
../utils/winsocket.h:39:5: warning: this use of "defined" may not be portable [-Wexpansion-to-defined]
../utils/winsocket.h:39:5: warning: this use of "defined" may not be portable [-Wexpansion-to-defined]
ar: `u' modifier ignored since `D' is the default (see `U')
In file included from ../engine/board.h:30,
                 from ../engine/gnugo.h:33,
                 from main.c:24:
../utils/winsocket.h:39:5: warning: this use of "defined" may not be portable [-Wexpansion-to-defined]
   39 | #if USE_WINDOWS_SOCKET_CLUDGE
      |     ^~~~~~~~~~~~~~~~~~~~~~~~~
../utils/winsocket.h:39:5: warning: this use of "defined" may not be portable [-Wexpansion-to-defined]
../utils/winsocket.h:39:5: warning: this use of "defined" may not be portable [-Wexpansion-to-defined]
main.c: In function ‘socket_connect_to’:
main.c:1811:6: warning: this use of "defined" may not be portable [-Wexpansion-to-defined]
 1811 | #if !USE_WINDOWS_SOCKET_CLUDGE
      |      ^~~~~~~~~~~~~~~~~~~~~~~~~
main.c:1811:6: warning: this use of "defined" may not be portable [-Wexpansion-to-defined]
main.c:1811:6: warning: this use of "defined" may not be portable [-Wexpansion-to-defined]
main.c: In function ‘socket_listen_at’:
main.c:1888:6: warning: this use of "defined" may not be portable [-Wexpansion-to-defined]
 1888 | #if !USE_WINDOWS_SOCKET_CLUDGE
      |      ^~~~~~~~~~~~~~~~~~~~~~~~~
main.c:1888:6: warning: this use of "defined" may not be portable [-Wexpansion-to-defined]
main.c:1888:6: warning: this use of "defined" may not be portable [-Wexpansion-to-defined]
In file included from ../engine/board.h:30,
                 from ../engine/gnugo.h:33,
                 from play_ascii.c:24:
../utils/winsocket.h:39:5: warning: this use of "defined" may not be portable [-Wexpansion-to-defined]
   39 | #if USE_WINDOWS_SOCKET_CLUDGE
      |     ^~~~~~~~~~~~~~~~~~~~~~~~~
../utils/winsocket.h:39:5: warning: this use of "defined" may not be portable [-Wexpansion-to-defined]
../utils/winsocket.h:39:5: warning: this use of "defined" may not be portable [-Wexpansion-to-defined]
In file included from ../engine/board.h:30,
                 from ../engine/gnugo.h:33,
                 from play_gmp.c:24:
../utils/winsocket.h:39:5: warning: this use of "defined" may not be portable [-Wexpansion-to-defined]
   39 | #if USE_WINDOWS_SOCKET_CLUDGE
      |     ^~~~~~~~~~~~~~~~~~~~~~~~~
../utils/winsocket.h:39:5: warning: this use of "defined" may not be portable [-Wexpansion-to-defined]
../utils/winsocket.h:39:5: warning: this use of "defined" may not be portable [-Wexpansion-to-defined]
In file included from ../engine/board.h:30,
                 from ../engine/gnugo.h:33,
                 from play_gtp.c:24:
../utils/winsocket.h:39:5: warning: this use of "defined" may not be portable [-Wexpansion-to-defined]
   39 | #if USE_WINDOWS_SOCKET_CLUDGE
      |     ^~~~~~~~~~~~~~~~~~~~~~~~~
../utils/winsocket.h:39:5: warning: this use of "defined" may not be portable [-Wexpansion-to-defined]
../utils/winsocket.h:39:5: warning: this use of "defined" may not be portable [-Wexpansion-to-defined]
In file included from ../engine/board.h:30,
                 from ../engine/gnugo.h:33,
                 from play_solo.c:24:
../utils/winsocket.h:39:5: warning: this use of "defined" may not be portable [-Wexpansion-to-defined]
   39 | #if USE_WINDOWS_SOCKET_CLUDGE
      |     ^~~~~~~~~~~~~~~~~~~~~~~~~
../utils/winsocket.h:39:5: warning: this use of "defined" may not be portable [-Wexpansion-to-defined]
../utils/winsocket.h:39:5: warning: this use of "defined" may not be portable [-Wexpansion-to-defined]
In file included from ../engine/board.h:30,
                 from ../engine/gnugo.h:33,
                 from play_test.c:24:
../utils/winsocket.h:39:5: warning: this use of "defined" may not be portable [-Wexpansion-to-defined]
   39 | #if USE_WINDOWS_SOCKET_CLUDGE
      |     ^~~~~~~~~~~~~~~~~~~~~~~~~
../utils/winsocket.h:39:5: warning: this use of "defined" may not be portable [-Wexpansion-to-defined]
../utils/winsocket.h:39:5: warning: this use of "defined" may not be portable [-Wexpansion-to-defined]
In file included from gtp.h:42,
                 from gtp.c:46:
../utils/winsocket.h:39:5: warning: this use of "defined" may not be portable [-Wexpansion-to-defined]
   39 | #if USE_WINDOWS_SOCKET_CLUDGE
      |     ^~~~~~~~~~~~~~~~~~~~~~~~~
../utils/winsocket.h:39:5: warning: this use of "defined" may not be portable [-Wexpansion-to-defined]
../utils/winsocket.h:39:5: warning: this use of "defined" may not be portable [-Wexpansion-to-defined]
gnugo.texi:29: misplaced {
gnugo.texi:29: misplaced }
./reading.texi:126: warning: @findex should only appear at the beginning of a line
./montecarlo.texi:248: raising the section level of @subsection which is too low
gnugo.texi:159: warning: node next `Patterns' in menu `Tactical Reading' and in sectioning `DFA' differ
gnugo.texi:164: warning: node next `DFA' in menu `Utility Functions' and in sectioning `Tactical Reading' differ
gnugo.texi:164: warning: node prev `DFA' in menu `SGF' and in sectioning `Patterns' differ
gnugo.texi:169: warning: node prev `Tactical Reading' in menu `Patterns' and in sectioning `DFA' differ
gnugo.texi:193: warning: node next `SGF' in menu `DFA' and in sectioning `API' differ
gnugo.texi:198: warning: node next `API' in menu `GTP' and in sectioning `Utility Functions' differ
gnugo.texi:198: warning: node prev `API' in menu `Utility Functions' and in sectioning `SGF' differ
gnugo.texi:203: warning: node next `Utility Functions' in menu `API' and in sectioning `GTP' differ
gnugo.texi:203: warning: node prev `Utility Functions' in menu `DFA' and in sectioning `API' differ
gnugo.texi:208: warning: node prev `GTP' in menu `API' and in sectioning `Utility Functions' differ
make[3]: *** [Makefile:224: gnugo.info] Error 1
make[2]: *** [Makefile:189: all] Error 2
make[1]: *** [Makefile:232: all-recursive] Error 1
make: *** [Makefile:168: all] Error 2

  compile_func	INFO	=================
  compile_func	INFO	archimedes-2.0.1
  compile_func	INFO	-----------------
  compile_func	INFO	cd to_compile/archimedes-2.0.1/ && ./configure && CFLAGS="-g" CXXFLAGS="-g" make
  compile_func	INFO	Returned with code: 2
  compile_func	INFO	/usr/bin/ld: archimedes.o: in function `MCdevice_config':
archimedes.c:(.text+0xf6ae): undefined reference to `rnd'
/usr/bin/ld: archimedes.c:(.text+0xf928): undefined reference to `rnd'
/usr/bin/ld: archimedes.c:(.text+0xfd0b): undefined reference to `rnd'
/usr/bin/ld: archimedes.c:(.text+0xfe01): undefined reference to `rnd'
/usr/bin/ld: archimedes.c:(.text+0xfe57): undefined reference to `rnd'
/usr/bin/ld: archimedes.o:archimedes.c:(.text+0xff4a): more undefined references to `rnd' follow
/usr/bin/ld: archimedes.o: in function `EMC':
archimedes.c:(.text+0x16aeb): undefined reference to `creation'
/usr/bin/ld: archimedes.c:(.text+0x16d87): undefined reference to `creation'
/usr/bin/ld: archimedes.c:(.text+0x17023): undefined reference to `creation'
/usr/bin/ld: archimedes.c:(.text+0x172bf): undefined reference to `creation'
/usr/bin/ld: archimedes.o: in function `ParabMEP2D':
archimedes.c:(.text+0x1ccd4): undefined reference to `MM2'
/usr/bin/ld: archimedes.c:(.text+0x1cd6f): undefined reference to `MM2'
/usr/bin/ld: archimedes.c:(.text+0x1d34c): undefined reference to `MM2'
/usr/bin/ld: archimedes.c:(.text+0x1d3e7): undefined reference to `MM2'
/usr/bin/ld: archimedes.o: in function `Hole_MEP2D':
archimedes.c:(.text+0x20ad5): undefined reference to `MM2'
/usr/bin/ld: archimedes.o:archimedes.c:(.text+0x20b70): more undefined references to `MM2' follow
collect2: error: ld returned 1 exit status
make[2]: *** [Makefile:348: archimedes] Error 1
make[1]: *** [Makefile:325: all-recursive] Error 1
make: *** [Makefile:265: all] Error 2

  compile_func	INFO	=================
  compile_func	INFO	make-4.2
  compile_func	INFO	-----------------
  compile_func	INFO	cd to_compile/make-4.2/ && ./configure && CFLAGS="-g" CXXFLAGS="-g" make
  compile_func	INFO	Returned with code: 2
  compile_func	INFO	/home/spencerwu/Storage/Steel/Santa/to_compile/make-4.2/config/missing: line 81: aclocal-1.15: command not found
WARNING: 'aclocal-1.15' is missing on your system.
         You should only need it if you modified 'acinclude.m4' or
         'configure.ac' or m4 files included by 'configure.ac'.
         The 'aclocal' program is part of the GNU Automake package:
         <http://www.gnu.org/software/automake>
         It also requires GNU Autoconf, GNU m4 and Perl in order to run:
         <http://www.gnu.org/software/autoconf>
         <http://www.gnu.org/software/m4/>
         <http://www.perl.org/>
make: *** [Makefile:569: aclocal.m4] Error 127

  compile_func	INFO	=================
  compile_func	INFO	cgicc-3.2
  compile_func	INFO	-----------------
  compile_func	INFO	cd to_compile/cgicc-3.2/ && ./configure && CFLAGS="-g" CXXFLAGS="-g" make
  compile_func	INFO	Returned with code: 2
  compile_func	INFO	CgiEnvironment.cpp: In constructor 'cgicc::CgiEnvironment::CgiEnvironment(cgicc::reader_function_t)':
CgiEnvironment.cpp:57:11: warning: 'template<class> class std::auto_ptr' is deprecated [-Wdeprecated-declarations]
   57 |     STDNS auto_ptr<char> temp(new char[getContentLength()]);
      |           ^~~~~~~~
In file included from /usr/include/c++/9.2.0/memory:80,
                 from CgiEnvironment.cpp:26:
/usr/include/c++/9.2.0/bits/unique_ptr.h:53:28: note: declared here
   53 |   template<typename> class auto_ptr;
      |                            ^~~~~~~~
CgiUtils.cpp: In function 'std::string cgicc::readString(std::istream&)':
CgiUtils.cpp:184:9: warning: 'template<class> class std::auto_ptr' is deprecated [-Wdeprecated-declarations]
  184 |   STDNS auto_ptr<char> temp(new char[dataSize]);
      |         ^~~~~~~~
In file included from /usr/include/c++/9.2.0/memory:80,
                 from CgiUtils.cpp:26:
/usr/include/c++/9.2.0/bits/unique_ptr.h:53:28: note: declared here
   53 |   template<typename> class auto_ptr;
      |                            ^~~~~~~~
Cgicc.cpp: In member function 'bool cgicc::Cgicc::findEntries(const string&, bool, std::vector<cgicc::FormEntry>&) const':
Cgicc.cpp:342:27: error: call of overloaded 'copy_if(std::vector<cgicc::FormEntry>::const_iterator, std::vector<cgicc::FormEntry>::const_iterator, std::back_insert_iterator<std::vector<cgicc::FormEntry> >, cgicc::FE_nameCompare)' is ambiguous
  342 |      FE_nameCompare(param));
      |                           ^
Cgicc.cpp:101:1: note: candidate: 'Out cgicc::copy_if(In, In, Out, Pred) [with In = __gnu_cxx::__normal_iterator<const cgicc::FormEntry*, std::vector<cgicc::FormEntry> >; Out = std::back_insert_iterator<std::vector<cgicc::FormEntry> >; Pred = cgicc::FE_nameCompare]'
  101 | copy_if(In first,
      | ^~~~~~~
In file included from /usr/include/c++/9.2.0/algorithm:62,
                 from Cgicc.cpp:26:
/usr/include/c++/9.2.0/bits/stl_algo.h:737:5: note: candidate: '_OIter std::copy_if(_IIter, _IIter, _OIter, _Predicate) [with _IIter = __gnu_cxx::__normal_iterator<const cgicc::FormEntry*, std::vector<cgicc::FormEntry> >; _OIter = std::back_insert_iterator<std::vector<cgicc::FormEntry> >; _Predicate = cgicc::FE_nameCompare]'
  737 |     copy_if(_InputIterator __first, _InputIterator __last,
      |     ^~~~~~~
Cgicc.cpp:347:28: error: call of overloaded 'copy_if(std::vector<cgicc::FormEntry>::const_iterator, std::vector<cgicc::FormEntry>::const_iterator, std::back_insert_iterator<std::vector<cgicc::FormEntry> >, cgicc::FE_valueCompare)' is ambiguous
  347 |      FE_valueCompare(param));
      |                            ^
Cgicc.cpp:101:1: note: candidate: 'Out cgicc::copy_if(In, In, Out, Pred) [with In = __gnu_cxx::__normal_iterator<const cgicc::FormEntry*, std::vector<cgicc::FormEntry> >; Out = std::back_insert_iterator<std::vector<cgicc::FormEntry> >; Pred = cgicc::FE_valueCompare]'
  101 | copy_if(In first,
      | ^~~~~~~
In file included from /usr/include/c++/9.2.0/algorithm:62,
                 from Cgicc.cpp:26:
/usr/include/c++/9.2.0/bits/stl_algo.h:737:5: note: candidate: '_OIter std::copy_if(_IIter, _IIter, _OIter, _Predicate) [with _IIter = __gnu_cxx::__normal_iterator<const cgicc::FormEntry*, std::vector<cgicc::FormEntry> >; _OIter = std::back_insert_iterator<std::vector<cgicc::FormEntry> >; _Predicate = cgicc::FE_valueCompare]'
  737 |     copy_if(_InputIterator __first, _InputIterator __last,
      |     ^~~~~~~
make[2]: *** [Makefile:273: Cgicc.lo] Error 1
make[1]: *** [Makefile:162: all] Error 2
make: *** [Makefile:159: all-recursive] Error 1

  compile_func	INFO	=================
  compile_func	INFO	gnurobots-1.2.0
  compile_func	INFO	-----------------
  compile_func	INFO	cd to_compile/gnurobots-1.2.0/ && ./configure && CFLAGS="-g" CXXFLAGS="-g" make
  compile_func	INFO	Returned with code: 1
  compile_func	INFO	configure: error: Package requirements (vte) were not met:

Package 'vte', required by 'virtual:world', not found

Consider adjusting the PKG_CONFIG_PATH environment variable if you
installed software in a non-standard prefix.

Alternatively, you may set the environment variables VTE_CFLAGS
and VTE_LIBS to avoid the need to call pkg-config.
See the pkg-config man page for more details.


  compile_func	INFO	=================
  compile_func	INFO	pies-1.4
  compile_func	INFO	-----------------
  compile_func	INFO	cd to_compile/pies-1.4/ && ./configure && CFLAGS="-g" CXXFLAGS="-g" make
  compile_func	INFO	Returned with code: 2
  compile_func	INFO	/home/spencerwu/Storage/Steel/Santa/to_compile/pies-1.4/build-aux/missing: line 81: aclocal-1.15: command not found
WARNING: 'aclocal-1.15' is missing on your system.
         You should only need it if you modified 'acinclude.m4' or
         'configure.ac' or m4 files included by 'configure.ac'.
         The 'aclocal' program is part of the GNU Automake package:
         <http://www.gnu.org/software/automake>
         It also requires GNU Autoconf, GNU m4 and Perl in order to run:
         <http://www.gnu.org/software/autoconf>
         <http://www.gnu.org/software/m4/>
         <http://www.perl.org/>
make: *** [Makefile:1065: aclocal.m4] Error 127

  compile_func	INFO	=================
  compile_func	INFO	gprolog-1.4.5
  compile_func	INFO	-----------------
  compile_func	INFO	cd to_compile/gprolog-1.4.5/src/ && ./configure CFLAGS='-g' CXXFLAGS='-g' && make
  compile_func	INFO	Returned with code: 2
  compile_func	INFO	error trying to execute pl2wam: No such file or directory
compilation failed
make[1]: *** [Makefile:82: utils.wam] Error 1
make: *** [Makefile:45: all] Error 1

  compile_func	INFO	=================
  compile_func	INFO	liquidwar6-0.6.3902
  compile_func	INFO	-----------------
  compile_func	INFO	cd to_compile/liquidwar6-0.6.3902/ && ./configure && CFLAGS="-g" CXXFLAGS="-g" make
  compile_func	INFO	Returned with code: 1
  compile_func	INFO	configure: WARNING:
*** Liquid War 6 recommends Doxygen (http://www.stack.nl/~dimitri/doxygen/)

configure: WARNING: "No Doxygen support"
configure: WARNING:
*** Liquid War 6 needs SDL_image (http://www.libsdl.org/projects/SDL_image/)

configure: WARNING:
*** Liquid War 6 needs SDL_image (http://www.libsdl.org/projects/SDL_image/)

configure: WARNING:
*** Liquid War 6 needs SDL_ttf (http://www.libsdl.org/projects/SDL_ttf/)

configure: WARNING:
*** Liquid War 6 needs SDL_ttf (http://www.libsdl.org/projects/SDL_ttf/)

configure: WARNING:
** Liquid War 6 recommends SDL_mixer (http://www.libsdl.org/projects/SDL_mixer/)

configure: WARNING:
** Liquid War 6 recommends SDL_mixer (http://www.libsdl.org/projects/SDL_mixer/)

configure: error: No sound support detected, please consider installing SDL (http://www.libsdl.org/) and SDL_mixer (http://www.libsdl.org/projects/SDL_mixer/) with development support (headers and libraries).

  compile_func	INFO	=================
  compile_func	INFO	dominion-2.8.2
  compile_func	INFO	-----------------
  compile_func	INFO	cd to_compile/dominion-2.8.2/ && ./configure && CFLAGS="-g" CXXFLAGS="-g" make
  compile_func	INFO	Returned with code: 2
  compile_func	INFO	In file included from dominion.h:408,
                 from dominion.c:24:
proto.h:103:6: error: conflicting types for ‘getline’
  103 | void getline(char s[], int n);
      |      ^~~~~~~
In file included from /usr/include/curses.h:183,
                 from dominion.h:27,
                 from dominion.c:24:
/usr/include/stdio.h:616:18: note: previous declaration of ‘getline’ was here
  616 | extern __ssize_t getline (char **__restrict __lineptr,
      |                  ^~~~~~~
make: *** [Makefile:262: dominion.o] Error 1

  compile_func	INFO	=================
  compile_func	INFO	termutils-2.0
  compile_func	INFO	-----------------
  compile_func	INFO	cd to_compile/termutils-2.0/ && ./configure && CFLAGS="-g" CXXFLAGS="-g" make
  compile_func	INFO	Returned with code: 2
  compile_func	INFO	tcutil.c: In function ‘signal_handler’:
tcutil.c:101:3: warning: implicit declaration of function ‘exit’ [-Wimplicit-function-declaration]
  101 |   exit (ERROR_EXIT);
      |   ^~~~
tcutil.c:101:3: warning: incompatible implicit declaration of built-in function ‘exit’
tcutil.c:69:1: note: include ‘<stdlib.h>’ or provide a declaration of ‘exit’
   68 | #include <signal.h>
  +++ |+#include <stdlib.h>
   69 | 
tcutil.c: In function ‘translations_off’:
tcutil.c:110:7: warning: implicit declaration of function ‘isatty’ [-Wimplicit-function-declaration]
  110 |   if (isatty (1))
      |       ^~~~~~
tparam.c:25:32: error: expected declaration specifiers or ‘...’ before ‘(’ token
   25 | #define bcopy(s, d, n) memcpy ((d), (s), (n))
      |                                ^
tparam.c:25:37: error: expected declaration specifiers or ‘...’ before ‘(’ token
   25 | #define bcopy(s, d, n) memcpy ((d), (s), (n))
      |                                     ^
tparam.c:25:42: error: expected declaration specifiers or ‘...’ before ‘(’ token
   25 | #define bcopy(s, d, n) memcpy ((d), (s), (n))
      |                                          ^
tparam.c: In function ‘memory_out’:
tparam.c:46:3: warning: implicit declaration of function ‘write’ [-Wimplicit-function-declaration]
   46 |   write (2, "virtual memory exhausted\n", 25);
      |   ^~~~~
make: *** [Makefile:101: tparam.o] Error 1

  compile_func	INFO	=================
  compile_func	INFO	guile-ncurses-2.2
  compile_func	INFO	-----------------
  compile_func	INFO	cd to_compile/guile-ncurses-2.2/ && ./configure && CFLAGS="-g" CXXFLAGS="-g" make
  compile_func	INFO	Returned with code: 2
  compile_func	INFO	/home/spencerwu/Storage/Steel/Santa/to_compile/guile-ncurses-2.2/build_aux/missing: line 81: aclocal-1.15: command not found
WARNING: 'aclocal-1.15' is missing on your system.
         You should only need it if you modified 'acinclude.m4' or
         'configure.ac' or m4 files included by 'configure.ac'.
         The 'aclocal' program is part of the GNU Automake package:
         <http://www.gnu.org/software/automake>
         It also requires GNU Autoconf, GNU m4 and Perl in order to run:
         <http://www.gnu.org/software/autoconf>
         <http://www.gnu.org/software/m4/>
         <http://www.perl.org/>
make: *** [Makefile:415: aclocal.m4] Error 127

  compile_func	INFO	=================
  compile_func	INFO	shishi-1.0.2
  compile_func	INFO	-----------------
  compile_func	INFO	cd to_compile/shishi-1.0.2/ && ./configure && CFLAGS="-g" CXXFLAGS="-g" make
  compile_func	INFO	Returned with code: 1
  compile_func	INFO	configure: error: Cannot find libgcrypt

  compile_func	INFO	=================
  compile_func	INFO	cpio-2.12
  compile_func	INFO	-----------------
  compile_func	INFO	cd to_compile/cpio-2.12/ && ./configure && CFLAGS="-g" CXXFLAGS="-g" make
  compile_func	INFO	Returned with code: 2
  compile_func	INFO	./configure: line 26833: test: =: unary operator expected
/home/spencerwu/Storage/Steel/Santa/to_compile/cpio-2.12/build-aux/missing: line 81: aclocal-1.14: command not found
WARNING: 'aclocal-1.14' is missing on your system.
         You should only need it if you modified 'acinclude.m4' or
         'configure.ac' or m4 files included by 'configure.ac'.
         The 'aclocal' program is part of the GNU Automake package:
         <http://www.gnu.org/software/automake>
         It also requires GNU Autoconf, GNU m4 and Perl in order to run:
         <http://www.gnu.org/software/autoconf>
         <http://www.gnu.org/software/m4/>
         <http://www.perl.org/>
make: *** [Makefile:1233: aclocal.m4] Error 127

  compile_func	INFO	=================
  compile_func	INFO	diction-1.11
  compile_func	INFO	-----------------
  compile_func	INFO	cd to_compile/diction-1.11/ && ./configure && CFLAGS="-g" CXXFLAGS="-g" make
  compile_func	INFO	=================
  compile_func	INFO	mpc-1.1.0
  compile_func	INFO	-----------------
  compile_func	INFO	cd to_compile/mpc-1.1.0/ && ./configure && CFLAGS="-g" CXXFLAGS="-g" make
  compile_func	INFO	=================
  compile_func	INFO	mailman-2.1
  compile_func	INFO	-----------------
  compile_func	INFO	cd to_compile/mailman-2.1/ && ./configure && CFLAGS="-g" CXXFLAGS="-g" make
  compile_func	INFO	Returned with code: 1
  compile_func	INFO	  File "conftest.py", line 8
    distutils.sysconfig.get_config_vars()
                                        ^
TabError: inconsistent use of tabs and spaces in indentation
cat: conftest.out: No such file or directory
configure: error: 

***** Distutils is not available or is incomplete for /home/spencerwu/.pyenv/versions/3.6.1/bin/python
***** If you installed Python from RPM (or other package manager)
***** be sure to install the -devel package, or install Python
***** from source.  See README.LINUX for details

  compile_func	INFO	=================
  compile_func	INFO	mcron-1.1
  compile_func	INFO	-----------------
  compile_func	INFO	cd to_compile/mcron-1.1/ && ./configure && CFLAGS="-g" CXXFLAGS="-g" make
  compile_func	INFO	=================
  compile_func	INFO	vcdimager-2.0.1
  compile_func	INFO	-----------------
  compile_func	INFO	cd to_compile/vcdimager-2.0.1/ && ./configure && CFLAGS="-g" CXXFLAGS="-g" make
  compile_func	INFO	=================
  compile_func	INFO	avl-2.0
  compile_func	INFO	-----------------
  compile_func	INFO	cd to_compile/avl-2.0 && CXXFLAGS="-g" CFLAGS="-g" make
  compile_func	INFO	Returned with code: 2
  compile_func	INFO	/usr/bin/texi2dvi: etex exited with bad status, quitting.
make: *** [Makefile:132: libavl.dvi] Error 1

  compile_func	INFO	=================
  compile_func	INFO	wdiff-1.2.2
  compile_func	INFO	-----------------
  compile_func	INFO	cd to_compile/wdiff-1.2.2/ && ./configure && CFLAGS="-g" CXXFLAGS="-g" make
  compile_func	INFO	Returned with code: 2
  compile_func	INFO	/home/spencerwu/Storage/Steel/Santa/to_compile/wdiff-1.2.2/build-aux/missing: line 81: aclocal-1.14: command not found
WARNING: 'aclocal-1.14' is missing on your system.
         You should only need it if you modified 'acinclude.m4' or
         'configure.ac' or m4 files included by 'configure.ac'.
         The 'aclocal' program is part of the GNU Automake package:
         <http://www.gnu.org/software/automake>
         It also requires GNU Autoconf, GNU m4 and Perl in order to run:
         <http://www.gnu.org/software/autoconf>
         <http://www.gnu.org/software/m4/>
         <http://www.perl.org/>
make: *** [Makefile:1119: aclocal.m4] Error 127

  compile_func	INFO	=================
  compile_func	INFO	screen-4.7.0
  compile_func	INFO	-----------------
  compile_func	INFO	cd to_compile/screen-4.7.0/ && ./configure && CFLAGS="-g" CXXFLAGS="-g" make
  compile_func	INFO	=================
  compile_func	INFO	mcsim-6.1.0
  compile_func	INFO	-----------------
  compile_func	INFO	cd to_compile/mcsim-6.1.0/ && ./configure && CFLAGS="-g" CXXFLAGS="-g" make
  compile_func	INFO	Returned with code: 2
  compile_func	INFO	/home/spencerwu/Storage/Steel/Santa/to_compile/mcsim-6.1.0/missing: line 81: aclocal-1.15: command not found
WARNING: 'aclocal-1.15' is missing on your system.
         You should only need it if you modified 'acinclude.m4' or
         'configure.ac' or m4 files included by 'configure.ac'.
         The 'aclocal' program is part of the GNU Automake package:
         <http://www.gnu.org/software/automake>
         It also requires GNU Autoconf, GNU m4 and Perl in order to run:
         <http://www.gnu.org/software/autoconf>
         <http://www.gnu.org/software/m4/>
         <http://www.perl.org/>
make: *** [Makefile:574: aclocal.m4] Error 127

  compile_func	INFO	=================
  compile_func	INFO	lightning-2.1.3
  compile_func	INFO	-----------------
  compile_func	INFO	cd to_compile/lightning-2.1.3/ && ./configure && CFLAGS="-g" CXXFLAGS="-g" make
  compile_func	INFO	=================
  compile_func	INFO	gnubik-2.4
  compile_func	INFO	-----------------
  compile_func	INFO	cd to_compile/gnubik-2.4/ && ./configure && CFLAGS="-g" CXXFLAGS="-g" make
  compile_func	INFO	Returned with code: 1
  compile_func	INFO	configure: error: Package requirements (gdkglext-1.0) were not met:

Package 'gdkglext-1.0', required by 'virtual:world', not found

Consider adjusting the PKG_CONFIG_PATH environment variable if you
installed software in a non-standard prefix.

Alternatively, you may set the environment variables GDK_GL_EXT_CFLAGS
and GDK_GL_EXT_LIBS to avoid the need to call pkg-config.
See the pkg-config man page for more details.

  compile_func	INFO	=================
  compile_func	INFO	gnuspool-1.8
  compile_func	INFO	-----------------
  compile_func	INFO	cd to_compile/gnuspool-1.8/ && ./configure && CFLAGS="-g" CXXFLAGS="-g" make
  compile_func	INFO	=================
  compile_func	INFO	libgsasl-1.8.0
  compile_func	INFO	-----------------
  compile_func	INFO	cd to_compile/libgsasl-1.8.0/ && ./configure && CFLAGS="-g" CXXFLAGS="-g" make
  compile_func	INFO	=================
  compile_func	INFO	sipwitch-1.9.15
  compile_func	INFO	-----------------
  compile_func	INFO	cd to_compile/sipwitch-1.9.15/ && ./configure && CFLAGS="-g" CXXFLAGS="-g" make
  compile_func	INFO	Returned with code: 1
  compile_func	INFO	configure: error: "required ucommon library missing"

  compile_func	INFO	=================
  compile_func	INFO	macchanger-1.6.0
  compile_func	INFO	-----------------
  compile_func	INFO	cd to_compile/macchanger-1.6.0/ && ./configure && CFLAGS="-g" CXXFLAGS="-g" make
  compile_func	INFO	=================
  compile_func	INFO	userv-utils-0.2.0
  compile_func	INFO	-----------------
  compile_func	INFO	cd to_compile/userv-utils-0.2.0 && CXXFLAGS="-g" CFLAGS="-g" make
  compile_func	INFO	=================
  compile_func	INFO	Ggradebook-0.91
  compile_func	INFO	-----------------
  compile_func	INFO	cd to_compile/Ggradebook-0.91/ && ./configure && CFLAGS="-g" CXXFLAGS="-g" make
  compile_func	INFO	Returned with code: 1
  compile_func	INFO	configure: error: Can't find all necessary libraries / headers

  compile_func	INFO	=================
  compile_func	INFO	time-1.9
  compile_func	INFO	-----------------
  compile_func	INFO	cd to_compile/time-1.9/ && ./configure && CFLAGS="-g" CXXFLAGS="-g" make
  compile_func	INFO	Returned with code: 2
  compile_func	INFO	/home/spencerwu/Storage/Steel/Santa/to_compile/time-1.9/build-aux/missing: line 81: aclocal-1.15: command not found
WARNING: 'aclocal-1.15' is missing on your system.
         You should only need it if you modified 'acinclude.m4' or
         'configure.ac' or m4 files included by 'configure.ac'.
         The 'aclocal' program is part of the GNU Automake package:
         <http://www.gnu.org/software/automake>
         It also requires GNU Autoconf, GNU m4 and Perl in order to run:
         <http://www.gnu.org/software/autoconf>
         <http://www.gnu.org/software/m4/>
         <http://www.perl.org/>
make: *** [Makefile:1373: aclocal.m4] Error 127

  compile_func	INFO	=================
  compile_func	INFO	gnuspeechsa-0.1.5
  compile_func	INFO	-----------------
  compile_func	INFO	mkdir to_compile/gnuspeechsa-0.1.5/gnuspeechsa-0.1.5-build
  compile_func	INFO	cd to_compile/gnuspeechsa-0.1.5/gnuspeechsa-0.1.5-build && cmake -E env CXXFLAGS="-g" CFLAGS="-g" cmake .. && make
  compile_func	INFO	=================
  compile_func	INFO	lsh-2.1
  compile_func	INFO	-----------------
  compile_func	INFO	cd to_compile/lsh-2.1/ && ./configure && CFLAGS="-g" CXXFLAGS="-g" make
  compile_func	INFO	Returned with code: 1
  compile_func	INFO	configure: WARNING:  Converted . to /home/spencerwu/Storage/Steel/Santa/to_compile/lsh-2.1,
If this does not work, please use an absolute path to the configure script. 
configure: error: liboop is missing. Get liboop from http://www.lysator.liu.se/liboop

  compile_func	INFO	=================
  compile_func	INFO	xnee-3.19
  compile_func	INFO	-----------------
  compile_func	INFO	cd to_compile/xnee-3.19/ && ./configure && CFLAGS="-g" CXXFLAGS="-g" make
  compile_func	INFO	=================
  compile_func	INFO	bc-1.07
  compile_func	INFO	-----------------
  compile_func	INFO	cd to_compile/bc-1.07/ && ./configure && CFLAGS="-g" CXXFLAGS="-g" make
  compile_func	INFO	Returned with code: 2
  compile_func	INFO	ar: `u' modifier ignored since `D' is the default (see `U')
./fix-libmath_h: line 1: ed: command not found
make[2]: *** [Makefile:633: libmath.h] Error 127
make[1]: *** [Makefile:357: all-recursive] Error 1
make: *** [Makefile:297: all] Error 2

  compile_func	INFO	=================
  compile_func	INFO	libiconv-1.16
  compile_func	INFO	-----------------
  compile_func	INFO	cd to_compile/libiconv-1.16/ && ./configure && CFLAGS="-g" CXXFLAGS="-g" make
  compile_func	INFO	=================
  compile_func	INFO	mes-0.20
  compile_func	INFO	-----------------
  compile_func	INFO	cd to_compile/mes-0.20/ && ./configure && CFLAGS="-g" CXXFLAGS="-g" make
  compile_func	INFO	Returned with code: 1
  compile_func	INFO	checking for limits.h... yes
checking for stdio.h... yes
checking for cc is GNU C... yes
checking for cc is Mes C... no
checking for cc is Tiny CC... no
checking for if cc can create executables... yes
platform not supported: x86_64-unknown-mes
See "Porting GNU Mes" in the manual, or try --with-courage

  compile_func	INFO	=================
  compile_func	INFO	gengen-1.4
  compile_func	INFO	-----------------
  compile_func	INFO	cd to_compile/gengen-1.4/ && ./configure && CFLAGS="-g" CXXFLAGS="-g" make
  compile_func	INFO	Returned with code: 2
  compile_func	INFO	/home/spencerwu/Storage/Steel/Santa/to_compile/gengen-1.4/build-aux/missing: line 54: aclocal-1.10: command not found
WARNING: `aclocal-1.10' is missing on your system.  You should only need it if
         you modified `acinclude.m4' or `configure.ac'.  You might want
         to install the `Automake' and `Perl' packages.  Grab them from
         any GNU archive site.
/home/spencerwu/Storage/Steel/Santa/to_compile/gengen-1.4/build-aux/missing: line 54: automake-1.10: command not found
WARNING: `automake-1.10' is missing on your system.  You should only need it if
         you modified `Makefile.am', `acinclude.m4' or `configure.ac'.
         You might want to install the `Automake' and `Perl' packages.
         Grab them from any GNU archive site.
aclocal.m4:16: warning: this file was generated for autoconf 2.63.
You have another version of autoconf.  It may work, but is not guaranteed to.
If you have problems, you may need to regenerate the build system entirely.
To do so, use the procedure documented by the package, typically `autoreconf'.
configure.ac:64: warning: AC_LANG_CONFTEST: no AC_LANG_SOURCE call detected in body
../../lib/autoconf/lang.m4:193: AC_LANG_CONFTEST is expanded from...
../../lib/autoconf/general.m4:2590: _AC_COMPILE_IFELSE is expanded from...
../../lib/autoconf/general.m4:2606: AC_COMPILE_IFELSE is expanded from...
../../lib/m4sugar/m4sh.m4:639: AS_IF is expanded from...
../../lib/autoconf/general.m4:2031: AC_CACHE_VAL is expanded from...
../../lib/autoconf/general.m4:2052: AC_CACHE_CHECK is expanded from...
m4/include_next.m4:28: gl_INCLUDE_NEXT is expanded from...
m4/include_next.m4:124: gl_CHECK_NEXT_HEADERS is expanded from...
m4/stddef_h.m4:8: gl_STDDEF_H is expanded from...
m4/gnulib-comp.m4:33: gl_INIT is expanded from...
configure.ac:64: the top level
configure.ac:64: warning: AC_LANG_CONFTEST: no AC_LANG_SOURCE call detected in body
../../lib/autoconf/lang.m4:193: AC_LANG_CONFTEST is expanded from...
../../lib/autoconf/general.m4:2590: _AC_COMPILE_IFELSE is expanded from...
../../lib/autoconf/general.m4:2606: AC_COMPILE_IFELSE is expanded from...
../../lib/m4sugar/m4sh.m4:639: AS_IF is expanded from...
../../lib/autoconf/general.m4:2590: _AC_COMPILE_IFELSE is expanded from...
../../lib/autoconf/general.m4:2606: AC_COMPILE_IFELSE is expanded from...
../../lib/m4sugar/m4sh.m4:639: AS_IF is expanded from...
../../lib/autoconf/general.m4:2031: AC_CACHE_VAL is expanded from...
../../lib/autoconf/general.m4:2052: AC_CACHE_CHECK is expanded from...
m4/include_next.m4:28: gl_INCLUDE_NEXT is expanded from...
m4/include_next.m4:124: gl_CHECK_NEXT_HEADERS is expanded from...
m4/stddef_h.m4:8: gl_STDDEF_H is expanded from...
m4/gnulib-comp.m4:33: gl_INIT is expanded from...
configure.ac:64: the top level
configure.ac:64: warning: AC_LANG_CONFTEST: no AC_LANG_SOURCE call detected in body
../../lib/autoconf/lang.m4:193: AC_LANG_CONFTEST is expanded from...
../../lib/autoconf/general.m4:2590: _AC_COMPILE_IFELSE is expanded from...
../../lib/autoconf/general.m4:2606: AC_COMPILE_IFELSE is expanded from...
../../lib/m4sugar/m4sh.m4:639: AS_IF is expanded from...
../../lib/autoconf/general.m4:2031: AC_CACHE_VAL is expanded from...
../../lib/autoconf/general.m4:2052: AC_CACHE_CHECK is expanded from...
m4/include_next.m4:28: gl_INCLUDE_NEXT is expanded from...
m4/include_next.m4:124: gl_CHECK_NEXT_HEADERS is expanded from...
m4/stddef_h.m4:8: gl_STDDEF_H is expanded from...
m4/gnulib-comp.m4:33: gl_INIT is expanded from...
configure.ac:64: the top level
configure.ac:64: warning: AC_LANG_CONFTEST: no AC_LANG_SOURCE call detected in body
../../lib/autoconf/lang.m4:193: AC_LANG_CONFTEST is expanded from...
../../lib/autoconf/general.m4:2590: _AC_COMPILE_IFELSE is expanded from...
../../lib/autoconf/general.m4:2606: AC_COMPILE_IFELSE is expanded from...
../../lib/m4sugar/m4sh.m4:639: AS_IF is expanded from...
../../lib/autoconf/general.m4:2590: _AC_COMPILE_IFELSE is expanded from...
../../lib/autoconf/general.m4:2606: AC_COMPILE_IFELSE is expanded from...
../../lib/m4sugar/m4sh.m4:639: AS_IF is expanded from...
../../lib/autoconf/general.m4:2031: AC_CACHE_VAL is expanded from...
../../lib/autoconf/general.m4:2052: AC_CACHE_CHECK is expanded from...
m4/include_next.m4:28: gl_INCLUDE_NEXT is expanded from...
m4/include_next.m4:124: gl_CHECK_NEXT_HEADERS is expanded from...
m4/stddef_h.m4:8: gl_STDDEF_H is expanded from...
m4/gnulib-comp.m4:33: gl_INIT is expanded from...
configure.ac:64: the top level
ar: `u' modifier ignored since `D' is the default (see `U')
make[4]: ../../src/gengen: Command not found
make[4]: *** [Makefile:497: copyright.h] Error 127
make[3]: *** [Makefile:574: all-recursive] Error 1
make[2]: *** [Makefile:408: all] Error 2
make[1]: *** [Makefile:431: all-recursive] Error 1
make: *** [Makefile:353: all] Error 2

